[0.056s][info][gc] Using Serial
[77.699s][info][gc] GC(0) Pause Young (Allocation Failure) 5M->2M(19M) 10.613ms
[77.808s][info][gc] GC(1) Pause Young (Allocation Failure) 7M->2M(19M) 5.043ms
[77.867s][info][gc] GC(2) Pause Young (Allocation Failure) 7M->2M(19M) 0.562ms
[77.953s][info][gc] GC(3) Pause Young (Allocation Failure) 7M->2M(19M) 0.758ms
[78.011s][info][gc] GC(4) Pause Young (Allocation Failure) 7M->2M(19M) 0.608ms
[78.050s][info][gc] GC(5) Pause Young (Allocation Failure) 7M->2M(19M) 0.594ms
[78.128s][info][gc] GC(6) Pause Young (Allocation Failure) 7M->2M(19M) 0.953ms
[78.167s][info][gc] GC(7) Pause Young (Allocation Failure) 7M->2M(19M) 0.446ms
[78.207s][info][gc] GC(8) Pause Young (Allocation Failure) 7M->2M(19M) 0.884ms
[78.257s][info][gc] GC(9) Pause Young (Allocation Failure) 7M->2M(19M) 0.938ms
[78.275s][info][gc] GC(10) Pause Young (Allocation Failure) 7M->2M(19M) 0.750ms
[78.286s][info][gc] GC(11) Pause Young (Allocation Failure) 7M->2M(19M) 0.683ms
[78.299s][info][gc] GC(12) Pause Young (Allocation Failure) 7M->2M(19M) 0.712ms
[78.312s][info][gc] GC(13) Pause Young (Allocation Failure) 7M->2M(19M) 0.690ms
[78.325s][info][gc] GC(14) Pause Young (Allocation Failure) 7M->2M(19M) 1.505ms
[78.342s][info][gc] GC(15) Pause Young (Allocation Failure) 7M->2M(19M) 0.549ms
[78.355s][info][gc] GC(16) Pause Young (Allocation Failure) 7M->2M(19M) 0.692ms
[78.367s][info][gc] GC(17) Pause Young (Allocation Failure) 7M->2M(19M) 0.691ms
[78.377s][info][gc] GC(18) Pause Young (Allocation Failure) 7M->2M(19M) 0.672ms
[78.386s][info][gc] GC(19) Pause Young (Allocation Failure) 7M->2M(19M) 0.649ms
[78.395s][info][gc] GC(20) Pause Young (Allocation Failure) 7M->2M(19M) 0.620ms
[78.408s][info][gc] GC(21) Pause Young (Allocation Failure) 7M->2M(19M) 0.771ms
[78.423s][info][gc] GC(22) Pause Young (Allocation Failure) 7M->2M(19M) 0.713ms
[78.435s][info][gc] GC(23) Pause Young (Allocation Failure) 8M->2M(19M) 0.701ms
[78.445s][info][gc] GC(24) Pause Young (Allocation Failure) 7M->2M(19M) 0.573ms
[78.455s][info][gc] GC(25) Pause Young (Allocation Failure) 7M->2M(19M) 0.644ms
[78.465s][info][gc] GC(26) Pause Young (Allocation Failure) 8M->2M(19M) 0.648ms
[78.475s][info][gc] GC(27) Pause Young (Allocation Failure) 8M->2M(19M) 0.720ms
[78.485s][info][gc] GC(28) Pause Young (Allocation Failure) 8M->2M(19M) 0.943ms
[78.499s][info][gc] GC(29) Pause Young (Allocation Failure) 8M->2M(19M) 0.472ms
[78.511s][info][gc] GC(30) Pause Young (Allocation Failure) 7M->2M(19M) 1.253ms
[78.522s][info][gc] GC(31) Pause Young (Allocation Failure) 8M->2M(19M) 0.833ms
[78.533s][info][gc] GC(32) Pause Young (Allocation Failure) 8M->2M(19M) 0.710ms
[78.544s][info][gc] GC(33) Pause Young (Allocation Failure) 8M->2M(19M) 0.557ms
[78.556s][info][gc] GC(34) Pause Young (Allocation Failure) 7M->2M(19M) 0.477ms
[78.566s][info][gc] GC(35) Pause Young (Allocation Failure) 7M->2M(19M) 0.781ms
[78.576s][info][gc] GC(36) Pause Young (Allocation Failure) 8M->2M(19M) 0.677ms
[78.587s][info][gc] GC(37) Pause Young (Allocation Failure) 8M->2M(19M) 0.974ms
[78.597s][info][gc] GC(38) Pause Young (Allocation Failure) 8M->2M(19M) 0.564ms
[78.606s][info][gc] GC(39) Pause Young (Allocation Failure) 8M->2M(19M) 0.629ms
[78.616s][info][gc] GC(40) Pause Young (Allocation Failure) 8M->2M(19M) 0.646ms
[78.629s][info][gc] GC(41) Pause Young (Allocation Failure) 8M->2M(19M) 0.640ms
[78.638s][info][gc] GC(42) Pause Young (Allocation Failure) 8M->2M(19M) 0.702ms
[78.647s][info][gc] GC(43) Pause Young (Allocation Failure) 8M->2M(19M) 0.660ms
[78.657s][info][gc] GC(44) Pause Young (Allocation Failure) 8M->2M(19M) 0.522ms
[78.668s][info][gc] GC(45) Pause Young (Allocation Failure) 7M->2M(19M) 0.662ms
[78.678s][info][gc] GC(46) Pause Young (Allocation Failure) 8M->2M(19M) 0.689ms
[78.688s][info][gc] GC(47) Pause Young (Allocation Failure) 8M->2M(19M) 0.620ms
[78.698s][info][gc] GC(48) Pause Young (Allocation Failure) 8M->2M(19M) 0.629ms
[78.707s][info][gc] GC(49) Pause Young (Allocation Failure) 8M->2M(19M) 0.465ms
[78.716s][info][gc] GC(50) Pause Young (Allocation Failure) 7M->2M(19M) 0.595ms
[78.726s][info][gc] GC(51) Pause Young (Allocation Failure) 8M->2M(19M) 1.314ms
[78.737s][info][gc] GC(52) Pause Young (Allocation Failure) 8M->2M(19M) 0.649ms
[78.747s][info][gc] GC(53) Pause Young (Allocation Failure) 8M->2M(19M) 0.583ms
[78.756s][info][gc] GC(54) Pause Young (Allocation Failure) 8M->2M(19M) 0.596ms
[78.766s][info][gc] GC(55) Pause Young (Allocation Failure) 8M->2M(19M) 0.768ms
[78.776s][info][gc] GC(56) Pause Young (Allocation Failure) 8M->2M(19M) 0.700ms
[78.785s][info][gc] GC(57) Pause Young (Allocation Failure) 8M->2M(19M) 0.686ms
[78.795s][info][gc] GC(58) Pause Young (Allocation Failure) 8M->2M(19M) 0.603ms
[78.805s][info][gc] GC(59) Pause Young (Allocation Failure) 8M->2M(19M) 0.659ms
[78.816s][info][gc] GC(60) Pause Young (Allocation Failure) 8M->2M(19M) 0.643ms
[78.826s][info][gc] GC(61) Pause Young (Allocation Failure) 8M->2M(19M) 0.695ms
[78.835s][info][gc] GC(62) Pause Young (Allocation Failure) 8M->2M(19M) 0.706ms
[78.845s][info][gc] GC(63) Pause Young (Allocation Failure) 8M->2M(19M) 0.817ms
[78.855s][info][gc] GC(64) Pause Young (Allocation Failure) 8M->2M(19M) 0.564ms
[78.864s][info][gc] GC(65) Pause Young (Allocation Failure) 8M->2M(19M) 0.704ms
[78.874s][info][gc] GC(66) Pause Young (Allocation Failure) 8M->2M(19M) 0.667ms
[78.883s][info][gc] GC(67) Pause Young (Allocation Failure) 8M->2M(19M) 0.786ms
[78.894s][info][gc] GC(68) Pause Young (Allocation Failure) 8M->2M(19M) 0.714ms
[78.903s][info][gc] GC(69) Pause Young (Allocation Failure) 8M->2M(19M) 0.725ms
[78.913s][info][gc] GC(70) Pause Young (Allocation Failure) 8M->2M(19M) 0.880ms
[78.930s][info][gc] GC(71) Pause Young (Allocation Failure) 8M->2M(19M) 0.737ms
[78.941s][info][gc] GC(72) Pause Young (Allocation Failure) 8M->2M(19M) 0.830ms
[78.951s][info][gc] GC(73) Pause Young (Allocation Failure) 8M->2M(19M) 0.988ms
[78.960s][info][gc] GC(74) Pause Young (Allocation Failure) 8M->2M(19M) 0.612ms
[78.970s][info][gc] GC(75) Pause Young (Allocation Failure) 8M->2M(19M) 1.792ms
[78.981s][info][gc] GC(76) Pause Young (Allocation Failure) 8M->2M(19M) 0.767ms
[78.990s][info][gc] GC(77) Pause Young (Allocation Failure) 8M->2M(19M) 0.736ms
[78.999s][info][gc] GC(78) Pause Young (Allocation Failure) 8M->2M(19M) 0.564ms
[79.008s][info][gc] GC(79) Pause Young (Allocation Failure) 8M->2M(19M) 0.696ms
[79.018s][info][gc] GC(80) Pause Young (Allocation Failure) 8M->2M(19M) 0.654ms
[79.029s][info][gc] GC(81) Pause Young (Allocation Failure) 8M->2M(19M) 0.614ms
[79.038s][info][gc] GC(82) Pause Young (Allocation Failure) 8M->2M(19M) 0.703ms
[79.049s][info][gc] GC(83) Pause Young (Allocation Failure) 8M->2M(19M) 1.783ms
[79.060s][info][gc] GC(84) Pause Young (Allocation Failure) 8M->2M(19M) 0.586ms
[79.069s][info][gc] GC(85) Pause Young (Allocation Failure) 8M->2M(19M) 0.638ms
[79.078s][info][gc] GC(86) Pause Young (Allocation Failure) 8M->2M(19M) 0.686ms
[79.087s][info][gc] GC(87) Pause Young (Allocation Failure) 8M->2M(19M) 0.585ms
[79.096s][info][gc] GC(88) Pause Young (Allocation Failure) 8M->2M(19M) 0.543ms
[79.106s][info][gc] GC(89) Pause Young (Allocation Failure) 8M->2M(19M) 0.576ms
[79.116s][info][gc] GC(90) Pause Young (Allocation Failure) 8M->2M(19M) 0.675ms
[79.125s][info][gc] GC(91) Pause Young (Allocation Failure) 8M->2M(19M) 0.675ms
[79.137s][info][gc] GC(92) Pause Young (Allocation Failure) 8M->2M(19M) 0.684ms
[79.149s][info][gc] GC(93) Pause Young (Allocation Failure) 8M->2M(19M) 0.923ms
[79.163s][info][gc] GC(94) Pause Young (Allocation Failure) 8M->2M(19M) 0.983ms
[79.176s][info][gc] GC(95) Pause Young (Allocation Failure) 8M->2M(19M) 0.981ms
[79.202s][info][gc] GC(96) Pause Young (Allocation Failure) 8M->2M(19M) 0.880ms
[79.212s][info][gc] GC(97) Pause Young (Allocation Failure) 8M->2M(19M) 0.946ms
[79.224s][info][gc] GC(98) Pause Young (Allocation Failure) 8M->2M(19M) 0.936ms
[79.234s][info][gc] GC(99) Pause Young (Allocation Failure) 8M->2M(19M) 0.806ms
[79.246s][info][gc] GC(100) Pause Young (Allocation Failure) 8M->2M(19M) 0.467ms
[79.260s][info][gc] GC(101) Pause Young (Allocation Failure) 8M->2M(19M) 1.013ms
[79.273s][info][gc] GC(102) Pause Young (Allocation Failure) 8M->2M(19M) 0.685ms
[79.286s][info][gc] GC(103) Pause Young (Allocation Failure) 8M->2M(19M) 0.813ms
[79.297s][info][gc] GC(104) Pause Young (Allocation Failure) 8M->2M(19M) 0.551ms
[79.310s][info][gc] GC(105) Pause Young (Allocation Failure) 8M->2M(19M) 0.630ms
[79.323s][info][gc] GC(106) Pause Young (Allocation Failure) 8M->2M(19M) 0.647ms
[79.336s][info][gc] GC(107) Pause Young (Allocation Failure) 8M->2M(19M) 0.961ms
[79.349s][info][gc] GC(108) Pause Young (Allocation Failure) 8M->2M(19M) 1.568ms
[79.361s][info][gc] GC(109) Pause Young (Allocation Failure) 8M->2M(19M) 0.457ms
[79.375s][info][gc] GC(110) Pause Young (Allocation Failure) 8M->2M(19M) 0.670ms
[79.387s][info][gc] GC(111) Pause Young (Allocation Failure) 8M->2M(19M) 0.929ms
[79.398s][info][gc] GC(112) Pause Young (Allocation Failure) 8M->2M(19M) 0.647ms
[79.409s][info][gc] GC(113) Pause Young (Allocation Failure) 8M->2M(19M) 0.950ms
[79.425s][info][gc] GC(114) Pause Young (Allocation Failure) 8M->2M(19M) 1.480ms
[79.443s][info][gc] GC(115) Pause Young (Allocation Failure) 8M->2M(19M) 0.669ms
[79.457s][info][gc] GC(116) Pause Young (Allocation Failure) 8M->2M(19M) 0.690ms
[79.471s][info][gc] GC(117) Pause Young (Allocation Failure) 8M->2M(19M) 0.920ms
[79.483s][info][gc] GC(118) Pause Young (Allocation Failure) 8M->2M(19M) 0.744ms
[79.495s][info][gc] GC(119) Pause Young (Allocation Failure) 8M->2M(19M) 1.302ms
[79.507s][info][gc] GC(120) Pause Young (Allocation Failure) 8M->2M(19M) 1.006ms
[79.518s][info][gc] GC(121) Pause Young (Allocation Failure) 8M->2M(19M) 0.694ms
[79.531s][info][gc] GC(122) Pause Young (Allocation Failure) 8M->2M(19M) 0.505ms
[79.544s][info][gc] GC(123) Pause Young (Allocation Failure) 8M->2M(19M) 0.500ms
[79.557s][info][gc] GC(124) Pause Young (Allocation Failure) 8M->2M(19M) 1.064ms
[79.570s][info][gc] GC(125) Pause Young (Allocation Failure) 8M->2M(19M) 0.681ms
[79.580s][info][gc] GC(126) Pause Young (Allocation Failure) 8M->2M(19M) 0.866ms
[79.589s][info][gc] GC(127) Pause Young (Allocation Failure) 8M->2M(19M) 0.487ms
[79.600s][info][gc] GC(128) Pause Young (Allocation Failure) 8M->2M(19M) 1.462ms
[79.610s][info][gc] GC(129) Pause Young (Allocation Failure) 8M->2M(19M) 0.705ms
[79.621s][info][gc] GC(130) Pause Young (Allocation Failure) 8M->2M(19M) 0.555ms
[79.630s][info][gc] GC(131) Pause Young (Allocation Failure) 8M->2M(19M) 0.684ms
[79.639s][info][gc] GC(132) Pause Young (Allocation Failure) 8M->2M(19M) 0.624ms
[79.649s][info][gc] GC(133) Pause Young (Allocation Failure) 8M->2M(19M) 0.686ms
[79.658s][info][gc] GC(134) Pause Young (Allocation Failure) 8M->2M(19M) 0.713ms
[79.667s][info][gc] GC(135) Pause Young (Allocation Failure) 8M->2M(19M) 0.638ms
[79.676s][info][gc] GC(136) Pause Young (Allocation Failure) 8M->2M(19M) 0.492ms
[79.686s][info][gc] GC(137) Pause Young (Allocation Failure) 8M->2M(19M) 0.690ms
[79.695s][info][gc] GC(138) Pause Young (Allocation Failure) 8M->2M(19M) 0.608ms
[79.705s][info][gc] GC(139) Pause Young (Allocation Failure) 8M->2M(19M) 0.679ms
[79.714s][info][gc] GC(140) Pause Young (Allocation Failure) 8M->2M(19M) 0.759ms
[79.724s][info][gc] GC(141) Pause Young (Allocation Failure) 8M->2M(19M) 0.657ms
[79.741s][info][gc] GC(142) Pause Young (Allocation Failure) 8M->2M(19M) 0.687ms
[79.768s][info][gc] GC(143) Pause Young (Allocation Failure) 8M->2M(19M) 0.624ms
[79.798s][info][gc] GC(144) Pause Young (Allocation Failure) 8M->2M(19M) 0.604ms
[79.823s][info][gc] GC(145) Pause Young (Allocation Failure) 8M->2M(19M) 0.635ms
[79.850s][info][gc] GC(146) Pause Young (Allocation Failure) 8M->2M(19M) 0.484ms
[79.880s][info][gc] GC(147) Pause Young (Allocation Failure) 8M->2M(19M) 0.638ms
[79.902s][info][gc] GC(148) Pause Young (Allocation Failure) 8M->2M(19M) 0.614ms
[79.912s][info][gc] GC(149) Pause Young (Allocation Failure) 8M->2M(19M) 0.769ms
[79.925s][info][gc] GC(150) Pause Young (Allocation Failure) 8M->2M(19M) 0.680ms
[79.938s][info][gc] GC(151) Pause Young (Allocation Failure) 8M->2M(19M) 0.647ms
[79.951s][info][gc] GC(152) Pause Young (Allocation Failure) 8M->2M(19M) 0.724ms
[79.961s][info][gc] GC(153) Pause Young (Allocation Failure) 8M->2M(19M) 0.707ms
[79.970s][info][gc] GC(154) Pause Young (Allocation Failure) 8M->2M(19M) 0.635ms
[79.981s][info][gc] GC(155) Pause Young (Allocation Failure) 8M->2M(19M) 0.672ms
[79.990s][info][gc] GC(156) Pause Young (Allocation Failure) 8M->2M(19M) 1.296ms
[80.000s][info][gc] GC(157) Pause Young (Allocation Failure) 8M->2M(19M) 0.629ms
[80.009s][info][gc] GC(158) Pause Young (Allocation Failure) 8M->2M(19M) 0.684ms
[80.020s][info][gc] GC(159) Pause Young (Allocation Failure) 8M->2M(19M) 0.513ms
[80.029s][info][gc] GC(160) Pause Young (Allocation Failure) 8M->2M(19M) 0.689ms
[80.039s][info][gc] GC(161) Pause Young (Allocation Failure) 8M->2M(19M) 1.417ms
[80.048s][info][gc] GC(162) Pause Young (Allocation Failure) 8M->2M(19M) 0.679ms
[80.058s][info][gc] GC(163) Pause Young (Allocation Failure) 8M->2M(19M) 0.650ms
[80.068s][info][gc] GC(164) Pause Young (Allocation Failure) 8M->2M(19M) 0.584ms
[80.077s][info][gc] GC(165) Pause Young (Allocation Failure) 8M->2M(19M) 0.682ms
[80.087s][info][gc] GC(166) Pause Young (Allocation Failure) 8M->2M(19M) 0.689ms
[80.096s][info][gc] GC(167) Pause Young (Allocation Failure) 8M->2M(19M) 0.676ms
[80.105s][info][gc] GC(168) Pause Young (Allocation Failure) 8M->2M(19M) 0.478ms
[80.115s][info][gc] GC(169) Pause Young (Allocation Failure) 8M->2M(19M) 0.972ms
[80.124s][info][gc] GC(170) Pause Young (Allocation Failure) 8M->2M(19M) 0.702ms
[80.134s][info][gc] GC(171) Pause Young (Allocation Failure) 8M->2M(19M) 0.689ms
[80.143s][info][gc] GC(172) Pause Young (Allocation Failure) 8M->2M(19M) 0.711ms
[80.152s][info][gc] GC(173) Pause Young (Allocation Failure) 8M->2M(19M) 0.583ms
[80.162s][info][gc] GC(174) Pause Young (Allocation Failure) 8M->2M(19M) 0.938ms
[80.173s][info][gc] GC(175) Pause Young (Allocation Failure) 8M->2M(19M) 0.691ms
[80.182s][info][gc] GC(176) Pause Young (Allocation Failure) 8M->2M(19M) 0.627ms
[80.192s][info][gc] GC(177) Pause Young (Allocation Failure) 8M->2M(19M) 0.613ms
[80.203s][info][gc] GC(178) Pause Young (Allocation Failure) 8M->2M(19M) 0.651ms
[80.217s][info][gc] GC(179) Pause Young (Allocation Failure) 8M->2M(19M) 0.870ms
[80.231s][info][gc] GC(180) Pause Young (Allocation Failure) 8M->2M(19M) 0.986ms
[80.246s][info][gc] GC(181) Pause Young (Allocation Failure) 8M->2M(19M) 0.648ms
[80.261s][info][gc] GC(182) Pause Young (Allocation Failure) 8M->2M(19M) 0.689ms
[80.271s][info][gc] GC(183) Pause Young (Allocation Failure) 8M->2M(19M) 0.954ms
[80.281s][info][gc] GC(184) Pause Young (Allocation Failure) 8M->2M(19M) 0.571ms
[80.290s][info][gc] GC(185) Pause Young (Allocation Failure) 8M->2M(19M) 0.616ms
[80.300s][info][gc] GC(186) Pause Young (Allocation Failure) 8M->2M(19M) 0.639ms
[80.310s][info][gc] GC(187) Pause Young (Allocation Failure) 8M->2M(19M) 0.641ms
[80.319s][info][gc] GC(188) Pause Young (Allocation Failure) 8M->2M(19M) 0.565ms
[80.329s][info][gc] GC(189) Pause Young (Allocation Failure) 8M->2M(19M) 0.613ms
[80.338s][info][gc] GC(190) Pause Young (Allocation Failure) 8M->2M(19M) 0.618ms
[80.348s][info][gc] GC(191) Pause Young (Allocation Failure) 8M->2M(19M) 0.634ms
[80.357s][info][gc] GC(192) Pause Young (Allocation Failure) 8M->2M(19M) 0.628ms
[80.369s][info][gc] GC(193) Pause Young (Allocation Failure) 8M->2M(19M) 0.452ms
[80.381s][info][gc] GC(194) Pause Young (Allocation Failure) 8M->2M(19M) 1.030ms
[80.391s][info][gc] GC(195) Pause Young (Allocation Failure) 8M->2M(19M) 0.684ms
[80.402s][info][gc] GC(196) Pause Young (Allocation Failure) 8M->2M(19M) 1.210ms
[80.414s][info][gc] GC(197) Pause Young (Allocation Failure) 8M->2M(19M) 0.534ms
[80.432s][info][gc] GC(198) Pause Young (Allocation Failure) 8M->3M(19M) 0.991ms
[80.450s][info][gc] GC(199) Pause Young (Allocation Failure) 8M->3M(19M) 1.255ms
[80.466s][info][gc] GC(200) Pause Young (Allocation Failure) 8M->2M(19M) 0.952ms
[80.481s][info][gc] GC(201) Pause Young (Allocation Failure) 8M->2M(19M) 0.602ms
[80.492s][info][gc] GC(202) Pause Young (Allocation Failure) 8M->3M(19M) 0.618ms
[80.505s][info][gc] GC(203) Pause Young (Allocation Failure) 8M->2M(19M) 0.861ms
[80.515s][info][gc] GC(204) Pause Young (Allocation Failure) 8M->2M(19M) 0.718ms
[80.528s][info][gc] GC(205) Pause Young (Allocation Failure) 8M->2M(19M) 1.074ms
[80.545s][info][gc] GC(206) Pause Young (Allocation Failure) 8M->2M(19M) 1.424ms
[80.560s][info][gc] GC(207) Pause Young (Allocation Failure) 8M->2M(19M) 0.755ms
[80.573s][info][gc] GC(208) Pause Young (Allocation Failure) 8M->3M(19M) 0.614ms
[80.583s][info][gc] GC(209) Pause Young (Allocation Failure) 8M->3M(19M) 0.624ms
[80.594s][info][gc] GC(210) Pause Young (Allocation Failure) 8M->3M(19M) 0.909ms
[80.603s][info][gc] GC(211) Pause Young (Allocation Failure) 8M->3M(19M) 0.893ms
[80.615s][info][gc] GC(212) Pause Young (Allocation Failure) 8M->3M(19M) 0.868ms
[80.628s][info][gc] GC(213) Pause Young (Allocation Failure) 8M->3M(19M) 1.230ms
[80.640s][info][gc] GC(214) Pause Young (Allocation Failure) 8M->3M(19M) 0.589ms
[80.650s][info][gc] GC(215) Pause Young (Allocation Failure) 8M->2M(19M) 0.480ms
[80.661s][info][gc] GC(216) Pause Young (Allocation Failure) 8M->3M(19M) 0.632ms
[80.673s][info][gc] GC(217) Pause Young (Allocation Failure) 8M->3M(19M) 0.633ms
[80.686s][info][gc] GC(218) Pause Young (Allocation Failure) 8M->3M(19M) 0.625ms
[80.699s][info][gc] GC(219) Pause Young (Allocation Failure) 8M->3M(19M) 0.807ms
[80.710s][info][gc] GC(220) Pause Young (Allocation Failure) 8M->3M(19M) 1.262ms
[80.725s][info][gc] GC(221) Pause Young (Allocation Failure) 8M->3M(19M) 1.128ms
[80.737s][info][gc] GC(222) Pause Young (Allocation Failure) 8M->3M(19M) 0.918ms
[80.748s][info][gc] GC(223) Pause Young (Allocation Failure) 8M->2M(19M) 0.911ms
[80.762s][info][gc] GC(224) Pause Young (Allocation Failure) 8M->3M(19M) 0.681ms
[80.775s][info][gc] GC(225) Pause Young (Allocation Failure) 8M->3M(19M) 0.878ms
[80.785s][info][gc] GC(226) Pause Young (Allocation Failure) 8M->3M(19M) 1.049ms
[80.795s][info][gc] GC(227) Pause Young (Allocation Failure) 8M->3M(19M) 0.608ms
[80.803s][info][gc] GC(228) Pause Young (Allocation Failure) 8M->2M(19M) 0.467ms
[80.814s][info][gc] GC(229) Pause Young (Allocation Failure) 8M->3M(19M) 2.013ms
[80.824s][info][gc] GC(230) Pause Young (Allocation Failure) 8M->3M(19M) 0.712ms
[80.833s][info][gc] GC(231) Pause Young (Allocation Failure) 8M->3M(19M) 0.666ms
[80.843s][info][gc] GC(232) Pause Young (Allocation Failure) 8M->3M(19M) 0.924ms
[80.853s][info][gc] GC(233) Pause Young (Allocation Failure) 8M->3M(19M) 0.499ms
[80.865s][info][gc] GC(234) Pause Young (Allocation Failure) 8M->3M(19M) 1.187ms
[80.875s][info][gc] GC(235) Pause Young (Allocation Failure) 8M->3M(19M) 0.917ms
[80.885s][info][gc] GC(236) Pause Young (Allocation Failure) 8M->3M(19M) 0.685ms
[80.894s][info][gc] GC(237) Pause Young (Allocation Failure) 8M->3M(19M) 0.712ms
[80.903s][info][gc] GC(238) Pause Young (Allocation Failure) 8M->3M(19M) 0.661ms
[80.912s][info][gc] GC(239) Pause Young (Allocation Failure) 8M->3M(19M) 0.780ms
[80.927s][info][gc] GC(240) Pause Young (Allocation Failure) 8M->3M(19M) 1.016ms
[80.944s][info][gc] GC(241) Pause Young (Allocation Failure) 8M->3M(19M) 0.708ms
[80.955s][info][gc] GC(242) Pause Young (Allocation Failure) 8M->3M(19M) 0.602ms
[80.964s][info][gc] GC(243) Pause Young (Allocation Failure) 8M->3M(19M) 0.735ms
[80.976s][info][gc] GC(244) Pause Young (Allocation Failure) 8M->3M(19M) 0.830ms
[80.987s][info][gc] GC(245) Pause Young (Allocation Failure) 8M->3M(19M) 0.819ms
[80.997s][info][gc] GC(246) Pause Young (Allocation Failure) 8M->3M(19M) 1.385ms
[81.006s][info][gc] GC(247) Pause Young (Allocation Failure) 8M->3M(19M) 0.536ms
[81.015s][info][gc] GC(248) Pause Young (Allocation Failure) 8M->3M(19M) 0.484ms
[81.025s][info][gc] GC(249) Pause Young (Allocation Failure) 8M->3M(19M) 1.068ms
[81.038s][info][gc] GC(250) Pause Young (Allocation Failure) 8M->3M(19M) 0.669ms
[81.047s][info][gc] GC(251) Pause Young (Allocation Failure) 8M->3M(19M) 0.692ms
[81.058s][info][gc] GC(252) Pause Young (Allocation Failure) 8M->3M(19M) 0.665ms
[81.069s][info][gc] GC(253) Pause Young (Allocation Failure) 8M->3M(19M) 0.591ms
[81.078s][info][gc] GC(254) Pause Young (Allocation Failure) 8M->3M(19M) 0.676ms
[81.087s][info][gc] GC(255) Pause Young (Allocation Failure) 8M->3M(19M) 0.604ms
[81.097s][info][gc] GC(256) Pause Young (Allocation Failure) 8M->3M(19M) 0.627ms
[81.106s][info][gc] GC(257) Pause Young (Allocation Failure) 8M->3M(19M) 0.621ms
[81.116s][info][gc] GC(258) Pause Young (Allocation Failure) 8M->3M(19M) 0.659ms
[81.126s][info][gc] GC(259) Pause Young (Allocation Failure) 8M->3M(19M) 0.614ms
[81.136s][info][gc] GC(260) Pause Young (Allocation Failure) 8M->3M(19M) 0.565ms
[81.148s][info][gc] GC(261) Pause Young (Allocation Failure) 8M->3M(19M) 0.771ms
[81.157s][info][gc] GC(262) Pause Young (Allocation Failure) 8M->3M(19M) 0.621ms
[81.166s][info][gc] GC(263) Pause Young (Allocation Failure) 8M->3M(19M) 0.600ms
[81.176s][info][gc] GC(264) Pause Young (Allocation Failure) 8M->3M(19M) 0.561ms
[81.185s][info][gc] GC(265) Pause Young (Allocation Failure) 8M->3M(19M) 0.681ms
[81.194s][info][gc] GC(266) Pause Young (Allocation Failure) 8M->3M(19M) 0.678ms
[81.204s][info][gc] GC(267) Pause Young (Allocation Failure) 8M->3M(19M) 0.947ms
[81.216s][info][gc] GC(268) Pause Young (Allocation Failure) 8M->3M(19M) 0.703ms
[81.225s][info][gc] GC(269) Pause Young (Allocation Failure) 8M->3M(19M) 0.714ms
[81.235s][info][gc] GC(270) Pause Young (Allocation Failure) 8M->3M(19M) 0.618ms
[81.245s][info][gc] GC(271) Pause Young (Allocation Failure) 8M->3M(19M) 0.633ms
[81.255s][info][gc] GC(272) Pause Young (Allocation Failure) 8M->3M(19M) 0.611ms
[81.265s][info][gc] GC(273) Pause Young (Allocation Failure) 8M->3M(19M) 0.920ms
[81.276s][info][gc] GC(274) Pause Young (Allocation Failure) 8M->3M(19M) 0.561ms
[81.291s][info][gc] GC(275) Pause Young (Allocation Failure) 8M->3M(19M) 1.403ms
[81.313s][info][gc] GC(276) Pause Young (Allocation Failure) 8M->3M(19M) 1.065ms
[81.325s][info][gc] GC(277) Pause Young (Allocation Failure) 8M->3M(19M) 1.003ms
[81.335s][info][gc] GC(278) Pause Young (Allocation Failure) 8M->3M(19M) 0.911ms
[81.344s][info][gc] GC(279) Pause Young (Allocation Failure) 8M->3M(19M) 0.548ms
[81.353s][info][gc] GC(280) Pause Young (Allocation Failure) 8M->3M(19M) 0.490ms
[81.362s][info][gc] GC(281) Pause Young (Allocation Failure) 8M->3M(19M) 0.620ms
[81.372s][info][gc] GC(282) Pause Young (Allocation Failure) 8M->3M(19M) 0.727ms
[81.381s][info][gc] GC(283) Pause Young (Allocation Failure) 8M->3M(19M) 0.638ms
[81.390s][info][gc] GC(284) Pause Young (Allocation Failure) 8M->3M(19M) 0.548ms
[81.399s][info][gc] GC(285) Pause Young (Allocation Failure) 8M->3M(19M) 0.679ms
[81.409s][info][gc] GC(286) Pause Young (Allocation Failure) 8M->3M(19M) 0.707ms
[81.422s][info][gc] GC(287) Pause Young (Allocation Failure) 8M->3M(19M) 0.823ms
[81.436s][info][gc] GC(288) Pause Young (Allocation Failure) 8M->3M(19M) 0.713ms
[81.445s][info][gc] GC(289) Pause Young (Allocation Failure) 8M->3M(19M) 0.684ms
[81.457s][info][gc] GC(290) Pause Young (Allocation Failure) 8M->3M(19M) 1.122ms
[81.467s][info][gc] GC(291) Pause Young (Allocation Failure) 8M->3M(19M) 0.750ms
[81.477s][info][gc] GC(292) Pause Young (Allocation Failure) 8M->3M(19M) 1.180ms
[81.486s][info][gc] GC(293) Pause Young (Allocation Failure) 8M->3M(19M) 0.437ms
[81.495s][info][gc] GC(294) Pause Young (Allocation Failure) 8M->3M(19M) 0.628ms
[81.505s][info][gc] GC(295) Pause Young (Allocation Failure) 8M->3M(19M) 0.697ms
[81.518s][info][gc] GC(296) Pause Young (Allocation Failure) 8M->3M(19M) 0.651ms
[81.527s][info][gc] GC(297) Pause Young (Allocation Failure) 8M->3M(19M) 0.958ms
[81.537s][info][gc] GC(298) Pause Young (Allocation Failure) 8M->3M(19M) 0.638ms
[81.546s][info][gc] GC(299) Pause Young (Allocation Failure) 8M->3M(19M) 0.695ms
[81.555s][info][gc] GC(300) Pause Young (Allocation Failure) 8M->3M(19M) 0.655ms
[81.565s][info][gc] GC(301) Pause Young (Allocation Failure) 8M->3M(19M) 0.684ms
[81.575s][info][gc] GC(302) Pause Young (Allocation Failure) 8M->3M(19M) 0.897ms
[81.585s][info][gc] GC(303) Pause Young (Allocation Failure) 8M->3M(19M) 0.672ms
[81.595s][info][gc] GC(304) Pause Young (Allocation Failure) 8M->3M(19M) 0.651ms
[81.609s][info][gc] GC(305) Pause Young (Allocation Failure) 8M->3M(19M) 1.611ms
[81.623s][info][gc] GC(306) Pause Young (Allocation Failure) 8M->3M(19M) 0.738ms
[81.633s][info][gc] GC(307) Pause Young (Allocation Failure) 8M->3M(19M) 0.589ms
[81.646s][info][gc] GC(308) Pause Young (Allocation Failure) 8M->3M(19M) 0.504ms
[81.657s][info][gc] GC(309) Pause Young (Allocation Failure) 8M->3M(19M) 0.650ms
[81.667s][info][gc] GC(310) Pause Young (Allocation Failure) 8M->3M(19M) 0.633ms
[81.679s][info][gc] GC(311) Pause Young (Allocation Failure) 8M->3M(19M) 0.631ms
[81.690s][info][gc] GC(312) Pause Young (Allocation Failure) 8M->3M(19M) 0.537ms
[81.706s][info][gc] GC(313) Pause Young (Allocation Failure) 8M->3M(19M) 0.885ms
[81.717s][info][gc] GC(314) Pause Young (Allocation Failure) 8M->3M(19M) 0.643ms
[81.729s][info][gc] GC(315) Pause Young (Allocation Failure) 8M->3M(19M) 0.712ms
[81.740s][info][gc] GC(316) Pause Young (Allocation Failure) 8M->3M(19M) 0.740ms
[81.754s][info][gc] GC(317) Pause Young (Allocation Failure) 8M->3M(19M) 0.852ms
[81.768s][info][gc] GC(318) Pause Young (Allocation Failure) 8M->3M(19M) 0.821ms
[81.778s][info][gc] GC(319) Pause Young (Allocation Failure) 8M->3M(19M) 0.698ms
[81.788s][info][gc] GC(320) Pause Young (Allocation Failure) 8M->3M(19M) 0.688ms
[81.801s][info][gc] GC(321) Pause Young (Allocation Failure) 8M->3M(19M) 0.577ms
[81.812s][info][gc] GC(322) Pause Young (Allocation Failure) 8M->3M(19M) 0.868ms
[81.823s][info][gc] GC(323) Pause Young (Allocation Failure) 8M->3M(19M) 0.770ms
[81.834s][info][gc] GC(324) Pause Young (Allocation Failure) 8M->3M(19M) 0.649ms
[81.846s][info][gc] GC(325) Pause Young (Allocation Failure) 8M->3M(19M) 0.627ms
[81.859s][info][gc] GC(326) Pause Young (Allocation Failure) 8M->3M(19M) 0.502ms
[81.873s][info][gc] GC(327) Pause Young (Allocation Failure) 8M->3M(19M) 0.648ms
[81.884s][info][gc] GC(328) Pause Young (Allocation Failure) 8M->3M(19M) 0.669ms
[81.896s][info][gc] GC(329) Pause Young (Allocation Failure) 8M->3M(19M) 0.728ms
[81.909s][info][gc] GC(330) Pause Young (Allocation Failure) 8M->3M(19M) 0.669ms
[81.925s][info][gc] GC(331) Pause Young (Allocation Failure) 8M->3M(19M) 1.293ms
[81.942s][info][gc] GC(332) Pause Young (Allocation Failure) 8M->3M(19M) 0.940ms
[81.960s][info][gc] GC(333) Pause Young (Allocation Failure) 8M->3M(19M) 0.627ms
[81.973s][info][gc] GC(334) Pause Young (Allocation Failure) 8M->3M(19M) 0.632ms
[81.983s][info][gc] GC(335) Pause Young (Allocation Failure) 8M->3M(19M) 0.616ms
[81.992s][info][gc] GC(336) Pause Young (Allocation Failure) 8M->3M(19M) 0.522ms
[82.001s][info][gc] GC(337) Pause Young (Allocation Failure) 8M->3M(19M) 0.648ms
[82.015s][info][gc] GC(338) Pause Young (Allocation Failure) 8M->3M(19M) 0.617ms
[82.029s][info][gc] GC(339) Pause Young (Allocation Failure) 8M->3M(19M) 1.003ms
[82.041s][info][gc] GC(340) Pause Young (Allocation Failure) 8M->3M(19M) 0.934ms
[82.051s][info][gc] GC(341) Pause Young (Allocation Failure) 8M->3M(19M) 0.711ms
[82.061s][info][gc] GC(342) Pause Young (Allocation Failure) 8M->3M(19M) 0.680ms
[82.070s][info][gc] GC(343) Pause Young (Allocation Failure) 8M->3M(19M) 0.632ms
[82.079s][info][gc] GC(344) Pause Young (Allocation Failure) 8M->3M(19M) 0.620ms
[82.088s][info][gc] GC(345) Pause Young (Allocation Failure) 8M->3M(19M) 0.680ms
[82.099s][info][gc] GC(346) Pause Young (Allocation Failure) 8M->3M(19M) 1.006ms
[82.109s][info][gc] GC(347) Pause Young (Allocation Failure) 8M->3M(19M) 0.633ms
[82.119s][info][gc] GC(348) Pause Young (Allocation Failure) 8M->3M(19M) 0.597ms
[82.128s][info][gc] GC(349) Pause Young (Allocation Failure) 8M->3M(19M) 0.470ms
[82.137s][info][gc] GC(350) Pause Young (Allocation Failure) 8M->3M(19M) 0.634ms
[82.146s][info][gc] GC(351) Pause Young (Allocation Failure) 8M->3M(19M) 0.663ms
[82.156s][info][gc] GC(352) Pause Young (Allocation Failure) 8M->3M(19M) 0.710ms
[82.166s][info][gc] GC(353) Pause Young (Allocation Failure) 8M->3M(19M) 0.688ms
[82.175s][info][gc] GC(354) Pause Young (Allocation Failure) 8M->3M(19M) 0.797ms
[82.186s][info][gc] GC(355) Pause Young (Allocation Failure) 8M->3M(19M) 0.945ms
[82.195s][info][gc] GC(356) Pause Young (Allocation Failure) 8M->3M(19M) 0.698ms
[82.205s][info][gc] GC(357) Pause Young (Allocation Failure) 8M->3M(19M) 0.680ms
[82.214s][info][gc] GC(358) Pause Young (Allocation Failure) 8M->3M(19M) 0.685ms
[82.223s][info][gc] GC(359) Pause Young (Allocation Failure) 8M->3M(19M) 0.643ms
[82.232s][info][gc] GC(360) Pause Young (Allocation Failure) 8M->3M(19M) 0.510ms
[82.242s][info][gc] GC(361) Pause Young (Allocation Failure) 8M->3M(19M) 0.708ms
[82.252s][info][gc] GC(362) Pause Young (Allocation Failure) 8M->3M(19M) 1.099ms
[82.263s][info][gc] GC(363) Pause Young (Allocation Failure) 8M->3M(19M) 1.800ms
[82.274s][info][gc] GC(364) Pause Young (Allocation Failure) 8M->3M(19M) 0.624ms
[82.283s][info][gc] GC(365) Pause Young (Allocation Failure) 8M->3M(19M) 0.657ms
[82.293s][info][gc] GC(366) Pause Young (Allocation Failure) 8M->3M(19M) 0.625ms
[82.302s][info][gc] GC(367) Pause Young (Allocation Failure) 8M->3M(19M) 0.641ms
[82.312s][info][gc] GC(368) Pause Young (Allocation Failure) 8M->3M(19M) 0.611ms
[82.321s][info][gc] GC(369) Pause Young (Allocation Failure) 8M->3M(19M) 0.615ms
[82.332s][info][gc] GC(370) Pause Young (Allocation Failure) 8M->3M(19M) 1.177ms
[82.348s][info][gc] GC(371) Pause Young (Allocation Failure) 8M->3M(19M) 0.562ms
[82.362s][info][gc] GC(372) Pause Young (Allocation Failure) 8M->3M(19M) 0.672ms
[82.376s][info][gc] GC(373) Pause Young (Allocation Failure) 8M->3M(19M) 0.705ms
[82.385s][info][gc] GC(374) Pause Young (Allocation Failure) 8M->3M(19M) 0.837ms
[82.395s][info][gc] GC(375) Pause Young (Allocation Failure) 8M->3M(19M) 0.627ms
[82.404s][info][gc] GC(376) Pause Young (Allocation Failure) 8M->3M(19M) 0.631ms
[82.414s][info][gc] GC(377) Pause Young (Allocation Failure) 8M->3M(19M) 0.992ms
[82.431s][info][gc] GC(378) Pause Young (Allocation Failure) 8M->3M(19M) 0.762ms
[82.443s][info][gc] GC(379) Pause Young (Allocation Failure) 8M->3M(19M) 0.521ms
[82.453s][info][gc] GC(380) Pause Young (Allocation Failure) 8M->3M(19M) 0.666ms
[82.463s][info][gc] GC(381) Pause Young (Allocation Failure) 8M->3M(19M) 0.642ms
[82.474s][info][gc] GC(382) Pause Young (Allocation Failure) 8M->3M(19M) 0.515ms
[82.484s][info][gc] GC(383) Pause Young (Allocation Failure) 8M->3M(19M) 1.364ms
[82.494s][info][gc] GC(384) Pause Young (Allocation Failure) 8M->3M(19M) 0.764ms
[82.504s][info][gc] GC(385) Pause Young (Allocation Failure) 8M->3M(19M) 0.665ms
[82.514s][info][gc] GC(386) Pause Young (Allocation Failure) 8M->3M(19M) 0.612ms
[82.523s][info][gc] GC(387) Pause Young (Allocation Failure) 8M->3M(19M) 0.626ms
[82.533s][info][gc] GC(388) Pause Young (Allocation Failure) 8M->3M(19M) 0.497ms
[82.542s][info][gc] GC(389) Pause Young (Allocation Failure) 8M->3M(19M) 0.679ms
[82.551s][info][gc] GC(390) Pause Young (Allocation Failure) 8M->3M(19M) 0.679ms
[82.561s][info][gc] GC(391) Pause Young (Allocation Failure) 8M->3M(19M) 0.658ms
[82.571s][info][gc] GC(392) Pause Young (Allocation Failure) 8M->3M(19M) 0.594ms
[82.581s][info][gc] GC(393) Pause Young (Allocation Failure) 8M->3M(19M) 0.631ms
[82.590s][info][gc] GC(394) Pause Young (Allocation Failure) 8M->3M(19M) 0.639ms
[82.600s][info][gc] GC(395) Pause Young (Allocation Failure) 8M->3M(19M) 0.605ms
[82.609s][info][gc] GC(396) Pause Young (Allocation Failure) 8M->3M(19M) 0.682ms
[82.618s][info][gc] GC(397) Pause Young (Allocation Failure) 8M->3M(19M) 0.645ms
[82.627s][info][gc] GC(398) Pause Young (Allocation Failure) 8M->3M(19M) 0.689ms
[82.637s][info][gc] GC(399) Pause Young (Allocation Failure) 8M->3M(19M) 1.237ms
[82.647s][info][gc] GC(400) Pause Young (Allocation Failure) 8M->3M(19M) 0.721ms
[82.658s][info][gc] GC(401) Pause Young (Allocation Failure) 8M->3M(19M) 1.470ms
[82.670s][info][gc] GC(402) Pause Young (Allocation Failure) 8M->3M(19M) 0.644ms
[82.679s][info][gc] GC(403) Pause Young (Allocation Failure) 8M->3M(19M) 0.458ms
[82.688s][info][gc] GC(404) Pause Young (Allocation Failure) 8M->3M(19M) 0.712ms
[82.701s][info][gc] GC(405) Pause Young (Allocation Failure) 8M->3M(19M) 0.666ms
[82.712s][info][gc] GC(406) Pause Young (Allocation Failure) 8M->3M(19M) 0.507ms
[82.722s][info][gc] GC(407) Pause Young (Allocation Failure) 8M->3M(19M) 0.669ms
[82.731s][info][gc] GC(408) Pause Young (Allocation Failure) 8M->3M(19M) 0.676ms
[82.741s][info][gc] GC(409) Pause Young (Allocation Failure) 8M->3M(19M) 0.670ms
[82.750s][info][gc] GC(410) Pause Young (Allocation Failure) 8M->3M(19M) 0.513ms
[82.760s][info][gc] GC(411) Pause Young (Allocation Failure) 8M->3M(19M) 0.533ms
[82.770s][info][gc] GC(412) Pause Young (Allocation Failure) 8M->3M(19M) 0.923ms
[82.781s][info][gc] GC(413) Pause Young (Allocation Failure) 8M->3M(19M) 0.474ms
[82.792s][info][gc] GC(414) Pause Young (Allocation Failure) 8M->3M(19M) 0.850ms
[82.803s][info][gc] GC(415) Pause Young (Allocation Failure) 8M->3M(19M) 0.876ms
[82.813s][info][gc] GC(416) Pause Young (Allocation Failure) 8M->3M(19M) 0.685ms
[82.827s][info][gc] GC(417) Pause Young (Allocation Failure) 8M->3M(19M) 0.801ms
[82.836s][info][gc] GC(418) Pause Young (Allocation Failure) 8M->3M(19M) 0.485ms
[82.848s][info][gc] GC(419) Pause Young (Allocation Failure) 8M->3M(19M) 0.654ms
[82.859s][info][gc] GC(420) Pause Young (Allocation Failure) 8M->3M(19M) 0.649ms
[82.870s][info][gc] GC(421) Pause Young (Allocation Failure) 8M->3M(19M) 0.655ms
[82.881s][info][gc] GC(422) Pause Young (Allocation Failure) 8M->3M(19M) 0.499ms
[82.892s][info][gc] GC(423) Pause Young (Allocation Failure) 8M->3M(19M) 0.988ms
[82.904s][info][gc] GC(424) Pause Young (Allocation Failure) 8M->3M(19M) 0.656ms
[82.923s][info][gc] GC(425) Pause Young (Allocation Failure) 8M->3M(19M) 0.638ms
[82.935s][info][gc] GC(426) Pause Young (Allocation Failure) 8M->3M(19M) 0.876ms
[82.950s][info][gc] GC(427) Pause Young (Allocation Failure) 8M->3M(19M) 0.981ms
[82.960s][info][gc] GC(428) Pause Young (Allocation Failure) 8M->3M(19M) 0.629ms
[82.971s][info][gc] GC(429) Pause Young (Allocation Failure) 8M->3M(19M) 0.681ms
[82.985s][info][gc] GC(430) Pause Young (Allocation Failure) 8M->3M(19M) 0.781ms
[82.994s][info][gc] GC(431) Pause Young (Allocation Failure) 8M->3M(19M) 0.534ms
[83.004s][info][gc] GC(432) Pause Young (Allocation Failure) 8M->3M(19M) 0.642ms
[83.015s][info][gc] GC(433) Pause Young (Allocation Failure) 8M->3M(19M) 0.661ms
[83.027s][info][gc] GC(434) Pause Young (Allocation Failure) 8M->3M(19M) 0.684ms
[83.040s][info][gc] GC(435) Pause Young (Allocation Failure) 8M->3M(19M) 0.486ms
[83.052s][info][gc] GC(436) Pause Young (Allocation Failure) 8M->3M(19M) 0.493ms
[83.067s][info][gc] GC(437) Pause Young (Allocation Failure) 8M->3M(19M) 0.844ms
[83.080s][info][gc] GC(438) Pause Young (Allocation Failure) 8M->3M(19M) 0.624ms
[83.092s][info][gc] GC(439) Pause Young (Allocation Failure) 8M->3M(19M) 0.575ms
[83.103s][info][gc] GC(440) Pause Young (Allocation Failure) 8M->3M(19M) 0.663ms
[83.114s][info][gc] GC(441) Pause Young (Allocation Failure) 8M->3M(19M) 0.793ms
[83.126s][info][gc] GC(442) Pause Young (Allocation Failure) 8M->3M(19M) 0.679ms
[83.138s][info][gc] GC(443) Pause Young (Allocation Failure) 8M->3M(19M) 0.657ms
[83.153s][info][gc] GC(444) Pause Young (Allocation Failure) 8M->3M(19M) 0.696ms
[83.162s][info][gc] GC(445) Pause Young (Allocation Failure) 8M->3M(19M) 0.663ms
[83.172s][info][gc] GC(446) Pause Young (Allocation Failure) 8M->3M(19M) 0.618ms
[83.182s][info][gc] GC(447) Pause Young (Allocation Failure) 8M->3M(19M) 1.056ms
[83.192s][info][gc] GC(448) Pause Young (Allocation Failure) 8M->3M(19M) 0.731ms
[83.201s][info][gc] GC(449) Pause Young (Allocation Failure) 8M->3M(19M) 1.107ms
[83.210s][info][gc] GC(450) Pause Young (Allocation Failure) 8M->3M(19M) 0.616ms
[83.220s][info][gc] GC(451) Pause Young (Allocation Failure) 8M->3M(19M) 0.579ms
[83.229s][info][gc] GC(452) Pause Young (Allocation Failure) 8M->3M(19M) 0.660ms
[83.239s][info][gc] GC(453) Pause Young (Allocation Failure) 8M->3M(19M) 0.709ms
[83.248s][info][gc] GC(454) Pause Young (Allocation Failure) 8M->3M(19M) 0.667ms
[83.257s][info][gc] GC(455) Pause Young (Allocation Failure) 8M->3M(19M) 0.601ms
[83.267s][info][gc] GC(456) Pause Young (Allocation Failure) 8M->3M(19M) 0.735ms
[83.276s][info][gc] GC(457) Pause Young (Allocation Failure) 8M->3M(19M) 0.691ms
[83.285s][info][gc] GC(458) Pause Young (Allocation Failure) 8M->3M(19M) 0.626ms
[83.295s][info][gc] GC(459) Pause Young (Allocation Failure) 8M->3M(19M) 0.779ms
[83.305s][info][gc] GC(460) Pause Young (Allocation Failure) 9M->3M(19M) 0.684ms
[83.314s][info][gc] GC(461) Pause Young (Allocation Failure) 9M->3M(19M) 0.933ms
[83.323s][info][gc] GC(462) Pause Young (Allocation Failure) 9M->3M(19M) 0.722ms
[83.332s][info][gc] GC(463) Pause Young (Allocation Failure) 9M->3M(19M) 0.762ms
[83.342s][info][gc] GC(464) Pause Young (Allocation Failure) 9M->3M(19M) 0.619ms
[83.351s][info][gc] GC(465) Pause Young (Allocation Failure) 9M->3M(19M) 0.771ms
[83.362s][info][gc] GC(466) Pause Young (Allocation Failure) 9M->3M(19M) 0.813ms
[83.372s][info][gc] GC(467) Pause Young (Allocation Failure) 9M->3M(19M) 0.831ms
[83.383s][info][gc] GC(468) Pause Young (Allocation Failure) 9M->3M(19M) 0.644ms
[83.393s][info][gc] GC(469) Pause Young (Allocation Failure) 9M->3M(19M) 0.810ms
[83.405s][info][gc] GC(470) Pause Young (Allocation Failure) 9M->3M(19M) 1.013ms
[83.419s][info][gc] GC(471) Pause Young (Allocation Failure) 9M->3M(19M) 1.058ms
[83.435s][info][gc] GC(472) Pause Young (Allocation Failure) 9M->3M(19M) 1.104ms
[83.458s][info][gc] GC(473) Pause Young (Allocation Failure) 9M->3M(19M) 0.871ms
[83.467s][info][gc] GC(474) Pause Young (Allocation Failure) 9M->3M(19M) 0.962ms
[83.479s][info][gc] GC(475) Pause Young (Allocation Failure) 9M->3M(19M) 0.658ms
[83.488s][info][gc] GC(476) Pause Young (Allocation Failure) 9M->3M(19M) 0.582ms
[83.498s][info][gc] GC(477) Pause Young (Allocation Failure) 9M->3M(19M) 0.475ms
[83.511s][info][gc] GC(478) Pause Young (Allocation Failure) 9M->3M(19M) 1.208ms
[83.522s][info][gc] GC(479) Pause Young (Allocation Failure) 9M->3M(19M) 0.686ms
[83.532s][info][gc] GC(480) Pause Young (Allocation Failure) 9M->3M(19M) 0.656ms
[83.542s][info][gc] GC(481) Pause Young (Allocation Failure) 9M->3M(19M) 0.601ms
[83.551s][info][gc] GC(482) Pause Young (Allocation Failure) 9M->3M(19M) 0.497ms
[83.560s][info][gc] GC(483) Pause Young (Allocation Failure) 9M->3M(19M) 0.685ms
[83.569s][info][gc] GC(484) Pause Young (Allocation Failure) 9M->3M(19M) 0.671ms
[83.579s][info][gc] GC(485) Pause Young (Allocation Failure) 9M->3M(19M) 0.654ms
[83.588s][info][gc] GC(486) Pause Young (Allocation Failure) 9M->3M(19M) 0.804ms
[83.598s][info][gc] GC(487) Pause Young (Allocation Failure) 9M->3M(19M) 0.647ms
[83.607s][info][gc] GC(488) Pause Young (Allocation Failure) 9M->3M(19M) 0.580ms
[83.616s][info][gc] GC(489) Pause Young (Allocation Failure) 9M->3M(19M) 0.628ms
[83.626s][info][gc] GC(490) Pause Young (Allocation Failure) 9M->3M(19M) 0.616ms
[83.636s][info][gc] GC(491) Pause Young (Allocation Failure) 9M->3M(19M) 1.029ms
[83.645s][info][gc] GC(492) Pause Young (Allocation Failure) 9M->3M(19M) 0.536ms
[83.654s][info][gc] GC(493) Pause Young (Allocation Failure) 9M->3M(19M) 0.534ms
[83.664s][info][gc] GC(494) Pause Young (Allocation Failure) 9M->3M(19M) 0.851ms
[83.674s][info][gc] GC(495) Pause Young (Allocation Failure) 9M->3M(19M) 0.639ms
[83.683s][info][gc] GC(496) Pause Young (Allocation Failure) 9M->3M(19M) 0.624ms
[83.694s][info][gc] GC(497) Pause Young (Allocation Failure) 9M->3M(19M) 0.732ms
[83.703s][info][gc] GC(498) Pause Young (Allocation Failure) 9M->3M(19M) 0.647ms
[83.712s][info][gc] GC(499) Pause Young (Allocation Failure) 9M->3M(19M) 0.558ms
[83.722s][info][gc] GC(500) Pause Young (Allocation Failure) 9M->3M(19M) 1.124ms
[83.733s][info][gc] GC(501) Pause Young (Allocation Failure) 9M->3M(19M) 0.867ms
[83.743s][info][gc] GC(502) Pause Young (Allocation Failure) 9M->3M(19M) 0.679ms
[83.752s][info][gc] GC(503) Pause Young (Allocation Failure) 9M->3M(19M) 1.077ms
[83.762s][info][gc] GC(504) Pause Young (Allocation Failure) 9M->3M(19M) 0.601ms
[83.771s][info][gc] GC(505) Pause Young (Allocation Failure) 9M->3M(19M) 0.696ms
[83.780s][info][gc] GC(506) Pause Young (Allocation Failure) 9M->3M(19M) 1.107ms
[83.791s][info][gc] GC(507) Pause Young (Allocation Failure) 9M->3M(19M) 0.723ms
[83.800s][info][gc] GC(508) Pause Young (Allocation Failure) 9M->3M(19M) 0.644ms
[83.809s][info][gc] GC(509) Pause Young (Allocation Failure) 9M->3M(19M) 0.689ms
[83.819s][info][gc] GC(510) Pause Young (Allocation Failure) 9M->3M(19M) 0.659ms
[83.829s][info][gc] GC(511) Pause Young (Allocation Failure) 9M->3M(19M) 0.693ms
[83.838s][info][gc] GC(512) Pause Young (Allocation Failure) 9M->3M(19M) 0.598ms
[83.847s][info][gc] GC(513) Pause Young (Allocation Failure) 9M->3M(19M) 0.539ms
[83.856s][info][gc] GC(514) Pause Young (Allocation Failure) 9M->3M(19M) 0.696ms
[83.866s][info][gc] GC(515) Pause Young (Allocation Failure) 9M->3M(19M) 0.692ms
[83.875s][info][gc] GC(516) Pause Young (Allocation Failure) 9M->3M(19M) 0.675ms
[83.885s][info][gc] GC(517) Pause Young (Allocation Failure) 9M->3M(19M) 0.847ms
[83.894s][info][gc] GC(518) Pause Young (Allocation Failure) 9M->3M(19M) 0.661ms
[83.903s][info][gc] GC(519) Pause Young (Allocation Failure) 9M->3M(19M) 0.648ms
[83.912s][info][gc] GC(520) Pause Young (Allocation Failure) 9M->3M(19M) 0.567ms
[83.923s][info][gc] GC(521) Pause Young (Allocation Failure) 9M->3M(19M) 0.663ms
[83.938s][info][gc] GC(522) Pause Young (Allocation Failure) 9M->3M(19M) 1.069ms
[83.952s][info][gc] GC(523) Pause Young (Allocation Failure) 9M->3M(19M) 0.984ms
[83.962s][info][gc] GC(524) Pause Young (Allocation Failure) 9M->3M(19M) 0.885ms
[83.973s][info][gc] GC(525) Pause Young (Allocation Failure) 9M->3M(19M) 0.733ms
[83.985s][info][gc] GC(526) Pause Young (Allocation Failure) 9M->3M(19M) 1.685ms
[83.995s][info][gc] GC(527) Pause Young (Allocation Failure) 9M->3M(19M) 0.914ms
[84.006s][info][gc] GC(528) Pause Young (Allocation Failure) 9M->3M(19M) 1.124ms
[84.018s][info][gc] GC(529) Pause Young (Allocation Failure) 9M->3M(19M) 0.920ms
[84.038s][info][gc] GC(530) Pause Young (Allocation Failure) 9M->3M(19M) 0.527ms
[84.051s][info][gc] GC(531) Pause Young (Allocation Failure) 9M->3M(19M) 1.336ms
[84.063s][info][gc] GC(532) Pause Young (Allocation Failure) 9M->3M(19M) 0.777ms
[84.075s][info][gc] GC(533) Pause Young (Allocation Failure) 9M->3M(19M) 1.505ms
[84.090s][info][gc] GC(534) Pause Young (Allocation Failure) 9M->3M(19M) 0.583ms
[84.101s][info][gc] GC(535) Pause Young (Allocation Failure) 9M->3M(19M) 0.885ms
[84.116s][info][gc] GC(536) Pause Young (Allocation Failure) 9M->3M(19M) 0.697ms
[84.129s][info][gc] GC(537) Pause Young (Allocation Failure) 9M->3M(19M) 0.675ms
[84.140s][info][gc] GC(538) Pause Young (Allocation Failure) 9M->3M(19M) 0.715ms
[84.150s][info][gc] GC(539) Pause Young (Allocation Failure) 9M->3M(19M) 1.456ms
[84.160s][info][gc] GC(540) Pause Young (Allocation Failure) 9M->3M(19M) 0.740ms
[84.173s][info][gc] GC(541) Pause Young (Allocation Failure) 9M->3M(19M) 0.704ms
[84.184s][info][gc] GC(542) Pause Young (Allocation Failure) 9M->3M(19M) 1.500ms
[84.196s][info][gc] GC(543) Pause Young (Allocation Failure) 9M->3M(19M) 0.637ms
[84.207s][info][gc] GC(544) Pause Young (Allocation Failure) 9M->3M(19M) 0.641ms
[84.219s][info][gc] GC(545) Pause Young (Allocation Failure) 9M->3M(19M) 0.959ms
[84.232s][info][gc] GC(546) Pause Young (Allocation Failure) 9M->3M(19M) 1.075ms
[84.244s][info][gc] GC(547) Pause Young (Allocation Failure) 9M->3M(19M) 0.523ms
[84.257s][info][gc] GC(548) Pause Young (Allocation Failure) 9M->3M(19M) 0.979ms
[84.270s][info][gc] GC(549) Pause Young (Allocation Failure) 9M->3M(19M) 0.945ms
[84.285s][info][gc] GC(550) Pause Young (Allocation Failure) 9M->3M(19M) 0.557ms
[84.298s][info][gc] GC(551) Pause Young (Allocation Failure) 9M->3M(19M) 1.085ms
[84.310s][info][gc] GC(552) Pause Young (Allocation Failure) 9M->3M(19M) 0.638ms
[84.322s][info][gc] GC(553) Pause Young (Allocation Failure) 9M->3M(19M) 1.019ms
[84.337s][info][gc] GC(554) Pause Young (Allocation Failure) 9M->3M(19M) 1.404ms
[84.346s][info][gc] GC(555) Pause Young (Allocation Failure) 9M->3M(19M) 0.546ms
[84.356s][info][gc] GC(556) Pause Young (Allocation Failure) 9M->3M(19M) 0.643ms
[84.366s][info][gc] GC(557) Pause Young (Allocation Failure) 9M->3M(19M) 0.913ms
[84.375s][info][gc] GC(558) Pause Young (Allocation Failure) 9M->3M(19M) 0.570ms
[84.384s][info][gc] GC(559) Pause Young (Allocation Failure) 9M->3M(19M) 0.737ms
[84.394s][info][gc] GC(560) Pause Young (Allocation Failure) 9M->3M(19M) 0.622ms
[84.404s][info][gc] GC(561) Pause Young (Allocation Failure) 9M->3M(19M) 1.015ms
[84.413s][info][gc] GC(562) Pause Young (Allocation Failure) 9M->3M(19M) 0.620ms
[84.422s][info][gc] GC(563) Pause Young (Allocation Failure) 9M->3M(19M) 0.611ms
[84.435s][info][gc] GC(564) Pause Young (Allocation Failure) 9M->3M(19M) 0.873ms
[84.452s][info][gc] GC(565) Pause Young (Allocation Failure) 9M->3M(19M) 0.817ms
[84.468s][info][gc] GC(566) Pause Young (Allocation Failure) 9M->3M(19M) 1.044ms
[84.483s][info][gc] GC(567) Pause Young (Allocation Failure) 9M->3M(19M) 1.213ms
[84.503s][info][gc] GC(568) Pause Young (Allocation Failure) 9M->3M(19M) 0.942ms
[84.516s][info][gc] GC(569) Pause Young (Allocation Failure) 9M->3M(19M) 0.944ms
[84.525s][info][gc] GC(570) Pause Young (Allocation Failure) 9M->3M(19M) 0.551ms
[84.535s][info][gc] GC(571) Pause Young (Allocation Failure) 9M->3M(19M) 0.536ms
[84.545s][info][gc] GC(572) Pause Young (Allocation Failure) 9M->3M(19M) 0.555ms
[84.555s][info][gc] GC(573) Pause Young (Allocation Failure) 9M->3M(19M) 0.978ms
[84.565s][info][gc] GC(574) Pause Young (Allocation Failure) 9M->3M(19M) 0.759ms
[84.574s][info][gc] GC(575) Pause Young (Allocation Failure) 9M->3M(19M) 0.611ms
[84.584s][info][gc] GC(576) Pause Young (Allocation Failure) 9M->3M(19M) 0.527ms
[84.593s][info][gc] GC(577) Pause Young (Allocation Failure) 9M->3M(19M) 0.684ms
[84.603s][info][gc] GC(578) Pause Young (Allocation Failure) 9M->3M(19M) 0.658ms
[84.612s][info][gc] GC(579) Pause Young (Allocation Failure) 9M->3M(19M) 0.914ms
[84.621s][info][gc] GC(580) Pause Young (Allocation Failure) 9M->3M(19M) 0.556ms
[84.633s][info][gc] GC(581) Pause Young (Allocation Failure) 9M->3M(19M) 0.778ms
[84.642s][info][gc] GC(582) Pause Young (Allocation Failure) 9M->3M(19M) 0.642ms
[84.652s][info][gc] GC(583) Pause Young (Allocation Failure) 9M->3M(19M) 0.669ms
[84.662s][info][gc] GC(584) Pause Young (Allocation Failure) 9M->3M(19M) 0.510ms
[84.673s][info][gc] GC(585) Pause Young (Allocation Failure) 9M->3M(19M) 1.834ms
[84.682s][info][gc] GC(586) Pause Young (Allocation Failure) 9M->3M(19M) 0.723ms
[84.691s][info][gc] GC(587) Pause Young (Allocation Failure) 9M->3M(19M) 0.683ms
[84.702s][info][gc] GC(588) Pause Young (Allocation Failure) 9M->3M(19M) 0.729ms
[84.713s][info][gc] GC(589) Pause Young (Allocation Failure) 9M->3M(19M) 0.655ms
[84.722s][info][gc] GC(590) Pause Young (Allocation Failure) 9M->3M(19M) 0.729ms
[84.733s][info][gc] GC(591) Pause Young (Allocation Failure) 9M->3M(19M) 0.672ms
[84.743s][info][gc] GC(592) Pause Young (Allocation Failure) 9M->3M(19M) 0.614ms
[84.753s][info][gc] GC(593) Pause Young (Allocation Failure) 9M->3M(19M) 0.564ms
[84.762s][info][gc] GC(594) Pause Young (Allocation Failure) 9M->3M(19M) 0.625ms
[84.772s][info][gc] GC(595) Pause Young (Allocation Failure) 9M->3M(19M) 0.649ms
[84.781s][info][gc] GC(596) Pause Young (Allocation Failure) 9M->3M(19M) 0.624ms
[84.791s][info][gc] GC(597) Pause Young (Allocation Failure) 9M->3M(19M) 0.597ms
[84.800s][info][gc] GC(598) Pause Young (Allocation Failure) 9M->3M(19M) 0.804ms
[84.809s][info][gc] GC(599) Pause Young (Allocation Failure) 9M->3M(19M) 0.491ms
[84.819s][info][gc] GC(600) Pause Young (Allocation Failure) 9M->3M(19M) 0.705ms
[84.828s][info][gc] GC(601) Pause Young (Allocation Failure) 9M->3M(19M) 0.621ms
[84.837s][info][gc] GC(602) Pause Young (Allocation Failure) 9M->3M(19M) 0.602ms
[84.846s][info][gc] GC(603) Pause Young (Allocation Failure) 9M->3M(19M) 0.552ms
[84.856s][info][gc] GC(604) Pause Young (Allocation Failure) 9M->3M(19M) 0.681ms
[84.865s][info][gc] GC(605) Pause Young (Allocation Failure) 9M->3M(19M) 0.884ms
[84.875s][info][gc] GC(606) Pause Young (Allocation Failure) 9M->3M(19M) 0.677ms
[84.886s][info][gc] GC(607) Pause Young (Allocation Failure) 9M->3M(19M) 0.612ms
[84.896s][info][gc] GC(608) Pause Young (Allocation Failure) 9M->3M(19M) 0.660ms
[84.905s][info][gc] GC(609) Pause Young (Allocation Failure) 9M->3M(19M) 0.619ms
[84.914s][info][gc] GC(610) Pause Young (Allocation Failure) 9M->3M(19M) 0.699ms
[84.924s][info][gc] GC(611) Pause Young (Allocation Failure) 9M->3M(19M) 0.649ms
[84.936s][info][gc] GC(612) Pause Young (Allocation Failure) 9M->3M(19M) 0.915ms
[84.949s][info][gc] GC(613) Pause Young (Allocation Failure) 9M->3M(19M) 0.611ms
[84.960s][info][gc] GC(614) Pause Young (Allocation Failure) 9M->3M(19M) 0.941ms
[84.973s][info][gc] GC(615) Pause Young (Allocation Failure) 9M->3M(19M) 0.734ms
[84.983s][info][gc] GC(616) Pause Young (Allocation Failure) 9M->3M(19M) 0.738ms
[84.992s][info][gc] GC(617) Pause Young (Allocation Failure) 9M->3M(19M) 0.458ms
[85.001s][info][gc] GC(618) Pause Young (Allocation Failure) 9M->3M(19M) 0.664ms
[85.012s][info][gc] GC(619) Pause Young (Allocation Failure) 9M->3M(19M) 0.656ms
[85.021s][info][gc] GC(620) Pause Young (Allocation Failure) 9M->3M(19M) 0.770ms
[85.030s][info][gc] GC(621) Pause Young (Allocation Failure) 9M->3M(19M) 0.623ms
[85.040s][info][gc] GC(622) Pause Young (Allocation Failure) 9M->3M(19M) 0.623ms
[85.050s][info][gc] GC(623) Pause Young (Allocation Failure) 9M->3M(19M) 0.623ms
[85.060s][info][gc] GC(624) Pause Young (Allocation Failure) 9M->3M(19M) 0.683ms
[85.069s][info][gc] GC(625) Pause Young (Allocation Failure) 9M->3M(19M) 0.550ms
[85.079s][info][gc] GC(626) Pause Young (Allocation Failure) 9M->3M(19M) 0.686ms
[85.088s][info][gc] GC(627) Pause Young (Allocation Failure) 9M->3M(19M) 0.673ms
[85.098s][info][gc] GC(628) Pause Young (Allocation Failure) 9M->3M(19M) 0.640ms
[85.108s][info][gc] GC(629) Pause Young (Allocation Failure) 9M->3M(19M) 0.745ms
[85.117s][info][gc] GC(630) Pause Young (Allocation Failure) 9M->3M(19M) 0.482ms
[85.129s][info][gc] GC(631) Pause Young (Allocation Failure) 9M->3M(19M) 0.861ms
[85.139s][info][gc] GC(632) Pause Young (Allocation Failure) 9M->3M(19M) 0.717ms
[85.148s][info][gc] GC(633) Pause Young (Allocation Failure) 9M->3M(19M) 0.551ms
[85.162s][info][gc] GC(634) Pause Young (Allocation Failure) 9M->3M(19M) 0.546ms
[85.174s][info][gc] GC(635) Pause Young (Allocation Failure) 9M->3M(19M) 0.673ms
[85.183s][info][gc] GC(636) Pause Young (Allocation Failure) 9M->3M(19M) 0.659ms
[85.193s][info][gc] GC(637) Pause Young (Allocation Failure) 9M->3M(19M) 0.774ms
[85.205s][info][gc] GC(638) Pause Young (Allocation Failure) 9M->3M(19M) 0.609ms
[85.216s][info][gc] GC(639) Pause Young (Allocation Failure) 9M->3M(19M) 0.505ms
[85.227s][info][gc] GC(640) Pause Young (Allocation Failure) 9M->4M(19M) 1.119ms
[85.238s][info][gc] GC(641) Pause Young (Allocation Failure) 9M->4M(19M) 0.823ms
[85.252s][info][gc] GC(642) Pause Young (Allocation Failure) 9M->4M(19M) 0.759ms
[85.263s][info][gc] GC(643) Pause Young (Allocation Failure) 9M->3M(19M) 0.592ms
[85.274s][info][gc] GC(644) Pause Young (Allocation Failure) 9M->3M(19M) 1.121ms
[85.289s][info][gc] GC(645) Pause Young (Allocation Failure) 9M->4M(19M) 1.152ms
[85.306s][info][gc] GC(646) Pause Young (Allocation Failure) 9M->4M(19M) 0.961ms
[85.322s][info][gc] GC(647) Pause Young (Allocation Failure) 9M->3M(19M) 0.939ms
[85.336s][info][gc] GC(648) Pause Young (Allocation Failure) 9M->4M(19M) 1.432ms
[85.350s][info][gc] GC(649) Pause Young (Allocation Failure) 9M->3M(19M) 0.996ms
[85.363s][info][gc] GC(650) Pause Young (Allocation Failure) 9M->4M(19M) 0.942ms
[85.374s][info][gc] GC(651) Pause Young (Allocation Failure) 9M->4M(19M) 0.675ms
[85.386s][info][gc] GC(652) Pause Young (Allocation Failure) 9M->4M(19M) 0.930ms
[85.398s][info][gc] GC(653) Pause Young (Allocation Failure) 9M->3M(19M) 0.796ms
[85.415s][info][gc] GC(654) Pause Young (Allocation Failure) 9M->4M(19M) 1.571ms
[85.433s][info][gc] GC(655) Pause Young (Allocation Failure) 9M->4M(19M) 1.097ms
[85.475s][info][gc] GC(656) Pause Young (Allocation Failure) 9M->4M(19M) 1.012ms
[85.494s][info][gc] GC(657) Pause Young (Allocation Failure) 9M->4M(19M) 1.067ms
[85.518s][info][gc] GC(658) Pause Young (Allocation Failure) 9M->4M(19M) 1.244ms
[85.533s][info][gc] GC(659) Pause Young (Allocation Failure) 9M->3M(19M) 0.816ms
[85.547s][info][gc] GC(660) Pause Young (Allocation Failure) 9M->4M(19M) 0.910ms
[85.584s][info][gc] GC(661) Pause Young (Allocation Failure) 9M->4M(19M) 0.974ms
[85.615s][info][gc] GC(662) Pause Young (Allocation Failure) 9M->4M(19M) 1.010ms
[85.706s][info][gc] GC(663) Pause Young (Allocation Failure) 9M->4M(19M) 0.945ms
[85.728s][info][gc] GC(664) Pause Young (Allocation Failure) 9M->3M(19M) 0.718ms
[85.747s][info][gc] GC(665) Pause Young (Allocation Failure) 9M->4M(19M) 1.335ms
[85.760s][info][gc] GC(666) Pause Young (Allocation Failure) 9M->4M(19M) 0.988ms
[85.773s][info][gc] GC(667) Pause Young (Allocation Failure) 9M->4M(19M) 0.769ms
[85.783s][info][gc] GC(668) Pause Young (Allocation Failure) 9M->4M(19M) 0.546ms
[85.797s][info][gc] GC(669) Pause Young (Allocation Failure) 9M->3M(19M) 0.542ms
[85.812s][info][gc] GC(670) Pause Young (Allocation Failure) 9M->4M(19M) 0.635ms
[85.823s][info][gc] GC(671) Pause Young (Allocation Failure) 9M->4M(19M) 1.187ms
[85.833s][info][gc] GC(672) Pause Young (Allocation Failure) 9M->4M(19M) 0.658ms
[85.846s][info][gc] GC(673) Pause Young (Allocation Failure) 9M->4M(19M) 0.642ms
[85.856s][info][gc] GC(674) Pause Young (Allocation Failure) 9M->4M(19M) 0.631ms
[85.866s][info][gc] GC(675) Pause Young (Allocation Failure) 9M->4M(19M) 0.629ms
[85.876s][info][gc] GC(676) Pause Young (Allocation Failure) 9M->4M(19M) 0.631ms
[85.887s][info][gc] GC(677) Pause Young (Allocation Failure) 9M->4M(19M) 0.672ms
[85.897s][info][gc] GC(678) Pause Young (Allocation Failure) 9M->4M(19M) 0.688ms
[85.908s][info][gc] GC(679) Pause Young (Allocation Failure) 9M->4M(19M) 0.631ms
[85.918s][info][gc] GC(680) Pause Young (Allocation Failure) 9M->4M(19M) 0.665ms
[85.929s][info][gc] GC(681) Pause Young (Allocation Failure) 9M->4M(19M) 0.832ms
[85.941s][info][gc] GC(682) Pause Young (Allocation Failure) 9M->4M(19M) 0.545ms
[85.956s][info][gc] GC(683) Pause Young (Allocation Failure) 9M->4M(19M) 0.503ms
[85.965s][info][gc] GC(684) Pause Young (Allocation Failure) 9M->4M(19M) 0.645ms
[85.976s][info][gc] GC(685) Pause Young (Allocation Failure) 9M->4M(19M) 0.648ms
[85.988s][info][gc] GC(686) Pause Young (Allocation Failure) 9M->4M(19M) 0.781ms
[86.000s][info][gc] GC(687) Pause Young (Allocation Failure) 9M->4M(19M) 1.247ms
[86.009s][info][gc] GC(688) Pause Young (Allocation Failure) 9M->4M(19M) 0.601ms
[86.020s][info][gc] GC(689) Pause Young (Allocation Failure) 9M->4M(19M) 0.718ms
[86.030s][info][gc] GC(690) Pause Young (Allocation Failure) 9M->4M(19M) 0.482ms
[86.040s][info][gc] GC(691) Pause Young (Allocation Failure) 9M->4M(19M) 0.722ms
[86.051s][info][gc] GC(692) Pause Young (Allocation Failure) 9M->4M(19M) 0.669ms
[86.060s][info][gc] GC(693) Pause Young (Allocation Failure) 9M->4M(19M) 0.699ms
[86.069s][info][gc] GC(694) Pause Young (Allocation Failure) 9M->4M(19M) 0.582ms
[86.079s][info][gc] GC(695) Pause Young (Allocation Failure) 9M->4M(19M) 0.534ms
[86.088s][info][gc] GC(696) Pause Young (Allocation Failure) 9M->4M(19M) 0.688ms
[86.098s][info][gc] GC(697) Pause Young (Allocation Failure) 9M->4M(19M) 0.880ms
[86.109s][info][gc] GC(698) Pause Young (Allocation Failure) 9M->4M(19M) 1.776ms
[86.119s][info][gc] GC(699) Pause Young (Allocation Failure) 9M->4M(19M) 0.616ms
[86.128s][info][gc] GC(700) Pause Young (Allocation Failure) 9M->4M(19M) 0.657ms
[86.138s][info][gc] GC(701) Pause Young (Allocation Failure) 9M->4M(19M) 0.802ms
[86.148s][info][gc] GC(702) Pause Young (Allocation Failure) 9M->4M(19M) 0.960ms
[86.158s][info][gc] GC(703) Pause Young (Allocation Failure) 9M->4M(19M) 0.882ms
[86.178s][info][gc] GC(704) Pause Young (Allocation Failure) 9M->4M(19M) 0.785ms
[86.192s][info][gc] GC(705) Pause Young (Allocation Failure) 9M->4M(19M) 0.628ms
[86.202s][info][gc] GC(706) Pause Young (Allocation Failure) 9M->4M(19M) 0.642ms
[86.215s][info][gc] GC(707) Pause Young (Allocation Failure) 9M->4M(19M) 0.684ms
[86.229s][info][gc] GC(708) Pause Young (Allocation Failure) 9M->4M(19M) 1.285ms
[86.243s][info][gc] GC(709) Pause Young (Allocation Failure) 9M->4M(19M) 0.485ms
[86.258s][info][gc] GC(710) Pause Young (Allocation Failure) 9M->4M(19M) 1.068ms
[86.276s][info][gc] GC(711) Pause Young (Allocation Failure) 9M->4M(19M) 1.001ms
[86.289s][info][gc] GC(712) Pause Young (Allocation Failure) 9M->4M(19M) 0.665ms
[86.300s][info][gc] GC(713) Pause Young (Allocation Failure) 9M->4M(19M) 0.675ms
[86.311s][info][gc] GC(714) Pause Young (Allocation Failure) 9M->4M(19M) 0.686ms
[86.324s][info][gc] GC(715) Pause Young (Allocation Failure) 9M->4M(19M) 0.611ms
[86.338s][info][gc] GC(716) Pause Young (Allocation Failure) 9M->4M(19M) 0.984ms
[86.353s][info][gc] GC(717) Pause Young (Allocation Failure) 9M->4M(19M) 0.678ms
[86.367s][info][gc] GC(718) Pause Young (Allocation Failure) 9M->4M(19M) 0.504ms
[86.377s][info][gc] GC(719) Pause Young (Allocation Failure) 9M->4M(19M) 0.993ms
[86.388s][info][gc] GC(720) Pause Young (Allocation Failure) 9M->4M(19M) 0.980ms
[86.401s][info][gc] GC(721) Pause Young (Allocation Failure) 9M->4M(19M) 0.882ms
[86.414s][info][gc] GC(722) Pause Young (Allocation Failure) 9M->4M(19M) 0.522ms
[86.425s][info][gc] GC(723) Pause Young (Allocation Failure) 9M->4M(19M) 0.975ms
[86.436s][info][gc] GC(724) Pause Young (Allocation Failure) 9M->4M(19M) 0.834ms
[86.452s][info][gc] GC(725) Pause Young (Allocation Failure) 9M->4M(19M) 1.045ms
[86.464s][info][gc] GC(726) Pause Young (Allocation Failure) 9M->4M(19M) 0.802ms
[86.477s][info][gc] GC(727) Pause Young (Allocation Failure) 9M->4M(19M) 1.122ms
[86.491s][info][gc] GC(728) Pause Young (Allocation Failure) 9M->4M(19M) 0.994ms
[86.502s][info][gc] GC(729) Pause Young (Allocation Failure) 9M->4M(19M) 1.062ms
[86.513s][info][gc] GC(730) Pause Young (Allocation Failure) 9M->4M(19M) 0.621ms
[86.528s][info][gc] GC(731) Pause Young (Allocation Failure) 9M->4M(19M) 0.983ms
[86.539s][info][gc] GC(732) Pause Young (Allocation Failure) 9M->4M(19M) 0.643ms
[86.550s][info][gc] GC(733) Pause Young (Allocation Failure) 9M->4M(19M) 0.902ms
[86.560s][info][gc] GC(734) Pause Young (Allocation Failure) 9M->4M(19M) 0.624ms
[86.569s][info][gc] GC(735) Pause Young (Allocation Failure) 9M->4M(19M) 0.687ms
[86.578s][info][gc] GC(736) Pause Young (Allocation Failure) 9M->4M(19M) 0.517ms
[86.587s][info][gc] GC(737) Pause Young (Allocation Failure) 9M->4M(19M) 0.688ms
[86.596s][info][gc] GC(738) Pause Young (Allocation Failure) 9M->4M(19M) 0.636ms
[86.605s][info][gc] GC(739) Pause Young (Allocation Failure) 9M->4M(19M) 0.629ms
[86.614s][info][gc] GC(740) Pause Young (Allocation Failure) 9M->4M(19M) 0.666ms
[86.623s][info][gc] GC(741) Pause Young (Allocation Failure) 9M->4M(19M) 0.595ms
[86.633s][info][gc] GC(742) Pause Young (Allocation Failure) 9M->4M(19M) 0.611ms
[86.642s][info][gc] GC(743) Pause Young (Allocation Failure) 9M->4M(19M) 0.679ms
[86.654s][info][gc] GC(744) Pause Young (Allocation Failure) 9M->4M(19M) 1.292ms
[86.671s][info][gc] GC(745) Pause Young (Allocation Failure) 9M->4M(19M) 0.668ms
[86.680s][info][gc] GC(746) Pause Young (Allocation Failure) 9M->4M(19M) 0.622ms
[86.690s][info][gc] GC(747) Pause Young (Allocation Failure) 9M->4M(19M) 0.616ms
[86.700s][info][gc] GC(748) Pause Young (Allocation Failure) 9M->4M(19M) 0.560ms
[86.710s][info][gc] GC(749) Pause Young (Allocation Failure) 9M->4M(19M) 0.648ms
[86.720s][info][gc] GC(750) Pause Young (Allocation Failure) 9M->4M(19M) 0.677ms
[86.729s][info][gc] GC(751) Pause Young (Allocation Failure) 9M->4M(19M) 0.618ms
[86.740s][info][gc] GC(752) Pause Young (Allocation Failure) 9M->4M(19M) 0.642ms
[86.753s][info][gc] GC(753) Pause Young (Allocation Failure) 9M->4M(19M) 0.829ms
[86.763s][info][gc] GC(754) Pause Young (Allocation Failure) 9M->4M(19M) 0.519ms
[86.773s][info][gc] GC(755) Pause Young (Allocation Failure) 9M->4M(19M) 0.709ms
[86.783s][info][gc] GC(756) Pause Young (Allocation Failure) 9M->4M(19M) 0.635ms
[86.794s][info][gc] GC(757) Pause Young (Allocation Failure) 9M->4M(19M) 0.658ms
[86.806s][info][gc] GC(758) Pause Young (Allocation Failure) 9M->4M(19M) 0.819ms
[86.815s][info][gc] GC(759) Pause Young (Allocation Failure) 9M->4M(19M) 0.632ms
[86.826s][info][gc] GC(760) Pause Young (Allocation Failure) 9M->4M(19M) 0.584ms
[86.837s][info][gc] GC(761) Pause Young (Allocation Failure) 9M->4M(19M) 0.716ms
[86.848s][info][gc] GC(762) Pause Young (Allocation Failure) 9M->4M(19M) 0.628ms
[86.860s][info][gc] GC(763) Pause Young (Allocation Failure) 9M->4M(19M) 0.662ms
[86.872s][info][gc] GC(764) Pause Young (Allocation Failure) 9M->4M(19M) 0.600ms
[86.884s][info][gc] GC(765) Pause Young (Allocation Failure) 9M->4M(19M) 0.832ms
[86.896s][info][gc] GC(766) Pause Young (Allocation Failure) 9M->4M(19M) 0.781ms
[86.909s][info][gc] GC(767) Pause Young (Allocation Failure) 9M->4M(19M) 0.623ms
[86.921s][info][gc] GC(768) Pause Young (Allocation Failure) 9M->4M(19M) 0.623ms
[86.939s][info][gc] GC(769) Pause Young (Allocation Failure) 9M->4M(19M) 1.112ms
[86.964s][info][gc] GC(770) Pause Young (Allocation Failure) 9M->4M(19M) 0.943ms
[86.974s][info][gc] GC(771) Pause Young (Allocation Failure) 9M->4M(19M) 0.532ms
[86.990s][info][gc] GC(772) Pause Young (Allocation Failure) 9M->4M(19M) 0.750ms
[86.999s][info][gc] GC(773) Pause Young (Allocation Failure) 9M->4M(19M) 0.649ms
[87.010s][info][gc] GC(774) Pause Young (Allocation Failure) 9M->4M(19M) 0.810ms
[87.025s][info][gc] GC(775) Pause Young (Allocation Failure) 9M->4M(19M) 0.649ms
[87.037s][info][gc] GC(776) Pause Young (Allocation Failure) 9M->4M(19M) 0.689ms
[87.051s][info][gc] GC(777) Pause Young (Allocation Failure) 9M->4M(19M) 1.279ms
[87.061s][info][gc] GC(778) Pause Young (Allocation Failure) 9M->4M(19M) 0.642ms
[87.074s][info][gc] GC(779) Pause Young (Allocation Failure) 9M->4M(19M) 0.682ms
[87.084s][info][gc] GC(780) Pause Young (Allocation Failure) 9M->4M(19M) 0.689ms
[87.098s][info][gc] GC(781) Pause Young (Allocation Failure) 9M->4M(19M) 0.692ms
[87.107s][info][gc] GC(782) Pause Young (Allocation Failure) 9M->4M(19M) 0.558ms
[87.123s][info][gc] GC(783) Pause Young (Allocation Failure) 9M->4M(19M) 0.694ms
[87.135s][info][gc] GC(784) Pause Young (Allocation Failure) 9M->4M(19M) 0.734ms
[87.145s][info][gc] GC(785) Pause Young (Allocation Failure) 9M->4M(19M) 0.651ms
[87.155s][info][gc] GC(786) Pause Young (Allocation Failure) 9M->4M(19M) 0.481ms
[87.166s][info][gc] GC(787) Pause Young (Allocation Failure) 9M->4M(19M) 0.671ms
[87.176s][info][gc] GC(788) Pause Young (Allocation Failure) 9M->4M(19M) 0.936ms
[87.186s][info][gc] GC(789) Pause Young (Allocation Failure) 9M->4M(19M) 0.617ms
[87.201s][info][gc] GC(790) Pause Young (Allocation Failure) 9M->4M(19M) 0.623ms
[87.216s][info][gc] GC(791) Pause Young (Allocation Failure) 9M->4M(19M) 0.868ms
[87.228s][info][gc] GC(792) Pause Young (Allocation Failure) 9M->4M(19M) 0.742ms
[87.239s][info][gc] GC(793) Pause Young (Allocation Failure) 9M->4M(19M) 0.762ms
[87.251s][info][gc] GC(794) Pause Young (Allocation Failure) 9M->4M(19M) 0.638ms
[87.261s][info][gc] GC(795) Pause Young (Allocation Failure) 9M->4M(19M) 0.486ms
[87.272s][info][gc] GC(796) Pause Young (Allocation Failure) 9M->4M(19M) 1.011ms
[87.283s][info][gc] GC(797) Pause Young (Allocation Failure) 9M->4M(19M) 0.652ms
[87.294s][info][gc] GC(798) Pause Young (Allocation Failure) 9M->4M(19M) 1.599ms
[87.306s][info][gc] GC(799) Pause Young (Allocation Failure) 9M->4M(19M) 0.586ms
[87.316s][info][gc] GC(800) Pause Young (Allocation Failure) 9M->4M(19M) 1.171ms
[87.327s][info][gc] GC(801) Pause Young (Allocation Failure) 9M->4M(19M) 1.205ms
[87.337s][info][gc] GC(802) Pause Young (Allocation Failure) 9M->4M(19M) 0.607ms
[87.346s][info][gc] GC(803) Pause Young (Allocation Failure) 9M->4M(19M) 0.532ms
[87.361s][info][gc] GC(804) Pause Young (Allocation Failure) 9M->4M(19M) 0.503ms
[87.370s][info][gc] GC(805) Pause Young (Allocation Failure) 9M->4M(19M) 0.633ms
[87.384s][info][gc] GC(806) Pause Young (Allocation Failure) 9M->4M(19M) 0.675ms
[87.394s][info][gc] GC(807) Pause Young (Allocation Failure) 9M->4M(19M) 0.940ms
[87.404s][info][gc] GC(808) Pause Young (Allocation Failure) 9M->4M(19M) 0.818ms
[87.413s][info][gc] GC(809) Pause Young (Allocation Failure) 9M->4M(19M) 0.687ms
[87.426s][info][gc] GC(810) Pause Young (Allocation Failure) 9M->4M(19M) 1.434ms
[87.438s][info][gc] GC(811) Pause Young (Allocation Failure) 9M->4M(19M) 0.619ms
[87.478s][info][gc] GC(812) Pause Young (Allocation Failure) 9M->4M(19M) 0.764ms
[87.492s][info][gc] GC(813) Pause Young (Allocation Failure) 9M->4M(19M) 1.455ms
[87.501s][info][gc] GC(814) Pause Young (Allocation Failure) 9M->4M(19M) 0.665ms
[87.511s][info][gc] GC(815) Pause Young (Allocation Failure) 9M->4M(19M) 0.616ms
[87.521s][info][gc] GC(816) Pause Young (Allocation Failure) 9M->4M(19M) 0.869ms
[87.531s][info][gc] GC(817) Pause Young (Allocation Failure) 9M->4M(19M) 0.935ms
[87.542s][info][gc] GC(818) Pause Young (Allocation Failure) 9M->4M(19M) 0.897ms
[87.556s][info][gc] GC(819) Pause Young (Allocation Failure) 9M->4M(19M) 0.678ms
[87.569s][info][gc] GC(820) Pause Young (Allocation Failure) 9M->4M(19M) 0.663ms
[87.582s][info][gc] GC(821) Pause Young (Allocation Failure) 9M->4M(19M) 0.654ms
[87.593s][info][gc] GC(822) Pause Young (Allocation Failure) 9M->4M(19M) 0.512ms
[87.604s][info][gc] GC(823) Pause Young (Allocation Failure) 9M->4M(19M) 0.901ms
[87.616s][info][gc] GC(824) Pause Young (Allocation Failure) 9M->4M(19M) 0.657ms
[87.629s][info][gc] GC(825) Pause Young (Allocation Failure) 9M->4M(19M) 0.668ms
[87.640s][info][gc] GC(826) Pause Young (Allocation Failure) 9M->4M(19M) 0.776ms
[87.652s][info][gc] GC(827) Pause Young (Allocation Failure) 9M->4M(19M) 0.670ms
[87.665s][info][gc] GC(828) Pause Young (Allocation Failure) 9M->4M(19M) 0.836ms
[87.676s][info][gc] GC(829) Pause Young (Allocation Failure) 9M->4M(19M) 0.708ms
[87.689s][info][gc] GC(830) Pause Young (Allocation Failure) 9M->4M(19M) 0.920ms
[87.702s][info][gc] GC(831) Pause Young (Allocation Failure) 9M->4M(19M) 0.948ms
[87.715s][info][gc] GC(832) Pause Young (Allocation Failure) 9M->4M(19M) 0.520ms
[87.726s][info][gc] GC(833) Pause Young (Allocation Failure) 9M->4M(19M) 0.674ms
[87.737s][info][gc] GC(834) Pause Young (Allocation Failure) 9M->4M(19M) 0.804ms
[87.748s][info][gc] GC(835) Pause Young (Allocation Failure) 9M->4M(19M) 0.657ms
[87.757s][info][gc] GC(836) Pause Young (Allocation Failure) 9M->4M(19M) 0.634ms
[87.767s][info][gc] GC(837) Pause Young (Allocation Failure) 9M->4M(19M) 0.554ms
[87.779s][info][gc] GC(838) Pause Young (Allocation Failure) 9M->4M(19M) 0.763ms
[87.791s][info][gc] GC(839) Pause Young (Allocation Failure) 9M->4M(19M) 0.636ms
[87.802s][info][gc] GC(840) Pause Young (Allocation Failure) 9M->4M(19M) 0.697ms
[87.813s][info][gc] GC(841) Pause Young (Allocation Failure) 9M->4M(19M) 0.538ms
[87.822s][info][gc] GC(842) Pause Young (Allocation Failure) 9M->4M(19M) 0.509ms
[87.831s][info][gc] GC(843) Pause Young (Allocation Failure) 9M->4M(19M) 0.492ms
[87.841s][info][gc] GC(844) Pause Young (Allocation Failure) 9M->4M(19M) 0.638ms
[87.850s][info][gc] GC(845) Pause Young (Allocation Failure) 9M->4M(19M) 0.620ms
[87.859s][info][gc] GC(846) Pause Young (Allocation Failure) 9M->4M(19M) 0.558ms
[87.870s][info][gc] GC(847) Pause Young (Allocation Failure) 9M->4M(19M) 0.696ms
[87.880s][info][gc] GC(848) Pause Young (Allocation Failure) 9M->4M(19M) 0.696ms
[87.889s][info][gc] GC(849) Pause Young (Allocation Failure) 9M->4M(19M) 0.608ms
[87.899s][info][gc] GC(850) Pause Young (Allocation Failure) 9M->4M(19M) 0.692ms
[87.908s][info][gc] GC(851) Pause Young (Allocation Failure) 9M->4M(19M) 0.666ms
[87.917s][info][gc] GC(852) Pause Young (Allocation Failure) 9M->4M(19M) 0.631ms
[87.927s][info][gc] GC(853) Pause Young (Allocation Failure) 9M->4M(19M) 0.885ms
[87.938s][info][gc] GC(854) Pause Young (Allocation Failure) 9M->4M(19M) 0.553ms
[87.956s][info][gc] GC(855) Pause Young (Allocation Failure) 9M->4M(19M) 0.782ms
[87.966s][info][gc] GC(856) Pause Young (Allocation Failure) 9M->4M(19M) 0.728ms
[87.980s][info][gc] GC(857) Pause Young (Allocation Failure) 9M->4M(19M) 0.753ms
[87.992s][info][gc] GC(858) Pause Young (Allocation Failure) 9M->4M(19M) 0.581ms
[88.002s][info][gc] GC(859) Pause Young (Allocation Failure) 9M->4M(19M) 0.707ms
[88.015s][info][gc] GC(860) Pause Young (Allocation Failure) 9M->4M(19M) 1.263ms
[88.026s][info][gc] GC(861) Pause Young (Allocation Failure) 9M->4M(19M) 0.663ms
[88.038s][info][gc] GC(862) Pause Young (Allocation Failure) 9M->4M(19M) 0.810ms
[88.050s][info][gc] GC(863) Pause Young (Allocation Failure) 9M->4M(19M) 0.684ms
[88.062s][info][gc] GC(864) Pause Young (Allocation Failure) 9M->4M(19M) 0.624ms
[88.078s][info][gc] GC(865) Pause Young (Allocation Failure) 9M->4M(19M) 0.940ms
[88.089s][info][gc] GC(866) Pause Young (Allocation Failure) 9M->4M(19M) 0.573ms
[88.101s][info][gc] GC(867) Pause Young (Allocation Failure) 9M->4M(19M) 0.502ms
[88.114s][info][gc] GC(868) Pause Young (Allocation Failure) 9M->4M(19M) 0.620ms
[88.126s][info][gc] GC(869) Pause Young (Allocation Failure) 9M->4M(19M) 0.798ms
[88.137s][info][gc] GC(870) Pause Young (Allocation Failure) 9M->4M(19M) 0.718ms
[88.147s][info][gc] GC(871) Pause Young (Allocation Failure) 9M->4M(19M) 0.559ms
[88.158s][info][gc] GC(872) Pause Young (Allocation Failure) 9M->4M(19M) 0.639ms
[88.167s][info][gc] GC(873) Pause Young (Allocation Failure) 9M->4M(19M) 0.663ms
[88.176s][info][gc] GC(874) Pause Young (Allocation Failure) 9M->4M(19M) 0.629ms
[88.185s][info][gc] GC(875) Pause Young (Allocation Failure) 9M->4M(19M) 0.609ms
[88.195s][info][gc] GC(876) Pause Young (Allocation Failure) 9M->4M(19M) 0.565ms
[88.206s][info][gc] GC(877) Pause Young (Allocation Failure) 9M->4M(19M) 0.818ms
[88.217s][info][gc] GC(878) Pause Young (Allocation Failure) 9M->4M(19M) 0.621ms
[88.226s][info][gc] GC(879) Pause Young (Allocation Failure) 9M->4M(19M) 0.595ms
[88.235s][info][gc] GC(880) Pause Young (Allocation Failure) 9M->4M(19M) 0.488ms
[88.244s][info][gc] GC(881) Pause Young (Allocation Failure) 9M->4M(19M) 0.600ms
[88.254s][info][gc] GC(882) Pause Young (Allocation Failure) 9M->4M(19M) 0.692ms
[88.265s][info][gc] GC(883) Pause Young (Allocation Failure) 9M->4M(19M) 0.670ms
[88.274s][info][gc] GC(884) Pause Young (Allocation Failure) 9M->4M(19M) 0.731ms
[88.284s][info][gc] GC(885) Pause Young (Allocation Failure) 9M->4M(19M) 0.608ms
[88.293s][info][gc] GC(886) Pause Young (Allocation Failure) 9M->4M(19M) 0.580ms
[88.302s][info][gc] GC(887) Pause Young (Allocation Failure) 9M->4M(19M) 0.726ms
[88.311s][info][gc] GC(888) Pause Young (Allocation Failure) 9M->4M(19M) 0.686ms
[88.321s][info][gc] GC(889) Pause Young (Allocation Failure) 9M->4M(19M) 0.693ms
[88.330s][info][gc] GC(890) Pause Young (Allocation Failure) 9M->4M(19M) 0.811ms
[88.339s][info][gc] GC(891) Pause Young (Allocation Failure) 9M->4M(19M) 0.517ms
[88.349s][info][gc] GC(892) Pause Young (Allocation Failure) 9M->4M(19M) 0.641ms
[88.358s][info][gc] GC(893) Pause Young (Allocation Failure) 9M->4M(19M) 0.636ms
[88.367s][info][gc] GC(894) Pause Young (Allocation Failure) 9M->4M(19M) 0.605ms
[88.377s][info][gc] GC(895) Pause Young (Allocation Failure) 9M->4M(19M) 0.543ms
[88.386s][info][gc] GC(896) Pause Young (Allocation Failure) 9M->4M(19M) 0.859ms
[88.396s][info][gc] GC(897) Pause Young (Allocation Failure) 9M->4M(19M) 0.623ms
[88.406s][info][gc] GC(898) Pause Young (Allocation Failure) 9M->4M(19M) 0.669ms
[88.415s][info][gc] GC(899) Pause Young (Allocation Failure) 9M->4M(19M) 0.599ms
[88.424s][info][gc] GC(900) Pause Young (Allocation Failure) 9M->4M(19M) 0.674ms
[88.434s][info][gc] GC(901) Pause Young (Allocation Failure) 9M->4M(19M) 0.653ms
[88.447s][info][gc] GC(902) Pause Young (Allocation Failure) 9M->4M(19M) 0.827ms
[88.459s][info][gc] GC(903) Pause Young (Allocation Failure) 9M->4M(19M) 0.611ms
[88.470s][info][gc] GC(904) Pause Young (Allocation Failure) 9M->4M(19M) 0.713ms
[88.479s][info][gc] GC(905) Pause Young (Allocation Failure) 9M->4M(19M) 0.622ms
[88.489s][info][gc] GC(906) Pause Young (Allocation Failure) 9M->4M(19M) 0.749ms
[88.499s][info][gc] GC(907) Pause Young (Allocation Failure) 9M->4M(19M) 1.026ms
[88.510s][info][gc] GC(908) Pause Young (Allocation Failure) 9M->4M(19M) 0.481ms
[88.519s][info][gc] GC(909) Pause Young (Allocation Failure) 9M->4M(19M) 0.621ms
[88.529s][info][gc] GC(910) Pause Young (Allocation Failure) 9M->4M(19M) 0.682ms
[88.538s][info][gc] GC(911) Pause Young (Allocation Failure) 9M->4M(19M) 0.568ms
[88.548s][info][gc] GC(912) Pause Young (Allocation Failure) 9M->4M(19M) 1.628ms
[88.558s][info][gc] GC(913) Pause Young (Allocation Failure) 9M->4M(19M) 0.637ms
[88.568s][info][gc] GC(914) Pause Young (Allocation Failure) 9M->4M(19M) 0.663ms
[88.577s][info][gc] GC(915) Pause Young (Allocation Failure) 9M->4M(19M) 0.562ms
[88.586s][info][gc] GC(916) Pause Young (Allocation Failure) 9M->4M(19M) 0.576ms
[88.595s][info][gc] GC(917) Pause Young (Allocation Failure) 9M->4M(19M) 0.701ms
[88.605s][info][gc] GC(918) Pause Young (Allocation Failure) 9M->4M(19M) 0.948ms
[88.615s][info][gc] GC(919) Pause Young (Allocation Failure) 10M->4M(19M) 1.261ms
[88.624s][info][gc] GC(920) Pause Young (Allocation Failure) 10M->4M(19M) 0.510ms
[88.633s][info][gc] GC(921) Pause Young (Allocation Failure) 10M->4M(19M) 0.583ms
[88.642s][info][gc] GC(922) Pause Young (Allocation Failure) 10M->4M(19M) 0.593ms
[88.652s][info][gc] GC(923) Pause Young (Allocation Failure) 10M->4M(19M) 0.628ms
[88.661s][info][gc] GC(924) Pause Young (Allocation Failure) 10M->4M(19M) 0.632ms
[88.671s][info][gc] GC(925) Pause Young (Allocation Failure) 10M->4M(19M) 0.579ms
[88.681s][info][gc] GC(926) Pause Young (Allocation Failure) 10M->4M(19M) 0.632ms
[88.690s][info][gc] GC(927) Pause Young (Allocation Failure) 10M->4M(19M) 0.575ms
[88.700s][info][gc] GC(928) Pause Young (Allocation Failure) 10M->4M(19M) 1.184ms
[88.709s][info][gc] GC(929) Pause Young (Allocation Failure) 10M->4M(19M) 0.640ms
[88.720s][info][gc] GC(930) Pause Young (Allocation Failure) 10M->4M(19M) 0.951ms
[88.730s][info][gc] GC(931) Pause Young (Allocation Failure) 10M->4M(19M) 0.464ms
[88.741s][info][gc] GC(932) Pause Young (Allocation Failure) 10M->4M(19M) 0.727ms
[88.753s][info][gc] GC(933) Pause Young (Allocation Failure) 10M->4M(19M) 1.000ms
[88.765s][info][gc] GC(934) Pause Young (Allocation Failure) 10M->4M(19M) 0.684ms
[88.781s][info][gc] GC(935) Pause Young (Allocation Failure) 10M->4M(19M) 1.554ms
[88.796s][info][gc] GC(936) Pause Young (Allocation Failure) 10M->4M(19M) 0.772ms
[88.810s][info][gc] GC(937) Pause Young (Allocation Failure) 10M->4M(19M) 1.273ms
[88.824s][info][gc] GC(938) Pause Young (Allocation Failure) 10M->4M(19M) 0.918ms
[88.837s][info][gc] GC(939) Pause Young (Allocation Failure) 10M->4M(19M) 0.939ms
[88.851s][info][gc] GC(940) Pause Young (Allocation Failure) 10M->4M(19M) 0.952ms
[88.864s][info][gc] GC(941) Pause Young (Allocation Failure) 10M->4M(19M) 0.980ms
[88.880s][info][gc] GC(942) Pause Young (Allocation Failure) 10M->4M(19M) 0.780ms
[88.892s][info][gc] GC(943) Pause Young (Allocation Failure) 10M->4M(19M) 0.788ms
[88.902s][info][gc] GC(944) Pause Young (Allocation Failure) 10M->4M(19M) 1.167ms
[88.913s][info][gc] GC(945) Pause Young (Allocation Failure) 10M->4M(19M) 0.889ms
[88.922s][info][gc] GC(946) Pause Young (Allocation Failure) 10M->4M(19M) 0.623ms
[88.931s][info][gc] GC(947) Pause Young (Allocation Failure) 10M->4M(19M) 0.501ms
[88.943s][info][gc] GC(948) Pause Young (Allocation Failure) 10M->4M(19M) 0.665ms
[88.957s][info][gc] GC(949) Pause Young (Allocation Failure) 10M->4M(19M) 0.632ms
[88.968s][info][gc] GC(950) Pause Young (Allocation Failure) 10M->4M(19M) 0.634ms
[88.978s][info][gc] GC(951) Pause Young (Allocation Failure) 10M->4M(19M) 0.611ms
[88.987s][info][gc] GC(952) Pause Young (Allocation Failure) 10M->4M(19M) 0.617ms
[88.997s][info][gc] GC(953) Pause Young (Allocation Failure) 10M->4M(19M) 0.629ms
[89.007s][info][gc] GC(954) Pause Young (Allocation Failure) 10M->4M(19M) 0.497ms
[89.017s][info][gc] GC(955) Pause Young (Allocation Failure) 10M->4M(19M) 1.845ms
[89.028s][info][gc] GC(956) Pause Young (Allocation Failure) 10M->4M(19M) 0.630ms
[89.037s][info][gc] GC(957) Pause Young (Allocation Failure) 10M->4M(19M) 0.582ms
[89.046s][info][gc] GC(958) Pause Young (Allocation Failure) 10M->4M(19M) 0.547ms
[89.055s][info][gc] GC(959) Pause Young (Allocation Failure) 10M->4M(19M) 0.499ms
[89.065s][info][gc] GC(960) Pause Young (Allocation Failure) 10M->4M(19M) 0.619ms
[89.075s][info][gc] GC(961) Pause Young (Allocation Failure) 10M->4M(19M) 1.348ms
[89.085s][info][gc] GC(962) Pause Young (Allocation Failure) 10M->4M(19M) 0.850ms
[89.094s][info][gc] GC(963) Pause Young (Allocation Failure) 10M->4M(19M) 0.630ms
[89.104s][info][gc] GC(964) Pause Young (Allocation Failure) 10M->4M(19M) 0.690ms
[89.113s][info][gc] GC(965) Pause Young (Allocation Failure) 10M->4M(19M) 0.622ms
[89.122s][info][gc] GC(966) Pause Young (Allocation Failure) 10M->4M(19M) 0.634ms
[89.132s][info][gc] GC(967) Pause Young (Allocation Failure) 10M->4M(19M) 0.889ms
[89.142s][info][gc] GC(968) Pause Young (Allocation Failure) 10M->4M(19M) 1.619ms
[89.152s][info][gc] GC(969) Pause Young (Allocation Failure) 10M->4M(19M) 0.655ms
[89.164s][info][gc] GC(970) Pause Young (Allocation Failure) 10M->4M(19M) 0.664ms
[89.174s][info][gc] GC(971) Pause Young (Allocation Failure) 10M->4M(19M) 0.663ms
[89.187s][info][gc] GC(972) Pause Young (Allocation Failure) 10M->4M(19M) 0.647ms
[89.197s][info][gc] GC(973) Pause Young (Allocation Failure) 10M->4M(19M) 0.562ms
[89.208s][info][gc] GC(974) Pause Young (Allocation Failure) 10M->4M(19M) 0.926ms
[89.221s][info][gc] GC(975) Pause Young (Allocation Failure) 10M->4M(19M) 0.629ms
[89.233s][info][gc] GC(976) Pause Young (Allocation Failure) 10M->4M(19M) 1.167ms
[89.247s][info][gc] GC(977) Pause Young (Allocation Failure) 10M->4M(19M) 0.940ms
[89.258s][info][gc] GC(978) Pause Young (Allocation Failure) 10M->4M(19M) 0.879ms
[89.268s][info][gc] GC(979) Pause Young (Allocation Failure) 10M->4M(19M) 0.799ms
[89.282s][info][gc] GC(980) Pause Young (Allocation Failure) 10M->4M(19M) 0.799ms
[89.294s][info][gc] GC(981) Pause Young (Allocation Failure) 10M->4M(19M) 1.126ms
[89.309s][info][gc] GC(982) Pause Young (Allocation Failure) 10M->4M(19M) 0.805ms
[89.321s][info][gc] GC(983) Pause Young (Allocation Failure) 10M->4M(19M) 0.592ms
[89.331s][info][gc] GC(984) Pause Young (Allocation Failure) 10M->4M(19M) 0.637ms
[89.340s][info][gc] GC(985) Pause Young (Allocation Failure) 10M->4M(19M) 0.610ms
[89.349s][info][gc] GC(986) Pause Young (Allocation Failure) 10M->4M(19M) 0.682ms
[89.358s][info][gc] GC(987) Pause Young (Allocation Failure) 10M->4M(19M) 0.582ms
[89.368s][info][gc] GC(988) Pause Young (Allocation Failure) 10M->4M(19M) 0.971ms
[89.377s][info][gc] GC(989) Pause Young (Allocation Failure) 10M->4M(19M) 0.702ms
[89.387s][info][gc] GC(990) Pause Young (Allocation Failure) 10M->4M(19M) 0.629ms
[89.396s][info][gc] GC(991) Pause Young (Allocation Failure) 10M->4M(19M) 0.678ms
[89.406s][info][gc] GC(992) Pause Young (Allocation Failure) 10M->4M(19M) 0.681ms
[89.415s][info][gc] GC(993) Pause Young (Allocation Failure) 10M->4M(19M) 0.730ms
[89.424s][info][gc] GC(994) Pause Young (Allocation Failure) 10M->4M(19M) 0.570ms
[89.433s][info][gc] GC(995) Pause Young (Allocation Failure) 10M->4M(19M) 0.753ms
[89.444s][info][gc] GC(996) Pause Young (Allocation Failure) 10M->4M(19M) 0.973ms
[89.456s][info][gc] GC(997) Pause Young (Allocation Failure) 10M->4M(19M) 0.637ms
[89.466s][info][gc] GC(998) Pause Young (Allocation Failure) 10M->4M(19M) 0.596ms
[89.476s][info][gc] GC(999) Pause Young (Allocation Failure) 10M->4M(19M) 0.584ms
[89.488s][info][gc] GC(1000) Pause Young (Allocation Failure) 10M->4M(19M) 0.937ms
[89.497s][info][gc] GC(1001) Pause Young (Allocation Failure) 10M->4M(19M) 0.804ms
[89.507s][info][gc] GC(1002) Pause Young (Allocation Failure) 10M->4M(19M) 0.605ms
[89.516s][info][gc] GC(1003) Pause Young (Allocation Failure) 10M->4M(19M) 0.630ms
[89.525s][info][gc] GC(1004) Pause Young (Allocation Failure) 10M->4M(19M) 0.653ms
[89.535s][info][gc] GC(1005) Pause Young (Allocation Failure) 10M->4M(19M) 0.565ms
[89.545s][info][gc] GC(1006) Pause Young (Allocation Failure) 10M->4M(19M) 0.730ms
[89.555s][info][gc] GC(1007) Pause Young (Allocation Failure) 10M->4M(19M) 0.680ms
[89.564s][info][gc] GC(1008) Pause Young (Allocation Failure) 10M->4M(19M) 0.700ms
[89.575s][info][gc] GC(1009) Pause Young (Allocation Failure) 10M->4M(19M) 0.647ms
[89.584s][info][gc] GC(1010) Pause Young (Allocation Failure) 10M->4M(19M) 0.507ms
[89.595s][info][gc] GC(1011) Pause Young (Allocation Failure) 10M->4M(19M) 0.762ms
[89.604s][info][gc] GC(1012) Pause Young (Allocation Failure) 10M->4M(19M) 0.686ms
[89.614s][info][gc] GC(1013) Pause Young (Allocation Failure) 10M->4M(19M) 0.678ms
[89.624s][info][gc] GC(1014) Pause Young (Allocation Failure) 10M->4M(19M) 0.689ms
[89.633s][info][gc] GC(1015) Pause Young (Allocation Failure) 10M->4M(19M) 0.569ms
[89.642s][info][gc] GC(1016) Pause Young (Allocation Failure) 10M->4M(19M) 0.711ms
[89.652s][info][gc] GC(1017) Pause Young (Allocation Failure) 10M->4M(19M) 0.675ms
[89.661s][info][gc] GC(1018) Pause Young (Allocation Failure) 10M->4M(19M) 0.721ms
[89.670s][info][gc] GC(1019) Pause Young (Allocation Failure) 10M->4M(19M) 0.663ms
[89.680s][info][gc] GC(1020) Pause Young (Allocation Failure) 10M->4M(19M) 1.212ms
[89.690s][info][gc] GC(1021) Pause Young (Allocation Failure) 10M->4M(19M) 0.548ms
[89.699s][info][gc] GC(1022) Pause Young (Allocation Failure) 10M->4M(19M) 0.568ms
[89.708s][info][gc] GC(1023) Pause Young (Allocation Failure) 10M->4M(19M) 0.678ms
[89.718s][info][gc] GC(1024) Pause Young (Allocation Failure) 10M->4M(19M) 0.684ms
[89.727s][info][gc] GC(1025) Pause Young (Allocation Failure) 10M->4M(19M) 0.681ms
[89.736s][info][gc] GC(1026) Pause Young (Allocation Failure) 10M->4M(19M) 0.549ms
[89.748s][info][gc] GC(1027) Pause Young (Allocation Failure) 10M->4M(19M) 0.509ms
[89.760s][info][gc] GC(1028) Pause Young (Allocation Failure) 10M->4M(19M) 0.627ms
[89.770s][info][gc] GC(1029) Pause Young (Allocation Failure) 10M->4M(19M) 1.063ms
[89.779s][info][gc] GC(1030) Pause Young (Allocation Failure) 10M->4M(19M) 0.639ms
[89.789s][info][gc] GC(1031) Pause Young (Allocation Failure) 10M->4M(19M) 0.716ms
[89.798s][info][gc] GC(1032) Pause Young (Allocation Failure) 10M->4M(19M) 0.568ms
[89.807s][info][gc] GC(1033) Pause Young (Allocation Failure) 10M->4M(19M) 0.722ms
[89.818s][info][gc] GC(1034) Pause Young (Allocation Failure) 10M->4M(19M) 0.660ms
[89.828s][info][gc] GC(1035) Pause Young (Allocation Failure) 10M->4M(19M) 0.653ms
[89.839s][info][gc] GC(1036) Pause Young (Allocation Failure) 10M->4M(19M) 0.618ms
[89.850s][info][gc] GC(1037) Pause Young (Allocation Failure) 10M->4M(19M) 0.862ms
[89.861s][info][gc] GC(1038) Pause Young (Allocation Failure) 10M->4M(19M) 0.624ms
[89.870s][info][gc] GC(1039) Pause Young (Allocation Failure) 10M->4M(19M) 0.718ms
[89.880s][info][gc] GC(1040) Pause Young (Allocation Failure) 10M->4M(19M) 0.881ms
[89.894s][info][gc] GC(1041) Pause Young (Allocation Failure) 10M->4M(19M) 0.638ms
[89.904s][info][gc] GC(1042) Pause Young (Allocation Failure) 10M->4M(19M) 0.884ms
[89.916s][info][gc] GC(1043) Pause Young (Allocation Failure) 10M->4M(19M) 0.512ms
[89.929s][info][gc] GC(1044) Pause Young (Allocation Failure) 10M->5M(19M) 0.748ms
[89.942s][info][gc] GC(1045) Pause Young (Allocation Failure) 10M->4M(19M) 0.672ms
[89.958s][info][gc] GC(1046) Pause Young (Allocation Failure) 10M->4M(19M) 1.656ms
[89.977s][info][gc] GC(1047) Pause Young (Allocation Failure) 10M->4M(19M) 1.585ms
[89.990s][info][gc] GC(1048) Pause Young (Allocation Failure) 10M->4M(19M) 0.664ms
[90.001s][info][gc] GC(1049) Pause Young (Allocation Failure) 10M->5M(19M) 0.623ms
[90.015s][info][gc] GC(1050) Pause Young (Allocation Failure) 10M->4M(19M) 0.675ms
[90.030s][info][gc] GC(1051) Pause Young (Allocation Failure) 10M->4M(19M) 0.989ms
[90.042s][info][gc] GC(1052) Pause Young (Allocation Failure) 10M->4M(19M) 0.668ms
[90.054s][info][gc] GC(1053) Pause Young (Allocation Failure) 10M->5M(19M) 0.999ms
[90.066s][info][gc] GC(1054) Pause Young (Allocation Failure) 10M->5M(19M) 0.688ms
[90.079s][info][gc] GC(1055) Pause Young (Allocation Failure) 10M->5M(19M) 1.676ms
[90.092s][info][gc] GC(1056) Pause Young (Allocation Failure) 10M->4M(19M) 0.572ms
[90.103s][info][gc] GC(1057) Pause Young (Allocation Failure) 10M->4M(19M) 0.530ms
[90.115s][info][gc] GC(1058) Pause Young (Allocation Failure) 10M->4M(19M) 0.472ms
[90.124s][info][gc] GC(1059) Pause Young (Allocation Failure) 10M->5M(19M) 0.621ms
[90.134s][info][gc] GC(1060) Pause Young (Allocation Failure) 10M->5M(19M) 0.726ms
[90.145s][info][gc] GC(1061) Pause Young (Allocation Failure) 10M->5M(19M) 0.619ms
[90.155s][info][gc] GC(1062) Pause Young (Allocation Failure) 10M->5M(19M) 0.610ms
[90.165s][info][gc] GC(1063) Pause Young (Allocation Failure) 10M->5M(19M) 0.609ms
[90.175s][info][gc] GC(1064) Pause Young (Allocation Failure) 10M->5M(19M) 0.705ms
[90.184s][info][gc] GC(1065) Pause Young (Allocation Failure) 10M->5M(19M) 0.642ms
[90.193s][info][gc] GC(1066) Pause Young (Allocation Failure) 10M->5M(19M) 0.619ms
[90.203s][info][gc] GC(1067) Pause Young (Allocation Failure) 10M->5M(19M) 0.722ms
[90.213s][info][gc] GC(1068) Pause Young (Allocation Failure) 10M->4M(19M) 0.508ms
[90.223s][info][gc] GC(1069) Pause Young (Allocation Failure) 10M->4M(19M) 0.461ms
[90.234s][info][gc] GC(1070) Pause Young (Allocation Failure) 10M->5M(19M) 0.614ms
[90.243s][info][gc] GC(1071) Pause Young (Allocation Failure) 10M->5M(19M) 0.693ms
[90.253s][info][gc] GC(1072) Pause Young (Allocation Failure) 10M->5M(19M) 0.783ms
[90.262s][info][gc] GC(1073) Pause Young (Allocation Failure) 10M->5M(19M) 0.589ms
[90.272s][info][gc] GC(1074) Pause Young (Allocation Failure) 10M->5M(19M) 0.684ms
[90.282s][info][gc] GC(1075) Pause Young (Allocation Failure) 10M->5M(19M) 0.630ms
[90.293s][info][gc] GC(1076) Pause Young (Allocation Failure) 10M->5M(19M) 0.616ms
[90.302s][info][gc] GC(1077) Pause Young (Allocation Failure) 10M->5M(19M) 0.632ms
[90.311s][info][gc] GC(1078) Pause Young (Allocation Failure) 10M->4M(19M) 0.457ms
[90.320s][info][gc] GC(1079) Pause Young (Allocation Failure) 10M->5M(19M) 0.628ms
[90.329s][info][gc] GC(1080) Pause Young (Allocation Failure) 10M->5M(19M) 0.638ms
[90.341s][info][gc] GC(1081) Pause Young (Allocation Failure) 10M->5M(19M) 0.664ms
[90.351s][info][gc] GC(1082) Pause Young (Allocation Failure) 10M->5M(19M) 0.665ms
[90.363s][info][gc] GC(1083) Pause Young (Allocation Failure) 10M->5M(19M) 0.667ms
[90.373s][info][gc] GC(1084) Pause Young (Allocation Failure) 10M->5M(19M) 0.930ms
[90.385s][info][gc] GC(1085) Pause Young (Allocation Failure) 10M->5M(19M) 0.557ms
[90.397s][info][gc] GC(1086) Pause Young (Allocation Failure) 10M->5M(19M) 0.678ms
[90.410s][info][gc] GC(1087) Pause Young (Allocation Failure) 10M->5M(19M) 0.622ms
[90.421s][info][gc] GC(1088) Pause Young (Allocation Failure) 10M->5M(19M) 0.950ms
[90.435s][info][gc] GC(1089) Pause Young (Allocation Failure) 10M->5M(19M) 1.392ms
[90.459s][info][gc] GC(1090) Pause Young (Allocation Failure) 10M->5M(19M) 0.939ms
[90.474s][info][gc] GC(1091) Pause Young (Allocation Failure) 10M->5M(19M) 0.716ms
[90.487s][info][gc] GC(1092) Pause Young (Allocation Failure) 10M->5M(19M) 1.141ms
[90.500s][info][gc] GC(1093) Pause Young (Allocation Failure) 10M->5M(19M) 1.236ms
[90.513s][info][gc] GC(1094) Pause Young (Allocation Failure) 10M->5M(19M) 0.667ms
[90.522s][info][gc] GC(1095) Pause Young (Allocation Failure) 10M->5M(19M) 0.606ms
[90.533s][info][gc] GC(1096) Pause Young (Allocation Failure) 10M->5M(19M) 1.598ms
[90.543s][info][gc] GC(1097) Pause Young (Allocation Failure) 10M->5M(19M) 0.595ms
[90.552s][info][gc] GC(1098) Pause Young (Allocation Failure) 10M->5M(19M) 0.627ms
[90.561s][info][gc] GC(1099) Pause Young (Allocation Failure) 10M->5M(19M) 0.713ms
[90.570s][info][gc] GC(1100) Pause Young (Allocation Failure) 10M->5M(19M) 0.654ms
[90.580s][info][gc] GC(1101) Pause Young (Allocation Failure) 10M->5M(19M) 0.612ms
[90.589s][info][gc] GC(1102) Pause Young (Allocation Failure) 10M->5M(19M) 0.550ms
[90.598s][info][gc] GC(1103) Pause Young (Allocation Failure) 10M->5M(19M) 0.464ms
[90.610s][info][gc] GC(1104) Pause Young (Allocation Failure) 10M->5M(19M) 0.758ms
[90.620s][info][gc] GC(1105) Pause Young (Allocation Failure) 10M->5M(19M) 0.677ms
[90.629s][info][gc] GC(1106) Pause Young (Allocation Failure) 10M->5M(19M) 0.618ms
[90.638s][info][gc] GC(1107) Pause Young (Allocation Failure) 10M->5M(19M) 0.534ms
[90.647s][info][gc] GC(1108) Pause Young (Allocation Failure) 10M->5M(19M) 0.704ms
[90.658s][info][gc] GC(1109) Pause Young (Allocation Failure) 10M->5M(19M) 0.660ms
[90.668s][info][gc] GC(1110) Pause Young (Allocation Failure) 10M->5M(19M) 0.617ms
[90.678s][info][gc] GC(1111) Pause Young (Allocation Failure) 10M->5M(19M) 0.642ms
[90.688s][info][gc] GC(1112) Pause Young (Allocation Failure) 10M->5M(19M) 0.499ms
[90.697s][info][gc] GC(1113) Pause Young (Allocation Failure) 10M->5M(19M) 0.698ms
[90.708s][info][gc] GC(1114) Pause Young (Allocation Failure) 10M->5M(19M) 1.578ms
[90.717s][info][gc] GC(1115) Pause Young (Allocation Failure) 10M->5M(19M) 0.586ms
[90.726s][info][gc] GC(1116) Pause Young (Allocation Failure) 10M->5M(19M) 0.758ms
[90.736s][info][gc] GC(1117) Pause Young (Allocation Failure) 10M->5M(19M) 0.610ms
[90.745s][info][gc] GC(1118) Pause Young (Allocation Failure) 10M->5M(19M) 0.682ms
[90.756s][info][gc] GC(1119) Pause Young (Allocation Failure) 10M->5M(19M) 0.584ms
[90.766s][info][gc] GC(1120) Pause Young (Allocation Failure) 10M->5M(19M) 0.602ms
[90.775s][info][gc] GC(1121) Pause Young (Allocation Failure) 10M->5M(19M) 0.721ms
[90.786s][info][gc] GC(1122) Pause Young (Allocation Failure) 10M->5M(19M) 0.669ms
[90.795s][info][gc] GC(1123) Pause Young (Allocation Failure) 10M->5M(19M) 0.671ms
[90.805s][info][gc] GC(1124) Pause Young (Allocation Failure) 10M->5M(19M) 0.504ms
[90.814s][info][gc] GC(1125) Pause Young (Allocation Failure) 10M->5M(19M) 0.687ms
[90.824s][info][gc] GC(1126) Pause Young (Allocation Failure) 10M->5M(19M) 0.600ms
[90.836s][info][gc] GC(1127) Pause Young (Allocation Failure) 10M->5M(19M) 0.685ms
[90.848s][info][gc] GC(1128) Pause Young (Allocation Failure) 10M->5M(19M) 0.467ms
[90.857s][info][gc] GC(1129) Pause Young (Allocation Failure) 10M->5M(19M) 0.614ms
[90.867s][info][gc] GC(1130) Pause Young (Allocation Failure) 10M->5M(19M) 0.655ms
[90.877s][info][gc] GC(1131) Pause Young (Allocation Failure) 10M->5M(19M) 0.803ms
[90.888s][info][gc] GC(1132) Pause Young (Allocation Failure) 10M->5M(19M) 0.559ms
[90.898s][info][gc] GC(1133) Pause Young (Allocation Failure) 10M->5M(19M) 0.663ms
[90.910s][info][gc] GC(1134) Pause Young (Allocation Failure) 10M->5M(19M) 0.762ms
[90.920s][info][gc] GC(1135) Pause Young (Allocation Failure) 10M->5M(19M) 1.810ms
[90.930s][info][gc] GC(1136) Pause Young (Allocation Failure) 10M->5M(19M) 0.652ms
[90.940s][info][gc] GC(1137) Pause Young (Allocation Failure) 10M->5M(19M) 0.493ms
[90.955s][info][gc] GC(1138) Pause Young (Allocation Failure) 10M->5M(19M) 0.911ms
[90.973s][info][gc] GC(1139) Pause Young (Allocation Failure) 10M->5M(19M) 0.680ms
[90.984s][info][gc] GC(1140) Pause Young (Allocation Failure) 10M->5M(19M) 0.949ms
[90.994s][info][gc] GC(1141) Pause Young (Allocation Failure) 10M->5M(19M) 0.621ms
[91.003s][info][gc] GC(1142) Pause Young (Allocation Failure) 10M->5M(19M) 0.560ms
[91.013s][info][gc] GC(1143) Pause Young (Allocation Failure) 10M->5M(19M) 0.587ms
[91.025s][info][gc] GC(1144) Pause Young (Allocation Failure) 10M->5M(19M) 0.511ms
[91.035s][info][gc] GC(1145) Pause Young (Allocation Failure) 10M->5M(19M) 0.665ms
[91.045s][info][gc] GC(1146) Pause Young (Allocation Failure) 10M->5M(19M) 0.692ms
[91.054s][info][gc] GC(1147) Pause Young (Allocation Failure) 10M->5M(19M) 0.646ms
[91.063s][info][gc] GC(1148) Pause Young (Allocation Failure) 10M->5M(19M) 0.523ms
[91.073s][info][gc] GC(1149) Pause Young (Allocation Failure) 10M->5M(19M) 0.641ms
[91.083s][info][gc] GC(1150) Pause Young (Allocation Failure) 10M->5M(19M) 0.636ms
[91.092s][info][gc] GC(1151) Pause Young (Allocation Failure) 10M->5M(19M) 0.651ms
[91.101s][info][gc] GC(1152) Pause Young (Allocation Failure) 10M->5M(19M) 0.569ms
[91.112s][info][gc] GC(1153) Pause Young (Allocation Failure) 10M->5M(19M) 0.663ms
[91.122s][info][gc] GC(1154) Pause Young (Allocation Failure) 10M->5M(19M) 0.688ms
[91.133s][info][gc] GC(1155) Pause Young (Allocation Failure) 10M->5M(19M) 0.586ms
[91.146s][info][gc] GC(1156) Pause Young (Allocation Failure) 10M->5M(19M) 0.737ms
[91.157s][info][gc] GC(1157) Pause Young (Allocation Failure) 10M->5M(19M) 0.857ms
[91.171s][info][gc] GC(1158) Pause Young (Allocation Failure) 10M->5M(19M) 0.773ms
[91.184s][info][gc] GC(1159) Pause Young (Allocation Failure) 10M->5M(19M) 0.946ms
[91.196s][info][gc] GC(1160) Pause Young (Allocation Failure) 10M->5M(19M) 0.817ms
[91.208s][info][gc] GC(1161) Pause Young (Allocation Failure) 10M->5M(19M) 0.770ms
[91.219s][info][gc] GC(1162) Pause Young (Allocation Failure) 10M->5M(19M) 0.650ms
[91.232s][info][gc] GC(1163) Pause Young (Allocation Failure) 10M->5M(19M) 0.889ms
[91.245s][info][gc] GC(1164) Pause Young (Allocation Failure) 10M->5M(19M) 0.823ms
[91.259s][info][gc] GC(1165) Pause Young (Allocation Failure) 10M->5M(19M) 0.960ms
[91.272s][info][gc] GC(1166) Pause Young (Allocation Failure) 10M->5M(19M) 0.967ms
[91.284s][info][gc] GC(1167) Pause Young (Allocation Failure) 10M->5M(19M) 0.890ms
[91.298s][info][gc] GC(1168) Pause Young (Allocation Failure) 10M->5M(19M) 0.544ms
[91.307s][info][gc] GC(1169) Pause Young (Allocation Failure) 10M->5M(19M) 0.659ms
[91.318s][info][gc] GC(1170) Pause Young (Allocation Failure) 10M->5M(19M) 0.694ms
[91.327s][info][gc] GC(1171) Pause Young (Allocation Failure) 10M->5M(19M) 0.630ms
[91.335s][info][gc] GC(1172) Pause Young (Allocation Failure) 10M->5M(19M) 0.449ms
[91.344s][info][gc] GC(1173) Pause Young (Allocation Failure) 10M->5M(19M) 0.456ms
[91.354s][info][gc] GC(1174) Pause Young (Allocation Failure) 10M->5M(19M) 0.617ms
[91.364s][info][gc] GC(1175) Pause Young (Allocation Failure) 10M->5M(19M) 0.663ms
[91.374s][info][gc] GC(1176) Pause Young (Allocation Failure) 10M->5M(19M) 0.602ms
[91.384s][info][gc] GC(1177) Pause Young (Allocation Failure) 10M->5M(19M) 0.590ms
[91.393s][info][gc] GC(1178) Pause Young (Allocation Failure) 10M->5M(19M) 0.693ms
[91.402s][info][gc] GC(1179) Pause Young (Allocation Failure) 10M->5M(19M) 0.707ms
[91.412s][info][gc] GC(1180) Pause Young (Allocation Failure) 10M->5M(19M) 0.658ms
[91.421s][info][gc] GC(1181) Pause Young (Allocation Failure) 10M->5M(19M) 0.560ms
[91.430s][info][gc] GC(1182) Pause Young (Allocation Failure) 10M->5M(19M) 0.700ms
[91.441s][info][gc] GC(1183) Pause Young (Allocation Failure) 10M->5M(19M) 0.641ms
[91.453s][info][gc] GC(1184) Pause Young (Allocation Failure) 10M->5M(19M) 0.796ms
[91.464s][info][gc] GC(1185) Pause Young (Allocation Failure) 10M->5M(19M) 0.772ms
[91.475s][info][gc] GC(1186) Pause Young (Allocation Failure) 10M->5M(19M) 2.194ms
[91.486s][info][gc] GC(1187) Pause Young (Allocation Failure) 10M->5M(19M) 0.621ms
[91.496s][info][gc] GC(1188) Pause Young (Allocation Failure) 10M->5M(19M) 0.696ms
[91.505s][info][gc] GC(1189) Pause Young (Allocation Failure) 10M->5M(19M) 0.648ms
[91.514s][info][gc] GC(1190) Pause Young (Allocation Failure) 10M->5M(19M) 0.520ms
[91.524s][info][gc] GC(1191) Pause Young (Allocation Failure) 10M->5M(19M) 0.666ms
[91.539s][info][gc] GC(1192) Pause Young (Allocation Failure) 10M->5M(19M) 1.465ms
[91.551s][info][gc] GC(1193) Pause Young (Allocation Failure) 10M->5M(19M) 0.795ms
[91.560s][info][gc] GC(1194) Pause Young (Allocation Failure) 10M->5M(19M) 0.582ms
[91.573s][info][gc] GC(1195) Pause Young (Allocation Failure) 10M->5M(19M) 0.642ms
[91.586s][info][gc] GC(1196) Pause Young (Allocation Failure) 10M->5M(19M) 0.650ms
[91.599s][info][gc] GC(1197) Pause Young (Allocation Failure) 10M->5M(19M) 0.913ms
[91.611s][info][gc] GC(1198) Pause Young (Allocation Failure) 10M->5M(19M) 0.533ms
[91.623s][info][gc] GC(1199) Pause Young (Allocation Failure) 10M->5M(19M) 0.685ms
[91.635s][info][gc] GC(1200) Pause Young (Allocation Failure) 10M->5M(19M) 0.632ms
[91.648s][info][gc] GC(1201) Pause Young (Allocation Failure) 10M->5M(19M) 0.686ms
[91.660s][info][gc] GC(1202) Pause Young (Allocation Failure) 10M->5M(19M) 0.885ms
[91.672s][info][gc] GC(1203) Pause Young (Allocation Failure) 10M->5M(19M) 0.797ms
[91.685s][info][gc] GC(1204) Pause Young (Allocation Failure) 10M->5M(19M) 0.631ms
[91.696s][info][gc] GC(1205) Pause Young (Allocation Failure) 10M->5M(19M) 0.880ms
[91.706s][info][gc] GC(1206) Pause Young (Allocation Failure) 10M->5M(19M) 0.660ms
[91.715s][info][gc] GC(1207) Pause Young (Allocation Failure) 10M->5M(19M) 0.640ms
[91.725s][info][gc] GC(1208) Pause Young (Allocation Failure) 10M->5M(19M) 0.610ms
[91.735s][info][gc] GC(1209) Pause Young (Allocation Failure) 10M->5M(19M) 0.640ms
[91.745s][info][gc] GC(1210) Pause Young (Allocation Failure) 10M->5M(19M) 1.362ms
[91.754s][info][gc] GC(1211) Pause Young (Allocation Failure) 10M->5M(19M) 0.618ms
[91.764s][info][gc] GC(1212) Pause Young (Allocation Failure) 10M->5M(19M) 0.506ms
[91.773s][info][gc] GC(1213) Pause Young (Allocation Failure) 10M->5M(19M) 0.691ms
[91.782s][info][gc] GC(1214) Pause Young (Allocation Failure) 10M->5M(19M) 0.714ms
[91.792s][info][gc] GC(1215) Pause Young (Allocation Failure) 10M->5M(19M) 0.949ms
[91.802s][info][gc] GC(1216) Pause Young (Allocation Failure) 10M->5M(19M) 0.834ms
[91.811s][info][gc] GC(1217) Pause Young (Allocation Failure) 10M->5M(19M) 0.630ms
[91.821s][info][gc] GC(1218) Pause Young (Allocation Failure) 10M->5M(19M) 0.631ms
[91.830s][info][gc] GC(1219) Pause Young (Allocation Failure) 10M->5M(19M) 0.666ms
[91.839s][info][gc] GC(1220) Pause Young (Allocation Failure) 10M->5M(19M) 0.682ms
[91.849s][info][gc] GC(1221) Pause Young (Allocation Failure) 10M->5M(19M) 0.683ms
[91.859s][info][gc] GC(1222) Pause Young (Allocation Failure) 10M->5M(19M) 0.554ms
[91.868s][info][gc] GC(1223) Pause Young (Allocation Failure) 10M->5M(19M) 0.612ms
[91.878s][info][gc] GC(1224) Pause Young (Allocation Failure) 10M->5M(19M) 0.633ms
[91.888s][info][gc] GC(1225) Pause Young (Allocation Failure) 10M->5M(19M) 0.601ms
[91.897s][info][gc] GC(1226) Pause Young (Allocation Failure) 10M->5M(19M) 0.639ms
[91.908s][info][gc] GC(1227) Pause Young (Allocation Failure) 10M->5M(19M) 0.518ms
[91.921s][info][gc] GC(1228) Pause Young (Allocation Failure) 10M->5M(19M) 0.554ms
[91.932s][info][gc] GC(1229) Pause Young (Allocation Failure) 10M->5M(19M) 0.991ms
[91.942s][info][gc] GC(1230) Pause Young (Allocation Failure) 10M->5M(19M) 0.716ms
[91.956s][info][gc] GC(1231) Pause Young (Allocation Failure) 10M->5M(19M) 0.903ms
[91.976s][info][gc] GC(1232) Pause Young (Allocation Failure) 10M->5M(19M) 0.645ms
[91.985s][info][gc] GC(1233) Pause Young (Allocation Failure) 10M->5M(19M) 0.618ms
[91.998s][info][gc] GC(1234) Pause Young (Allocation Failure) 10M->5M(19M) 0.667ms
[92.008s][info][gc] GC(1235) Pause Young (Allocation Failure) 10M->5M(19M) 0.796ms
[92.022s][info][gc] GC(1236) Pause Young (Allocation Failure) 10M->5M(19M) 0.939ms
[92.034s][info][gc] GC(1237) Pause Young (Allocation Failure) 10M->5M(19M) 1.326ms
[92.044s][info][gc] GC(1238) Pause Young (Allocation Failure) 10M->5M(19M) 0.683ms
[92.053s][info][gc] GC(1239) Pause Young (Allocation Failure) 10M->5M(19M) 0.674ms
[92.064s][info][gc] GC(1240) Pause Young (Allocation Failure) 10M->5M(19M) 0.883ms
[92.073s][info][gc] GC(1241) Pause Young (Allocation Failure) 10M->5M(19M) 0.593ms
[92.082s][info][gc] GC(1242) Pause Young (Allocation Failure) 10M->5M(19M) 0.526ms
[92.091s][info][gc] GC(1243) Pause Young (Allocation Failure) 10M->5M(19M) 0.813ms
[92.101s][info][gc] GC(1244) Pause Young (Allocation Failure) 10M->5M(19M) 0.690ms
[92.111s][info][gc] GC(1245) Pause Young (Allocation Failure) 10M->5M(19M) 0.622ms
[92.120s][info][gc] GC(1246) Pause Young (Allocation Failure) 10M->5M(19M) 0.670ms
[92.130s][info][gc] GC(1247) Pause Young (Allocation Failure) 10M->5M(19M) 0.699ms
[92.139s][info][gc] GC(1248) Pause Young (Allocation Failure) 10M->5M(19M) 0.579ms
[92.148s][info][gc] GC(1249) Pause Young (Allocation Failure) 10M->5M(19M) 0.509ms
[92.158s][info][gc] GC(1250) Pause Young (Allocation Failure) 10M->5M(19M) 0.639ms
[92.167s][info][gc] GC(1251) Pause Young (Allocation Failure) 10M->5M(19M) 0.602ms
[92.176s][info][gc] GC(1252) Pause Young (Allocation Failure) 10M->5M(19M) 0.597ms
[92.187s][info][gc] GC(1253) Pause Young (Allocation Failure) 10M->5M(19M) 0.542ms
[92.197s][info][gc] GC(1254) Pause Young (Allocation Failure) 10M->5M(19M) 0.476ms
[92.206s][info][gc] GC(1255) Pause Young (Allocation Failure) 10M->5M(19M) 0.680ms
[92.216s][info][gc] GC(1256) Pause Young (Allocation Failure) 10M->5M(19M) 0.681ms
[92.226s][info][gc] GC(1257) Pause Young (Allocation Failure) 10M->5M(19M) 0.596ms
[92.235s][info][gc] GC(1258) Pause Young (Allocation Failure) 10M->5M(19M) 0.566ms
[92.244s][info][gc] GC(1259) Pause Young (Allocation Failure) 10M->5M(19M) 0.462ms
[92.254s][info][gc] GC(1260) Pause Young (Allocation Failure) 10M->5M(19M) 0.800ms
[92.263s][info][gc] GC(1261) Pause Young (Allocation Failure) 10M->5M(19M) 0.617ms
[92.274s][info][gc] GC(1262) Pause Young (Allocation Failure) 10M->5M(19M) 1.221ms
[92.284s][info][gc] GC(1263) Pause Young (Allocation Failure) 10M->5M(19M) 0.604ms
[92.293s][info][gc] GC(1264) Pause Young (Allocation Failure) 10M->5M(19M) 0.696ms
[92.303s][info][gc] GC(1265) Pause Young (Allocation Failure) 10M->5M(19M) 0.872ms
[92.314s][info][gc] GC(1266) Pause Young (Allocation Failure) 10M->5M(19M) 0.671ms
[92.328s][info][gc] GC(1267) Pause Young (Allocation Failure) 10M->5M(19M) 0.717ms
[92.337s][info][gc] GC(1268) Pause Young (Allocation Failure) 10M->5M(19M) 0.529ms
[92.347s][info][gc] GC(1269) Pause Young (Allocation Failure) 10M->5M(19M) 0.884ms
[92.358s][info][gc] GC(1270) Pause Young (Allocation Failure) 10M->5M(19M) 0.627ms
[92.371s][info][gc] GC(1271) Pause Young (Allocation Failure) 10M->5M(19M) 0.675ms
[92.383s][info][gc] GC(1272) Pause Young (Allocation Failure) 10M->5M(19M) 0.509ms
[92.398s][info][gc] GC(1273) Pause Young (Allocation Failure) 10M->5M(19M) 1.575ms
[92.411s][info][gc] GC(1274) Pause Young (Allocation Failure) 10M->5M(19M) 0.973ms
[92.423s][info][gc] GC(1275) Pause Young (Allocation Failure) 10M->5M(19M) 0.645ms
[92.434s][info][gc] GC(1276) Pause Young (Allocation Failure) 10M->5M(19M) 0.565ms
[92.479s][info][gc] GC(1277) Pause Young (Allocation Failure) 10M->5M(19M) 2.443ms
[92.500s][info][gc] GC(1278) Pause Young (Allocation Failure) 10M->5M(19M) 0.933ms
[92.514s][info][gc] GC(1279) Pause Young (Allocation Failure) 10M->5M(19M) 0.717ms
[92.528s][info][gc] GC(1280) Pause Young (Allocation Failure) 10M->5M(19M) 0.692ms
[92.537s][info][gc] GC(1281) Pause Young (Allocation Failure) 10M->5M(19M) 0.537ms
[92.546s][info][gc] GC(1282) Pause Young (Allocation Failure) 10M->5M(19M) 0.657ms
[92.555s][info][gc] GC(1283) Pause Young (Allocation Failure) 10M->5M(19M) 0.655ms
[92.565s][info][gc] GC(1284) Pause Young (Allocation Failure) 10M->5M(19M) 0.551ms
[92.574s][info][gc] GC(1285) Pause Young (Allocation Failure) 10M->5M(19M) 0.648ms
[92.584s][info][gc] GC(1286) Pause Young (Allocation Failure) 10M->5M(19M) 0.606ms
[92.596s][info][gc] GC(1287) Pause Young (Allocation Failure) 10M->5M(19M) 0.982ms
[92.605s][info][gc] GC(1288) Pause Young (Allocation Failure) 10M->5M(19M) 0.676ms
[92.614s][info][gc] GC(1289) Pause Young (Allocation Failure) 10M->5M(19M) 0.651ms
[92.623s][info][gc] GC(1290) Pause Young (Allocation Failure) 10M->5M(19M) 0.627ms
[92.632s][info][gc] GC(1291) Pause Young (Allocation Failure) 10M->5M(19M) 0.541ms
[92.641s][info][gc] GC(1292) Pause Young (Allocation Failure) 10M->5M(19M) 0.634ms
[92.650s][info][gc] GC(1293) Pause Young (Allocation Failure) 10M->5M(19M) 0.665ms
[92.660s][info][gc] GC(1294) Pause Young (Allocation Failure) 10M->5M(19M) 0.685ms
[92.669s][info][gc] GC(1295) Pause Young (Allocation Failure) 10M->5M(19M) 0.787ms
[92.678s][info][gc] GC(1296) Pause Young (Allocation Failure) 10M->5M(19M) 0.593ms
[92.690s][info][gc] GC(1297) Pause Young (Allocation Failure) 10M->5M(19M) 0.621ms
[92.699s][info][gc] GC(1298) Pause Young (Allocation Failure) 10M->5M(19M) 0.622ms
[92.709s][info][gc] GC(1299) Pause Young (Allocation Failure) 10M->5M(19M) 0.646ms
[92.719s][info][gc] GC(1300) Pause Young (Allocation Failure) 10M->5M(19M) 0.706ms
[92.728s][info][gc] GC(1301) Pause Young (Allocation Failure) 10M->5M(19M) 0.703ms
[92.737s][info][gc] GC(1302) Pause Young (Allocation Failure) 10M->5M(19M) 0.552ms
[92.748s][info][gc] GC(1303) Pause Young (Allocation Failure) 10M->5M(19M) 0.500ms
[92.761s][info][gc] GC(1304) Pause Young (Allocation Failure) 10M->5M(19M) 0.622ms
[92.775s][info][gc] GC(1305) Pause Young (Allocation Failure) 10M->5M(19M) 0.686ms
[92.788s][info][gc] GC(1306) Pause Young (Allocation Failure) 10M->5M(19M) 0.613ms
[92.800s][info][gc] GC(1307) Pause Young (Allocation Failure) 10M->5M(19M) 0.643ms
[92.812s][info][gc] GC(1308) Pause Young (Allocation Failure) 10M->5M(19M) 0.558ms
[92.823s][info][gc] GC(1309) Pause Young (Allocation Failure) 10M->5M(19M) 0.717ms
[92.834s][info][gc] GC(1310) Pause Young (Allocation Failure) 10M->5M(19M) 0.511ms
[92.847s][info][gc] GC(1311) Pause Young (Allocation Failure) 10M->5M(19M) 0.635ms
[92.862s][info][gc] GC(1312) Pause Young (Allocation Failure) 10M->5M(19M) 1.014ms
[92.873s][info][gc] GC(1313) Pause Young (Allocation Failure) 10M->5M(19M) 0.644ms
[92.882s][info][gc] GC(1314) Pause Young (Allocation Failure) 10M->5M(19M) 0.541ms
[92.891s][info][gc] GC(1315) Pause Young (Allocation Failure) 10M->5M(19M) 0.471ms
[92.900s][info][gc] GC(1316) Pause Young (Allocation Failure) 10M->5M(19M) 0.626ms
[92.910s][info][gc] GC(1317) Pause Young (Allocation Failure) 10M->5M(19M) 0.628ms
[92.919s][info][gc] GC(1318) Pause Young (Allocation Failure) 10M->5M(19M) 0.680ms
[92.930s][info][gc] GC(1319) Pause Young (Allocation Failure) 10M->5M(19M) 0.692ms
[92.939s][info][gc] GC(1320) Pause Young (Allocation Failure) 10M->5M(19M) 0.573ms
[92.952s][info][gc] GC(1321) Pause Young (Allocation Failure) 10M->5M(19M) 0.775ms
[92.967s][info][gc] GC(1322) Pause Young (Allocation Failure) 10M->5M(19M) 0.727ms
[92.977s][info][gc] GC(1323) Pause Young (Allocation Failure) 10M->5M(19M) 0.696ms
[92.987s][info][gc] GC(1324) Pause Young (Allocation Failure) 10M->5M(19M) 0.776ms
[92.998s][info][gc] GC(1325) Pause Young (Allocation Failure) 10M->5M(19M) 0.938ms
[93.012s][info][gc] GC(1326) Pause Young (Allocation Failure) 10M->5M(19M) 0.731ms
[93.028s][info][gc] GC(1327) Pause Young (Allocation Failure) 10M->5M(19M) 1.209ms
[93.038s][info][gc] GC(1328) Pause Young (Allocation Failure) 10M->5M(19M) 1.019ms
[93.049s][info][gc] GC(1329) Pause Young (Allocation Failure) 10M->5M(19M) 0.919ms
[93.063s][info][gc] GC(1330) Pause Young (Allocation Failure) 10M->5M(19M) 0.564ms
[93.073s][info][gc] GC(1331) Pause Young (Allocation Failure) 10M->5M(19M) 0.845ms
[93.082s][info][gc] GC(1332) Pause Young (Allocation Failure) 10M->5M(19M) 0.528ms
[93.092s][info][gc] GC(1333) Pause Young (Allocation Failure) 10M->5M(19M) 0.623ms
[93.101s][info][gc] GC(1334) Pause Young (Allocation Failure) 10M->5M(19M) 0.623ms
[93.110s][info][gc] GC(1335) Pause Young (Allocation Failure) 10M->5M(19M) 0.606ms
[93.119s][info][gc] GC(1336) Pause Young (Allocation Failure) 10M->5M(19M) 0.634ms
[93.129s][info][gc] GC(1337) Pause Young (Allocation Failure) 10M->5M(19M) 1.181ms
[93.139s][info][gc] GC(1338) Pause Young (Allocation Failure) 10M->5M(19M) 0.642ms
[93.149s][info][gc] GC(1339) Pause Young (Allocation Failure) 10M->5M(19M) 0.669ms
[93.159s][info][gc] GC(1340) Pause Young (Allocation Failure) 10M->5M(19M) 0.648ms
[93.168s][info][gc] GC(1341) Pause Young (Allocation Failure) 10M->5M(19M) 0.666ms
[93.177s][info][gc] GC(1342) Pause Young (Allocation Failure) 10M->5M(19M) 0.643ms
[93.187s][info][gc] GC(1343) Pause Young (Allocation Failure) 10M->5M(19M) 0.687ms
[93.196s][info][gc] GC(1344) Pause Young (Allocation Failure) 10M->5M(19M) 0.639ms
[93.206s][info][gc] GC(1345) Pause Young (Allocation Failure) 10M->5M(19M) 0.622ms
[93.215s][info][gc] GC(1346) Pause Young (Allocation Failure) 10M->5M(19M) 0.591ms
[93.225s][info][gc] GC(1347) Pause Young (Allocation Failure) 10M->5M(19M) 0.592ms
[93.234s][info][gc] GC(1348) Pause Young (Allocation Failure) 10M->5M(19M) 0.678ms
[93.244s][info][gc] GC(1349) Pause Young (Allocation Failure) 10M->5M(19M) 0.980ms
[93.253s][info][gc] GC(1350) Pause Young (Allocation Failure) 10M->5M(19M) 0.588ms
[93.264s][info][gc] GC(1351) Pause Young (Allocation Failure) 10M->5M(19M) 2.333ms
[93.274s][info][gc] GC(1352) Pause Young (Allocation Failure) 10M->5M(19M) 0.656ms
[93.283s][info][gc] GC(1353) Pause Young (Allocation Failure) 10M->5M(19M) 0.608ms
[93.293s][info][gc] GC(1354) Pause Young (Allocation Failure) 10M->5M(19M) 0.462ms
[93.302s][info][gc] GC(1355) Pause Young (Allocation Failure) 10M->5M(19M) 0.653ms
[93.312s][info][gc] GC(1356) Pause Young (Allocation Failure) 10M->5M(19M) 0.653ms
[93.321s][info][gc] GC(1357) Pause Young (Allocation Failure) 10M->5M(19M) 0.496ms
[93.330s][info][gc] GC(1358) Pause Young (Allocation Failure) 10M->5M(19M) 0.649ms
[93.339s][info][gc] GC(1359) Pause Young (Allocation Failure) 10M->5M(19M) 0.596ms
[93.350s][info][gc] GC(1360) Pause Young (Allocation Failure) 10M->5M(19M) 0.726ms
[93.359s][info][gc] GC(1361) Pause Young (Allocation Failure) 10M->5M(19M) 0.517ms
[93.368s][info][gc] GC(1362) Pause Young (Allocation Failure) 10M->5M(19M) 0.709ms
[93.377s][info][gc] GC(1363) Pause Young (Allocation Failure) 10M->5M(19M) 0.617ms
[93.386s][info][gc] GC(1364) Pause Young (Allocation Failure) 10M->5M(19M) 0.629ms
[93.396s][info][gc] GC(1365) Pause Young (Allocation Failure) 10M->5M(19M) 1.349ms
[93.406s][info][gc] GC(1366) Pause Young (Allocation Failure) 10M->5M(19M) 0.753ms
[93.415s][info][gc] GC(1367) Pause Young (Allocation Failure) 10M->5M(19M) 0.670ms
[93.424s][info][gc] GC(1368) Pause Young (Allocation Failure) 10M->5M(19M) 0.662ms
[93.435s][info][gc] GC(1369) Pause Young (Allocation Failure) 10M->5M(19M) 0.669ms
[93.445s][info][gc] GC(1370) Pause Young (Allocation Failure) 10M->5M(19M) 0.643ms
[93.458s][info][gc] GC(1371) Pause Young (Allocation Failure) 10M->5M(19M) 0.781ms
[93.469s][info][gc] GC(1372) Pause Young (Allocation Failure) 10M->5M(19M) 0.935ms
[93.479s][info][gc] GC(1373) Pause Young (Allocation Failure) 10M->5M(19M) 0.903ms
[93.489s][info][gc] GC(1374) Pause Young (Allocation Failure) 10M->5M(19M) 0.692ms
[93.501s][info][gc] GC(1375) Pause Young (Allocation Failure) 10M->5M(19M) 0.647ms
[93.512s][info][gc] GC(1376) Pause Young (Allocation Failure) 10M->5M(19M) 0.659ms
[93.521s][info][gc] GC(1377) Pause Young (Allocation Failure) 10M->5M(19M) 0.628ms
[93.534s][info][gc] GC(1378) Pause Young (Allocation Failure) 10M->5M(19M) 0.698ms
[93.544s][info][gc] GC(1379) Pause Young (Allocation Failure) 10M->5M(19M) 0.706ms
[93.554s][info][gc] GC(1380) Pause Young (Allocation Failure) 10M->5M(19M) 0.685ms
[93.566s][info][gc] GC(1381) Pause Young (Allocation Failure) 10M->5M(19M) 0.874ms
[93.577s][info][gc] GC(1382) Pause Young (Allocation Failure) 10M->5M(19M) 0.639ms
[93.591s][info][gc] GC(1383) Pause Young (Allocation Failure) 10M->5M(19M) 0.938ms
[93.603s][info][gc] GC(1384) Pause Young (Allocation Failure) 10M->5M(19M) 0.759ms
[93.617s][info][gc] GC(1385) Pause Young (Allocation Failure) 10M->5M(19M) 0.729ms
[93.630s][info][gc] GC(1386) Pause Young (Allocation Failure) 10M->5M(19M) 0.819ms
[93.643s][info][gc] GC(1387) Pause Young (Allocation Failure) 10M->5M(19M) 1.213ms
[93.655s][info][gc] GC(1388) Pause Young (Allocation Failure) 10M->5M(19M) 0.995ms
[93.667s][info][gc] GC(1389) Pause Young (Allocation Failure) 11M->5M(19M) 0.553ms
[93.679s][info][gc] GC(1390) Pause Young (Allocation Failure) 10M->5M(19M) 0.468ms
[93.690s][info][gc] GC(1391) Pause Young (Allocation Failure) 10M->5M(19M) 0.808ms
[93.701s][info][gc] GC(1392) Pause Young (Allocation Failure) 11M->5M(19M) 0.948ms
[93.710s][info][gc] GC(1393) Pause Young (Allocation Failure) 10M->5M(19M) 0.623ms
[93.720s][info][gc] GC(1394) Pause Young (Allocation Failure) 11M->5M(19M) 0.774ms
[93.730s][info][gc] GC(1395) Pause Young (Allocation Failure) 10M->5M(19M) 1.602ms
[93.740s][info][gc] GC(1396) Pause Young (Allocation Failure) 11M->5M(19M) 0.825ms
[93.749s][info][gc] GC(1397) Pause Young (Allocation Failure) 11M->5M(19M) 0.688ms
[93.758s][info][gc] GC(1398) Pause Young (Allocation Failure) 11M->5M(19M) 0.605ms
[93.768s][info][gc] GC(1399) Pause Young (Allocation Failure) 10M->5M(19M) 1.126ms
[93.779s][info][gc] GC(1400) Pause Young (Allocation Failure) 11M->5M(19M) 0.709ms
[93.788s][info][gc] GC(1401) Pause Young (Allocation Failure) 11M->5M(19M) 0.681ms
[93.798s][info][gc] GC(1402) Pause Young (Allocation Failure) 11M->5M(19M) 0.684ms
[93.807s][info][gc] GC(1403) Pause Young (Allocation Failure) 11M->5M(19M) 0.651ms
[93.817s][info][gc] GC(1404) Pause Young (Allocation Failure) 11M->5M(19M) 0.555ms
[93.826s][info][gc] GC(1405) Pause Young (Allocation Failure) 10M->5M(19M) 0.678ms
[93.835s][info][gc] GC(1406) Pause Young (Allocation Failure) 11M->5M(19M) 0.659ms
[93.844s][info][gc] GC(1407) Pause Young (Allocation Failure) 11M->5M(19M) 0.644ms
[93.854s][info][gc] GC(1408) Pause Young (Allocation Failure) 11M->5M(19M) 1.142ms
[93.863s][info][gc] GC(1409) Pause Young (Allocation Failure) 11M->5M(19M) 0.612ms
[93.876s][info][gc] GC(1410) Pause Young (Allocation Failure) 11M->5M(19M) 0.787ms
[93.886s][info][gc] GC(1411) Pause Young (Allocation Failure) 11M->5M(19M) 0.995ms
[93.897s][info][gc] GC(1412) Pause Young (Allocation Failure) 11M->5M(19M) 2.083ms
[93.907s][info][gc] GC(1413) Pause Young (Allocation Failure) 11M->5M(19M) 0.955ms
[93.921s][info][gc] GC(1414) Pause Young (Allocation Failure) 11M->5M(19M) 1.095ms
[93.933s][info][gc] GC(1415) Pause Young (Allocation Failure) 11M->5M(19M) 1.005ms
[93.947s][info][gc] GC(1416) Pause Young (Allocation Failure) 11M->5M(19M) 0.661ms
[93.959s][info][gc] GC(1417) Pause Young (Allocation Failure) 11M->5M(19M) 0.978ms
[93.980s][info][gc] GC(1418) Pause Young (Allocation Failure) 11M->5M(19M) 0.823ms
[93.991s][info][gc] GC(1419) Pause Young (Allocation Failure) 11M->5M(19M) 0.559ms
[94.005s][info][gc] GC(1420) Pause Young (Allocation Failure) 10M->5M(19M) 0.645ms
[94.019s][info][gc] GC(1421) Pause Young (Allocation Failure) 11M->5M(19M) 0.968ms
[94.032s][info][gc] GC(1422) Pause Young (Allocation Failure) 11M->5M(19M) 0.950ms
[94.048s][info][gc] GC(1423) Pause Young (Allocation Failure) 11M->5M(19M) 0.976ms
[94.064s][info][gc] GC(1424) Pause Young (Allocation Failure) 11M->5M(19M) 0.806ms
[94.077s][info][gc] GC(1425) Pause Young (Allocation Failure) 11M->5M(19M) 0.943ms
[94.092s][info][gc] GC(1426) Pause Young (Allocation Failure) 11M->5M(19M) 1.105ms
[94.106s][info][gc] GC(1427) Pause Young (Allocation Failure) 11M->5M(19M) 0.947ms
[94.116s][info][gc] GC(1428) Pause Young (Allocation Failure) 11M->5M(19M) 0.913ms
[94.128s][info][gc] GC(1429) Pause Young (Allocation Failure) 11M->5M(19M) 0.552ms
[94.140s][info][gc] GC(1430) Pause Young (Allocation Failure) 11M->5M(19M) 0.536ms
[94.149s][info][gc] GC(1431) Pause Young (Allocation Failure) 11M->5M(19M) 0.471ms
[94.158s][info][gc] GC(1432) Pause Young (Allocation Failure) 11M->5M(19M) 0.632ms
[94.167s][info][gc] GC(1433) Pause Young (Allocation Failure) 11M->5M(19M) 0.609ms
[94.177s][info][gc] GC(1434) Pause Young (Allocation Failure) 11M->5M(19M) 0.645ms
[94.186s][info][gc] GC(1435) Pause Young (Allocation Failure) 11M->5M(19M) 0.727ms
[94.197s][info][gc] GC(1436) Pause Young (Allocation Failure) 11M->5M(19M) 0.493ms
[94.208s][info][gc] GC(1437) Pause Young (Allocation Failure) 11M->5M(19M) 1.405ms
[94.218s][info][gc] GC(1438) Pause Young (Allocation Failure) 11M->5M(19M) 0.636ms
[94.227s][info][gc] GC(1439) Pause Young (Allocation Failure) 11M->5M(19M) 0.613ms
[94.237s][info][gc] GC(1440) Pause Young (Allocation Failure) 11M->5M(19M) 0.630ms
[94.246s][info][gc] GC(1441) Pause Young (Allocation Failure) 11M->5M(19M) 0.715ms
[94.255s][info][gc] GC(1442) Pause Young (Allocation Failure) 11M->5M(19M) 0.632ms
[94.265s][info][gc] GC(1443) Pause Young (Allocation Failure) 11M->5M(19M) 0.674ms
[94.274s][info][gc] GC(1444) Pause Young (Allocation Failure) 11M->5M(19M) 0.675ms
[94.283s][info][gc] GC(1445) Pause Young (Allocation Failure) 11M->5M(19M) 0.712ms
[94.292s][info][gc] GC(1446) Pause Young (Allocation Failure) 11M->5M(19M) 0.674ms
[94.302s][info][gc] GC(1447) Pause Young (Allocation Failure) 11M->5M(19M) 0.648ms
[94.311s][info][gc] GC(1448) Pause Young (Allocation Failure) 11M->5M(19M) 0.630ms
[94.322s][info][gc] GC(1449) Pause Young (Allocation Failure) 11M->5M(19M) 1.056ms
[94.331s][info][gc] GC(1450) Pause Young (Allocation Failure) 11M->5M(19M) 0.515ms
[94.340s][info][gc] GC(1451) Pause Young (Allocation Failure) 11M->5M(19M) 0.925ms
[94.350s][info][gc] GC(1452) Pause Young (Allocation Failure) 11M->5M(19M) 0.718ms
[94.359s][info][gc] GC(1453) Pause Young (Allocation Failure) 11M->5M(19M) 0.686ms
[94.368s][info][gc] GC(1454) Pause Young (Allocation Failure) 11M->5M(19M) 0.671ms
[94.377s][info][gc] GC(1455) Pause Young (Allocation Failure) 11M->5M(19M) 0.575ms
[94.387s][info][gc] GC(1456) Pause Young (Allocation Failure) 11M->5M(19M) 0.842ms
[94.396s][info][gc] GC(1457) Pause Young (Allocation Failure) 11M->5M(19M) 0.684ms
[94.406s][info][gc] GC(1458) Pause Young (Allocation Failure) 11M->5M(19M) 0.877ms
[94.415s][info][gc] GC(1459) Pause Young (Allocation Failure) 11M->5M(19M) 0.696ms
[94.424s][info][gc] GC(1460) Pause Young (Allocation Failure) 11M->5M(19M) 0.577ms
[94.434s][info][gc] GC(1461) Pause Young (Allocation Failure) 11M->5M(19M) 0.687ms
[94.443s][info][gc] GC(1462) Pause Young (Allocation Failure) 11M->5M(19M) 0.638ms
[94.457s][info][gc] GC(1463) Pause Young (Allocation Failure) 11M->5M(19M) 0.944ms
[94.471s][info][gc] GC(1464) Pause Young (Allocation Failure) 11M->5M(19M) 1.084ms
[94.481s][info][gc] GC(1465) Pause Young (Allocation Failure) 11M->5M(19M) 0.728ms
[94.491s][info][gc] GC(1466) Pause Young (Allocation Failure) 11M->5M(19M) 0.883ms
[94.501s][info][gc] GC(1467) Pause Young (Allocation Failure) 11M->5M(19M) 0.816ms
[94.512s][info][gc] GC(1468) Pause Young (Allocation Failure) 11M->5M(19M) 0.890ms
[94.524s][info][gc] GC(1469) Pause Young (Allocation Failure) 11M->5M(19M) 0.598ms
[94.534s][info][gc] GC(1470) Pause Young (Allocation Failure) 11M->5M(19M) 0.776ms
[94.544s][info][gc] GC(1471) Pause Young (Allocation Failure) 11M->5M(19M) 0.850ms
[94.553s][info][gc] GC(1472) Pause Young (Allocation Failure) 11M->5M(19M) 0.605ms
[94.567s][info][gc] GC(1473) Pause Young (Allocation Failure) 11M->5M(19M) 0.731ms
[94.578s][info][gc] GC(1474) Pause Young (Allocation Failure) 11M->5M(19M) 0.655ms
[94.588s][info][gc] GC(1475) Pause Young (Allocation Failure) 11M->5M(19M) 0.611ms
[94.597s][info][gc] GC(1476) Pause Young (Allocation Failure) 11M->5M(19M) 0.602ms
[94.606s][info][gc] GC(1477) Pause Young (Allocation Failure) 11M->5M(19M) 0.491ms
[94.615s][info][gc] GC(1478) Pause Young (Allocation Failure) 11M->5M(19M) 0.628ms
[94.625s][info][gc] GC(1479) Pause Young (Allocation Failure) 11M->5M(19M) 0.631ms
[94.635s][info][gc] GC(1480) Pause Young (Allocation Failure) 11M->5M(19M) 0.608ms
[94.646s][info][gc] GC(1481) Pause Young (Allocation Failure) 11M->5M(19M) 1.225ms
[94.657s][info][gc] GC(1482) Pause Young (Allocation Failure) 11M->5M(19M) 0.923ms
[94.668s][info][gc] GC(1483) Pause Young (Allocation Failure) 11M->5M(19M) 0.656ms
[94.677s][info][gc] GC(1484) Pause Young (Allocation Failure) 11M->5M(19M) 0.677ms
[94.686s][info][gc] GC(1485) Pause Young (Allocation Failure) 11M->5M(19M) 0.637ms
[94.700s][info][gc] GC(1486) Pause Young (Allocation Failure) 11M->5M(19M) 0.663ms
[94.711s][info][gc] GC(1487) Pause Young (Allocation Failure) 11M->5M(19M) 0.904ms
[94.724s][info][gc] GC(1488) Pause Young (Allocation Failure) 11M->5M(19M) 0.467ms
[94.736s][info][gc] GC(1489) Pause Young (Allocation Failure) 11M->5M(19M) 0.959ms
[94.748s][info][gc] GC(1490) Pause Young (Allocation Failure) 11M->5M(19M) 1.159ms
[94.761s][info][gc] GC(1491) Pause Young (Allocation Failure) 11M->5M(19M) 0.667ms
[94.775s][info][gc] GC(1492) Pause Young (Allocation Failure) 11M->5M(19M) 0.777ms
[94.787s][info][gc] GC(1493) Pause Young (Allocation Failure) 11M->5M(19M) 0.689ms
[94.798s][info][gc] GC(1494) Pause Young (Allocation Failure) 11M->5M(19M) 0.636ms
[94.810s][info][gc] GC(1495) Pause Young (Allocation Failure) 11M->5M(19M) 0.650ms
[94.823s][info][gc] GC(1496) Pause Young (Allocation Failure) 11M->5M(19M) 0.580ms
[94.835s][info][gc] GC(1497) Pause Young (Allocation Failure) 11M->5M(19M) 0.762ms
[94.848s][info][gc] GC(1498) Pause Young (Allocation Failure) 11M->5M(19M) 0.626ms
[94.860s][info][gc] GC(1499) Pause Young (Allocation Failure) 11M->5M(19M) 0.611ms
[94.872s][info][gc] GC(1500) Pause Young (Allocation Failure) 11M->5M(19M) 0.629ms
[94.886s][info][gc] GC(1501) Pause Young (Allocation Failure) 11M->5M(19M) 0.671ms
[94.896s][info][gc] GC(1502) Pause Young (Allocation Failure) 11M->5M(19M) 0.640ms
[94.905s][info][gc] GC(1503) Pause Young (Allocation Failure) 11M->5M(19M) 0.624ms
[94.915s][info][gc] GC(1504) Pause Young (Allocation Failure) 11M->5M(19M) 0.715ms
[94.924s][info][gc] GC(1505) Pause Young (Allocation Failure) 11M->5M(19M) 0.517ms
[94.933s][info][gc] GC(1506) Pause Young (Allocation Failure) 11M->5M(19M) 0.980ms
[94.943s][info][gc] GC(1507) Pause Young (Allocation Failure) 11M->5M(19M) 1.067ms
[94.958s][info][gc] GC(1508) Pause Young (Allocation Failure) 11M->5M(19M) 0.682ms
[94.976s][info][gc] GC(1509) Pause Young (Allocation Failure) 11M->5M(19M) 0.934ms
[94.986s][info][gc] GC(1510) Pause Young (Allocation Failure) 11M->5M(19M) 0.975ms
[95.001s][info][gc] GC(1511) Pause Young (Allocation Failure) 11M->5M(19M) 2.286ms
[95.013s][info][gc] GC(1512) Pause Young (Allocation Failure) 11M->5M(19M) 1.001ms
[95.027s][info][gc] GC(1513) Pause Young (Allocation Failure) 11M->5M(19M) 0.961ms
[95.041s][info][gc] GC(1514) Pause Young (Allocation Failure) 11M->5M(19M) 1.443ms
[95.056s][info][gc] GC(1515) Pause Young (Allocation Failure) 11M->5M(19M) 0.970ms
[95.070s][info][gc] GC(1516) Pause Young (Allocation Failure) 11M->5M(19M) 0.660ms
[95.079s][info][gc] GC(1517) Pause Young (Allocation Failure) 11M->5M(19M) 0.797ms
[95.090s][info][gc] GC(1518) Pause Young (Allocation Failure) 11M->5M(19M) 0.777ms
[95.104s][info][gc] GC(1519) Pause Young (Allocation Failure) 11M->5M(19M) 1.028ms
[95.120s][info][gc] GC(1520) Pause Young (Allocation Failure) 11M->5M(19M) 0.886ms
[95.135s][info][gc] GC(1521) Pause Young (Allocation Failure) 11M->5M(19M) 0.944ms
[95.159s][info][gc] GC(1522) Pause Young (Allocation Failure) 11M->5M(19M) 1.740ms
[95.175s][info][gc] GC(1523) Pause Young (Allocation Failure) 11M->5M(19M) 0.832ms
[95.188s][info][gc] GC(1524) Pause Young (Allocation Failure) 11M->5M(19M) 0.982ms
[95.202s][info][gc] GC(1525) Pause Young (Allocation Failure) 11M->5M(19M) 0.985ms
[95.215s][info][gc] GC(1526) Pause Young (Allocation Failure) 11M->5M(19M) 0.617ms
[95.227s][info][gc] GC(1527) Pause Young (Allocation Failure) 11M->5M(19M) 0.930ms
[95.241s][info][gc] GC(1528) Pause Young (Allocation Failure) 11M->5M(19M) 0.976ms
[95.255s][info][gc] GC(1529) Pause Young (Allocation Failure) 11M->5M(19M) 0.859ms
[95.268s][info][gc] GC(1530) Pause Young (Allocation Failure) 11M->5M(19M) 0.946ms
[95.278s][info][gc] GC(1531) Pause Young (Allocation Failure) 11M->5M(19M) 0.585ms
[95.291s][info][gc] GC(1532) Pause Young (Allocation Failure) 11M->5M(19M) 0.591ms
[95.301s][info][gc] GC(1533) Pause Young (Allocation Failure) 11M->5M(19M) 0.445ms
[95.310s][info][gc] GC(1534) Pause Young (Allocation Failure) 11M->5M(19M) 0.642ms
[95.320s][info][gc] GC(1535) Pause Young (Allocation Failure) 11M->5M(19M) 0.628ms
[95.329s][info][gc] GC(1536) Pause Young (Allocation Failure) 11M->5M(19M) 0.622ms
[95.341s][info][gc] GC(1537) Pause Young (Allocation Failure) 11M->5M(19M) 0.644ms
[95.351s][info][gc] GC(1538) Pause Young (Allocation Failure) 11M->5M(19M) 0.612ms
[95.360s][info][gc] GC(1539) Pause Young (Allocation Failure) 11M->5M(19M) 0.477ms
[95.369s][info][gc] GC(1540) Pause Young (Allocation Failure) 11M->5M(19M) 0.519ms
[95.379s][info][gc] GC(1541) Pause Young (Allocation Failure) 11M->5M(19M) 0.510ms
[95.388s][info][gc] GC(1542) Pause Young (Allocation Failure) 11M->5M(19M) 0.994ms
[95.399s][info][gc] GC(1543) Pause Young (Allocation Failure) 11M->5M(19M) 2.226ms
[95.409s][info][gc] GC(1544) Pause Young (Allocation Failure) 11M->5M(19M) 0.669ms
[95.418s][info][gc] GC(1545) Pause Young (Allocation Failure) 11M->5M(19M) 0.593ms
[95.427s][info][gc] GC(1546) Pause Young (Allocation Failure) 11M->5M(19M) 0.663ms
[95.437s][info][gc] GC(1547) Pause Young (Allocation Failure) 11M->5M(19M) 0.647ms
[95.448s][info][gc] GC(1548) Pause Young (Allocation Failure) 11M->5M(19M) 0.613ms
[95.459s][info][gc] GC(1549) Pause Young (Allocation Failure) 11M->5M(19M) 0.506ms
[95.472s][info][gc] GC(1550) Pause Young (Allocation Failure) 11M->5M(19M) 1.435ms
[95.482s][info][gc] GC(1551) Pause Young (Allocation Failure) 11M->5M(19M) 0.640ms
[95.492s][info][gc] GC(1552) Pause Young (Allocation Failure) 11M->5M(19M) 0.560ms
[95.502s][info][gc] GC(1553) Pause Young (Allocation Failure) 11M->5M(19M) 1.316ms
[95.511s][info][gc] GC(1554) Pause Young (Allocation Failure) 11M->5M(19M) 0.650ms
[95.523s][info][gc] GC(1555) Pause Young (Allocation Failure) 11M->5M(19M) 0.648ms
[95.533s][info][gc] GC(1556) Pause Young (Allocation Failure) 11M->5M(19M) 0.632ms
[95.542s][info][gc] GC(1557) Pause Young (Allocation Failure) 11M->5M(19M) 0.507ms
[95.552s][info][gc] GC(1558) Pause Young (Allocation Failure) 11M->5M(19M) 0.686ms
[95.561s][info][gc] GC(1559) Pause Young (Allocation Failure) 11M->5M(19M) 0.664ms
[95.571s][info][gc] GC(1560) Pause Young (Allocation Failure) 11M->5M(19M) 0.655ms
[95.580s][info][gc] GC(1561) Pause Young (Allocation Failure) 11M->5M(19M) 0.653ms
[95.590s][info][gc] GC(1562) Pause Young (Allocation Failure) 11M->5M(19M) 0.676ms
[95.599s][info][gc] GC(1563) Pause Young (Allocation Failure) 11M->5M(19M) 0.616ms
[95.608s][info][gc] GC(1564) Pause Young (Allocation Failure) 11M->5M(19M) 0.633ms
[95.617s][info][gc] GC(1565) Pause Young (Allocation Failure) 11M->5M(19M) 0.643ms
[95.627s][info][gc] GC(1566) Pause Young (Allocation Failure) 11M->5M(19M) 0.610ms
[95.636s][info][gc] GC(1567) Pause Young (Allocation Failure) 11M->5M(19M) 0.595ms
[95.645s][info][gc] GC(1568) Pause Young (Allocation Failure) 11M->5M(19M) 0.491ms
[95.654s][info][gc] GC(1569) Pause Young (Allocation Failure) 11M->5M(19M) 0.664ms
[95.665s][info][gc] GC(1570) Pause Young (Allocation Failure) 11M->5M(19M) 1.506ms
[95.675s][info][gc] GC(1571) Pause Young (Allocation Failure) 11M->5M(19M) 0.623ms
[95.684s][info][gc] GC(1572) Pause Young (Allocation Failure) 11M->5M(19M) 0.478ms
[95.693s][info][gc] GC(1573) Pause Young (Allocation Failure) 11M->5M(19M) 0.433ms
[95.702s][info][gc] GC(1574) Pause Young (Allocation Failure) 11M->5M(19M) 0.620ms
[95.712s][info][gc] GC(1575) Pause Young (Allocation Failure) 11M->5M(19M) 0.628ms
[95.721s][info][gc] GC(1576) Pause Young (Allocation Failure) 11M->5M(19M) 0.518ms
[95.730s][info][gc] GC(1577) Pause Young (Allocation Failure) 11M->5M(19M) 0.631ms
[95.742s][info][gc] GC(1578) Pause Young (Allocation Failure) 11M->5M(19M) 0.640ms
[95.755s][info][gc] GC(1579) Pause Young (Allocation Failure) 11M->5M(19M) 1.160ms
[95.766s][info][gc] GC(1580) Pause Young (Allocation Failure) 11M->5M(19M) 0.659ms
[95.777s][info][gc] GC(1581) Pause Young (Allocation Failure) 11M->5M(19M) 0.711ms
[95.788s][info][gc] GC(1582) Pause Young (Allocation Failure) 11M->5M(19M) 0.753ms
[95.798s][info][gc] GC(1583) Pause Young (Allocation Failure) 11M->5M(19M) 1.102ms
[95.809s][info][gc] GC(1584) Pause Young (Allocation Failure) 11M->5M(19M) 0.972ms
[95.819s][info][gc] GC(1585) Pause Young (Allocation Failure) 11M->5M(19M) 1.015ms
[95.830s][info][gc] GC(1586) Pause Young (Allocation Failure) 11M->5M(19M) 0.472ms
[95.844s][info][gc] GC(1587) Pause Young (Allocation Failure) 11M->5M(19M) 0.956ms
[95.853s][info][gc] GC(1588) Pause Young (Allocation Failure) 11M->5M(19M) 0.637ms
[95.865s][info][gc] GC(1589) Pause Young (Allocation Failure) 11M->5M(19M) 0.602ms
[95.875s][info][gc] GC(1590) Pause Young (Allocation Failure) 11M->6M(19M) 0.615ms
[95.886s][info][gc] GC(1591) Pause Young (Allocation Failure) 11M->5M(19M) 2.027ms
[95.897s][info][gc] GC(1592) Pause Young (Allocation Failure) 11M->6M(19M) 1.188ms
[95.913s][info][gc] GC(1593) Pause Young (Allocation Failure) 11M->6M(19M) 0.984ms
[95.928s][info][gc] GC(1594) Pause Young (Allocation Failure) 11M->5M(19M) 1.783ms
[95.944s][info][gc] GC(1595) Pause Young (Allocation Failure) 11M->5M(19M) 0.885ms
[95.962s][info][gc] GC(1596) Pause Young (Allocation Failure) 11M->5M(19M) 0.719ms
[95.990s][info][gc] GC(1597) Pause Young (Allocation Failure) 11M->5M(19M) 0.693ms
[96.012s][info][gc] GC(1598) Pause Young (Allocation Failure) 11M->6M(19M) 1.058ms
[96.031s][info][gc] GC(1599) Pause Young (Allocation Failure) 11M->6M(19M) 0.836ms
[96.044s][info][gc] GC(1600) Pause Young (Allocation Failure) 11M->5M(19M) 0.834ms
[96.063s][info][gc] GC(1601) Pause Young (Allocation Failure) 11M->6M(19M) 1.314ms
[96.085s][info][gc] GC(1602) Pause Young (Allocation Failure) 11M->5M(19M) 0.748ms
[96.102s][info][gc] GC(1603) Pause Young (Allocation Failure) 11M->6M(19M) 1.065ms
[96.116s][info][gc] GC(1604) Pause Young (Allocation Failure) 11M->6M(19M) 0.808ms
[96.129s][info][gc] GC(1605) Pause Young (Allocation Failure) 11M->6M(19M) 1.117ms
[96.141s][info][gc] GC(1606) Pause Young (Allocation Failure) 11M->6M(19M) 0.953ms
[96.151s][info][gc] GC(1607) Pause Young (Allocation Failure) 11M->6M(19M) 0.619ms
[96.160s][info][gc] GC(1608) Pause Young (Allocation Failure) 11M->6M(19M) 0.655ms
[96.171s][info][gc] GC(1609) Pause Young (Allocation Failure) 11M->6M(19M) 0.652ms
[96.182s][info][gc] GC(1610) Pause Young (Allocation Failure) 11M->5M(19M) 0.546ms
[96.191s][info][gc] GC(1611) Pause Young (Allocation Failure) 11M->6M(19M) 0.670ms
[96.201s][info][gc] GC(1612) Pause Young (Allocation Failure) 11M->6M(19M) 0.630ms
[96.213s][info][gc] GC(1613) Pause Young (Allocation Failure) 11M->6M(19M) 0.652ms
[96.223s][info][gc] GC(1614) Pause Young (Allocation Failure) 11M->5M(19M) 0.481ms
[96.234s][info][gc] GC(1615) Pause Young (Allocation Failure) 11M->6M(19M) 2.011ms
[96.245s][info][gc] GC(1616) Pause Young (Allocation Failure) 11M->6M(19M) 0.628ms
[96.255s][info][gc] GC(1617) Pause Young (Allocation Failure) 11M->6M(19M) 0.807ms
[96.266s][info][gc] GC(1618) Pause Young (Allocation Failure) 11M->6M(19M) 0.624ms
[96.276s][info][gc] GC(1619) Pause Young (Allocation Failure) 11M->6M(19M) 0.652ms
[96.286s][info][gc] GC(1620) Pause Young (Allocation Failure) 11M->6M(19M) 0.595ms
[96.295s][info][gc] GC(1621) Pause Young (Allocation Failure) 11M->6M(19M) 0.960ms
[96.306s][info][gc] GC(1622) Pause Young (Allocation Failure) 11M->6M(19M) 0.703ms
[96.320s][info][gc] GC(1623) Pause Young (Allocation Failure) 11M->6M(19M) 0.701ms
[96.332s][info][gc] GC(1624) Pause Young (Allocation Failure) 11M->6M(19M) 1.148ms
[96.345s][info][gc] GC(1625) Pause Young (Allocation Failure) 11M->6M(19M) 0.823ms
[96.357s][info][gc] GC(1626) Pause Young (Allocation Failure) 11M->6M(19M) 0.635ms
[96.372s][info][gc] GC(1627) Pause Young (Allocation Failure) 11M->6M(19M) 0.798ms
[96.383s][info][gc] GC(1628) Pause Young (Allocation Failure) 11M->6M(19M) 0.641ms
[96.395s][info][gc] GC(1629) Pause Young (Allocation Failure) 11M->6M(19M) 0.970ms
[96.407s][info][gc] GC(1630) Pause Young (Allocation Failure) 11M->6M(19M) 0.799ms
[96.419s][info][gc] GC(1631) Pause Young (Allocation Failure) 11M->6M(19M) 0.648ms
[96.431s][info][gc] GC(1632) Pause Young (Allocation Failure) 11M->6M(19M) 0.474ms
[96.442s][info][gc] GC(1633) Pause Young (Allocation Failure) 11M->6M(19M) 0.984ms
[96.458s][info][gc] GC(1634) Pause Young (Allocation Failure) 11M->6M(19M) 1.096ms
[96.478s][info][gc] GC(1635) Pause Young (Allocation Failure) 11M->6M(19M) 1.035ms
[96.487s][info][gc] GC(1636) Pause Young (Allocation Failure) 11M->6M(19M) 0.880ms
[96.496s][info][gc] GC(1637) Pause Young (Allocation Failure) 11M->6M(19M) 0.614ms
[96.507s][info][gc] GC(1638) Pause Young (Allocation Failure) 11M->6M(19M) 0.532ms
[96.516s][info][gc] GC(1639) Pause Young (Allocation Failure) 11M->6M(19M) 0.461ms
[96.526s][info][gc] GC(1640) Pause Young (Allocation Failure) 11M->6M(19M) 0.636ms
[96.538s][info][gc] GC(1641) Pause Young (Allocation Failure) 11M->6M(19M) 0.837ms
[96.547s][info][gc] GC(1642) Pause Young (Allocation Failure) 11M->6M(19M) 0.522ms
[96.557s][info][gc] GC(1643) Pause Young (Allocation Failure) 11M->6M(19M) 0.487ms
[96.567s][info][gc] GC(1644) Pause Young (Allocation Failure) 11M->6M(19M) 1.495ms
[96.576s][info][gc] GC(1645) Pause Young (Allocation Failure) 11M->6M(19M) 0.602ms
[96.586s][info][gc] GC(1646) Pause Young (Allocation Failure) 11M->6M(19M) 0.706ms
[96.596s][info][gc] GC(1647) Pause Young (Allocation Failure) 11M->6M(19M) 1.419ms
[96.606s][info][gc] GC(1648) Pause Young (Allocation Failure) 11M->6M(19M) 0.632ms
[96.615s][info][gc] GC(1649) Pause Young (Allocation Failure) 11M->6M(19M) 0.787ms
[96.626s][info][gc] GC(1650) Pause Young (Allocation Failure) 11M->6M(19M) 0.453ms
[96.636s][info][gc] GC(1651) Pause Young (Allocation Failure) 11M->6M(19M) 0.708ms
[96.647s][info][gc] GC(1652) Pause Young (Allocation Failure) 11M->6M(19M) 0.614ms
[96.657s][info][gc] GC(1653) Pause Young (Allocation Failure) 11M->6M(19M) 0.609ms
[96.666s][info][gc] GC(1654) Pause Young (Allocation Failure) 11M->6M(19M) 0.610ms
[96.675s][info][gc] GC(1655) Pause Young (Allocation Failure) 11M->6M(19M) 0.670ms
[96.684s][info][gc] GC(1656) Pause Young (Allocation Failure) 11M->6M(19M) 0.614ms
[96.694s][info][gc] GC(1657) Pause Young (Allocation Failure) 11M->6M(19M) 0.649ms
[96.703s][info][gc] GC(1658) Pause Young (Allocation Failure) 11M->6M(19M) 0.624ms
[96.712s][info][gc] GC(1659) Pause Young (Allocation Failure) 11M->6M(19M) 0.531ms
[96.722s][info][gc] GC(1660) Pause Young (Allocation Failure) 11M->6M(19M) 0.692ms
[96.731s][info][gc] GC(1661) Pause Young (Allocation Failure) 11M->6M(19M) 0.657ms
[96.742s][info][gc] GC(1662) Pause Young (Allocation Failure) 11M->6M(19M) 0.666ms
[96.752s][info][gc] GC(1663) Pause Young (Allocation Failure) 11M->6M(19M) 1.605ms
[96.761s][info][gc] GC(1664) Pause Young (Allocation Failure) 11M->6M(19M) 0.498ms
[96.772s][info][gc] GC(1665) Pause Young (Allocation Failure) 11M->6M(19M) 1.394ms
[96.781s][info][gc] GC(1666) Pause Young (Allocation Failure) 11M->6M(19M) 0.908ms
[96.791s][info][gc] GC(1667) Pause Young (Allocation Failure) 11M->6M(19M) 0.672ms
[96.800s][info][gc] GC(1668) Pause Young (Allocation Failure) 11M->6M(19M) 0.532ms
[96.809s][info][gc] GC(1669) Pause Young (Allocation Failure) 11M->6M(19M) 0.658ms
[96.819s][info][gc] GC(1670) Pause Young (Allocation Failure) 11M->6M(19M) 0.704ms
[96.828s][info][gc] GC(1671) Pause Young (Allocation Failure) 11M->6M(19M) 0.736ms
[96.837s][info][gc] GC(1672) Pause Young (Allocation Failure) 11M->6M(19M) 0.656ms
[96.847s][info][gc] GC(1673) Pause Young (Allocation Failure) 11M->6M(19M) 0.692ms
[96.858s][info][gc] GC(1674) Pause Young (Allocation Failure) 11M->6M(19M) 0.626ms
[96.867s][info][gc] GC(1675) Pause Young (Allocation Failure) 11M->6M(19M) 0.580ms
[96.878s][info][gc] GC(1676) Pause Young (Allocation Failure) 11M->6M(19M) 0.726ms
[96.890s][info][gc] GC(1677) Pause Young (Allocation Failure) 11M->6M(19M) 0.704ms
[96.899s][info][gc] GC(1678) Pause Young (Allocation Failure) 11M->6M(19M) 0.687ms
[96.909s][info][gc] GC(1679) Pause Young (Allocation Failure) 11M->6M(19M) 0.704ms
[96.918s][info][gc] GC(1680) Pause Young (Allocation Failure) 11M->6M(19M) 0.670ms
[96.927s][info][gc] GC(1681) Pause Young (Allocation Failure) 11M->6M(19M) 0.604ms
[96.937s][info][gc] GC(1682) Pause Young (Allocation Failure) 11M->6M(19M) 1.120ms
[96.947s][info][gc] GC(1683) Pause Young (Allocation Failure) 11M->6M(19M) 0.683ms
[96.961s][info][gc] GC(1684) Pause Young (Allocation Failure) 11M->6M(19M) 0.895ms
[96.979s][info][gc] GC(1685) Pause Young (Allocation Failure) 11M->6M(19M) 0.665ms
[96.989s][info][gc] GC(1686) Pause Young (Allocation Failure) 11M->6M(19M) 0.621ms
[96.998s][info][gc] GC(1687) Pause Young (Allocation Failure) 11M->6M(19M) 0.830ms
[97.008s][info][gc] GC(1688) Pause Young (Allocation Failure) 11M->6M(19M) 0.614ms
[97.020s][info][gc] GC(1689) Pause Young (Allocation Failure) 11M->6M(19M) 0.659ms
[97.029s][info][gc] GC(1690) Pause Young (Allocation Failure) 11M->6M(19M) 0.613ms
[97.039s][info][gc] GC(1691) Pause Young (Allocation Failure) 11M->6M(19M) 0.712ms
[97.053s][info][gc] GC(1692) Pause Young (Allocation Failure) 11M->6M(19M) 0.712ms
[97.063s][info][gc] GC(1693) Pause Young (Allocation Failure) 11M->6M(19M) 0.984ms
[97.073s][info][gc] GC(1694) Pause Young (Allocation Failure) 11M->6M(19M) 0.551ms
[97.082s][info][gc] GC(1695) Pause Young (Allocation Failure) 11M->6M(19M) 0.713ms
[97.091s][info][gc] GC(1696) Pause Young (Allocation Failure) 11M->6M(19M) 0.681ms
[97.102s][info][gc] GC(1697) Pause Young (Allocation Failure) 11M->6M(19M) 0.679ms
[97.111s][info][gc] GC(1698) Pause Young (Allocation Failure) 11M->6M(19M) 0.632ms
[97.120s][info][gc] GC(1699) Pause Young (Allocation Failure) 11M->6M(19M) 0.577ms
[97.129s][info][gc] GC(1700) Pause Young (Allocation Failure) 11M->6M(19M) 0.652ms
[97.139s][info][gc] GC(1701) Pause Young (Allocation Failure) 11M->6M(19M) 0.693ms
[97.149s][info][gc] GC(1702) Pause Young (Allocation Failure) 11M->6M(19M) 0.700ms
[97.160s][info][gc] GC(1703) Pause Young (Allocation Failure) 11M->6M(19M) 0.703ms
[97.169s][info][gc] GC(1704) Pause Young (Allocation Failure) 11M->6M(19M) 0.935ms
[97.179s][info][gc] GC(1705) Pause Young (Allocation Failure) 11M->6M(19M) 1.243ms
[97.193s][info][gc] GC(1706) Pause Young (Allocation Failure) 11M->6M(19M) 0.526ms
[97.205s][info][gc] GC(1707) Pause Young (Allocation Failure) 11M->6M(19M) 0.721ms
[97.217s][info][gc] GC(1708) Pause Young (Allocation Failure) 11M->6M(19M) 0.992ms
[97.232s][info][gc] GC(1709) Pause Young (Allocation Failure) 11M->6M(19M) 0.716ms
[97.247s][info][gc] GC(1710) Pause Young (Allocation Failure) 11M->6M(19M) 0.788ms
[97.273s][info][gc] GC(1711) Pause Young (Allocation Failure) 11M->6M(19M) 1.453ms
[97.288s][info][gc] GC(1712) Pause Young (Allocation Failure) 11M->6M(19M) 1.342ms
[97.309s][info][gc] GC(1713) Pause Young (Allocation Failure) 11M->6M(19M) 0.993ms
[97.325s][info][gc] GC(1714) Pause Young (Allocation Failure) 11M->6M(19M) 1.007ms
[97.337s][info][gc] GC(1715) Pause Young (Allocation Failure) 11M->6M(19M) 0.636ms
[97.349s][info][gc] GC(1716) Pause Young (Allocation Failure) 11M->6M(19M) 1.363ms
[97.359s][info][gc] GC(1717) Pause Young (Allocation Failure) 11M->6M(19M) 0.935ms
[97.368s][info][gc] GC(1718) Pause Young (Allocation Failure) 11M->6M(19M) 0.660ms
[97.378s][info][gc] GC(1719) Pause Young (Allocation Failure) 11M->6M(19M) 0.630ms
[97.389s][info][gc] GC(1720) Pause Young (Allocation Failure) 11M->6M(19M) 0.647ms
[97.398s][info][gc] GC(1721) Pause Young (Allocation Failure) 11M->6M(19M) 0.731ms
[97.408s][info][gc] GC(1722) Pause Young (Allocation Failure) 11M->6M(19M) 0.473ms
[97.418s][info][gc] GC(1723) Pause Young (Allocation Failure) 11M->6M(19M) 1.003ms
[97.427s][info][gc] GC(1724) Pause Young (Allocation Failure) 11M->6M(19M) 0.616ms
[97.436s][info][gc] GC(1725) Pause Young (Allocation Failure) 11M->6M(19M) 0.665ms
[97.446s][info][gc] GC(1726) Pause Young (Allocation Failure) 11M->6M(19M) 0.977ms
[97.457s][info][gc] GC(1727) Pause Young (Allocation Failure) 11M->6M(19M) 0.879ms
[97.474s][info][gc] GC(1728) Pause Young (Allocation Failure) 11M->6M(19M) 0.785ms
[97.486s][info][gc] GC(1729) Pause Young (Allocation Failure) 11M->6M(19M) 1.953ms
[97.496s][info][gc] GC(1730) Pause Young (Allocation Failure) 11M->6M(19M) 0.899ms
[97.511s][info][gc] GC(1731) Pause Young (Allocation Failure) 11M->6M(19M) 0.664ms
[97.523s][info][gc] GC(1732) Pause Young (Allocation Failure) 11M->6M(19M) 1.524ms
[97.536s][info][gc] GC(1733) Pause Young (Allocation Failure) 11M->6M(19M) 1.419ms
[97.550s][info][gc] GC(1734) Pause Young (Allocation Failure) 11M->6M(19M) 1.010ms
[97.563s][info][gc] GC(1735) Pause Young (Allocation Failure) 11M->6M(19M) 0.702ms
[97.574s][info][gc] GC(1736) Pause Young (Allocation Failure) 11M->6M(19M) 0.820ms
[97.587s][info][gc] GC(1737) Pause Young (Allocation Failure) 11M->6M(19M) 0.966ms
[97.598s][info][gc] GC(1738) Pause Young (Allocation Failure) 11M->6M(19M) 0.647ms
[97.611s][info][gc] GC(1739) Pause Young (Allocation Failure) 11M->6M(19M) 0.957ms
[97.624s][info][gc] GC(1740) Pause Young (Allocation Failure) 11M->6M(19M) 0.554ms
[97.637s][info][gc] GC(1741) Pause Young (Allocation Failure) 11M->6M(19M) 0.644ms
[97.648s][info][gc] GC(1742) Pause Young (Allocation Failure) 11M->6M(19M) 0.981ms
[97.657s][info][gc] GC(1743) Pause Young (Allocation Failure) 11M->6M(19M) 0.619ms
[97.666s][info][gc] GC(1744) Pause Young (Allocation Failure) 11M->6M(19M) 0.627ms
[97.676s][info][gc] GC(1745) Pause Young (Allocation Failure) 11M->6M(19M) 0.693ms
[97.685s][info][gc] GC(1746) Pause Young (Allocation Failure) 11M->6M(19M) 0.783ms
[97.694s][info][gc] GC(1747) Pause Young (Allocation Failure) 11M->6M(19M) 0.822ms
[97.705s][info][gc] GC(1748) Pause Young (Allocation Failure) 11M->6M(19M) 0.716ms
[97.715s][info][gc] GC(1749) Pause Young (Allocation Failure) 11M->6M(19M) 0.640ms
[97.725s][info][gc] GC(1750) Pause Young (Allocation Failure) 11M->6M(19M) 0.642ms
[97.734s][info][gc] GC(1751) Pause Young (Allocation Failure) 11M->6M(19M) 0.607ms
[97.743s][info][gc] GC(1752) Pause Young (Allocation Failure) 11M->6M(19M) 0.621ms
[97.753s][info][gc] GC(1753) Pause Young (Allocation Failure) 11M->6M(19M) 0.647ms
[97.763s][info][gc] GC(1754) Pause Young (Allocation Failure) 11M->6M(19M) 0.629ms
[97.773s][info][gc] GC(1755) Pause Young (Allocation Failure) 11M->6M(19M) 0.652ms
[97.782s][info][gc] GC(1756) Pause Young (Allocation Failure) 11M->6M(19M) 0.621ms
[97.792s][info][gc] GC(1757) Pause Young (Allocation Failure) 11M->6M(19M) 0.744ms
[97.801s][info][gc] GC(1758) Pause Young (Allocation Failure) 11M->6M(19M) 0.614ms
[97.810s][info][gc] GC(1759) Pause Young (Allocation Failure) 11M->6M(19M) 0.635ms
[97.819s][info][gc] GC(1760) Pause Young (Allocation Failure) 11M->6M(19M) 0.775ms
[97.829s][info][gc] GC(1761) Pause Young (Allocation Failure) 11M->6M(19M) 0.724ms
[97.838s][info][gc] GC(1762) Pause Young (Allocation Failure) 11M->6M(19M) 0.695ms
[97.848s][info][gc] GC(1763) Pause Young (Allocation Failure) 11M->6M(19M) 0.556ms
[97.857s][info][gc] GC(1764) Pause Young (Allocation Failure) 11M->6M(19M) 0.935ms
[97.866s][info][gc] GC(1765) Pause Young (Allocation Failure) 11M->6M(19M) 0.530ms
[97.876s][info][gc] GC(1766) Pause Young (Allocation Failure) 11M->6M(19M) 0.687ms
[97.885s][info][gc] GC(1767) Pause Young (Allocation Failure) 11M->6M(19M) 0.680ms
[97.895s][info][gc] GC(1768) Pause Young (Allocation Failure) 11M->6M(19M) 1.942ms
[97.905s][info][gc] GC(1769) Pause Young (Allocation Failure) 11M->6M(19M) 0.636ms
[97.914s][info][gc] GC(1770) Pause Young (Allocation Failure) 11M->6M(19M) 0.636ms
[97.924s][info][gc] GC(1771) Pause Young (Allocation Failure) 11M->6M(19M) 0.537ms
[97.933s][info][gc] GC(1772) Pause Young (Allocation Failure) 11M->6M(19M) 0.611ms
[97.942s][info][gc] GC(1773) Pause Young (Allocation Failure) 11M->6M(19M) 0.578ms
[97.952s][info][gc] GC(1774) Pause Young (Allocation Failure) 11M->6M(19M) 0.645ms
[97.963s][info][gc] GC(1775) Pause Young (Allocation Failure) 11M->6M(19M) 0.965ms
[97.982s][info][gc] GC(1776) Pause Young (Allocation Failure) 11M->6M(19M) 0.646ms
[97.992s][info][gc] GC(1777) Pause Young (Allocation Failure) 11M->6M(19M) 0.644ms
[98.004s][info][gc] GC(1778) Pause Young (Allocation Failure) 11M->6M(19M) 0.754ms
[98.014s][info][gc] GC(1779) Pause Young (Allocation Failure) 11M->6M(19M) 0.511ms
[98.023s][info][gc] GC(1780) Pause Young (Allocation Failure) 11M->6M(19M) 0.638ms
[98.032s][info][gc] GC(1781) Pause Young (Allocation Failure) 11M->6M(19M) 0.634ms
[98.042s][info][gc] GC(1782) Pause Young (Allocation Failure) 11M->6M(19M) 0.683ms
[98.053s][info][gc] GC(1783) Pause Young (Allocation Failure) 11M->6M(19M) 0.622ms
[98.062s][info][gc] GC(1784) Pause Young (Allocation Failure) 11M->6M(19M) 0.642ms
[98.073s][info][gc] GC(1785) Pause Young (Allocation Failure) 11M->6M(19M) 0.601ms
[98.082s][info][gc] GC(1786) Pause Young (Allocation Failure) 11M->6M(19M) 0.596ms
[98.091s][info][gc] GC(1787) Pause Young (Allocation Failure) 11M->6M(19M) 0.556ms
[98.101s][info][gc] GC(1788) Pause Young (Allocation Failure) 11M->6M(19M) 0.537ms
[98.111s][info][gc] GC(1789) Pause Young (Allocation Failure) 11M->6M(19M) 0.884ms
[98.122s][info][gc] GC(1790) Pause Young (Allocation Failure) 11M->6M(19M) 0.662ms
[98.131s][info][gc] GC(1791) Pause Young (Allocation Failure) 11M->6M(19M) 0.673ms
[98.141s][info][gc] GC(1792) Pause Young (Allocation Failure) 11M->6M(19M) 0.623ms
[98.150s][info][gc] GC(1793) Pause Young (Allocation Failure) 11M->6M(19M) 0.483ms
[98.160s][info][gc] GC(1794) Pause Young (Allocation Failure) 11M->6M(19M) 0.549ms
[98.169s][info][gc] GC(1795) Pause Young (Allocation Failure) 11M->6M(19M) 0.955ms
[98.179s][info][gc] GC(1796) Pause Young (Allocation Failure) 11M->6M(19M) 0.638ms
[98.188s][info][gc] GC(1797) Pause Young (Allocation Failure) 11M->6M(19M) 0.663ms
[98.198s][info][gc] GC(1798) Pause Young (Allocation Failure) 11M->6M(19M) 0.640ms
[98.207s][info][gc] GC(1799) Pause Young (Allocation Failure) 11M->6M(19M) 0.614ms
[98.216s][info][gc] GC(1800) Pause Young (Allocation Failure) 11M->6M(19M) 0.607ms
[98.227s][info][gc] GC(1801) Pause Young (Allocation Failure) 11M->6M(19M) 1.203ms
[98.238s][info][gc] GC(1802) Pause Young (Allocation Failure) 11M->6M(19M) 0.944ms
[98.248s][info][gc] GC(1803) Pause Young (Allocation Failure) 11M->6M(19M) 0.656ms
[98.257s][info][gc] GC(1804) Pause Young (Allocation Failure) 11M->6M(19M) 0.633ms
[98.267s][info][gc] GC(1805) Pause Young (Allocation Failure) 11M->6M(19M) 0.616ms
[98.276s][info][gc] GC(1806) Pause Young (Allocation Failure) 11M->6M(19M) 0.936ms
[98.287s][info][gc] GC(1807) Pause Young (Allocation Failure) 11M->6M(19M) 0.894ms
[98.298s][info][gc] GC(1808) Pause Young (Allocation Failure) 11M->6M(19M) 0.664ms
[98.308s][info][gc] GC(1809) Pause Young (Allocation Failure) 11M->6M(19M) 0.956ms
[98.319s][info][gc] GC(1810) Pause Young (Allocation Failure) 11M->6M(19M) 0.624ms
[98.330s][info][gc] GC(1811) Pause Young (Allocation Failure) 11M->6M(19M) 0.727ms
[98.346s][info][gc] GC(1812) Pause Young (Allocation Failure) 11M->6M(19M) 0.655ms
[98.359s][info][gc] GC(1813) Pause Young (Allocation Failure) 11M->6M(19M) 0.800ms
[98.374s][info][gc] GC(1814) Pause Young (Allocation Failure) 11M->6M(19M) 0.910ms
[98.386s][info][gc] GC(1815) Pause Young (Allocation Failure) 11M->6M(19M) 2.414ms
[98.397s][info][gc] GC(1816) Pause Young (Allocation Failure) 11M->6M(19M) 0.739ms
[98.407s][info][gc] GC(1817) Pause Young (Allocation Failure) 11M->6M(19M) 0.986ms
[98.420s][info][gc] GC(1818) Pause Young (Allocation Failure) 11M->6M(19M) 0.706ms
[98.432s][info][gc] GC(1819) Pause Young (Allocation Failure) 11M->6M(19M) 0.610ms
[98.442s][info][gc] GC(1820) Pause Young (Allocation Failure) 11M->6M(19M) 0.645ms
[98.457s][info][gc] GC(1821) Pause Young (Allocation Failure) 11M->6M(19M) 1.246ms
[98.478s][info][gc] GC(1822) Pause Young (Allocation Failure) 11M->6M(19M) 0.984ms
[98.493s][info][gc] GC(1823) Pause Young (Allocation Failure) 11M->6M(19M) 0.928ms
[98.504s][info][gc] GC(1824) Pause Young (Allocation Failure) 11M->6M(19M) 0.516ms
[98.517s][info][gc] GC(1825) Pause Young (Allocation Failure) 11M->6M(19M) 0.730ms
[98.531s][info][gc] GC(1826) Pause Young (Allocation Failure) 11M->6M(19M) 1.073ms
[98.542s][info][gc] GC(1827) Pause Young (Allocation Failure) 11M->6M(19M) 0.823ms
[98.551s][info][gc] GC(1828) Pause Young (Allocation Failure) 11M->6M(19M) 0.668ms
[98.560s][info][gc] GC(1829) Pause Young (Allocation Failure) 11M->6M(19M) 0.576ms
[98.569s][info][gc] GC(1830) Pause Young (Allocation Failure) 11M->6M(19M) 0.656ms
[98.578s][info][gc] GC(1831) Pause Young (Allocation Failure) 11M->6M(19M) 0.613ms
[98.587s][info][gc] GC(1832) Pause Young (Allocation Failure) 11M->6M(19M) 0.604ms
[98.597s][info][gc] GC(1833) Pause Young (Allocation Failure) 11M->6M(19M) 0.568ms
[98.606s][info][gc] GC(1834) Pause Young (Allocation Failure) 11M->6M(19M) 0.679ms
[98.617s][info][gc] GC(1835) Pause Young (Allocation Failure) 11M->6M(19M) 1.211ms
[98.628s][info][gc] GC(1836) Pause Young (Allocation Failure) 12M->6M(19M) 1.949ms
[98.637s][info][gc] GC(1837) Pause Young (Allocation Failure) 12M->6M(19M) 0.609ms
[98.646s][info][gc] GC(1838) Pause Young (Allocation Failure) 12M->6M(19M) 0.582ms
[98.657s][info][gc] GC(1839) Pause Young (Allocation Failure) 12M->6M(19M) 0.614ms
[98.668s][info][gc] GC(1840) Pause Young (Allocation Failure) 12M->6M(19M) 0.631ms
[98.682s][info][gc] GC(1841) Pause Young (Allocation Failure) 12M->6M(19M) 0.627ms
[98.697s][info][gc] GC(1842) Pause Young (Allocation Failure) 12M->6M(19M) 1.119ms
[98.707s][info][gc] GC(1843) Pause Young (Allocation Failure) 12M->6M(19M) 0.563ms
[98.719s][info][gc] GC(1844) Pause Young (Allocation Failure) 12M->6M(19M) 0.641ms
[98.731s][info][gc] GC(1845) Pause Young (Allocation Failure) 12M->6M(19M) 0.907ms
[98.743s][info][gc] GC(1846) Pause Young (Allocation Failure) 12M->6M(19M) 0.885ms
[98.755s][info][gc] GC(1847) Pause Young (Allocation Failure) 12M->6M(19M) 0.735ms
[98.768s][info][gc] GC(1848) Pause Young (Allocation Failure) 12M->6M(19M) 0.526ms
[98.779s][info][gc] GC(1849) Pause Young (Allocation Failure) 12M->6M(19M) 1.163ms
[98.793s][info][gc] GC(1850) Pause Young (Allocation Failure) 12M->6M(19M) 0.652ms
[98.803s][info][gc] GC(1851) Pause Young (Allocation Failure) 12M->6M(19M) 0.831ms
[98.818s][info][gc] GC(1852) Pause Young (Allocation Failure) 12M->6M(19M) 0.839ms
[98.830s][info][gc] GC(1853) Pause Young (Allocation Failure) 12M->6M(19M) 0.968ms
[98.839s][info][gc] GC(1854) Pause Young (Allocation Failure) 12M->6M(19M) 0.647ms
[98.849s][info][gc] GC(1855) Pause Young (Allocation Failure) 12M->6M(19M) 0.632ms
[98.861s][info][gc] GC(1856) Pause Young (Allocation Failure) 12M->6M(19M) 0.526ms
[98.871s][info][gc] GC(1857) Pause Young (Allocation Failure) 12M->6M(19M) 0.675ms
[98.880s][info][gc] GC(1858) Pause Young (Allocation Failure) 12M->6M(19M) 0.628ms
[98.889s][info][gc] GC(1859) Pause Young (Allocation Failure) 12M->6M(19M) 0.608ms
[98.900s][info][gc] GC(1860) Pause Young (Allocation Failure) 12M->7M(19M) 0.632ms
[98.909s][info][gc] GC(1861) Pause Young (Allocation Failure) 12M->6M(19M) 0.630ms
[98.919s][info][gc] GC(1862) Pause Young (Allocation Failure) 12M->6M(19M) 1.060ms
[98.929s][info][gc] GC(1863) Pause Young (Allocation Failure) 12M->7M(19M) 1.371ms
[98.939s][info][gc] GC(1864) Pause Young (Allocation Failure) 12M->6M(19M) 0.586ms
[98.948s][info][gc] GC(1865) Pause Young (Allocation Failure) 12M->6M(19M) 0.528ms
[98.958s][info][gc] GC(1866) Pause Young (Allocation Failure) 12M->7M(19M) 0.646ms
[98.974s][info][gc] GC(1867) Pause Young (Allocation Failure) 12M->7M(19M) 0.980ms
[98.988s][info][gc] GC(1868) Pause Young (Allocation Failure) 12M->6M(19M) 1.425ms
[99.001s][info][gc] GC(1869) Pause Young (Allocation Failure) 12M->6M(19M) 1.125ms
[99.014s][info][gc] GC(1870) Pause Young (Allocation Failure) 12M->6M(19M) 0.561ms
[99.025s][info][gc] GC(1871) Pause Young (Allocation Failure) 12M->7M(19M) 0.657ms
[99.034s][info][gc] GC(1872) Pause Young (Allocation Failure) 12M->7M(19M) 0.619ms
[99.044s][info][gc] GC(1873) Pause Young (Allocation Failure) 12M->7M(19M) 0.804ms
[99.054s][info][gc] GC(1874) Pause Young (Allocation Failure) 12M->7M(19M) 0.631ms
[99.064s][info][gc] GC(1875) Pause Young (Allocation Failure) 12M->7M(19M) 0.612ms
[99.073s][info][gc] GC(1876) Pause Young (Allocation Failure) 12M->6M(19M) 0.518ms
[99.082s][info][gc] GC(1877) Pause Young (Allocation Failure) 12M->7M(19M) 0.622ms
[99.093s][info][gc] GC(1878) Pause Young (Allocation Failure) 12M->7M(19M) 0.632ms
[99.104s][info][gc] GC(1879) Pause Young (Allocation Failure) 12M->7M(19M) 0.663ms
[99.115s][info][gc] GC(1880) Pause Young (Allocation Failure) 12M->7M(19M) 1.880ms
[99.124s][info][gc] GC(1881) Pause Young (Allocation Failure) 12M->7M(19M) 0.569ms
[99.134s][info][gc] GC(1882) Pause Young (Allocation Failure) 12M->6M(19M) 0.543ms
[99.144s][info][gc] GC(1883) Pause Young (Allocation Failure) 12M->7M(19M) 0.694ms
[99.153s][info][gc] GC(1884) Pause Young (Allocation Failure) 12M->7M(19M) 0.670ms
[99.163s][info][gc] GC(1885) Pause Young (Allocation Failure) 12M->7M(19M) 0.607ms
[99.172s][info][gc] GC(1886) Pause Young (Allocation Failure) 12M->7M(19M) 0.644ms
[99.181s][info][gc] GC(1887) Pause Young (Allocation Failure) 12M->7M(19M) 0.637ms
[99.191s][info][gc] GC(1888) Pause Young (Allocation Failure) 12M->6M(19M) 0.516ms
[99.200s][info][gc] GC(1889) Pause Young (Allocation Failure) 12M->7M(19M) 0.651ms
[99.210s][info][gc] GC(1890) Pause Young (Allocation Failure) 12M->7M(19M) 0.674ms
[99.220s][info][gc] GC(1891) Pause Young (Allocation Failure) 12M->7M(19M) 0.692ms
[99.229s][info][gc] GC(1892) Pause Young (Allocation Failure) 12M->7M(19M) 0.624ms
[99.238s][info][gc] GC(1893) Pause Young (Allocation Failure) 12M->7M(19M) 0.582ms
[99.247s][info][gc] GC(1894) Pause Young (Allocation Failure) 12M->7M(19M) 0.586ms
[99.258s][info][gc] GC(1895) Pause Young (Allocation Failure) 12M->7M(19M) 0.764ms
[99.268s][info][gc] GC(1896) Pause Young (Allocation Failure) 12M->7M(19M) 0.644ms
[99.277s][info][gc] GC(1897) Pause Young (Allocation Failure) 12M->7M(19M) 0.647ms
[99.287s][info][gc] GC(1898) Pause Young (Allocation Failure) 12M->7M(19M) 0.731ms
[99.296s][info][gc] GC(1899) Pause Young (Allocation Failure) 12M->7M(19M) 0.522ms
[99.308s][info][gc] GC(1900) Pause Young (Allocation Failure) 12M->7M(19M) 0.889ms
[99.318s][info][gc] GC(1901) Pause Young (Allocation Failure) 12M->7M(19M) 0.659ms
[99.328s][info][gc] GC(1902) Pause Young (Allocation Failure) 12M->7M(19M) 0.625ms
[99.339s][info][gc] GC(1903) Pause Young (Allocation Failure) 12M->7M(19M) 1.477ms
[99.349s][info][gc] GC(1904) Pause Young (Allocation Failure) 12M->7M(19M) 0.540ms
[99.359s][info][gc] GC(1905) Pause Young (Allocation Failure) 12M->7M(19M) 0.994ms
[99.370s][info][gc] GC(1906) Pause Young (Allocation Failure) 12M->7M(19M) 0.823ms
[99.380s][info][gc] GC(1907) Pause Young (Allocation Failure) 12M->7M(19M) 0.905ms
[99.390s][info][gc] GC(1908) Pause Young (Allocation Failure) 12M->7M(19M) 0.833ms
[99.400s][info][gc] GC(1909) Pause Young (Allocation Failure) 12M->7M(19M) 1.022ms
[99.410s][info][gc] GC(1910) Pause Young (Allocation Failure) 12M->7M(19M) 1.036ms
[99.420s][info][gc] GC(1911) Pause Young (Allocation Failure) 12M->7M(19M) 0.641ms
[99.431s][info][gc] GC(1912) Pause Young (Allocation Failure) 12M->7M(19M) 0.701ms
[99.440s][info][gc] GC(1913) Pause Young (Allocation Failure) 12M->7M(19M) 0.467ms
[99.450s][info][gc] GC(1914) Pause Young (Allocation Failure) 12M->7M(19M) 0.646ms
[99.459s][info][gc] GC(1915) Pause Young (Allocation Failure) 12M->7M(19M) 0.634ms
[99.472s][info][gc] GC(1916) Pause Young (Allocation Failure) 12M->7M(19M) 0.854ms
[99.485s][info][gc] GC(1917) Pause Young (Allocation Failure) 12M->7M(19M) 1.026ms
[99.494s][info][gc] GC(1918) Pause Young (Allocation Failure) 12M->7M(19M) 0.644ms
[99.504s][info][gc] GC(1919) Pause Young (Allocation Failure) 12M->7M(19M) 0.707ms
[99.514s][info][gc] GC(1920) Pause Young (Allocation Failure) 12M->7M(19M) 0.565ms
[99.523s][info][gc] GC(1921) Pause Young (Allocation Failure) 12M->7M(19M) 0.703ms
[99.534s][info][gc] GC(1922) Pause Young (Allocation Failure) 12M->7M(19M) 0.791ms
[99.545s][info][gc] GC(1923) Pause Young (Allocation Failure) 12M->7M(19M) 0.639ms
[99.556s][info][gc] GC(1924) Pause Young (Allocation Failure) 12M->7M(19M) 0.647ms
[99.568s][info][gc] GC(1925) Pause Young (Allocation Failure) 12M->7M(19M) 0.554ms
[99.579s][info][gc] GC(1926) Pause Young (Allocation Failure) 12M->7M(19M) 0.503ms
[99.590s][info][gc] GC(1927) Pause Young (Allocation Failure) 12M->7M(19M) 0.641ms
[99.603s][info][gc] GC(1928) Pause Young (Allocation Failure) 12M->7M(19M) 0.622ms
[99.614s][info][gc] GC(1929) Pause Young (Allocation Failure) 12M->7M(19M) 0.763ms
[99.626s][info][gc] GC(1930) Pause Young (Allocation Failure) 12M->7M(19M) 0.894ms
[99.637s][info][gc] GC(1931) Pause Young (Allocation Failure) 12M->7M(19M) 0.946ms
[99.648s][info][gc] GC(1932) Pause Young (Allocation Failure) 12M->7M(19M) 0.714ms
[99.658s][info][gc] GC(1933) Pause Young (Allocation Failure) 12M->7M(19M) 0.641ms
[99.670s][info][gc] GC(1934) Pause Young (Allocation Failure) 12M->7M(19M) 0.680ms
[99.683s][info][gc] GC(1935) Pause Young (Allocation Failure) 12M->7M(19M) 0.649ms
[99.694s][info][gc] GC(1936) Pause Young (Allocation Failure) 12M->7M(19M) 0.628ms
[99.706s][info][gc] GC(1937) Pause Young (Allocation Failure) 12M->7M(19M) 0.822ms
[99.718s][info][gc] GC(1938) Pause Young (Allocation Failure) 12M->7M(19M) 0.729ms
[99.727s][info][gc] GC(1939) Pause Young (Allocation Failure) 12M->7M(19M) 0.821ms
[99.736s][info][gc] GC(1940) Pause Young (Allocation Failure) 12M->7M(19M) 0.619ms
[99.746s][info][gc] GC(1941) Pause Young (Allocation Failure) 12M->7M(19M) 0.641ms
[99.755s][info][gc] GC(1942) Pause Young (Allocation Failure) 12M->7M(19M) 0.602ms
[99.764s][info][gc] GC(1943) Pause Young (Allocation Failure) 12M->7M(19M) 0.534ms
[99.774s][info][gc] GC(1944) Pause Young (Allocation Failure) 12M->7M(19M) 0.692ms
[99.786s][info][gc] GC(1945) Pause Young (Allocation Failure) 12M->7M(19M) 0.688ms
[99.795s][info][gc] GC(1946) Pause Young (Allocation Failure) 12M->7M(19M) 0.693ms
[99.805s][info][gc] GC(1947) Pause Young (Allocation Failure) 12M->7M(19M) 0.726ms
[99.814s][info][gc] GC(1948) Pause Young (Allocation Failure) 12M->7M(19M) 0.521ms
[99.824s][info][gc] GC(1949) Pause Young (Allocation Failure) 12M->7M(19M) 1.306ms
[99.834s][info][gc] GC(1950) Pause Young (Allocation Failure) 12M->7M(19M) 1.292ms
[99.844s][info][gc] GC(1951) Pause Young (Allocation Failure) 12M->7M(19M) 0.630ms
[99.854s][info][gc] GC(1952) Pause Young (Allocation Failure) 12M->7M(19M) 0.647ms
[99.867s][info][gc] GC(1953) Pause Young (Allocation Failure) 12M->7M(19M) 0.782ms
[99.877s][info][gc] GC(1954) Pause Young (Allocation Failure) 12M->7M(19M) 0.754ms
[99.891s][info][gc] GC(1955) Pause Young (Allocation Failure) 12M->7M(19M) 0.650ms
[99.904s][info][gc] GC(1956) Pause Young (Allocation Failure) 12M->7M(19M) 0.673ms
[99.916s][info][gc] GC(1957) Pause Young (Allocation Failure) 12M->7M(19M) 1.255ms
[99.928s][info][gc] GC(1958) Pause Young (Allocation Failure) 12M->7M(19M) 0.777ms
[99.939s][info][gc] GC(1959) Pause Young (Allocation Failure) 12M->7M(19M) 0.624ms
[99.952s][info][gc] GC(1960) Pause Young (Allocation Failure) 12M->7M(19M) 1.375ms
[99.968s][info][gc] GC(1961) Pause Young (Allocation Failure) 12M->7M(19M) 1.613ms
[99.989s][info][gc] GC(1962) Pause Young (Allocation Failure) 12M->7M(19M) 0.970ms
[100.000s][info][gc] GC(1963) Pause Young (Allocation Failure) 12M->7M(19M) 0.758ms
[100.013s][info][gc] GC(1964) Pause Young (Allocation Failure) 12M->7M(19M) 0.891ms
[100.028s][info][gc] GC(1965) Pause Young (Allocation Failure) 12M->7M(19M) 0.621ms
[100.039s][info][gc] GC(1966) Pause Young (Allocation Failure) 12M->7M(19M) 0.650ms
[100.049s][info][gc] GC(1967) Pause Young (Allocation Failure) 12M->7M(19M) 0.630ms
[100.058s][info][gc] GC(1968) Pause Young (Allocation Failure) 12M->7M(19M) 0.664ms
[100.067s][info][gc] GC(1969) Pause Young (Allocation Failure) 12M->7M(19M) 0.637ms
[100.077s][info][gc] GC(1970) Pause Young (Allocation Failure) 12M->7M(19M) 0.672ms
[100.087s][info][gc] GC(1971) Pause Young (Allocation Failure) 12M->7M(19M) 0.661ms
[100.097s][info][gc] GC(1972) Pause Young (Allocation Failure) 12M->7M(19M) 0.585ms
[100.107s][info][gc] GC(1973) Pause Young (Allocation Failure) 12M->7M(19M) 0.690ms
[100.116s][info][gc] GC(1974) Pause Young (Allocation Failure) 12M->7M(19M) 0.699ms
[100.125s][info][gc] GC(1975) Pause Young (Allocation Failure) 12M->7M(19M) 0.552ms
[100.134s][info][gc] GC(1976) Pause Young (Allocation Failure) 12M->7M(19M) 0.718ms
[100.143s][info][gc] GC(1977) Pause Young (Allocation Failure) 12M->7M(19M) 0.656ms
[100.154s][info][gc] GC(1978) Pause Young (Allocation Failure) 12M->7M(19M) 0.633ms
[100.164s][info][gc] GC(1979) Pause Young (Allocation Failure) 12M->7M(19M) 0.531ms
[100.174s][info][gc] GC(1980) Pause Young (Allocation Failure) 12M->7M(19M) 0.653ms
[100.184s][info][gc] GC(1981) Pause Young (Allocation Failure) 12M->7M(19M) 1.151ms
[100.195s][info][gc] GC(1982) Pause Young (Allocation Failure) 12M->7M(19M) 0.688ms
[100.204s][info][gc] GC(1983) Pause Young (Allocation Failure) 12M->7M(19M) 0.716ms
[100.213s][info][gc] GC(1984) Pause Young (Allocation Failure) 12M->7M(19M) 0.688ms
[100.222s][info][gc] GC(1985) Pause Young (Allocation Failure) 12M->7M(19M) 0.833ms
[100.234s][info][gc] GC(1986) Pause Young (Allocation Failure) 12M->7M(19M) 0.532ms
[100.245s][info][gc] GC(1987) Pause Young (Allocation Failure) 12M->7M(19M) 0.629ms
[100.255s][info][gc] GC(1988) Pause Young (Allocation Failure) 12M->7M(19M) 0.672ms
[100.264s][info][gc] GC(1989) Pause Young (Allocation Failure) 12M->7M(19M) 0.683ms
[100.274s][info][gc] GC(1990) Pause Young (Allocation Failure) 12M->7M(19M) 0.642ms
[100.284s][info][gc] GC(1991) Pause Young (Allocation Failure) 12M->7M(19M) 0.509ms
[100.294s][info][gc] GC(1992) Pause Young (Allocation Failure) 12M->7M(19M) 0.720ms
[100.304s][info][gc] GC(1993) Pause Young (Allocation Failure) 12M->7M(19M) 0.885ms
[100.313s][info][gc] GC(1994) Pause Young (Allocation Failure) 12M->7M(19M) 0.612ms
[100.323s][info][gc] GC(1995) Pause Young (Allocation Failure) 12M->7M(19M) 0.687ms
[100.332s][info][gc] GC(1996) Pause Young (Allocation Failure) 12M->7M(19M) 0.689ms
[100.342s][info][gc] GC(1997) Pause Young (Allocation Failure) 12M->7M(19M) 0.796ms
[100.351s][info][gc] GC(1998) Pause Young (Allocation Failure) 12M->7M(19M) 0.682ms
[100.361s][info][gc] GC(1999) Pause Young (Allocation Failure) 12M->7M(19M) 1.080ms
[100.370s][info][gc] GC(2000) Pause Young (Allocation Failure) 12M->7M(19M) 0.528ms
[100.382s][info][gc] GC(2001) Pause Young (Allocation Failure) 12M->7M(19M) 0.979ms
[100.395s][info][gc] GC(2002) Pause Young (Allocation Failure) 12M->7M(19M) 0.980ms
[100.406s][info][gc] GC(2003) Pause Young (Allocation Failure) 12M->7M(19M) 0.662ms
[100.416s][info][gc] GC(2004) Pause Young (Allocation Failure) 12M->7M(19M) 0.641ms
[100.425s][info][gc] GC(2005) Pause Young (Allocation Failure) 12M->7M(19M) 0.690ms
[100.435s][info][gc] GC(2006) Pause Young (Allocation Failure) 12M->7M(19M) 0.525ms
[100.445s][info][gc] GC(2007) Pause Young (Allocation Failure) 12M->7M(19M) 1.161ms
[100.460s][info][gc] GC(2008) Pause Young (Allocation Failure) 12M->7M(19M) 0.948ms
[100.472s][info][gc] GC(2009) Pause Young (Allocation Failure) 12M->7M(19M) 0.935ms
[100.488s][info][gc] GC(2010) Pause Young (Allocation Failure) 12M->7M(19M) 0.866ms
[100.497s][info][gc] GC(2011) Pause Young (Allocation Failure) 12M->7M(19M) 0.532ms
[100.506s][info][gc] GC(2012) Pause Young (Allocation Failure) 12M->7M(19M) 0.651ms
[100.516s][info][gc] GC(2013) Pause Young (Allocation Failure) 12M->7M(19M) 0.712ms
[100.527s][info][gc] GC(2014) Pause Young (Allocation Failure) 12M->7M(19M) 0.700ms
[100.540s][info][gc] GC(2015) Pause Young (Allocation Failure) 12M->7M(19M) 0.654ms
[100.550s][info][gc] GC(2016) Pause Young (Allocation Failure) 12M->7M(19M) 0.963ms
[100.560s][info][gc] GC(2017) Pause Young (Allocation Failure) 12M->7M(19M) 0.541ms
[100.571s][info][gc] GC(2018) Pause Young (Allocation Failure) 12M->7M(19M) 0.485ms
[100.581s][info][gc] GC(2019) Pause Young (Allocation Failure) 12M->7M(19M) 0.684ms
[100.591s][info][gc] GC(2020) Pause Young (Allocation Failure) 12M->7M(19M) 0.957ms
[100.601s][info][gc] GC(2021) Pause Young (Allocation Failure) 12M->7M(19M) 0.930ms
[100.613s][info][gc] GC(2022) Pause Young (Allocation Failure) 12M->7M(19M) 1.563ms
[100.624s][info][gc] GC(2023) Pause Young (Allocation Failure) 12M->7M(19M) 0.478ms
[100.636s][info][gc] GC(2024) Pause Young (Allocation Failure) 12M->7M(19M) 0.522ms
[100.646s][info][gc] GC(2025) Pause Young (Allocation Failure) 12M->7M(19M) 0.645ms
[100.656s][info][gc] GC(2026) Pause Young (Allocation Failure) 12M->7M(19M) 0.933ms
[100.666s][info][gc] GC(2027) Pause Young (Allocation Failure) 12M->7M(19M) 0.684ms
[100.676s][info][gc] GC(2028) Pause Young (Allocation Failure) 12M->7M(19M) 0.648ms
[100.687s][info][gc] GC(2029) Pause Young (Allocation Failure) 12M->7M(19M) 0.537ms
[100.698s][info][gc] GC(2030) Pause Young (Allocation Failure) 12M->7M(19M) 0.973ms
[100.708s][info][gc] GC(2031) Pause Young (Allocation Failure) 12M->7M(19M) 0.634ms
[100.719s][info][gc] GC(2032) Pause Young (Allocation Failure) 12M->7M(19M) 0.952ms
[100.732s][info][gc] GC(2033) Pause Young (Allocation Failure) 12M->7M(19M) 0.928ms
[100.747s][info][gc] GC(2034) Pause Young (Allocation Failure) 12M->7M(19M) 0.591ms
[100.760s][info][gc] GC(2035) Pause Young (Allocation Failure) 12M->7M(19M) 0.987ms
[100.773s][info][gc] GC(2036) Pause Young (Allocation Failure) 12M->7M(19M) 0.941ms
[100.786s][info][gc] GC(2037) Pause Young (Allocation Failure) 12M->7M(19M) 0.940ms
[100.801s][info][gc] GC(2038) Pause Young (Allocation Failure) 12M->7M(19M) 0.971ms
[100.814s][info][gc] GC(2039) Pause Young (Allocation Failure) 12M->7M(19M) 0.908ms
[100.829s][info][gc] GC(2040) Pause Young (Allocation Failure) 12M->7M(19M) 1.261ms
[100.842s][info][gc] GC(2041) Pause Young (Allocation Failure) 12M->7M(19M) 0.473ms
[100.855s][info][gc] GC(2042) Pause Young (Allocation Failure) 12M->7M(19M) 1.019ms
[100.869s][info][gc] GC(2043) Pause Young (Allocation Failure) 12M->7M(19M) 0.899ms
[100.884s][info][gc] GC(2044) Pause Young (Allocation Failure) 12M->7M(19M) 0.776ms
[100.900s][info][gc] GC(2045) Pause Young (Allocation Failure) 12M->7M(19M) 0.734ms
[100.914s][info][gc] GC(2046) Pause Young (Allocation Failure) 12M->7M(19M) 0.945ms
[100.928s][info][gc] GC(2047) Pause Young (Allocation Failure) 12M->7M(19M) 0.576ms
[100.940s][info][gc] GC(2048) Pause Young (Allocation Failure) 12M->7M(19M) 0.941ms
[100.952s][info][gc] GC(2049) Pause Young (Allocation Failure) 12M->7M(19M) 0.939ms
[100.964s][info][gc] GC(2050) Pause Young (Allocation Failure) 12M->7M(19M) 0.968ms
[100.981s][info][gc] GC(2051) Pause Young (Allocation Failure) 12M->7M(19M) 0.943ms
[101.003s][info][gc] GC(2052) Pause Young (Allocation Failure) 12M->7M(19M) 1.006ms
[101.015s][info][gc] GC(2053) Pause Young (Allocation Failure) 12M->7M(19M) 0.468ms
[101.029s][info][gc] GC(2054) Pause Young (Allocation Failure) 12M->7M(19M) 1.585ms
[101.045s][info][gc] GC(2055) Pause Young (Allocation Failure) 12M->7M(19M) 0.940ms
[101.059s][info][gc] GC(2056) Pause Young (Allocation Failure) 12M->7M(19M) 1.037ms
[101.074s][info][gc] GC(2057) Pause Young (Allocation Failure) 12M->7M(19M) 0.906ms
[101.090s][info][gc] GC(2058) Pause Young (Allocation Failure) 12M->7M(19M) 2.179ms
[101.105s][info][gc] GC(2059) Pause Young (Allocation Failure) 12M->7M(19M) 0.968ms
[101.120s][info][gc] GC(2060) Pause Young (Allocation Failure) 12M->7M(19M) 0.971ms
[101.136s][info][gc] GC(2061) Pause Young (Allocation Failure) 12M->7M(19M) 0.887ms
[101.151s][info][gc] GC(2062) Pause Young (Allocation Failure) 12M->7M(19M) 0.721ms
[101.167s][info][gc] GC(2063) Pause Young (Allocation Failure) 12M->7M(19M) 1.030ms
[101.183s][info][gc] GC(2064) Pause Young (Allocation Failure) 12M->7M(19M) 1.484ms
[101.198s][info][gc] GC(2065) Pause Young (Allocation Failure) 12M->7M(19M) 0.945ms
[101.214s][info][gc] GC(2066) Pause Young (Allocation Failure) 12M->7M(19M) 1.224ms
[101.230s][info][gc] GC(2067) Pause Young (Allocation Failure) 12M->7M(19M) 0.790ms
[101.246s][info][gc] GC(2068) Pause Young (Allocation Failure) 12M->7M(19M) 1.342ms
[101.263s][info][gc] GC(2069) Pause Young (Allocation Failure) 12M->7M(19M) 0.950ms
[101.278s][info][gc] GC(2070) Pause Young (Allocation Failure) 12M->7M(19M) 1.077ms
[101.293s][info][gc] GC(2071) Pause Young (Allocation Failure) 12M->7M(19M) 1.168ms
[101.306s][info][gc] GC(2072) Pause Young (Allocation Failure) 12M->7M(19M) 0.997ms
[101.320s][info][gc] GC(2073) Pause Young (Allocation Failure) 12M->7M(19M) 0.938ms
[101.334s][info][gc] GC(2074) Pause Young (Allocation Failure) 12M->7M(19M) 1.204ms
[101.349s][info][gc] GC(2075) Pause Young (Allocation Failure) 12M->7M(19M) 0.669ms
[101.364s][info][gc] GC(2076) Pause Young (Allocation Failure) 12M->7M(19M) 0.794ms
[101.379s][info][gc] GC(2077) Pause Young (Allocation Failure) 12M->7M(19M) 0.847ms
[101.393s][info][gc] GC(2078) Pause Young (Allocation Failure) 12M->7M(19M) 0.683ms
[101.408s][info][gc] GC(2079) Pause Young (Allocation Failure) 12M->7M(19M) 1.677ms
[101.421s][info][gc] GC(2080) Pause Young (Allocation Failure) 12M->7M(19M) 0.980ms
[101.436s][info][gc] GC(2081) Pause Young (Allocation Failure) 12M->7M(19M) 0.839ms
[101.452s][info][gc] GC(2082) Pause Young (Allocation Failure) 12M->7M(19M) 0.937ms
[101.468s][info][gc] GC(2083) Pause Young (Allocation Failure) 12M->7M(19M) 0.682ms
[101.488s][info][gc] GC(2084) Pause Young (Allocation Failure) 12M->7M(19M) 1.350ms
[101.505s][info][gc] GC(2085) Pause Young (Allocation Failure) 12M->7M(19M) 0.935ms
[101.520s][info][gc] GC(2086) Pause Young (Allocation Failure) 12M->7M(19M) 0.967ms
[101.534s][info][gc] GC(2087) Pause Young (Allocation Failure) 12M->7M(19M) 0.900ms
[101.549s][info][gc] GC(2088) Pause Young (Allocation Failure) 12M->7M(19M) 1.046ms
[101.561s][info][gc] GC(2089) Pause Young (Allocation Failure) 12M->7M(19M) 1.011ms
[101.571s][info][gc] GC(2090) Pause Young (Allocation Failure) 12M->7M(19M) 0.660ms
[101.582s][info][gc] GC(2091) Pause Young (Allocation Failure) 12M->7M(19M) 1.896ms
[101.594s][info][gc] GC(2092) Pause Young (Allocation Failure) 12M->7M(19M) 0.695ms
[101.604s][info][gc] GC(2093) Pause Young (Allocation Failure) 12M->7M(19M) 0.670ms
[101.615s][info][gc] GC(2094) Pause Young (Allocation Failure) 12M->7M(19M) 0.787ms
[101.625s][info][gc] GC(2095) Pause Young (Allocation Failure) 12M->7M(19M) 0.628ms
[101.635s][info][gc] GC(2096) Pause Young (Allocation Failure) 12M->7M(19M) 0.662ms
[101.645s][info][gc] GC(2097) Pause Young (Allocation Failure) 12M->7M(19M) 1.317ms
[101.654s][info][gc] GC(2098) Pause Young (Allocation Failure) 12M->7M(19M) 0.560ms
[101.666s][info][gc] GC(2099) Pause Young (Allocation Failure) 12M->7M(19M) 0.839ms
[101.676s][info][gc] GC(2100) Pause Young (Allocation Failure) 12M->7M(19M) 0.640ms
[101.688s][info][gc] GC(2101) Pause Young (Allocation Failure) 12M->7M(19M) 0.660ms
[101.701s][info][gc] GC(2102) Pause Young (Allocation Failure) 12M->7M(19M) 0.762ms
[101.717s][info][gc] GC(2103) Pause Young (Allocation Failure) 12M->7M(19M) 1.198ms
[101.732s][info][gc] GC(2104) Pause Young (Allocation Failure) 12M->7M(19M) 0.929ms
[101.746s][info][gc] GC(2105) Pause Young (Allocation Failure) 12M->7M(19M) 0.862ms
[101.760s][info][gc] GC(2106) Pause Young (Allocation Failure) 12M->7M(19M) 0.809ms
[101.773s][info][gc] GC(2107) Pause Young (Allocation Failure) 12M->7M(19M) 0.476ms
[101.787s][info][gc] GC(2108) Pause Young (Allocation Failure) 12M->7M(19M) 1.001ms
[101.801s][info][gc] GC(2109) Pause Young (Allocation Failure) 12M->7M(19M) 1.025ms
[101.815s][info][gc] GC(2110) Pause Young (Allocation Failure) 12M->7M(19M) 0.959ms
[101.830s][info][gc] GC(2111) Pause Young (Allocation Failure) 12M->7M(19M) 2.288ms
[101.845s][info][gc] GC(2112) Pause Young (Allocation Failure) 12M->7M(19M) 0.982ms
[101.859s][info][gc] GC(2113) Pause Young (Allocation Failure) 12M->7M(19M) 1.009ms
[101.871s][info][gc] GC(2114) Pause Young (Allocation Failure) 12M->7M(19M) 0.883ms
[101.885s][info][gc] GC(2115) Pause Young (Allocation Failure) 12M->7M(19M) 1.372ms
[101.899s][info][gc] GC(2116) Pause Young (Allocation Failure) 12M->7M(19M) 0.462ms
[101.913s][info][gc] GC(2117) Pause Young (Allocation Failure) 12M->7M(19M) 0.935ms
[101.928s][info][gc] GC(2118) Pause Young (Allocation Failure) 12M->7M(19M) 1.098ms
[101.942s][info][gc] GC(2119) Pause Young (Allocation Failure) 12M->7M(19M) 0.868ms
[101.957s][info][gc] GC(2120) Pause Young (Allocation Failure) 12M->7M(19M) 0.930ms
[101.972s][info][gc] GC(2121) Pause Young (Allocation Failure) 12M->7M(19M) 0.936ms
[101.993s][info][gc] GC(2122) Pause Young (Allocation Failure) 12M->7M(19M) 0.999ms
[102.012s][info][gc] GC(2123) Pause Young (Allocation Failure) 12M->7M(19M) 2.662ms
[102.033s][info][gc] GC(2124) Pause Young (Allocation Failure) 12M->7M(19M) 1.712ms
[102.050s][info][gc] GC(2125) Pause Young (Allocation Failure) 12M->7M(19M) 0.797ms
[102.065s][info][gc] GC(2126) Pause Young (Allocation Failure) 12M->7M(19M) 0.716ms
[102.080s][info][gc] GC(2127) Pause Young (Allocation Failure) 12M->7M(19M) 0.782ms
[102.095s][info][gc] GC(2128) Pause Young (Allocation Failure) 12M->7M(19M) 0.912ms
[102.112s][info][gc] GC(2129) Pause Young (Allocation Failure) 12M->7M(19M) 1.000ms
[102.127s][info][gc] GC(2130) Pause Young (Allocation Failure) 12M->7M(19M) 0.980ms
[102.143s][info][gc] GC(2131) Pause Young (Allocation Failure) 12M->7M(19M) 0.966ms
[102.158s][info][gc] GC(2132) Pause Young (Allocation Failure) 12M->7M(19M) 0.950ms
[102.173s][info][gc] GC(2133) Pause Young (Allocation Failure) 12M->7M(19M) 1.151ms
[102.185s][info][gc] GC(2134) Pause Young (Allocation Failure) 12M->7M(19M) 0.951ms
[102.198s][info][gc] GC(2135) Pause Young (Allocation Failure) 12M->7M(19M) 0.845ms
[102.212s][info][gc] GC(2136) Pause Young (Allocation Failure) 12M->7M(19M) 0.935ms
[102.225s][info][gc] GC(2137) Pause Young (Allocation Failure) 12M->7M(19M) 0.725ms
[102.238s][info][gc] GC(2138) Pause Young (Allocation Failure) 12M->7M(19M) 0.962ms
[102.253s][info][gc] GC(2139) Pause Young (Allocation Failure) 12M->7M(19M) 1.028ms
[102.268s][info][gc] GC(2140) Pause Young (Allocation Failure) 12M->7M(19M) 0.917ms
[102.283s][info][gc] GC(2141) Pause Young (Allocation Failure) 12M->7M(19M) 0.976ms
[102.297s][info][gc] GC(2142) Pause Young (Allocation Failure) 12M->7M(19M) 0.868ms
[102.314s][info][gc] GC(2143) Pause Young (Allocation Failure) 12M->7M(19M) 0.943ms
[102.328s][info][gc] GC(2144) Pause Young (Allocation Failure) 12M->7M(19M) 0.950ms
[102.344s][info][gc] GC(2145) Pause Young (Allocation Failure) 12M->7M(19M) 0.989ms
[102.361s][info][gc] GC(2146) Pause Young (Allocation Failure) 12M->7M(19M) 1.468ms
[102.376s][info][gc] GC(2147) Pause Young (Allocation Failure) 12M->7M(19M) 0.964ms
[102.392s][info][gc] GC(2148) Pause Young (Allocation Failure) 12M->7M(19M) 0.943ms
[102.407s][info][gc] GC(2149) Pause Young (Allocation Failure) 12M->7M(19M) 0.822ms
[102.421s][info][gc] GC(2150) Pause Young (Allocation Failure) 12M->7M(19M) 0.954ms
[102.435s][info][gc] GC(2151) Pause Young (Allocation Failure) 12M->7M(19M) 0.670ms
[102.452s][info][gc] GC(2152) Pause Young (Allocation Failure) 12M->7M(19M) 1.645ms
[102.467s][info][gc] GC(2153) Pause Young (Allocation Failure) 12M->7M(19M) 0.943ms
[102.488s][info][gc] GC(2154) Pause Young (Allocation Failure) 12M->7M(19M) 1.078ms
[102.506s][info][gc] GC(2155) Pause Young (Allocation Failure) 12M->7M(19M) 1.304ms
[102.524s][info][gc] GC(2156) Pause Young (Allocation Failure) 12M->7M(19M) 1.586ms
[102.540s][info][gc] GC(2157) Pause Young (Allocation Failure) 12M->7M(19M) 0.915ms
[102.557s][info][gc] GC(2158) Pause Young (Allocation Failure) 12M->7M(19M) 0.985ms
[102.572s][info][gc] GC(2159) Pause Young (Allocation Failure) 12M->7M(19M) 0.754ms
[102.587s][info][gc] GC(2160) Pause Young (Allocation Failure) 12M->7M(19M) 0.806ms
[102.601s][info][gc] GC(2161) Pause Young (Allocation Failure) 12M->7M(19M) 0.977ms
[102.618s][info][gc] GC(2162) Pause Young (Allocation Failure) 12M->7M(19M) 1.472ms
[102.630s][info][gc] GC(2163) Pause Young (Allocation Failure) 12M->7M(19M) 0.946ms
[102.641s][info][gc] GC(2164) Pause Young (Allocation Failure) 12M->7M(19M) 0.721ms
[102.651s][info][gc] GC(2165) Pause Young (Allocation Failure) 12M->7M(19M) 0.685ms
[102.660s][info][gc] GC(2166) Pause Young (Allocation Failure) 12M->7M(19M) 0.625ms
[102.669s][info][gc] GC(2167) Pause Young (Allocation Failure) 12M->7M(19M) 0.511ms
[102.679s][info][gc] GC(2168) Pause Young (Allocation Failure) 12M->7M(19M) 0.652ms
[102.690s][info][gc] GC(2169) Pause Young (Allocation Failure) 12M->7M(19M) 0.655ms
[102.700s][info][gc] GC(2170) Pause Young (Allocation Failure) 12M->7M(19M) 0.669ms
[102.712s][info][gc] GC(2171) Pause Young (Allocation Failure) 12M->7M(19M) 0.682ms
[102.721s][info][gc] GC(2172) Pause Young (Allocation Failure) 12M->7M(19M) 0.571ms
[102.730s][info][gc] GC(2173) Pause Young (Allocation Failure) 12M->7M(19M) 0.604ms
[102.740s][info][gc] GC(2174) Pause Young (Allocation Failure) 12M->7M(19M) 0.647ms
[102.749s][info][gc] GC(2175) Pause Young (Allocation Failure) 12M->7M(19M) 0.658ms
[102.761s][info][gc] GC(2176) Pause Young (Allocation Failure) 12M->7M(19M) 0.769ms
[102.771s][info][gc] GC(2177) Pause Young (Allocation Failure) 12M->7M(19M) 0.652ms
[102.785s][info][gc] GC(2178) Pause Young (Allocation Failure) 12M->7M(19M) 0.721ms
[102.795s][info][gc] GC(2179) Pause Young (Allocation Failure) 12M->7M(19M) 0.661ms
[102.805s][info][gc] GC(2180) Pause Young (Allocation Failure) 12M->7M(19M) 0.648ms
[102.814s][info][gc] GC(2181) Pause Young (Allocation Failure) 12M->7M(19M) 0.808ms
[102.824s][info][gc] GC(2182) Pause Young (Allocation Failure) 12M->7M(19M) 0.665ms
[102.833s][info][gc] GC(2183) Pause Young (Allocation Failure) 12M->7M(19M) 0.618ms
[102.842s][info][gc] GC(2184) Pause Young (Allocation Failure) 12M->7M(19M) 0.616ms
[102.851s][info][gc] GC(2185) Pause Young (Allocation Failure) 12M->7M(19M) 0.675ms
[102.861s][info][gc] GC(2186) Pause Young (Allocation Failure) 12M->7M(19M) 0.583ms
[102.874s][info][gc] GC(2187) Pause Young (Allocation Failure) 12M->7M(19M) 0.647ms
[102.884s][info][gc] GC(2188) Pause Young (Allocation Failure) 12M->7M(19M) 0.617ms
[102.893s][info][gc] GC(2189) Pause Young (Allocation Failure) 12M->7M(19M) 0.615ms
[102.902s][info][gc] GC(2190) Pause Young (Allocation Failure) 12M->7M(19M) 0.597ms
[102.911s][info][gc] GC(2191) Pause Young (Allocation Failure) 12M->7M(19M) 0.614ms
[102.920s][info][gc] GC(2192) Pause Young (Allocation Failure) 12M->7M(19M) 0.684ms
[102.930s][info][gc] GC(2193) Pause Young (Allocation Failure) 12M->7M(19M) 0.639ms
[102.939s][info][gc] GC(2194) Pause Young (Allocation Failure) 12M->7M(19M) 0.643ms
[102.950s][info][gc] GC(2195) Pause Young (Allocation Failure) 12M->7M(19M) 1.789ms
[102.959s][info][gc] GC(2196) Pause Young (Allocation Failure) 12M->7M(19M) 0.535ms
[102.969s][info][gc] GC(2197) Pause Young (Allocation Failure) 12M->7M(19M) 0.949ms
[102.981s][info][gc] GC(2198) Pause Young (Allocation Failure) 12M->7M(19M) 0.989ms
[102.995s][info][gc] GC(2199) Pause Young (Allocation Failure) 12M->7M(19M) 0.556ms
[103.005s][info][gc] GC(2200) Pause Young (Allocation Failure) 12M->7M(19M) 0.666ms
[103.017s][info][gc] GC(2201) Pause Young (Allocation Failure) 12M->7M(19M) 0.684ms
[103.030s][info][gc] GC(2202) Pause Young (Allocation Failure) 12M->7M(19M) 0.929ms
[103.039s][info][gc] GC(2203) Pause Young (Allocation Failure) 12M->7M(19M) 0.655ms
[103.048s][info][gc] GC(2204) Pause Young (Allocation Failure) 12M->7M(19M) 0.558ms
[103.057s][info][gc] GC(2205) Pause Young (Allocation Failure) 12M->7M(19M) 0.526ms
[103.066s][info][gc] GC(2206) Pause Young (Allocation Failure) 12M->7M(19M) 0.619ms
[103.076s][info][gc] GC(2207) Pause Young (Allocation Failure) 13M->7M(19M) 0.722ms
[103.085s][info][gc] GC(2208) Pause Young (Allocation Failure) 12M->7M(19M) 0.621ms
[103.095s][info][gc] GC(2209) Pause Young (Allocation Failure) 12M->7M(19M) 0.458ms
[103.106s][info][gc] GC(2210) Pause Young (Allocation Failure) 12M->7M(19M) 0.859ms
[103.116s][info][gc] GC(2211) Pause Young (Allocation Failure) 13M->7M(19M) 0.702ms
[103.126s][info][gc] GC(2212) Pause Young (Allocation Failure) 13M->7M(19M) 0.635ms
[103.135s][info][gc] GC(2213) Pause Young (Allocation Failure) 13M->7M(19M) 0.617ms
[103.144s][info][gc] GC(2214) Pause Young (Allocation Failure) 13M->7M(19M) 0.469ms
[103.153s][info][gc] GC(2215) Pause Young (Allocation Failure) 12M->7M(19M) 0.787ms
[103.163s][info][gc] GC(2216) Pause Young (Allocation Failure) 13M->7M(19M) 0.913ms
[103.172s][info][gc] GC(2217) Pause Young (Allocation Failure) 13M->7M(19M) 0.638ms
[103.182s][info][gc] GC(2218) Pause Young (Allocation Failure) 13M->7M(19M) 0.509ms
[103.192s][info][gc] GC(2219) Pause Young (Allocation Failure) 12M->7M(19M) 0.651ms
[103.201s][info][gc] GC(2220) Pause Young (Allocation Failure) 13M->7M(19M) 0.696ms
[103.212s][info][gc] GC(2221) Pause Young (Allocation Failure) 13M->7M(19M) 0.534ms
[103.226s][info][gc] GC(2222) Pause Young (Allocation Failure) 12M->7M(19M) 0.642ms
[103.238s][info][gc] GC(2223) Pause Young (Allocation Failure) 13M->7M(19M) 0.666ms
[103.248s][info][gc] GC(2224) Pause Young (Allocation Failure) 13M->7M(19M) 0.700ms
[103.259s][info][gc] GC(2225) Pause Young (Allocation Failure) 13M->7M(19M) 0.812ms
[103.272s][info][gc] GC(2226) Pause Young (Allocation Failure) 13M->7M(19M) 1.151ms
[103.283s][info][gc] GC(2227) Pause Young (Allocation Failure) 13M->7M(19M) 0.967ms
[103.295s][info][gc] GC(2228) Pause Young (Allocation Failure) 13M->7M(19M) 0.665ms
[103.307s][info][gc] GC(2229) Pause Young (Allocation Failure) 13M->7M(19M) 0.812ms
[103.319s][info][gc] GC(2230) Pause Young (Allocation Failure) 12M->7M(19M) 0.687ms
[103.333s][info][gc] GC(2231) Pause Young (Allocation Failure) 13M->7M(19M) 0.782ms
[103.342s][info][gc] GC(2232) Pause Young (Allocation Failure) 13M->7M(19M) 0.627ms
[103.352s][info][gc] GC(2233) Pause Young (Allocation Failure) 13M->7M(19M) 0.657ms
[103.361s][info][gc] GC(2234) Pause Young (Allocation Failure) 13M->7M(19M) 0.675ms
[103.370s][info][gc] GC(2235) Pause Young (Allocation Failure) 13M->7M(19M) 0.561ms
[103.379s][info][gc] GC(2236) Pause Young (Allocation Failure) 13M->7M(19M) 0.695ms
[103.389s][info][gc] GC(2237) Pause Young (Allocation Failure) 13M->7M(19M) 0.995ms
[103.398s][info][gc] GC(2238) Pause Young (Allocation Failure) 13M->7M(19M) 0.704ms
[103.407s][info][gc] GC(2239) Pause Young (Allocation Failure) 13M->7M(19M) 0.634ms
[103.417s][info][gc] GC(2240) Pause Young (Allocation Failure) 13M->7M(19M) 0.469ms
[103.426s][info][gc] GC(2241) Pause Young (Allocation Failure) 13M->7M(19M) 0.624ms
[103.436s][info][gc] GC(2242) Pause Young (Allocation Failure) 13M->7M(19M) 0.615ms
[103.446s][info][gc] GC(2243) Pause Young (Allocation Failure) 13M->7M(19M) 0.666ms
[103.456s][info][gc] GC(2244) Pause Young (Allocation Failure) 13M->7M(19M) 0.637ms
[103.467s][info][gc] GC(2245) Pause Young (Allocation Failure) 13M->7M(19M) 0.674ms
[103.483s][info][gc] GC(2246) Pause Young (Allocation Failure) 13M->7M(19M) 0.955ms
[103.496s][info][gc] GC(2247) Pause Young (Allocation Failure) 13M->7M(19M) 0.631ms
[103.506s][info][gc] GC(2248) Pause Young (Allocation Failure) 13M->7M(19M) 0.874ms
[103.516s][info][gc] GC(2249) Pause Young (Allocation Failure) 13M->7M(19M) 0.782ms
[103.530s][info][gc] GC(2250) Pause Young (Allocation Failure) 13M->7M(19M) 0.648ms
[103.543s][info][gc] GC(2251) Pause Young (Allocation Failure) 13M->7M(19M) 0.629ms
[103.553s][info][gc] GC(2252) Pause Young (Allocation Failure) 13M->7M(19M) 0.969ms
[103.565s][info][gc] GC(2253) Pause Young (Allocation Failure) 13M->7M(19M) 0.606ms
[103.578s][info][gc] GC(2254) Pause Young (Allocation Failure) 13M->7M(19M) 0.584ms
[103.591s][info][gc] GC(2255) Pause Young (Allocation Failure) 13M->7M(19M) 0.740ms
[103.606s][info][gc] GC(2256) Pause Young (Allocation Failure) 13M->7M(19M) 0.747ms
[103.620s][info][gc] GC(2257) Pause Young (Allocation Failure) 13M->7M(19M) 0.732ms
[103.636s][info][gc] GC(2258) Pause Young (Allocation Failure) 13M->7M(19M) 0.975ms
[103.653s][info][gc] GC(2259) Pause Young (Allocation Failure) 13M->7M(19M) 1.737ms
[103.665s][info][gc] GC(2260) Pause Young (Allocation Failure) 13M->7M(19M) 0.667ms
[103.678s][info][gc] GC(2261) Pause Young (Allocation Failure) 13M->7M(19M) 0.880ms
[103.690s][info][gc] GC(2262) Pause Young (Allocation Failure) 13M->7M(19M) 0.712ms
[103.704s][info][gc] GC(2263) Pause Young (Allocation Failure) 13M->7M(19M) 1.241ms
[103.717s][info][gc] GC(2264) Pause Young (Allocation Failure) 13M->7M(19M) 0.628ms
[103.726s][info][gc] GC(2265) Pause Young (Allocation Failure) 13M->7M(19M) 0.638ms
[103.735s][info][gc] GC(2266) Pause Young (Allocation Failure) 13M->7M(19M) 0.627ms
[103.746s][info][gc] GC(2267) Pause Young (Allocation Failure) 13M->7M(19M) 0.622ms
[103.756s][info][gc] GC(2268) Pause Young (Allocation Failure) 13M->7M(19M) 0.658ms
[103.765s][info][gc] GC(2269) Pause Young (Allocation Failure) 13M->7M(19M) 0.606ms
[103.774s][info][gc] GC(2270) Pause Young (Allocation Failure) 13M->7M(19M) 0.655ms
[103.783s][info][gc] GC(2271) Pause Young (Allocation Failure) 13M->7M(19M) 0.639ms
[103.793s][info][gc] GC(2272) Pause Young (Allocation Failure) 13M->7M(19M) 0.622ms
[103.803s][info][gc] GC(2273) Pause Young (Allocation Failure) 13M->7M(19M) 0.615ms
[103.813s][info][gc] GC(2274) Pause Young (Allocation Failure) 13M->7M(19M) 0.723ms
[103.823s][info][gc] GC(2275) Pause Young (Allocation Failure) 13M->7M(19M) 0.789ms
[103.832s][info][gc] GC(2276) Pause Young (Allocation Failure) 13M->7M(19M) 0.717ms
[103.841s][info][gc] GC(2277) Pause Young (Allocation Failure) 13M->7M(19M) 0.679ms
[103.851s][info][gc] GC(2278) Pause Young (Allocation Failure) 13M->7M(19M) 0.678ms
[103.860s][info][gc] GC(2279) Pause Young (Allocation Failure) 13M->7M(19M) 1.327ms
[103.871s][info][gc] GC(2280) Pause Young (Allocation Failure) 13M->7M(19M) 0.495ms
[103.881s][info][gc] GC(2281) Pause Young (Allocation Failure) 13M->7M(19M) 0.690ms
[103.891s][info][gc] GC(2282) Pause Young (Allocation Failure) 13M->7M(19M) 0.671ms
[103.900s][info][gc] GC(2283) Pause Young (Allocation Failure) 13M->7M(19M) 1.170ms
[103.910s][info][gc] GC(2284) Pause Young (Allocation Failure) 13M->7M(19M) 0.693ms
[103.919s][info][gc] GC(2285) Pause Young (Allocation Failure) 13M->7M(19M) 0.677ms
[103.930s][info][gc] GC(2286) Pause Young (Allocation Failure) 13M->7M(19M) 0.685ms
[103.940s][info][gc] GC(2287) Pause Young (Allocation Failure) 13M->7M(19M) 0.683ms
[103.949s][info][gc] GC(2288) Pause Young (Allocation Failure) 13M->7M(19M) 1.074ms
[103.958s][info][gc] GC(2289) Pause Young (Allocation Failure) 13M->7M(19M) 0.496ms
[103.969s][info][gc] GC(2290) Pause Young (Allocation Failure) 13M->7M(19M) 0.736ms
[103.983s][info][gc] GC(2291) Pause Young (Allocation Failure) 13M->7M(19M) 0.966ms
[103.998s][info][gc] GC(2292) Pause Young (Allocation Failure) 13M->7M(19M) 0.714ms
[104.014s][info][gc] GC(2293) Pause Young (Allocation Failure) 13M->7M(19M) 1.488ms
[104.026s][info][gc] GC(2294) Pause Young (Allocation Failure) 13M->7M(19M) 1.164ms
[104.037s][info][gc] GC(2295) Pause Young (Allocation Failure) 13M->7M(19M) 0.652ms
[104.046s][info][gc] GC(2296) Pause Young (Allocation Failure) 13M->7M(19M) 0.642ms
[104.056s][info][gc] GC(2297) Pause Young (Allocation Failure) 13M->7M(19M) 0.637ms
[104.065s][info][gc] GC(2298) Pause Young (Allocation Failure) 13M->7M(19M) 0.632ms
[104.075s][info][gc] GC(2299) Pause Young (Allocation Failure) 13M->7M(19M) 0.681ms
[104.084s][info][gc] GC(2300) Pause Young (Allocation Failure) 13M->7M(19M) 1.199ms
[104.094s][info][gc] GC(2301) Pause Young (Allocation Failure) 13M->7M(19M) 0.693ms
[104.104s][info][gc] GC(2302) Pause Young (Allocation Failure) 13M->7M(19M) 0.679ms
[104.113s][info][gc] GC(2303) Pause Young (Allocation Failure) 13M->7M(19M) 0.655ms
[104.124s][info][gc] GC(2304) Pause Young (Allocation Failure) 13M->7M(19M) 0.699ms
[104.135s][info][gc] GC(2305) Pause Young (Allocation Failure) 13M->7M(19M) 0.528ms
[104.144s][info][gc] GC(2306) Pause Young (Allocation Failure) 13M->7M(19M) 0.508ms
[104.153s][info][gc] GC(2307) Pause Young (Allocation Failure) 13M->7M(19M) 0.700ms
[104.162s][info][gc] GC(2308) Pause Young (Allocation Failure) 13M->7M(19M) 0.714ms
[104.172s][info][gc] GC(2309) Pause Young (Allocation Failure) 13M->7M(19M) 0.728ms
[104.181s][info][gc] GC(2310) Pause Young (Allocation Failure) 13M->7M(19M) 0.651ms
[104.190s][info][gc] GC(2311) Pause Young (Allocation Failure) 13M->7M(19M) 0.876ms
[104.200s][info][gc] GC(2312) Pause Young (Allocation Failure) 13M->7M(19M) 0.510ms
[104.209s][info][gc] GC(2313) Pause Young (Allocation Failure) 13M->7M(19M) 0.705ms
[104.218s][info][gc] GC(2314) Pause Young (Allocation Failure) 13M->7M(19M) 0.703ms
[104.228s][info][gc] GC(2315) Pause Young (Allocation Failure) 13M->7M(19M) 0.697ms
[104.238s][info][gc] GC(2316) Pause Young (Allocation Failure) 13M->7M(19M) 0.711ms
[104.247s][info][gc] GC(2317) Pause Young (Allocation Failure) 13M->7M(19M) 0.687ms
[104.256s][info][gc] GC(2318) Pause Young (Allocation Failure) 13M->7M(19M) 0.705ms
[104.265s][info][gc] GC(2319) Pause Young (Allocation Failure) 13M->7M(19M) 0.687ms
[104.276s][info][gc] GC(2320) Pause Young (Allocation Failure) 13M->7M(19M) 0.595ms
[104.286s][info][gc] GC(2321) Pause Young (Allocation Failure) 13M->7M(19M) 0.461ms
[104.296s][info][gc] GC(2322) Pause Young (Allocation Failure) 13M->7M(19M) 0.633ms
[104.306s][info][gc] GC(2323) Pause Young (Allocation Failure) 13M->7M(19M) 0.638ms
[104.315s][info][gc] GC(2324) Pause Young (Allocation Failure) 13M->7M(19M) 0.598ms
[104.324s][info][gc] GC(2325) Pause Young (Allocation Failure) 13M->7M(19M) 0.526ms
[104.333s][info][gc] GC(2326) Pause Young (Allocation Failure) 13M->7M(19M) 0.679ms
[104.345s][info][gc] GC(2327) Pause Young (Allocation Failure) 13M->7M(19M) 0.545ms
[104.356s][info][gc] GC(2328) Pause Young (Allocation Failure) 13M->7M(19M) 1.626ms
[104.366s][info][gc] GC(2329) Pause Young (Allocation Failure) 13M->7M(19M) 0.730ms
[104.377s][info][gc] GC(2330) Pause Young (Allocation Failure) 13M->7M(19M) 1.466ms
[104.389s][info][gc] GC(2331) Pause Young (Allocation Failure) 13M->7M(19M) 0.581ms
[104.402s][info][gc] GC(2332) Pause Young (Allocation Failure) 13M->7M(19M) 0.584ms
[104.413s][info][gc] GC(2333) Pause Young (Allocation Failure) 13M->7M(19M) 0.646ms
[104.426s][info][gc] GC(2334) Pause Young (Allocation Failure) 13M->7M(19M) 0.640ms
[104.437s][info][gc] GC(2335) Pause Young (Allocation Failure) 13M->7M(19M) 0.633ms
[104.448s][info][gc] GC(2336) Pause Young (Allocation Failure) 13M->7M(19M) 0.720ms
[104.460s][info][gc] GC(2337) Pause Young (Allocation Failure) 13M->7M(19M) 0.696ms
[104.475s][info][gc] GC(2338) Pause Young (Allocation Failure) 13M->7M(19M) 1.128ms
[104.499s][info][gc] GC(2339) Pause Young (Allocation Failure) 13M->7M(19M) 1.013ms
[104.508s][info][gc] GC(2340) Pause Young (Allocation Failure) 13M->7M(19M) 0.524ms
[104.518s][info][gc] GC(2341) Pause Young (Allocation Failure) 13M->7M(19M) 0.622ms
[104.528s][info][gc] GC(2342) Pause Young (Allocation Failure) 13M->7M(19M) 0.626ms
[104.537s][info][gc] GC(2343) Pause Young (Allocation Failure) 13M->7M(19M) 0.645ms
[104.547s][info][gc] GC(2344) Pause Young (Allocation Failure) 13M->7M(19M) 0.627ms
[104.557s][info][gc] GC(2345) Pause Young (Allocation Failure) 13M->7M(19M) 0.626ms
[104.568s][info][gc] GC(2346) Pause Young (Allocation Failure) 13M->7M(19M) 0.562ms
[104.577s][info][gc] GC(2347) Pause Young (Allocation Failure) 13M->7M(19M) 0.500ms
[104.588s][info][gc] GC(2348) Pause Young (Allocation Failure) 13M->7M(19M) 0.676ms
[104.597s][info][gc] GC(2349) Pause Young (Allocation Failure) 13M->7M(19M) 0.692ms
[104.607s][info][gc] GC(2350) Pause Young (Allocation Failure) 13M->7M(19M) 0.658ms
[104.616s][info][gc] GC(2351) Pause Young (Allocation Failure) 13M->7M(19M) 0.699ms
[104.627s][info][gc] GC(2352) Pause Young (Allocation Failure) 13M->7M(19M) 1.433ms
[104.640s][info][gc] GC(2353) Pause Young (Allocation Failure) 13M->7M(19M) 0.686ms
[104.651s][info][gc] GC(2354) Pause Young (Allocation Failure) 13M->7M(19M) 0.980ms
[104.662s][info][gc] GC(2355) Pause Young (Allocation Failure) 13M->7M(19M) 0.623ms
[104.673s][info][gc] GC(2356) Pause Young (Allocation Failure) 13M->7M(19M) 0.589ms
[104.682s][info][gc] GC(2357) Pause Young (Allocation Failure) 13M->7M(19M) 0.497ms
[104.692s][info][gc] GC(2358) Pause Young (Allocation Failure) 13M->7M(19M) 0.665ms
[104.702s][info][gc] GC(2359) Pause Young (Allocation Failure) 13M->7M(19M) 0.749ms
[104.716s][info][gc] GC(2360) Pause Young (Allocation Failure) 13M->7M(19M) 0.987ms
[104.731s][info][gc] GC(2361) Pause Young (Allocation Failure) 13M->7M(19M) 1.100ms
[104.743s][info][gc] GC(2362) Pause Young (Allocation Failure) 13M->7M(19M) 0.762ms
[104.753s][info][gc] GC(2363) Pause Young (Allocation Failure) 13M->7M(19M) 0.936ms
[104.764s][info][gc] GC(2364) Pause Young (Allocation Failure) 13M->7M(19M) 1.032ms
[104.775s][info][gc] GC(2365) Pause Young (Allocation Failure) 13M->7M(19M) 0.822ms
[104.787s][info][gc] GC(2366) Pause Young (Allocation Failure) 13M->7M(19M) 0.556ms
[104.799s][info][gc] GC(2367) Pause Young (Allocation Failure) 13M->7M(19M) 1.001ms
[104.810s][info][gc] GC(2368) Pause Young (Allocation Failure) 13M->7M(19M) 0.807ms
[104.821s][info][gc] GC(2369) Pause Young (Allocation Failure) 13M->7M(19M) 0.809ms
[104.832s][info][gc] GC(2370) Pause Young (Allocation Failure) 13M->7M(19M) 0.991ms
[104.846s][info][gc] GC(2371) Pause Young (Allocation Failure) 13M->7M(19M) 0.763ms
[104.858s][info][gc] GC(2372) Pause Young (Allocation Failure) 13M->7M(19M) 0.980ms
[104.869s][info][gc] GC(2373) Pause Young (Allocation Failure) 13M->7M(19M) 0.519ms
[104.881s][info][gc] GC(2374) Pause Young (Allocation Failure) 13M->7M(19M) 0.625ms
[104.890s][info][gc] GC(2375) Pause Young (Allocation Failure) 13M->7M(19M) 0.668ms
[104.899s][info][gc] GC(2376) Pause Young (Allocation Failure) 13M->7M(19M) 0.644ms
[104.908s][info][gc] GC(2377) Pause Young (Allocation Failure) 13M->7M(19M) 0.566ms
[104.917s][info][gc] GC(2378) Pause Young (Allocation Failure) 13M->7M(19M) 0.699ms
[104.927s][info][gc] GC(2379) Pause Young (Allocation Failure) 13M->7M(19M) 0.713ms
[104.937s][info][gc] GC(2380) Pause Young (Allocation Failure) 13M->7M(19M) 0.659ms
[104.947s][info][gc] GC(2381) Pause Young (Allocation Failure) 13M->7M(19M) 0.639ms
[104.956s][info][gc] GC(2382) Pause Young (Allocation Failure) 13M->7M(19M) 0.624ms
[104.965s][info][gc] GC(2383) Pause Young (Allocation Failure) 13M->7M(19M) 0.583ms
[104.975s][info][gc] GC(2384) Pause Young (Allocation Failure) 13M->7M(19M) 0.973ms
[104.987s][info][gc] GC(2385) Pause Young (Allocation Failure) 13M->7M(19M) 0.977ms
[105.002s][info][gc] GC(2386) Pause Young (Allocation Failure) 13M->7M(19M) 1.056ms
[105.012s][info][gc] GC(2387) Pause Young (Allocation Failure) 13M->7M(19M) 0.647ms
[105.022s][info][gc] GC(2388) Pause Young (Allocation Failure) 13M->7M(19M) 0.844ms
[105.034s][info][gc] GC(2389) Pause Young (Allocation Failure) 13M->7M(19M) 0.788ms
[105.043s][info][gc] GC(2390) Pause Young (Allocation Failure) 13M->7M(19M) 0.659ms
[105.053s][info][gc] GC(2391) Pause Young (Allocation Failure) 13M->7M(19M) 0.652ms
[105.062s][info][gc] GC(2392) Pause Young (Allocation Failure) 13M->7M(19M) 0.633ms
[105.072s][info][gc] GC(2393) Pause Young (Allocation Failure) 13M->7M(19M) 0.632ms
[105.081s][info][gc] GC(2394) Pause Young (Allocation Failure) 13M->7M(19M) 0.758ms
[105.091s][info][gc] GC(2395) Pause Young (Allocation Failure) 13M->7M(19M) 0.625ms
[105.100s][info][gc] GC(2396) Pause Young (Allocation Failure) 13M->7M(19M) 0.633ms
[105.112s][info][gc] GC(2397) Pause Young (Allocation Failure) 13M->7M(19M) 0.672ms
[105.123s][info][gc] GC(2398) Pause Young (Allocation Failure) 13M->7M(19M) 0.704ms
[105.132s][info][gc] GC(2399) Pause Young (Allocation Failure) 13M->7M(19M) 0.642ms
[105.143s][info][gc] GC(2400) Pause Young (Allocation Failure) 13M->7M(19M) 0.690ms
[105.152s][info][gc] GC(2401) Pause Young (Allocation Failure) 13M->7M(19M) 0.638ms
[105.161s][info][gc] GC(2402) Pause Young (Allocation Failure) 13M->7M(19M) 0.721ms
[105.171s][info][gc] GC(2403) Pause Young (Allocation Failure) 13M->7M(19M) 0.656ms
[105.180s][info][gc] GC(2404) Pause Young (Allocation Failure) 13M->7M(19M) 0.538ms
[105.191s][info][gc] GC(2405) Pause Young (Allocation Failure) 13M->8M(19M) 1.116ms
[105.204s][info][gc] GC(2406) Pause Young (Allocation Failure) 13M->7M(19M) 0.703ms
[105.214s][info][gc] GC(2407) Pause Young (Allocation Failure) 13M->7M(19M) 0.674ms
[105.223s][info][gc] GC(2408) Pause Young (Allocation Failure) 13M->7M(19M) 0.581ms
[105.232s][info][gc] GC(2409) Pause Young (Allocation Failure) 13M->8M(19M) 0.775ms
[105.241s][info][gc] GC(2410) Pause Young (Allocation Failure) 13M->8M(19M) 0.714ms
[105.250s][info][gc] GC(2411) Pause Young (Allocation Failure) 13M->8M(19M) 0.705ms
[105.262s][info][gc] GC(2412) Pause Young (Allocation Failure) 13M->7M(19M) 0.752ms
[105.273s][info][gc] GC(2413) Pause Young (Allocation Failure) 13M->7M(19M) 0.557ms
[105.284s][info][gc] GC(2414) Pause Young (Allocation Failure) 13M->7M(19M) 0.492ms
[105.294s][info][gc] GC(2415) Pause Young (Allocation Failure) 13M->7M(19M) 0.524ms
[105.303s][info][gc] GC(2416) Pause Young (Allocation Failure) 13M->8M(19M) 0.642ms
[105.313s][info][gc] GC(2417) Pause Young (Allocation Failure) 13M->8M(19M) 0.689ms
[105.323s][info][gc] GC(2418) Pause Young (Allocation Failure) 13M->8M(19M) 0.671ms
[105.332s][info][gc] GC(2419) Pause Young (Allocation Failure) 13M->8M(19M) 0.668ms
[105.341s][info][gc] GC(2420) Pause Young (Allocation Failure) 13M->8M(19M) 0.630ms
[105.350s][info][gc] GC(2421) Pause Young (Allocation Failure) 13M->8M(19M) 0.686ms
[105.360s][info][gc] GC(2422) Pause Young (Allocation Failure) 13M->8M(19M) 0.671ms
[105.369s][info][gc] GC(2423) Pause Young (Allocation Failure) 13M->8M(19M) 0.685ms
[105.378s][info][gc] GC(2424) Pause Young (Allocation Failure) 13M->7M(19M) 0.562ms
[105.388s][info][gc] GC(2425) Pause Young (Allocation Failure) 13M->8M(19M) 1.102ms
[105.397s][info][gc] GC(2426) Pause Young (Allocation Failure) 13M->8M(19M) 0.711ms
[105.406s][info][gc] GC(2427) Pause Young (Allocation Failure) 13M->8M(19M) 0.677ms
[105.415s][info][gc] GC(2428) Pause Young (Allocation Failure) 13M->8M(19M) 0.634ms
[105.425s][info][gc] GC(2429) Pause Young (Allocation Failure) 13M->8M(19M) 0.690ms
[105.434s][info][gc] GC(2430) Pause Young (Allocation Failure) 13M->8M(19M) 0.788ms
[105.443s][info][gc] GC(2431) Pause Young (Allocation Failure) 13M->8M(19M) 0.685ms
[105.452s][info][gc] GC(2432) Pause Young (Allocation Failure) 13M->8M(19M) 0.645ms
[105.462s][info][gc] GC(2433) Pause Young (Allocation Failure) 13M->8M(19M) 0.642ms
[105.471s][info][gc] GC(2434) Pause Young (Allocation Failure) 13M->8M(19M) 0.697ms
[105.482s][info][gc] GC(2435) Pause Young (Allocation Failure) 13M->7M(19M) 0.622ms
[105.496s][info][gc] GC(2436) Pause Young (Allocation Failure) 13M->8M(19M) 0.666ms
[105.506s][info][gc] GC(2437) Pause Young (Allocation Failure) 13M->8M(19M) 0.932ms
[105.518s][info][gc] GC(2438) Pause Young (Allocation Failure) 13M->8M(19M) 1.313ms
[105.529s][info][gc] GC(2439) Pause Young (Allocation Failure) 13M->8M(19M) 0.930ms
[105.539s][info][gc] GC(2440) Pause Young (Allocation Failure) 13M->8M(19M) 0.824ms
[105.549s][info][gc] GC(2441) Pause Young (Allocation Failure) 13M->8M(19M) 0.911ms
[105.561s][info][gc] GC(2442) Pause Young (Allocation Failure) 13M->8M(19M) 1.000ms
[105.572s][info][gc] GC(2443) Pause Young (Allocation Failure) 13M->8M(19M) 0.972ms
[105.584s][info][gc] GC(2444) Pause Young (Allocation Failure) 13M->8M(19M) 0.639ms
[105.597s][info][gc] GC(2445) Pause Young (Allocation Failure) 13M->8M(19M) 0.514ms
[105.609s][info][gc] GC(2446) Pause Young (Allocation Failure) 13M->8M(19M) 0.644ms
[105.619s][info][gc] GC(2447) Pause Young (Allocation Failure) 13M->8M(19M) 0.638ms
[105.630s][info][gc] GC(2448) Pause Young (Allocation Failure) 13M->8M(19M) 0.639ms
[105.642s][info][gc] GC(2449) Pause Young (Allocation Failure) 13M->8M(19M) 0.626ms
[105.656s][info][gc] GC(2450) Pause Young (Allocation Failure) 13M->8M(19M) 0.775ms
[105.667s][info][gc] GC(2451) Pause Young (Allocation Failure) 13M->8M(19M) 0.704ms
[105.680s][info][gc] GC(2452) Pause Young (Allocation Failure) 13M->8M(19M) 0.714ms
[105.689s][info][gc] GC(2453) Pause Young (Allocation Failure) 13M->8M(19M) 0.600ms
[105.702s][info][gc] GC(2454) Pause Young (Allocation Failure) 13M->8M(19M) 0.536ms
[105.712s][info][gc] GC(2455) Pause Young (Allocation Failure) 13M->8M(19M) 0.643ms
[105.723s][info][gc] GC(2456) Pause Young (Allocation Failure) 13M->8M(19M) 0.621ms
[105.732s][info][gc] GC(2457) Pause Young (Allocation Failure) 13M->8M(19M) 0.534ms
[105.743s][info][gc] GC(2458) Pause Young (Allocation Failure) 13M->8M(19M) 1.473ms
[105.753s][info][gc] GC(2459) Pause Young (Allocation Failure) 13M->8M(19M) 0.940ms
[105.763s][info][gc] GC(2460) Pause Young (Allocation Failure) 13M->8M(19M) 0.639ms
[105.774s][info][gc] GC(2461) Pause Young (Allocation Failure) 13M->8M(19M) 0.566ms
[105.785s][info][gc] GC(2462) Pause Young (Allocation Failure) 13M->8M(19M) 0.836ms
[105.794s][info][gc] GC(2463) Pause Young (Allocation Failure) 13M->8M(19M) 0.646ms
[105.803s][info][gc] GC(2464) Pause Young (Allocation Failure) 13M->8M(19M) 0.632ms
[105.813s][info][gc] GC(2465) Pause Young (Allocation Failure) 13M->8M(19M) 1.501ms
[105.823s][info][gc] GC(2466) Pause Young (Allocation Failure) 13M->8M(19M) 0.737ms
[105.832s][info][gc] GC(2467) Pause Young (Allocation Failure) 13M->8M(19M) 0.561ms
[105.841s][info][gc] GC(2468) Pause Young (Allocation Failure) 13M->8M(19M) 0.617ms
[105.850s][info][gc] GC(2469) Pause Young (Allocation Failure) 13M->8M(19M) 0.632ms
[105.860s][info][gc] GC(2470) Pause Young (Allocation Failure) 13M->8M(19M) 0.627ms
[105.870s][info][gc] GC(2471) Pause Young (Allocation Failure) 13M->8M(19M) 0.687ms
[105.879s][info][gc] GC(2472) Pause Young (Allocation Failure) 13M->8M(19M) 0.760ms
[105.888s][info][gc] GC(2473) Pause Young (Allocation Failure) 13M->8M(19M) 0.642ms
[105.898s][info][gc] GC(2474) Pause Young (Allocation Failure) 13M->8M(19M) 0.674ms
[105.908s][info][gc] GC(2475) Pause Young (Allocation Failure) 13M->8M(19M) 1.167ms
[105.919s][info][gc] GC(2476) Pause Young (Allocation Failure) 13M->8M(19M) 0.874ms
[105.929s][info][gc] GC(2477) Pause Young (Allocation Failure) 13M->8M(19M) 0.950ms
[105.940s][info][gc] GC(2478) Pause Young (Allocation Failure) 13M->8M(19M) 0.567ms
[105.952s][info][gc] GC(2479) Pause Young (Allocation Failure) 13M->8M(19M) 0.597ms
[105.963s][info][gc] GC(2480) Pause Young (Allocation Failure) 13M->8M(19M) 0.550ms
[105.979s][info][gc] GC(2481) Pause Young (Allocation Failure) 13M->8M(19M) 1.003ms
[105.995s][info][gc] GC(2482) Pause Young (Allocation Failure) 13M->8M(19M) 1.412ms
[106.017s][info][gc] GC(2483) Pause Young (Allocation Failure) 13M->8M(19M) 0.939ms
[106.034s][info][gc] GC(2484) Pause Young (Allocation Failure) 13M->8M(19M) 1.111ms
[106.053s][info][gc] GC(2485) Pause Young (Allocation Failure) 13M->8M(19M) 0.864ms
[106.067s][info][gc] GC(2486) Pause Young (Allocation Failure) 13M->8M(19M) 0.974ms
[106.084s][info][gc] GC(2487) Pause Young (Allocation Failure) 13M->8M(19M) 0.909ms
[106.108s][info][gc] GC(2488) Pause Young (Allocation Failure) 13M->8M(19M) 1.032ms
[106.123s][info][gc] GC(2489) Pause Young (Allocation Failure) 13M->8M(19M) 0.971ms
[106.141s][info][gc] GC(2490) Pause Young (Allocation Failure) 13M->8M(19M) 0.973ms
[106.156s][info][gc] GC(2491) Pause Young (Allocation Failure) 13M->8M(19M) 0.925ms
[106.170s][info][gc] GC(2492) Pause Young (Allocation Failure) 13M->8M(19M) 0.894ms
[106.181s][info][gc] GC(2493) Pause Young (Allocation Failure) 13M->8M(19M) 0.627ms
[106.191s][info][gc] GC(2494) Pause Young (Allocation Failure) 13M->8M(19M) 1.026ms
[106.201s][info][gc] GC(2495) Pause Young (Allocation Failure) 13M->8M(19M) 0.966ms
[106.211s][info][gc] GC(2496) Pause Young (Allocation Failure) 13M->8M(19M) 1.054ms
[106.220s][info][gc] GC(2497) Pause Young (Allocation Failure) 13M->8M(19M) 0.674ms
[106.231s][info][gc] GC(2498) Pause Young (Allocation Failure) 13M->8M(19M) 1.073ms
[106.241s][info][gc] GC(2499) Pause Young (Allocation Failure) 13M->8M(19M) 1.002ms
[106.251s][info][gc] GC(2500) Pause Young (Allocation Failure) 13M->8M(19M) 1.017ms
[106.261s][info][gc] GC(2501) Pause Young (Allocation Failure) 13M->8M(19M) 0.898ms
[106.271s][info][gc] GC(2502) Pause Young (Allocation Failure) 13M->8M(19M) 0.848ms
[106.284s][info][gc] GC(2503) Pause Young (Allocation Failure) 13M->8M(19M) 0.547ms
[106.296s][info][gc] GC(2504) Pause Young (Allocation Failure) 13M->8M(19M) 0.716ms
[106.305s][info][gc] GC(2505) Pause Young (Allocation Failure) 13M->8M(19M) 0.641ms
[106.315s][info][gc] GC(2506) Pause Young (Allocation Failure) 13M->8M(19M) 0.903ms
[106.324s][info][gc] GC(2507) Pause Young (Allocation Failure) 13M->8M(19M) 0.573ms
[106.333s][info][gc] GC(2508) Pause Young (Allocation Failure) 13M->8M(19M) 0.691ms
[106.342s][info][gc] GC(2509) Pause Young (Allocation Failure) 13M->8M(19M) 0.701ms
[106.351s][info][gc] GC(2510) Pause Young (Allocation Failure) 13M->8M(19M) 0.696ms
[106.360s][info][gc] GC(2511) Pause Young (Allocation Failure) 13M->8M(19M) 0.659ms
[106.370s][info][gc] GC(2512) Pause Young (Allocation Failure) 13M->8M(19M) 0.514ms
[106.379s][info][gc] GC(2513) Pause Young (Allocation Failure) 13M->8M(19M) 0.743ms
[106.389s][info][gc] GC(2514) Pause Young (Allocation Failure) 13M->8M(19M) 0.850ms
[106.398s][info][gc] GC(2515) Pause Young (Allocation Failure) 13M->8M(19M) 0.638ms
[106.407s][info][gc] GC(2516) Pause Young (Allocation Failure) 13M->8M(19M) 0.553ms
[106.418s][info][gc] GC(2517) Pause Young (Allocation Failure) 13M->8M(19M) 0.482ms
[106.427s][info][gc] GC(2518) Pause Young (Allocation Failure) 13M->8M(19M) 0.688ms
[106.436s][info][gc] GC(2519) Pause Young (Allocation Failure) 13M->8M(19M) 0.709ms
[106.446s][info][gc] GC(2520) Pause Young (Allocation Failure) 13M->8M(19M) 0.661ms
[106.455s][info][gc] GC(2521) Pause Young (Allocation Failure) 13M->8M(19M) 0.624ms
[106.465s][info][gc] GC(2522) Pause Young (Allocation Failure) 13M->8M(19M) 0.916ms
[106.475s][info][gc] GC(2523) Pause Young (Allocation Failure) 13M->8M(19M) 0.637ms
[106.489s][info][gc] GC(2524) Pause Young (Allocation Failure) 13M->8M(19M) 1.083ms
[106.501s][info][gc] GC(2525) Pause Young (Allocation Failure) 13M->8M(19M) 0.665ms
[106.513s][info][gc] GC(2526) Pause Young (Allocation Failure) 13M->8M(19M) 0.642ms
[106.522s][info][gc] GC(2527) Pause Young (Allocation Failure) 13M->8M(19M) 0.660ms
[106.532s][info][gc] GC(2528) Pause Young (Allocation Failure) 13M->8M(19M) 0.762ms
[106.541s][info][gc] GC(2529) Pause Young (Allocation Failure) 13M->8M(19M) 0.633ms
[106.550s][info][gc] GC(2530) Pause Young (Allocation Failure) 13M->8M(19M) 0.625ms
[106.559s][info][gc] GC(2531) Pause Young (Allocation Failure) 13M->8M(19M) 0.661ms
[106.569s][info][gc] GC(2532) Pause Young (Allocation Failure) 13M->8M(19M) 0.659ms
[106.578s][info][gc] GC(2533) Pause Young (Allocation Failure) 13M->8M(19M) 0.528ms
[106.587s][info][gc] GC(2534) Pause Young (Allocation Failure) 13M->8M(19M) 0.697ms
[106.597s][info][gc] GC(2535) Pause Young (Allocation Failure) 13M->8M(19M) 0.636ms
[106.606s][info][gc] GC(2536) Pause Young (Allocation Failure) 13M->8M(19M) 0.623ms
[106.615s][info][gc] GC(2537) Pause Young (Allocation Failure) 13M->8M(19M) 0.504ms
[106.624s][info][gc] GC(2538) Pause Young (Allocation Failure) 13M->8M(19M) 0.650ms
[106.633s][info][gc] GC(2539) Pause Young (Allocation Failure) 13M->8M(19M) 0.624ms
[106.642s][info][gc] GC(2540) Pause Young (Allocation Failure) 13M->8M(19M) 0.693ms
[106.651s][info][gc] GC(2541) Pause Young (Allocation Failure) 13M->8M(19M) 0.647ms
[106.662s][info][gc] GC(2542) Pause Young (Allocation Failure) 13M->8M(19M) 0.718ms
[106.672s][info][gc] GC(2543) Pause Young (Allocation Failure) 13M->8M(19M) 0.786ms
[106.682s][info][gc] GC(2544) Pause Young (Allocation Failure) 13M->8M(19M) 0.940ms
[106.692s][info][gc] GC(2545) Pause Young (Allocation Failure) 13M->8M(19M) 0.937ms
[106.702s][info][gc] GC(2546) Pause Young (Allocation Failure) 13M->8M(19M) 0.890ms
[106.712s][info][gc] GC(2547) Pause Young (Allocation Failure) 13M->8M(19M) 0.561ms
[106.724s][info][gc] GC(2548) Pause Young (Allocation Failure) 13M->8M(19M) 1.022ms
[106.743s][info][gc] GC(2549) Pause Young (Allocation Failure) 13M->8M(19M) 1.015ms
[106.757s][info][gc] GC(2550) Pause Young (Allocation Failure) 13M->8M(19M) 1.009ms
[106.771s][info][gc] GC(2551) Pause Young (Allocation Failure) 13M->8M(19M) 0.845ms
[106.783s][info][gc] GC(2552) Pause Young (Allocation Failure) 13M->8M(19M) 0.595ms
[106.798s][info][gc] GC(2553) Pause Young (Allocation Failure) 13M->8M(19M) 1.037ms
[106.812s][info][gc] GC(2554) Pause Young (Allocation Failure) 13M->8M(19M) 0.698ms
[106.826s][info][gc] GC(2555) Pause Young (Allocation Failure) 13M->8M(19M) 0.870ms
[106.842s][info][gc] GC(2556) Pause Young (Allocation Failure) 13M->8M(19M) 0.690ms
[106.854s][info][gc] GC(2557) Pause Young (Allocation Failure) 13M->8M(19M) 0.665ms
[106.864s][info][gc] GC(2558) Pause Young (Allocation Failure) 13M->8M(19M) 0.900ms
[106.873s][info][gc] GC(2559) Pause Young (Allocation Failure) 13M->8M(19M) 0.707ms
[106.882s][info][gc] GC(2560) Pause Young (Allocation Failure) 13M->8M(19M) 0.635ms
[106.893s][info][gc] GC(2561) Pause Young (Allocation Failure) 13M->8M(19M) 0.628ms
[106.902s][info][gc] GC(2562) Pause Young (Allocation Failure) 13M->8M(19M) 0.645ms
[106.911s][info][gc] GC(2563) Pause Young (Allocation Failure) 13M->8M(19M) 0.503ms
[106.920s][info][gc] GC(2564) Pause Young (Allocation Failure) 13M->8M(19M) 0.626ms
[106.930s][info][gc] GC(2565) Pause Young (Allocation Failure) 13M->8M(19M) 0.623ms
[106.940s][info][gc] GC(2566) Pause Young (Allocation Failure) 13M->8M(19M) 0.652ms
[106.950s][info][gc] GC(2567) Pause Young (Allocation Failure) 13M->8M(19M) 0.622ms
[106.959s][info][gc] GC(2568) Pause Young (Allocation Failure) 13M->8M(19M) 0.506ms
[106.968s][info][gc] GC(2569) Pause Young (Allocation Failure) 13M->8M(19M) 0.686ms
[106.977s][info][gc] GC(2570) Pause Young (Allocation Failure) 13M->8M(19M) 0.664ms
[106.992s][info][gc] GC(2571) Pause Young (Allocation Failure) 13M->8M(19M) 0.834ms
[107.004s][info][gc] GC(2572) Pause Young (Allocation Failure) 13M->8M(19M) 0.572ms
[107.014s][info][gc] GC(2573) Pause Young (Allocation Failure) 13M->8M(19M) 0.676ms
[107.026s][info][gc] GC(2574) Pause Young (Allocation Failure) 13M->8M(19M) 0.680ms
[107.035s][info][gc] GC(2575) Pause Young (Allocation Failure) 13M->8M(19M) 0.548ms
[107.046s][info][gc] GC(2576) Pause Young (Allocation Failure) 13M->8M(19M) 0.713ms
[107.055s][info][gc] GC(2577) Pause Young (Allocation Failure) 13M->8M(19M) 0.717ms
[107.068s][info][gc] GC(2578) Pause Young (Allocation Failure) 13M->8M(19M) 0.973ms
[107.083s][info][gc] GC(2579) Pause Young (Allocation Failure) 13M->8M(19M) 1.010ms
[107.101s][info][gc] GC(2580) Pause Young (Allocation Failure) 13M->8M(19M) 0.821ms
[107.113s][info][gc] GC(2581) Pause Young (Allocation Failure) 13M->8M(19M) 0.545ms
[107.125s][info][gc] GC(2582) Pause Young (Allocation Failure) 13M->8M(19M) 0.858ms
[107.138s][info][gc] GC(2583) Pause Young (Allocation Failure) 13M->8M(19M) 0.898ms
[107.150s][info][gc] GC(2584) Pause Young (Allocation Failure) 13M->8M(19M) 0.740ms
[107.161s][info][gc] GC(2585) Pause Young (Allocation Failure) 13M->8M(19M) 0.595ms
[107.173s][info][gc] GC(2586) Pause Young (Allocation Failure) 13M->8M(19M) 1.007ms
[107.185s][info][gc] GC(2587) Pause Young (Allocation Failure) 13M->8M(19M) 0.657ms
[107.199s][info][gc] GC(2588) Pause Young (Allocation Failure) 13M->8M(19M) 0.781ms
[107.214s][info][gc] GC(2589) Pause Young (Allocation Failure) 13M->8M(19M) 0.904ms
[107.226s][info][gc] GC(2590) Pause Young (Allocation Failure) 13M->8M(19M) 0.784ms
[107.237s][info][gc] GC(2591) Pause Young (Allocation Failure) 13M->8M(19M) 0.706ms
[107.249s][info][gc] GC(2592) Pause Young (Allocation Failure) 13M->8M(19M) 0.786ms
[107.264s][info][gc] GC(2593) Pause Young (Allocation Failure) 13M->8M(19M) 1.028ms
[107.280s][info][gc] GC(2594) Pause Young (Allocation Failure) 13M->8M(19M) 1.076ms
[107.295s][info][gc] GC(2595) Pause Young (Allocation Failure) 13M->8M(19M) 0.885ms
[107.308s][info][gc] GC(2596) Pause Young (Allocation Failure) 13M->8M(19M) 0.893ms
[107.323s][info][gc] GC(2597) Pause Young (Allocation Failure) 13M->8M(19M) 0.876ms
[107.335s][info][gc] GC(2598) Pause Young (Allocation Failure) 13M->8M(19M) 0.667ms
[107.345s][info][gc] GC(2599) Pause Young (Allocation Failure) 13M->8M(19M) 1.106ms
[107.356s][info][gc] GC(2600) Pause Young (Allocation Failure) 13M->8M(19M) 0.686ms
[107.367s][info][gc] GC(2601) Pause Young (Allocation Failure) 13M->8M(19M) 0.739ms
[107.377s][info][gc] GC(2602) Pause Young (Allocation Failure) 13M->8M(19M) 0.588ms
[107.387s][info][gc] GC(2603) Pause Young (Allocation Failure) 13M->8M(19M) 0.679ms
[107.397s][info][gc] GC(2604) Pause Young (Allocation Failure) 13M->8M(19M) 0.689ms
[107.406s][info][gc] GC(2605) Pause Young (Allocation Failure) 13M->8M(19M) 0.648ms
[107.417s][info][gc] GC(2606) Pause Young (Allocation Failure) 13M->8M(19M) 0.742ms
[107.426s][info][gc] GC(2607) Pause Young (Allocation Failure) 13M->8M(19M) 0.637ms
[107.436s][info][gc] GC(2608) Pause Young (Allocation Failure) 13M->8M(19M) 1.082ms
[107.446s][info][gc] GC(2609) Pause Young (Allocation Failure) 13M->8M(19M) 0.692ms
[107.455s][info][gc] GC(2610) Pause Young (Allocation Failure) 13M->8M(19M) 0.636ms
[107.465s][info][gc] GC(2611) Pause Young (Allocation Failure) 13M->8M(19M) 0.665ms
[107.475s][info][gc] GC(2612) Pause Young (Allocation Failure) 13M->8M(19M) 0.948ms
[107.486s][info][gc] GC(2613) Pause Young (Allocation Failure) 13M->8M(19M) 1.067ms
[107.504s][info][gc] GC(2614) Pause Young (Allocation Failure) 13M->8M(19M) 1.016ms
[107.515s][info][gc] GC(2615) Pause Young (Allocation Failure) 13M->8M(19M) 0.714ms
[107.525s][info][gc] GC(2616) Pause Young (Allocation Failure) 13M->8M(19M) 0.759ms
[107.537s][info][gc] GC(2617) Pause Young (Allocation Failure) 13M->8M(19M) 0.868ms
[107.547s][info][gc] GC(2618) Pause Young (Allocation Failure) 13M->8M(19M) 0.851ms
[107.558s][info][gc] GC(2619) Pause Young (Allocation Failure) 13M->8M(19M) 1.083ms
[107.568s][info][gc] GC(2620) Pause Young (Allocation Failure) 13M->8M(19M) 0.576ms
[107.577s][info][gc] GC(2621) Pause Young (Allocation Failure) 13M->8M(19M) 0.774ms
[107.587s][info][gc] GC(2622) Pause Young (Allocation Failure) 13M->8M(19M) 0.728ms
[107.597s][info][gc] GC(2623) Pause Young (Allocation Failure) 13M->8M(19M) 0.748ms
[107.606s][info][gc] GC(2624) Pause Young (Allocation Failure) 13M->8M(19M) 0.657ms
[107.616s][info][gc] GC(2625) Pause Young (Allocation Failure) 13M->8M(19M) 0.541ms
[107.627s][info][gc] GC(2626) Pause Young (Allocation Failure) 13M->8M(19M) 0.683ms
[107.637s][info][gc] GC(2627) Pause Young (Allocation Failure) 13M->8M(19M) 0.681ms
[107.647s][info][gc] GC(2628) Pause Young (Allocation Failure) 13M->8M(19M) 0.723ms
[107.657s][info][gc] GC(2629) Pause Young (Allocation Failure) 13M->8M(19M) 0.643ms
[107.667s][info][gc] GC(2630) Pause Young (Allocation Failure) 13M->8M(19M) 0.671ms
[107.676s][info][gc] GC(2631) Pause Young (Allocation Failure) 13M->8M(19M) 0.541ms
[107.687s][info][gc] GC(2632) Pause Young (Allocation Failure) 13M->8M(19M) 0.585ms
[107.697s][info][gc] GC(2633) Pause Young (Allocation Failure) 13M->8M(19M) 0.999ms
[107.707s][info][gc] GC(2634) Pause Young (Allocation Failure) 13M->8M(19M) 1.015ms
[107.717s][info][gc] GC(2635) Pause Young (Allocation Failure) 13M->8M(19M) 0.826ms
[107.727s][info][gc] GC(2636) Pause Young (Allocation Failure) 13M->8M(19M) 0.809ms
[107.738s][info][gc] GC(2637) Pause Young (Allocation Failure) 13M->8M(19M) 0.477ms
[107.748s][info][gc] GC(2638) Pause Young (Allocation Failure) 13M->8M(19M) 1.024ms
[107.758s][info][gc] GC(2639) Pause Young (Allocation Failure) 13M->8M(19M) 0.747ms
[107.769s][info][gc] GC(2640) Pause Young (Allocation Failure) 13M->8M(19M) 0.698ms
[107.783s][info][gc] GC(2641) Pause Young (Allocation Failure) 13M->8M(19M) 0.953ms
[107.797s][info][gc] GC(2642) Pause Young (Allocation Failure) 13M->8M(19M) 0.703ms
[107.810s][info][gc] GC(2643) Pause Young (Allocation Failure) 13M->8M(19M) 0.486ms
[107.824s][info][gc] GC(2644) Pause Young (Allocation Failure) 13M->8M(19M) 1.029ms
[107.835s][info][gc] GC(2645) Pause Young (Allocation Failure) 13M->8M(19M) 0.698ms
[107.846s][info][gc] GC(2646) Pause Young (Allocation Failure) 13M->8M(19M) 0.684ms
[107.858s][info][gc] GC(2647) Pause Young (Allocation Failure) 13M->8M(19M) 0.914ms
[107.874s][info][gc] GC(2648) Pause Young (Allocation Failure) 13M->8M(19M) 0.997ms
[107.891s][info][gc] GC(2649) Pause Young (Allocation Failure) 13M->8M(19M) 0.932ms
[107.905s][info][gc] GC(2650) Pause Young (Allocation Failure) 13M->8M(19M) 0.891ms
[107.919s][info][gc] GC(2651) Pause Young (Allocation Failure) 13M->8M(19M) 0.744ms
[107.931s][info][gc] GC(2652) Pause Young (Allocation Failure) 13M->8M(19M) 0.715ms
[107.950s][info][gc] GC(2653) Pause Young (Allocation Failure) 13M->8M(19M) 0.982ms
[107.960s][info][gc] GC(2654) Pause Young (Allocation Failure) 13M->8M(19M) 0.673ms
[107.972s][info][gc] GC(2655) Pause Young (Allocation Failure) 13M->8M(19M) 0.942ms
[107.990s][info][gc] GC(2656) Pause Young (Allocation Failure) 13M->8M(19M) 0.837ms
[108.025s][info][gc] GC(2657) Pause Young (Allocation Failure) 13M->8M(19M) 0.843ms
[108.037s][info][gc] GC(2658) Pause Young (Allocation Failure) 13M->8M(19M) 0.914ms
[108.052s][info][gc] GC(2659) Pause Young (Allocation Failure) 13M->8M(19M) 1.038ms
[108.066s][info][gc] GC(2660) Pause Young (Allocation Failure) 13M->8M(19M) 0.785ms
[108.081s][info][gc] GC(2661) Pause Young (Allocation Failure) 13M->8M(19M) 0.974ms
[108.094s][info][gc] GC(2662) Pause Young (Allocation Failure) 13M->8M(19M) 0.629ms
[108.106s][info][gc] GC(2663) Pause Young (Allocation Failure) 13M->8M(19M) 0.660ms
[108.116s][info][gc] GC(2664) Pause Young (Allocation Failure) 13M->8M(19M) 1.046ms
[108.126s][info][gc] GC(2665) Pause Young (Allocation Failure) 13M->8M(19M) 0.665ms
[108.138s][info][gc] GC(2666) Pause Young (Allocation Failure) 13M->8M(19M) 0.929ms
[108.148s][info][gc] GC(2667) Pause Young (Allocation Failure) 13M->8M(19M) 0.835ms
[108.161s][info][gc] GC(2668) Pause Young (Allocation Failure) 13M->8M(19M) 0.629ms
[108.171s][info][gc] GC(2669) Pause Young (Allocation Failure) 13M->8M(19M) 0.477ms
[108.181s][info][gc] GC(2670) Pause Young (Allocation Failure) 13M->8M(19M) 0.804ms
[108.190s][info][gc] GC(2671) Pause Young (Allocation Failure) 13M->8M(19M) 0.666ms
[108.200s][info][gc] GC(2672) Pause Young (Allocation Failure) 13M->8M(19M) 0.701ms
[108.212s][info][gc] GC(2673) Pause Young (Allocation Failure) 13M->8M(19M) 0.758ms
[108.224s][info][gc] GC(2674) Pause Young (Allocation Failure) 13M->8M(19M) 0.694ms
[108.236s][info][gc] GC(2675) Pause Young (Allocation Failure) 13M->8M(19M) 0.794ms
[108.251s][info][gc] GC(2676) Pause Young (Allocation Failure) 13M->8M(19M) 0.959ms
[108.264s][info][gc] GC(2677) Pause Young (Allocation Failure) 13M->8M(19M) 0.888ms
[108.276s][info][gc] GC(2678) Pause Young (Allocation Failure) 13M->8M(19M) 0.909ms
[108.288s][info][gc] GC(2679) Pause Young (Allocation Failure) 13M->8M(19M) 0.879ms
[108.301s][info][gc] GC(2680) Pause Young (Allocation Failure) 13M->8M(19M) 0.675ms
[108.315s][info][gc] GC(2681) Pause Young (Allocation Failure) 13M->8M(19M) 0.925ms
[108.329s][info][gc] GC(2682) Pause Young (Allocation Failure) 13M->8M(19M) 0.828ms
[108.341s][info][gc] GC(2683) Pause Young (Allocation Failure) 13M->8M(19M) 1.029ms
[108.357s][info][gc] GC(2684) Pause Young (Allocation Failure) 13M->8M(19M) 0.988ms
[108.372s][info][gc] GC(2685) Pause Young (Allocation Failure) 13M->8M(19M) 0.835ms
[108.387s][info][gc] GC(2686) Pause Young (Allocation Failure) 13M->8M(19M) 1.037ms
[108.402s][info][gc] GC(2687) Pause Young (Allocation Failure) 13M->8M(19M) 0.779ms
[108.418s][info][gc] GC(2688) Pause Young (Allocation Failure) 13M->8M(19M) 0.901ms
[108.434s][info][gc] GC(2689) Pause Young (Allocation Failure) 13M->8M(19M) 1.006ms
[108.449s][info][gc] GC(2690) Pause Young (Allocation Failure) 13M->8M(19M) 0.958ms
[108.465s][info][gc] GC(2691) Pause Young (Allocation Failure) 13M->8M(19M) 1.530ms
[108.480s][info][gc] GC(2692) Pause Young (Allocation Failure) 13M->8M(19M) 0.943ms
[108.497s][info][gc] GC(2693) Pause Young (Allocation Failure) 13M->8M(19M) 0.948ms
[108.516s][info][gc] GC(2694) Pause Young (Allocation Failure) 13M->8M(19M) 1.009ms
[108.531s][info][gc] GC(2695) Pause Young (Allocation Failure) 13M->8M(19M) 0.998ms
[108.549s][info][gc] GC(2696) Pause Young (Allocation Failure) 13M->8M(19M) 0.794ms
[108.565s][info][gc] GC(2697) Pause Young (Allocation Failure) 13M->8M(19M) 1.612ms
[108.577s][info][gc] GC(2698) Pause Young (Allocation Failure) 13M->8M(19M) 1.137ms
[108.588s][info][gc] GC(2699) Pause Young (Allocation Failure) 13M->8M(19M) 0.535ms
[108.598s][info][gc] GC(2700) Pause Young (Allocation Failure) 13M->8M(19M) 1.166ms
[108.609s][info][gc] GC(2701) Pause Young (Allocation Failure) 13M->8M(19M) 0.629ms
[108.619s][info][gc] GC(2702) Pause Young (Allocation Failure) 13M->8M(19M) 0.978ms
[108.628s][info][gc] GC(2703) Pause Young (Allocation Failure) 13M->8M(19M) 0.710ms
[108.639s][info][gc] GC(2704) Pause Young (Allocation Failure) 13M->8M(19M) 0.818ms
[108.648s][info][gc] GC(2705) Pause Young (Allocation Failure) 13M->8M(19M) 0.979ms
[108.658s][info][gc] GC(2706) Pause Young (Allocation Failure) 13M->8M(19M) 0.983ms
[108.670s][info][gc] GC(2707) Pause Young (Allocation Failure) 13M->8M(19M) 0.627ms
[108.679s][info][gc] GC(2708) Pause Young (Allocation Failure) 13M->8M(19M) 0.654ms
[108.689s][info][gc] GC(2709) Pause Young (Allocation Failure) 13M->8M(19M) 0.928ms
[108.701s][info][gc] GC(2710) Pause Young (Allocation Failure) 13M->8M(19M) 0.644ms
[108.710s][info][gc] GC(2711) Pause Young (Allocation Failure) 13M->8M(19M) 0.665ms
[108.719s][info][gc] GC(2712) Pause Young (Allocation Failure) 13M->8M(19M) 0.563ms
[108.728s][info][gc] GC(2713) Pause Young (Allocation Failure) 13M->8M(19M) 0.672ms
[108.737s][info][gc] GC(2714) Pause Young (Allocation Failure) 13M->8M(19M) 0.633ms
[108.747s][info][gc] GC(2715) Pause Young (Allocation Failure) 13M->8M(19M) 0.627ms
[108.757s][info][gc] GC(2716) Pause Young (Allocation Failure) 13M->8M(19M) 0.619ms
[108.767s][info][gc] GC(2717) Pause Young (Allocation Failure) 13M->8M(19M) 0.642ms
[108.776s][info][gc] GC(2718) Pause Young (Allocation Failure) 13M->8M(19M) 0.699ms
[108.786s][info][gc] GC(2719) Pause Young (Allocation Failure) 13M->8M(19M) 0.736ms
[108.795s][info][gc] GC(2720) Pause Young (Allocation Failure) 13M->8M(19M) 0.695ms
[108.804s][info][gc] GC(2721) Pause Young (Allocation Failure) 13M->8M(19M) 0.677ms
[108.814s][info][gc] GC(2722) Pause Young (Allocation Failure) 13M->8M(19M) 0.669ms
[108.823s][info][gc] GC(2723) Pause Young (Allocation Failure) 13M->8M(19M) 0.675ms
[108.833s][info][gc] GC(2724) Pause Young (Allocation Failure) 13M->8M(19M) 0.590ms
[108.843s][info][gc] GC(2725) Pause Young (Allocation Failure) 13M->8M(19M) 0.675ms
[108.852s][info][gc] GC(2726) Pause Young (Allocation Failure) 13M->8M(19M) 0.793ms
[108.862s][info][gc] GC(2727) Pause Young (Allocation Failure) 13M->8M(19M) 0.679ms
[108.873s][info][gc] GC(2728) Pause Young (Allocation Failure) 13M->8M(19M) 0.583ms
[108.884s][info][gc] GC(2729) Pause Young (Allocation Failure) 13M->8M(19M) 1.251ms
[108.894s][info][gc] GC(2730) Pause Young (Allocation Failure) 13M->8M(19M) 0.721ms
[108.904s][info][gc] GC(2731) Pause Young (Allocation Failure) 13M->8M(19M) 0.684ms
[108.914s][info][gc] GC(2732) Pause Young (Allocation Failure) 13M->8M(19M) 0.662ms
[108.924s][info][gc] GC(2733) Pause Young (Allocation Failure) 13M->8M(19M) 1.103ms
[108.934s][info][gc] GC(2734) Pause Young (Allocation Failure) 13M->8M(19M) 0.493ms
[108.944s][info][gc] GC(2735) Pause Young (Allocation Failure) 13M->8M(19M) 1.685ms
[108.954s][info][gc] GC(2736) Pause Young (Allocation Failure) 13M->8M(19M) 0.729ms
[108.964s][info][gc] GC(2737) Pause Young (Allocation Failure) 13M->8M(19M) 1.010ms
[108.974s][info][gc] GC(2738) Pause Young (Allocation Failure) 13M->8M(19M) 0.660ms
[108.984s][info][gc] GC(2739) Pause Young (Allocation Failure) 13M->8M(19M) 0.961ms
[109.002s][info][gc] GC(2740) Pause Young (Allocation Failure) 13M->8M(19M) 1.027ms
[109.023s][info][gc] GC(2741) Pause Young (Allocation Failure) 13M->8M(19M) 1.324ms
[109.034s][info][gc] GC(2742) Pause Young (Allocation Failure) 13M->8M(19M) 0.704ms
[109.046s][info][gc] GC(2743) Pause Young (Allocation Failure) 14M->8M(19M) 0.729ms
[109.055s][info][gc] GC(2744) Pause Young (Allocation Failure) 13M->8M(19M) 0.650ms
[109.065s][info][gc] GC(2745) Pause Young (Allocation Failure) 13M->8M(19M) 0.641ms
[109.074s][info][gc] GC(2746) Pause Young (Allocation Failure) 14M->8M(19M) 0.583ms
[109.083s][info][gc] GC(2747) Pause Young (Allocation Failure) 13M->8M(19M) 0.635ms
[109.095s][info][gc] GC(2748) Pause Young (Allocation Failure) 14M->8M(19M) 1.188ms
[109.104s][info][gc] GC(2749) Pause Young (Allocation Failure) 13M->8M(19M) 0.578ms
[109.116s][info][gc] GC(2750) Pause Young (Allocation Failure) 13M->8M(19M) 0.734ms
[109.131s][info][gc] GC(2751) Pause Young (Allocation Failure) 14M->8M(19M) 0.999ms
[109.143s][info][gc] GC(2752) Pause Young (Allocation Failure) 13M->8M(19M) 0.698ms
[109.155s][info][gc] GC(2753) Pause Young (Allocation Failure) 13M->8M(19M) 0.541ms
[109.167s][info][gc] GC(2754) Pause Young (Allocation Failure) 13M->8M(19M) 1.017ms
[109.178s][info][gc] GC(2755) Pause Young (Allocation Failure) 14M->8M(19M) 1.005ms
[109.189s][info][gc] GC(2756) Pause Young (Allocation Failure) 14M->8M(19M) 0.513ms
[109.202s][info][gc] GC(2757) Pause Young (Allocation Failure) 13M->8M(19M) 0.707ms
[109.214s][info][gc] GC(2758) Pause Young (Allocation Failure) 14M->8M(19M) 0.636ms
[109.226s][info][gc] GC(2759) Pause Young (Allocation Failure) 14M->8M(19M) 1.054ms
[109.239s][info][gc] GC(2760) Pause Young (Allocation Failure) 14M->8M(19M) 0.532ms
[109.251s][info][gc] GC(2761) Pause Young (Allocation Failure) 13M->8M(19M) 0.470ms
[109.262s][info][gc] GC(2762) Pause Young (Allocation Failure) 13M->8M(19M) 0.957ms
[109.274s][info][gc] GC(2763) Pause Young (Allocation Failure) 14M->8M(19M) 1.201ms
[109.283s][info][gc] GC(2764) Pause Young (Allocation Failure) 14M->8M(19M) 0.642ms
[109.292s][info][gc] GC(2765) Pause Young (Allocation Failure) 14M->8M(19M) 1.047ms
[109.302s][info][gc] GC(2766) Pause Young (Allocation Failure) 14M->8M(19M) 0.459ms
[109.312s][info][gc] GC(2767) Pause Young (Allocation Failure) 13M->8M(19M) 0.627ms
[109.322s][info][gc] GC(2768) Pause Young (Allocation Failure) 14M->8M(19M) 0.666ms
[109.331s][info][gc] GC(2769) Pause Young (Allocation Failure) 14M->8M(19M) 0.496ms
[109.341s][info][gc] GC(2770) Pause Young (Allocation Failure) 13M->8M(19M) 0.698ms
[109.351s][info][gc] GC(2771) Pause Young (Allocation Failure) 14M->8M(19M) 0.765ms
[109.361s][info][gc] GC(2772) Pause Young (Allocation Failure) 14M->8M(19M) 0.681ms
[109.371s][info][gc] GC(2773) Pause Young (Allocation Failure) 14M->8M(19M) 0.676ms
[109.381s][info][gc] GC(2774) Pause Young (Allocation Failure) 14M->8M(19M) 0.645ms
[109.390s][info][gc] GC(2775) Pause Young (Allocation Failure) 14M->8M(19M) 0.535ms
[109.401s][info][gc] GC(2776) Pause Young (Allocation Failure) 14M->8M(19M) 1.651ms
[109.410s][info][gc] GC(2777) Pause Young (Allocation Failure) 14M->8M(19M) 0.657ms
[109.420s][info][gc] GC(2778) Pause Young (Allocation Failure) 14M->8M(19M) 0.690ms
[109.429s][info][gc] GC(2779) Pause Young (Allocation Failure) 14M->8M(19M) 0.575ms
[109.439s][info][gc] GC(2780) Pause Young (Allocation Failure) 14M->8M(19M) 0.713ms
[109.449s][info][gc] GC(2781) Pause Young (Allocation Failure) 14M->8M(19M) 0.718ms
[109.458s][info][gc] GC(2782) Pause Young (Allocation Failure) 14M->8M(19M) 0.688ms
[109.468s][info][gc] GC(2783) Pause Young (Allocation Failure) 14M->8M(19M) 0.663ms
[109.477s][info][gc] GC(2784) Pause Young (Allocation Failure) 14M->8M(19M) 0.734ms
[109.488s][info][gc] GC(2785) Pause Young (Allocation Failure) 14M->8M(19M) 0.514ms
[109.502s][info][gc] GC(2786) Pause Young (Allocation Failure) 14M->8M(19M) 0.535ms
[109.514s][info][gc] GC(2787) Pause Young (Allocation Failure) 14M->8M(19M) 0.724ms
[109.527s][info][gc] GC(2788) Pause Young (Allocation Failure) 14M->8M(19M) 1.057ms
[109.538s][info][gc] GC(2789) Pause Young (Allocation Failure) 14M->8M(19M) 0.684ms
[109.548s][info][gc] GC(2790) Pause Young (Allocation Failure) 14M->8M(19M) 0.931ms
[109.559s][info][gc] GC(2791) Pause Young (Allocation Failure) 14M->8M(19M) 0.525ms
[109.572s][info][gc] GC(2792) Pause Young (Allocation Failure) 14M->8M(19M) 0.691ms
[109.584s][info][gc] GC(2793) Pause Young (Allocation Failure) 14M->8M(19M) 0.684ms
[109.593s][info][gc] GC(2794) Pause Young (Allocation Failure) 14M->8M(19M) 0.644ms
[109.606s][info][gc] GC(2795) Pause Young (Allocation Failure) 14M->8M(19M) 0.967ms
[109.616s][info][gc] GC(2796) Pause Young (Allocation Failure) 14M->8M(19M) 0.540ms
[109.628s][info][gc] GC(2797) Pause Young (Allocation Failure) 14M->8M(19M) 0.665ms
[109.639s][info][gc] GC(2798) Pause Young (Allocation Failure) 14M->8M(19M) 1.085ms
[109.653s][info][gc] GC(2799) Pause Young (Allocation Failure) 14M->8M(19M) 0.565ms
[109.666s][info][gc] GC(2800) Pause Young (Allocation Failure) 14M->8M(19M) 0.717ms
[109.677s][info][gc] GC(2801) Pause Young (Allocation Failure) 14M->8M(19M) 0.908ms
[109.690s][info][gc] GC(2802) Pause Young (Allocation Failure) 14M->8M(19M) 0.685ms
[109.704s][info][gc] GC(2803) Pause Young (Allocation Failure) 14M->8M(19M) 0.932ms
[109.718s][info][gc] GC(2804) Pause Young (Allocation Failure) 14M->8M(19M) 0.686ms
[109.730s][info][gc] GC(2805) Pause Young (Allocation Failure) 14M->8M(19M) 0.565ms
[109.742s][info][gc] GC(2806) Pause Young (Allocation Failure) 14M->8M(19M) 0.652ms
[109.753s][info][gc] GC(2807) Pause Young (Allocation Failure) 14M->8M(19M) 0.892ms
[109.767s][info][gc] GC(2808) Pause Young (Allocation Failure) 14M->8M(19M) 1.583ms
[109.781s][info][gc] GC(2809) Pause Young (Allocation Failure) 14M->8M(19M) 0.613ms
[109.791s][info][gc] GC(2810) Pause Young (Allocation Failure) 14M->8M(19M) 0.650ms
[109.800s][info][gc] GC(2811) Pause Young (Allocation Failure) 14M->8M(19M) 0.633ms
[109.810s][info][gc] GC(2812) Pause Young (Allocation Failure) 14M->8M(19M) 0.622ms
[109.819s][info][gc] GC(2813) Pause Young (Allocation Failure) 14M->8M(19M) 0.626ms
[109.829s][info][gc] GC(2814) Pause Young (Allocation Failure) 14M->8M(19M) 1.653ms
[109.839s][info][gc] GC(2815) Pause Young (Allocation Failure) 14M->8M(19M) 0.665ms
[109.848s][info][gc] GC(2816) Pause Young (Allocation Failure) 14M->8M(19M) 0.650ms
[109.857s][info][gc] GC(2817) Pause Young (Allocation Failure) 14M->8M(19M) 0.492ms
[109.866s][info][gc] GC(2818) Pause Young (Allocation Failure) 14M->8M(19M) 0.645ms
[109.875s][info][gc] GC(2819) Pause Young (Allocation Failure) 14M->8M(19M) 0.711ms
[109.886s][info][gc] GC(2820) Pause Young (Allocation Failure) 14M->8M(19M) 1.071ms
[109.898s][info][gc] GC(2821) Pause Young (Allocation Failure) 14M->8M(19M) 1.074ms
[109.908s][info][gc] GC(2822) Pause Young (Allocation Failure) 14M->8M(19M) 0.714ms
[109.918s][info][gc] GC(2823) Pause Young (Allocation Failure) 14M->8M(19M) 0.642ms
[109.929s][info][gc] GC(2824) Pause Young (Allocation Failure) 14M->8M(19M) 0.741ms
[109.938s][info][gc] GC(2825) Pause Young (Allocation Failure) 14M->8M(19M) 0.581ms
[109.948s][info][gc] GC(2826) Pause Young (Allocation Failure) 14M->8M(19M) 0.586ms
[109.957s][info][gc] GC(2827) Pause Young (Allocation Failure) 14M->8M(19M) 0.689ms
[109.967s][info][gc] GC(2828) Pause Young (Allocation Failure) 14M->8M(19M) 1.012ms
[109.977s][info][gc] GC(2829) Pause Young (Allocation Failure) 14M->8M(19M) 0.666ms
[109.993s][info][gc] GC(2830) Pause Young (Allocation Failure) 14M->8M(19M) 0.992ms
[110.010s][info][gc] GC(2831) Pause Young (Allocation Failure) 14M->8M(19M) 0.921ms
[110.023s][info][gc] GC(2832) Pause Young (Allocation Failure) 14M->8M(19M) 0.684ms
[110.032s][info][gc] GC(2833) Pause Young (Allocation Failure) 14M->8M(19M) 0.507ms
[110.041s][info][gc] GC(2834) Pause Young (Allocation Failure) 14M->8M(19M) 0.647ms
[110.051s][info][gc] GC(2835) Pause Young (Allocation Failure) 14M->8M(19M) 0.643ms
[110.060s][info][gc] GC(2836) Pause Young (Allocation Failure) 14M->8M(19M) 0.673ms
[110.071s][info][gc] GC(2837) Pause Young (Allocation Failure) 14M->8M(19M) 0.943ms
[110.080s][info][gc] GC(2838) Pause Young (Allocation Failure) 14M->8M(19M) 0.696ms
[110.089s][info][gc] GC(2839) Pause Young (Allocation Failure) 14M->8M(19M) 0.667ms
[110.099s][info][gc] GC(2840) Pause Young (Allocation Failure) 14M->8M(19M) 0.628ms
[110.108s][info][gc] GC(2841) Pause Young (Allocation Failure) 14M->8M(19M) 0.559ms
[110.117s][info][gc] GC(2842) Pause Young (Allocation Failure) 14M->8M(19M) 0.706ms
[110.126s][info][gc] GC(2843) Pause Young (Allocation Failure) 14M->8M(19M) 0.697ms
[110.135s][info][gc] GC(2844) Pause Young (Allocation Failure) 14M->8M(19M) 0.642ms
[110.144s][info][gc] GC(2845) Pause Young (Allocation Failure) 14M->8M(19M) 0.575ms
[110.153s][info][gc] GC(2846) Pause Young (Allocation Failure) 14M->8M(19M) 0.525ms
[110.163s][info][gc] GC(2847) Pause Young (Allocation Failure) 14M->8M(19M) 0.633ms
[110.174s][info][gc] GC(2848) Pause Young (Allocation Failure) 14M->8M(19M) 0.680ms
[110.184s][info][gc] GC(2849) Pause Young (Allocation Failure) 14M->8M(19M) 0.621ms
[110.193s][info][gc] GC(2850) Pause Young (Allocation Failure) 14M->8M(19M) 0.635ms
[110.203s][info][gc] GC(2851) Pause Young (Allocation Failure) 14M->8M(19M) 0.580ms
[110.213s][info][gc] GC(2852) Pause Young (Allocation Failure) 14M->8M(19M) 0.562ms
[110.222s][info][gc] GC(2853) Pause Young (Allocation Failure) 14M->8M(19M) 0.700ms
[110.231s][info][gc] GC(2854) Pause Young (Allocation Failure) 14M->8M(19M) 0.644ms
[110.241s][info][gc] GC(2855) Pause Young (Allocation Failure) 14M->8M(19M) 0.666ms
[110.251s][info][gc] GC(2856) Pause Young (Allocation Failure) 14M->8M(19M) 0.521ms
[110.262s][info][gc] GC(2857) Pause Young (Allocation Failure) 14M->8M(19M) 0.706ms
[110.272s][info][gc] GC(2858) Pause Young (Allocation Failure) 14M->8M(19M) 1.045ms
[110.286s][info][gc] GC(2859) Pause Young (Allocation Failure) 14M->8M(19M) 0.647ms
[110.299s][info][gc] GC(2860) Pause Young (Allocation Failure) 14M->8M(19M) 0.707ms
[110.312s][info][gc] GC(2861) Pause Young (Allocation Failure) 14M->8M(19M) 0.637ms
[110.324s][info][gc] GC(2862) Pause Young (Allocation Failure) 14M->8M(19M) 0.646ms
[110.336s][info][gc] GC(2863) Pause Young (Allocation Failure) 14M->8M(19M) 0.738ms
[110.348s][info][gc] GC(2864) Pause Young (Allocation Failure) 14M->8M(19M) 0.642ms
[110.358s][info][gc] GC(2865) Pause Young (Allocation Failure) 14M->8M(19M) 0.641ms
[110.370s][info][gc] GC(2866) Pause Young (Allocation Failure) 14M->8M(19M) 0.644ms
[110.381s][info][gc] GC(2867) Pause Young (Allocation Failure) 14M->8M(19M) 0.980ms
[110.394s][info][gc] GC(2868) Pause Young (Allocation Failure) 14M->8M(19M) 0.626ms
[110.406s][info][gc] GC(2869) Pause Young (Allocation Failure) 14M->8M(19M) 0.568ms
[110.419s][info][gc] GC(2870) Pause Young (Allocation Failure) 14M->8M(19M) 0.671ms
[110.430s][info][gc] GC(2871) Pause Young (Allocation Failure) 14M->8M(19M) 0.666ms
[110.440s][info][gc] GC(2872) Pause Young (Allocation Failure) 14M->8M(19M) 0.665ms
[110.450s][info][gc] GC(2873) Pause Young (Allocation Failure) 14M->8M(19M) 0.568ms
[110.462s][info][gc] GC(2874) Pause Young (Allocation Failure) 14M->8M(19M) 0.895ms
[110.471s][info][gc] GC(2875) Pause Young (Allocation Failure) 14M->8M(19M) 0.693ms
[110.480s][info][gc] GC(2876) Pause Young (Allocation Failure) 14M->8M(19M) 0.630ms
[110.490s][info][gc] GC(2877) Pause Young (Allocation Failure) 14M->8M(19M) 1.235ms
[110.502s][info][gc] GC(2878) Pause Young (Allocation Failure) 14M->8M(19M) 0.867ms
[110.518s][info][gc] GC(2879) Pause Young (Allocation Failure) 14M->8M(19M) 0.712ms
[110.528s][info][gc] GC(2880) Pause Young (Allocation Failure) 14M->8M(19M) 0.689ms
[110.539s][info][gc] GC(2881) Pause Young (Allocation Failure) 14M->8M(19M) 0.800ms
[110.549s][info][gc] GC(2882) Pause Young (Allocation Failure) 14M->8M(19M) 0.572ms
[110.558s][info][gc] GC(2883) Pause Young (Allocation Failure) 14M->8M(19M) 0.507ms
[110.567s][info][gc] GC(2884) Pause Young (Allocation Failure) 14M->8M(19M) 0.641ms
[110.576s][info][gc] GC(2885) Pause Young (Allocation Failure) 14M->8M(19M) 0.656ms
[110.585s][info][gc] GC(2886) Pause Young (Allocation Failure) 14M->8M(19M) 0.624ms
[110.594s][info][gc] GC(2887) Pause Young (Allocation Failure) 14M->8M(19M) 0.657ms
[110.604s][info][gc] GC(2888) Pause Young (Allocation Failure) 14M->8M(19M) 0.919ms
[110.614s][info][gc] GC(2889) Pause Young (Allocation Failure) 14M->8M(19M) 0.792ms
[110.623s][info][gc] GC(2890) Pause Young (Allocation Failure) 14M->8M(19M) 0.721ms
[110.632s][info][gc] GC(2891) Pause Young (Allocation Failure) 14M->8M(19M) 0.662ms
[110.641s][info][gc] GC(2892) Pause Young (Allocation Failure) 14M->8M(19M) 0.507ms
[110.651s][info][gc] GC(2893) Pause Young (Allocation Failure) 14M->8M(19M) 0.693ms
[110.660s][info][gc] GC(2894) Pause Young (Allocation Failure) 14M->8M(19M) 0.687ms
[110.669s][info][gc] GC(2895) Pause Young (Allocation Failure) 14M->8M(19M) 0.644ms
[110.680s][info][gc] GC(2896) Pause Young (Allocation Failure) 14M->8M(19M) 0.602ms
[110.689s][info][gc] GC(2897) Pause Young (Allocation Failure) 14M->8M(19M) 0.746ms
[110.699s][info][gc] GC(2898) Pause Young (Allocation Failure) 14M->8M(19M) 0.712ms
[110.708s][info][gc] GC(2899) Pause Young (Allocation Failure) 14M->8M(19M) 0.678ms
[110.717s][info][gc] GC(2900) Pause Young (Allocation Failure) 14M->8M(19M) 0.534ms
[110.726s][info][gc] GC(2901) Pause Young (Allocation Failure) 14M->8M(19M) 0.772ms
[110.737s][info][gc] GC(2902) Pause Young (Allocation Failure) 14M->8M(19M) 1.320ms
[110.747s][info][gc] GC(2903) Pause Young (Allocation Failure) 14M->8M(19M) 1.133ms
[110.756s][info][gc] GC(2904) Pause Young (Allocation Failure) 14M->8M(19M) 0.795ms
[110.766s][info][gc] GC(2905) Pause Young (Allocation Failure) 14M->8M(19M) 0.716ms
[110.776s][info][gc] GC(2906) Pause Young (Allocation Failure) 14M->8M(19M) 0.662ms
[110.788s][info][gc] GC(2907) Pause Young (Allocation Failure) 14M->8M(19M) 0.715ms
[110.798s][info][gc] GC(2908) Pause Young (Allocation Failure) 14M->8M(19M) 0.600ms
[110.808s][info][gc] GC(2909) Pause Young (Allocation Failure) 14M->8M(19M) 0.523ms
[110.819s][info][gc] GC(2910) Pause Young (Allocation Failure) 14M->8M(19M) 2.332ms
[110.830s][info][gc] GC(2911) Pause Young (Allocation Failure) 14M->8M(19M) 0.734ms
[110.844s][info][gc] GC(2912) Pause Young (Allocation Failure) 14M->8M(19M) 0.755ms
[110.857s][info][gc] GC(2913) Pause Young (Allocation Failure) 14M->8M(19M) 0.636ms
[110.872s][info][gc] GC(2914) Pause Young (Allocation Failure) 14M->8M(19M) 1.428ms
[110.885s][info][gc] GC(2915) Pause Young (Allocation Failure) 14M->8M(19M) 1.387ms
[110.897s][info][gc] GC(2916) Pause Young (Allocation Failure) 14M->8M(19M) 0.487ms
[110.909s][info][gc] GC(2917) Pause Young (Allocation Failure) 14M->8M(19M) 1.409ms
[110.922s][info][gc] GC(2918) Pause Young (Allocation Failure) 14M->8M(19M) 0.695ms
[110.939s][info][gc] GC(2919) Pause Young (Allocation Failure) 14M->8M(19M) 1.566ms
[110.953s][info][gc] GC(2920) Pause Young (Allocation Failure) 14M->8M(19M) 0.915ms
[110.967s][info][gc] GC(2921) Pause Young (Allocation Failure) 14M->8M(19M) 0.880ms
[110.978s][info][gc] GC(2922) Pause Young (Allocation Failure) 14M->8M(19M) 0.631ms
[110.988s][info][gc] GC(2923) Pause Young (Allocation Failure) 14M->8M(19M) 0.966ms
[111.001s][info][gc] GC(2924) Pause Young (Allocation Failure) 14M->8M(19M) 1.179ms
[111.024s][info][gc] GC(2925) Pause Young (Allocation Failure) 14M->8M(19M) 1.353ms
[111.037s][info][gc] GC(2926) Pause Young (Allocation Failure) 14M->8M(19M) 0.555ms
[111.048s][info][gc] GC(2927) Pause Young (Allocation Failure) 14M->8M(19M) 0.698ms
[111.060s][info][gc] GC(2928) Pause Young (Allocation Failure) 14M->8M(19M) 0.655ms
[111.069s][info][gc] GC(2929) Pause Young (Allocation Failure) 14M->8M(19M) 0.644ms
[111.079s][info][gc] GC(2930) Pause Young (Allocation Failure) 14M->8M(19M) 0.767ms
[111.088s][info][gc] GC(2931) Pause Young (Allocation Failure) 14M->8M(19M) 0.469ms
[111.098s][info][gc] GC(2932) Pause Young (Allocation Failure) 14M->8M(19M) 0.956ms
[111.108s][info][gc] GC(2933) Pause Young (Allocation Failure) 14M->8M(19M) 1.109ms
[111.119s][info][gc] GC(2934) Pause Young (Allocation Failure) 14M->8M(19M) 0.661ms
[111.128s][info][gc] GC(2935) Pause Young (Allocation Failure) 14M->8M(19M) 0.642ms
[111.138s][info][gc] GC(2936) Pause Young (Allocation Failure) 14M->8M(19M) 0.594ms
[111.147s][info][gc] GC(2937) Pause Young (Allocation Failure) 14M->8M(19M) 0.587ms
[111.156s][info][gc] GC(2938) Pause Young (Allocation Failure) 14M->8M(19M) 0.665ms
[111.166s][info][gc] GC(2939) Pause Young (Allocation Failure) 14M->8M(19M) 0.692ms
[111.175s][info][gc] GC(2940) Pause Young (Allocation Failure) 14M->8M(19M) 0.709ms
[111.184s][info][gc] GC(2941) Pause Young (Allocation Failure) 14M->8M(19M) 0.500ms
[111.194s][info][gc] GC(2942) Pause Young (Allocation Failure) 14M->8M(19M) 0.869ms
[111.206s][info][gc] GC(2943) Pause Young (Allocation Failure) 14M->8M(19M) 0.700ms
[111.215s][info][gc] GC(2944) Pause Young (Allocation Failure) 14M->8M(19M) 0.540ms
[111.224s][info][gc] GC(2945) Pause Young (Allocation Failure) 14M->8M(19M) 0.641ms
[111.234s][info][gc] GC(2946) Pause Young (Allocation Failure) 14M->8M(19M) 0.922ms
[111.243s][info][gc] GC(2947) Pause Young (Allocation Failure) 14M->9M(19M) 0.697ms
[111.253s][info][gc] GC(2948) Pause Young (Allocation Failure) 14M->8M(19M) 0.593ms
[111.264s][info][gc] GC(2949) Pause Young (Allocation Failure) 14M->9M(19M) 0.885ms
[111.273s][info][gc] GC(2950) Pause Young (Allocation Failure) 14M->8M(19M) 0.672ms
[111.283s][info][gc] GC(2951) Pause Young (Allocation Failure) 14M->8M(19M) 0.612ms
[111.293s][info][gc] GC(2952) Pause Young (Allocation Failure) 14M->9M(19M) 0.704ms
[111.302s][info][gc] GC(2953) Pause Young (Allocation Failure) 14M->8M(19M) 0.603ms
[111.311s][info][gc] GC(2954) Pause Young (Allocation Failure) 14M->9M(19M) 0.788ms
[111.321s][info][gc] GC(2955) Pause Young (Allocation Failure) 14M->8M(19M) 0.673ms
[111.330s][info][gc] GC(2956) Pause Young (Allocation Failure) 14M->9M(19M) 0.683ms
[111.341s][info][gc] GC(2957) Pause Young (Allocation Failure) 14M->9M(19M) 1.152ms
[111.351s][info][gc] GC(2958) Pause Young (Allocation Failure) 14M->9M(19M) 1.362ms
[111.362s][info][gc] GC(2959) Pause Young (Allocation Failure) 14M->9M(19M) 1.200ms
[111.372s][info][gc] GC(2960) Pause Young (Allocation Failure) 14M->9M(19M) 0.934ms
[111.382s][info][gc] GC(2961) Pause Young (Allocation Failure) 14M->9M(19M) 0.699ms
[111.391s][info][gc] GC(2962) Pause Young (Allocation Failure) 14M->9M(19M) 0.674ms
[111.401s][info][gc] GC(2963) Pause Young (Allocation Failure) 14M->9M(19M) 0.694ms
[111.410s][info][gc] GC(2964) Pause Young (Allocation Failure) 14M->9M(19M) 0.658ms
[111.420s][info][gc] GC(2965) Pause Young (Allocation Failure) 14M->9M(19M) 0.725ms
[111.429s][info][gc] GC(2966) Pause Young (Allocation Failure) 14M->8M(19M) 0.529ms
[111.438s][info][gc] GC(2967) Pause Young (Allocation Failure) 14M->9M(19M) 0.693ms
[111.449s][info][gc] GC(2968) Pause Young (Allocation Failure) 14M->9M(19M) 0.658ms
[111.458s][info][gc] GC(2969) Pause Young (Allocation Failure) 14M->9M(19M) 0.645ms
[111.468s][info][gc] GC(2970) Pause Young (Allocation Failure) 14M->9M(19M) 0.686ms
[111.479s][info][gc] GC(2971) Pause Young (Allocation Failure) 14M->9M(19M) 0.666ms
[111.494s][info][gc] GC(2972) Pause Young (Allocation Failure) 14M->9M(19M) 0.654ms
[111.511s][info][gc] GC(2973) Pause Young (Allocation Failure) 14M->8M(19M) 0.832ms
[111.526s][info][gc] GC(2974) Pause Young (Allocation Failure) 14M->9M(19M) 1.004ms
[111.538s][info][gc] GC(2975) Pause Young (Allocation Failure) 14M->9M(19M) 0.651ms
[111.552s][info][gc] GC(2976) Pause Young (Allocation Failure) 14M->9M(19M) 0.657ms
[111.565s][info][gc] GC(2977) Pause Young (Allocation Failure) 14M->9M(19M) 0.785ms
[111.578s][info][gc] GC(2978) Pause Young (Allocation Failure) 14M->9M(19M) 0.683ms
[111.590s][info][gc] GC(2979) Pause Young (Allocation Failure) 14M->9M(19M) 0.734ms
[111.603s][info][gc] GC(2980) Pause Young (Allocation Failure) 14M->9M(19M) 0.657ms
[111.617s][info][gc] GC(2981) Pause Young (Allocation Failure) 14M->9M(19M) 0.697ms
[111.630s][info][gc] GC(2982) Pause Young (Allocation Failure) 14M->9M(19M) 0.897ms
[111.639s][info][gc] GC(2983) Pause Young (Allocation Failure) 14M->8M(19M) 0.551ms
[111.651s][info][gc] GC(2984) Pause Young (Allocation Failure) 14M->9M(19M) 2.422ms
[111.660s][info][gc] GC(2985) Pause Young (Allocation Failure) 14M->9M(19M) 0.625ms
[111.669s][info][gc] GC(2986) Pause Young (Allocation Failure) 14M->9M(19M) 0.629ms
[111.678s][info][gc] GC(2987) Pause Young (Allocation Failure) 14M->9M(19M) 0.659ms
[111.687s][info][gc] GC(2988) Pause Young (Allocation Failure) 14M->9M(19M) 0.659ms
[111.697s][info][gc] GC(2989) Pause Young (Allocation Failure) 14M->9M(19M) 0.642ms
[111.706s][info][gc] GC(2990) Pause Young (Allocation Failure) 14M->9M(19M) 0.585ms
[111.715s][info][gc] GC(2991) Pause Young (Allocation Failure) 14M->9M(19M) 0.489ms
[111.724s][info][gc] GC(2992) Pause Young (Allocation Failure) 14M->9M(19M) 0.639ms
[111.733s][info][gc] GC(2993) Pause Young (Allocation Failure) 14M->9M(19M) 0.671ms
[111.742s][info][gc] GC(2994) Pause Young (Allocation Failure) 14M->9M(19M) 0.540ms
[111.752s][info][gc] GC(2995) Pause Young (Allocation Failure) 14M->9M(19M) 0.648ms
[111.761s][info][gc] GC(2996) Pause Young (Allocation Failure) 14M->9M(19M) 0.703ms
[111.775s][info][gc] GC(2997) Pause Young (Allocation Failure) 14M->9M(19M) 0.670ms
[111.785s][info][gc] GC(2998) Pause Young (Allocation Failure) 14M->9M(19M) 0.684ms
[111.794s][info][gc] GC(2999) Pause Young (Allocation Failure) 14M->9M(19M) 0.582ms
[111.803s][info][gc] GC(3000) Pause Young (Allocation Failure) 14M->9M(19M) 0.687ms
[111.812s][info][gc] GC(3001) Pause Young (Allocation Failure) 14M->9M(19M) 0.731ms
[111.822s][info][gc] GC(3002) Pause Young (Allocation Failure) 14M->9M(19M) 0.677ms
[111.832s][info][gc] GC(3003) Pause Young (Allocation Failure) 14M->9M(19M) 1.321ms
[111.844s][info][gc] GC(3004) Pause Young (Allocation Failure) 14M->9M(19M) 0.880ms
[111.854s][info][gc] GC(3005) Pause Young (Allocation Failure) 14M->9M(19M) 0.908ms
[111.863s][info][gc] GC(3006) Pause Young (Allocation Failure) 14M->9M(19M) 0.627ms
[111.873s][info][gc] GC(3007) Pause Young (Allocation Failure) 14M->9M(19M) 0.628ms
[111.882s][info][gc] GC(3008) Pause Young (Allocation Failure) 14M->9M(19M) 0.619ms
[111.891s][info][gc] GC(3009) Pause Young (Allocation Failure) 14M->9M(19M) 0.662ms
[111.901s][info][gc] GC(3010) Pause Young (Allocation Failure) 14M->9M(19M) 0.601ms
[111.910s][info][gc] GC(3011) Pause Young (Allocation Failure) 14M->9M(19M) 0.638ms
[111.919s][info][gc] GC(3012) Pause Young (Allocation Failure) 14M->9M(19M) 0.522ms
[111.929s][info][gc] GC(3013) Pause Young (Allocation Failure) 14M->9M(19M) 0.677ms
[111.938s][info][gc] GC(3014) Pause Young (Allocation Failure) 14M->9M(19M) 0.683ms
[111.948s][info][gc] GC(3015) Pause Young (Allocation Failure) 14M->9M(19M) 0.703ms
[111.958s][info][gc] GC(3016) Pause Young (Allocation Failure) 14M->9M(19M) 0.700ms
[111.967s][info][gc] GC(3017) Pause Young (Allocation Failure) 14M->9M(19M) 0.629ms
[111.977s][info][gc] GC(3018) Pause Young (Allocation Failure) 14M->9M(19M) 0.693ms
[111.989s][info][gc] GC(3019) Pause Young (Allocation Failure) 14M->9M(19M) 0.904ms
[112.003s][info][gc] GC(3020) Pause Young (Allocation Failure) 14M->9M(19M) 1.052ms
[112.045s][info][gc] GC(3021) Pause Young (Allocation Failure) 14M->9M(19M) 0.955ms
[112.082s][info][gc] GC(3022) Pause Young (Allocation Failure) 14M->9M(19M) 0.943ms
[112.098s][info][gc] GC(3023) Pause Young (Allocation Failure) 14M->9M(19M) 0.825ms
[112.125s][info][gc] GC(3024) Pause Young (Allocation Failure) 14M->9M(19M) 0.973ms
[112.145s][info][gc] GC(3025) Pause Young (Allocation Failure) 14M->9M(19M) 1.191ms
[112.166s][info][gc] GC(3026) Pause Young (Allocation Failure) 14M->9M(19M) 0.947ms
[112.197s][info][gc] GC(3027) Pause Young (Allocation Failure) 14M->9M(19M) 0.963ms
[112.221s][info][gc] GC(3028) Pause Young (Allocation Failure) 14M->9M(19M) 1.013ms
[112.248s][info][gc] GC(3029) Pause Young (Allocation Failure) 14M->9M(19M) 0.857ms
[112.261s][info][gc] GC(3030) Pause Young (Allocation Failure) 14M->9M(19M) 0.673ms
[112.273s][info][gc] GC(3031) Pause Young (Allocation Failure) 14M->9M(19M) 0.832ms
[112.283s][info][gc] GC(3032) Pause Young (Allocation Failure) 14M->9M(19M) 0.542ms
[112.292s][info][gc] GC(3033) Pause Young (Allocation Failure) 14M->9M(19M) 0.644ms
[112.302s][info][gc] GC(3034) Pause Young (Allocation Failure) 14M->9M(19M) 0.666ms
[112.311s][info][gc] GC(3035) Pause Young (Allocation Failure) 14M->9M(19M) 0.580ms
[112.320s][info][gc] GC(3036) Pause Young (Allocation Failure) 14M->9M(19M) 0.704ms
[112.329s][info][gc] GC(3037) Pause Young (Allocation Failure) 14M->9M(19M) 0.712ms
[112.338s][info][gc] GC(3038) Pause Young (Allocation Failure) 14M->9M(19M) 0.658ms
[112.348s][info][gc] GC(3039) Pause Young (Allocation Failure) 14M->9M(19M) 0.701ms
[112.357s][info][gc] GC(3040) Pause Young (Allocation Failure) 14M->9M(19M) 0.531ms
[112.366s][info][gc] GC(3041) Pause Young (Allocation Failure) 14M->9M(19M) 0.670ms
[112.376s][info][gc] GC(3042) Pause Young (Allocation Failure) 14M->9M(19M) 0.638ms
[112.386s][info][gc] GC(3043) Pause Young (Allocation Failure) 14M->9M(19M) 0.646ms
[112.395s][info][gc] GC(3044) Pause Young (Allocation Failure) 14M->9M(19M) 0.586ms
[112.404s][info][gc] GC(3045) Pause Young (Allocation Failure) 14M->9M(19M) 0.461ms
[112.414s][info][gc] GC(3046) Pause Young (Allocation Failure) 14M->9M(19M) 0.528ms
[112.423s][info][gc] GC(3047) Pause Young (Allocation Failure) 14M->9M(19M) 0.663ms
[112.433s][info][gc] GC(3048) Pause Young (Allocation Failure) 14M->9M(19M) 0.696ms
[112.442s][info][gc] GC(3049) Pause Young (Allocation Failure) 14M->9M(19M) 0.662ms
[112.451s][info][gc] GC(3050) Pause Young (Allocation Failure) 14M->9M(19M) 0.595ms
[112.460s][info][gc] GC(3051) Pause Young (Allocation Failure) 14M->9M(19M) 0.499ms
[112.470s][info][gc] GC(3052) Pause Young (Allocation Failure) 14M->9M(19M) 0.708ms
[112.479s][info][gc] GC(3053) Pause Young (Allocation Failure) 14M->9M(19M) 0.662ms
[112.488s][info][gc] GC(3054) Pause Young (Allocation Failure) 14M->9M(19M) 0.653ms
[112.499s][info][gc] GC(3055) Pause Young (Allocation Failure) 14M->9M(19M) 0.979ms
[112.511s][info][gc] GC(3056) Pause Young (Allocation Failure) 14M->9M(19M) 0.664ms
[112.520s][info][gc] GC(3057) Pause Young (Allocation Failure) 14M->9M(19M) 0.527ms
[112.530s][info][gc] GC(3058) Pause Young (Allocation Failure) 14M->9M(19M) 0.686ms
[112.539s][info][gc] GC(3059) Pause Young (Allocation Failure) 14M->9M(19M) 0.639ms
[112.548s][info][gc] GC(3060) Pause Young (Allocation Failure) 14M->9M(19M) 0.515ms
[112.557s][info][gc] GC(3061) Pause Young (Allocation Failure) 14M->9M(19M) 0.630ms
[112.567s][info][gc] GC(3062) Pause Young (Allocation Failure) 14M->9M(19M) 0.711ms
[112.576s][info][gc] GC(3063) Pause Young (Allocation Failure) 14M->9M(19M) 0.675ms
[112.585s][info][gc] GC(3064) Pause Young (Allocation Failure) 14M->9M(19M) 0.676ms
[112.594s][info][gc] GC(3065) Pause Young (Allocation Failure) 14M->9M(19M) 0.545ms
[112.603s][info][gc] GC(3066) Pause Young (Allocation Failure) 14M->9M(19M) 0.669ms
[112.613s][info][gc] GC(3067) Pause Young (Allocation Failure) 14M->9M(19M) 0.784ms
[112.622s][info][gc] GC(3068) Pause Young (Allocation Failure) 14M->9M(19M) 0.674ms
[112.631s][info][gc] GC(3069) Pause Young (Allocation Failure) 14M->9M(19M) 0.762ms
[112.640s][info][gc] GC(3070) Pause Young (Allocation Failure) 14M->9M(19M) 0.541ms
[112.650s][info][gc] GC(3071) Pause Young (Allocation Failure) 14M->9M(19M) 0.670ms
[112.659s][info][gc] GC(3072) Pause Young (Allocation Failure) 14M->9M(19M) 0.633ms
[112.669s][info][gc] GC(3073) Pause Young (Allocation Failure) 14M->9M(19M) 0.680ms
[112.681s][info][gc] GC(3074) Pause Young (Allocation Failure) 14M->9M(19M) 0.633ms
[112.694s][info][gc] GC(3075) Pause Young (Allocation Failure) 14M->9M(19M) 0.675ms
[112.705s][info][gc] GC(3076) Pause Young (Allocation Failure) 14M->9M(19M) 0.631ms
[112.718s][info][gc] GC(3077) Pause Young (Allocation Failure) 14M->9M(19M) 0.615ms
[112.729s][info][gc] GC(3078) Pause Young (Allocation Failure) 14M->9M(19M) 0.930ms
[112.741s][info][gc] GC(3079) Pause Young (Allocation Failure) 14M->9M(19M) 0.633ms
[112.754s][info][gc] GC(3080) Pause Young (Allocation Failure) 14M->9M(19M) 0.761ms
[112.766s][info][gc] GC(3081) Pause Young (Allocation Failure) 14M->9M(19M) 0.907ms
[112.778s][info][gc] GC(3082) Pause Young (Allocation Failure) 14M->9M(19M) 0.777ms
[112.789s][info][gc] GC(3083) Pause Young (Allocation Failure) 14M->9M(19M) 0.665ms
[112.799s][info][gc] GC(3084) Pause Young (Allocation Failure) 14M->9M(19M) 0.550ms
[112.808s][info][gc] GC(3085) Pause Young (Allocation Failure) 14M->9M(19M) 0.652ms
[112.818s][info][gc] GC(3086) Pause Young (Allocation Failure) 14M->9M(19M) 0.635ms
[112.827s][info][gc] GC(3087) Pause Young (Allocation Failure) 14M->9M(19M) 0.618ms
[112.837s][info][gc] GC(3088) Pause Young (Allocation Failure) 14M->9M(19M) 0.735ms
[112.846s][info][gc] GC(3089) Pause Young (Allocation Failure) 14M->9M(19M) 0.665ms
[112.855s][info][gc] GC(3090) Pause Young (Allocation Failure) 14M->9M(19M) 0.525ms
[112.864s][info][gc] GC(3091) Pause Young (Allocation Failure) 14M->9M(19M) 0.636ms
[112.873s][info][gc] GC(3092) Pause Young (Allocation Failure) 14M->9M(19M) 0.689ms
[112.883s][info][gc] GC(3093) Pause Young (Allocation Failure) 14M->9M(19M) 0.668ms
[112.892s][info][gc] GC(3094) Pause Young (Allocation Failure) 14M->9M(19M) 0.580ms
[112.901s][info][gc] GC(3095) Pause Young (Allocation Failure) 14M->9M(19M) 0.587ms
[112.910s][info][gc] GC(3096) Pause Young (Allocation Failure) 14M->9M(19M) 0.446ms
[112.919s][info][gc] GC(3097) Pause Young (Allocation Failure) 14M->9M(19M) 0.658ms
[112.928s][info][gc] GC(3098) Pause Young (Allocation Failure) 14M->9M(19M) 0.677ms
[112.938s][info][gc] GC(3099) Pause Young (Allocation Failure) 14M->9M(19M) 0.705ms
[112.947s][info][gc] GC(3100) Pause Young (Allocation Failure) 14M->9M(19M) 0.651ms
[112.956s][info][gc] GC(3101) Pause Young (Allocation Failure) 14M->9M(19M) 0.526ms
[112.965s][info][gc] GC(3102) Pause Young (Allocation Failure) 14M->9M(19M) 0.660ms
[112.974s][info][gc] GC(3103) Pause Young (Allocation Failure) 14M->9M(19M) 0.685ms
[112.984s][info][gc] GC(3104) Pause Young (Allocation Failure) 14M->9M(19M) 0.631ms
[112.993s][info][gc] GC(3105) Pause Young (Allocation Failure) 14M->9M(19M) 0.611ms
[113.005s][info][gc] GC(3106) Pause Young (Allocation Failure) 14M->9M(19M) 0.752ms
[113.018s][info][gc] GC(3107) Pause Young (Allocation Failure) 14M->9M(19M) 0.575ms
[113.028s][info][gc] GC(3108) Pause Young (Allocation Failure) 14M->9M(19M) 0.503ms
[113.038s][info][gc] GC(3109) Pause Young (Allocation Failure) 14M->9M(19M) 0.704ms
[113.047s][info][gc] GC(3110) Pause Young (Allocation Failure) 14M->9M(19M) 0.744ms
[113.057s][info][gc] GC(3111) Pause Young (Allocation Failure) 14M->9M(19M) 0.838ms
[113.066s][info][gc] GC(3112) Pause Young (Allocation Failure) 14M->9M(19M) 0.658ms
[113.075s][info][gc] GC(3113) Pause Young (Allocation Failure) 14M->9M(19M) 0.523ms
[113.084s][info][gc] GC(3114) Pause Young (Allocation Failure) 14M->9M(19M) 0.524ms
[113.094s][info][gc] GC(3115) Pause Young (Allocation Failure) 14M->9M(19M) 0.554ms
[113.103s][info][gc] GC(3116) Pause Young (Allocation Failure) 14M->9M(19M) 0.497ms
[113.113s][info][gc] GC(3117) Pause Young (Allocation Failure) 14M->9M(19M) 0.677ms
[113.123s][info][gc] GC(3118) Pause Young (Allocation Failure) 14M->9M(19M) 0.673ms
[113.132s][info][gc] GC(3119) Pause Young (Allocation Failure) 14M->9M(19M) 0.711ms
[113.141s][info][gc] GC(3120) Pause Young (Allocation Failure) 14M->9M(19M) 0.717ms
[113.151s][info][gc] GC(3121) Pause Young (Allocation Failure) 14M->9M(19M) 0.700ms
[113.160s][info][gc] GC(3122) Pause Young (Allocation Failure) 14M->9M(19M) 0.668ms
[113.169s][info][gc] GC(3123) Pause Young (Allocation Failure) 14M->9M(19M) 0.697ms
[113.179s][info][gc] GC(3124) Pause Young (Allocation Failure) 14M->9M(19M) 0.703ms
[113.188s][info][gc] GC(3125) Pause Young (Allocation Failure) 14M->9M(19M) 0.681ms
[113.198s][info][gc] GC(3126) Pause Young (Allocation Failure) 14M->9M(19M) 0.693ms
[113.208s][info][gc] GC(3127) Pause Young (Allocation Failure) 14M->9M(19M) 0.632ms
[113.219s][info][gc] GC(3128) Pause Young (Allocation Failure) 14M->9M(19M) 0.952ms
[113.229s][info][gc] GC(3129) Pause Young (Allocation Failure) 14M->9M(19M) 0.879ms
[113.238s][info][gc] GC(3130) Pause Young (Allocation Failure) 14M->9M(19M) 0.553ms
[113.248s][info][gc] GC(3131) Pause Young (Allocation Failure) 14M->9M(19M) 0.706ms
[113.257s][info][gc] GC(3132) Pause Young (Allocation Failure) 14M->9M(19M) 0.615ms
[113.266s][info][gc] GC(3133) Pause Young (Allocation Failure) 14M->9M(19M) 0.624ms
[113.275s][info][gc] GC(3134) Pause Young (Allocation Failure) 14M->9M(19M) 0.656ms
[113.285s][info][gc] GC(3135) Pause Young (Allocation Failure) 14M->9M(19M) 0.516ms
[113.294s][info][gc] GC(3136) Pause Young (Allocation Failure) 14M->9M(19M) 0.524ms
[113.304s][info][gc] GC(3137) Pause Young (Allocation Failure) 14M->9M(19M) 0.653ms
[113.314s][info][gc] GC(3138) Pause Young (Allocation Failure) 14M->9M(19M) 0.678ms
[113.323s][info][gc] GC(3139) Pause Young (Allocation Failure) 14M->9M(19M) 1.039ms
[113.335s][info][gc] GC(3140) Pause Young (Allocation Failure) 14M->9M(19M) 0.692ms
[113.347s][info][gc] GC(3141) Pause Young (Allocation Failure) 14M->9M(19M) 0.651ms
[113.358s][info][gc] GC(3142) Pause Young (Allocation Failure) 14M->9M(19M) 0.635ms
[113.369s][info][gc] GC(3143) Pause Young (Allocation Failure) 14M->9M(19M) 0.926ms
[113.380s][info][gc] GC(3144) Pause Young (Allocation Failure) 14M->9M(19M) 0.557ms
[113.390s][info][gc] GC(3145) Pause Young (Allocation Failure) 14M->9M(19M) 0.653ms
[113.402s][info][gc] GC(3146) Pause Young (Allocation Failure) 14M->9M(19M) 0.703ms
[113.412s][info][gc] GC(3147) Pause Young (Allocation Failure) 14M->9M(19M) 0.671ms
[113.423s][info][gc] GC(3148) Pause Young (Allocation Failure) 14M->9M(19M) 0.552ms
[113.436s][info][gc] GC(3149) Pause Young (Allocation Failure) 14M->9M(19M) 0.518ms
[113.445s][info][gc] GC(3150) Pause Young (Allocation Failure) 14M->9M(19M) 0.655ms
[113.454s][info][gc] GC(3151) Pause Young (Allocation Failure) 14M->9M(19M) 0.623ms
[113.464s][info][gc] GC(3152) Pause Young (Allocation Failure) 14M->9M(19M) 0.685ms
[113.473s][info][gc] GC(3153) Pause Young (Allocation Failure) 14M->9M(19M) 0.532ms
[113.482s][info][gc] GC(3154) Pause Young (Allocation Failure) 14M->9M(19M) 0.600ms
[113.492s][info][gc] GC(3155) Pause Young (Allocation Failure) 14M->9M(19M) 0.695ms
[113.502s][info][gc] GC(3156) Pause Young (Allocation Failure) 14M->9M(19M) 0.987ms
[113.515s][info][gc] GC(3157) Pause Young (Allocation Failure) 14M->9M(19M) 0.804ms
[113.526s][info][gc] GC(3158) Pause Young (Allocation Failure) 14M->9M(19M) 0.988ms
[113.536s][info][gc] GC(3159) Pause Young (Allocation Failure) 14M->9M(19M) 0.958ms
[113.546s][info][gc] GC(3160) Pause Young (Allocation Failure) 14M->9M(19M) 0.646ms
[113.555s][info][gc] GC(3161) Pause Young (Allocation Failure) 14M->9M(19M) 0.684ms
[113.564s][info][gc] GC(3162) Pause Young (Allocation Failure) 14M->9M(19M) 0.530ms
[113.573s][info][gc] GC(3163) Pause Young (Allocation Failure) 14M->9M(19M) 0.703ms
[113.582s][info][gc] GC(3164) Pause Young (Allocation Failure) 14M->9M(19M) 0.628ms
[113.592s][info][gc] GC(3165) Pause Young (Allocation Failure) 14M->9M(19M) 0.903ms
[113.601s][info][gc] GC(3166) Pause Young (Allocation Failure) 14M->9M(19M) 0.657ms
[113.610s][info][gc] GC(3167) Pause Young (Allocation Failure) 14M->9M(19M) 0.620ms
[113.619s][info][gc] GC(3168) Pause Young (Allocation Failure) 14M->9M(19M) 0.712ms
[113.629s][info][gc] GC(3169) Pause Young (Allocation Failure) 14M->9M(19M) 0.714ms
[113.638s][info][gc] GC(3170) Pause Young (Allocation Failure) 14M->9M(19M) 0.620ms
[113.647s][info][gc] GC(3171) Pause Young (Allocation Failure) 14M->9M(19M) 0.657ms
[113.656s][info][gc] GC(3172) Pause Young (Allocation Failure) 14M->9M(19M) 0.538ms
[113.665s][info][gc] GC(3173) Pause Young (Allocation Failure) 14M->9M(19M) 0.722ms
[113.675s][info][gc] GC(3174) Pause Young (Allocation Failure) 14M->9M(19M) 0.686ms
[113.684s][info][gc] GC(3175) Pause Young (Allocation Failure) 14M->9M(19M) 0.709ms
[113.693s][info][gc] GC(3176) Pause Young (Allocation Failure) 14M->9M(19M) 0.688ms
[113.702s][info][gc] GC(3177) Pause Young (Allocation Failure) 14M->9M(19M) 0.619ms
[113.712s][info][gc] GC(3178) Pause Young (Allocation Failure) 14M->9M(19M) 0.557ms
[113.721s][info][gc] GC(3179) Pause Young (Allocation Failure) 14M->9M(19M) 0.709ms
[113.730s][info][gc] GC(3180) Pause Young (Allocation Failure) 14M->9M(19M) 0.692ms
[113.739s][info][gc] GC(3181) Pause Young (Allocation Failure) 14M->9M(19M) 0.704ms
[113.748s][info][gc] GC(3182) Pause Young (Allocation Failure) 14M->9M(19M) 0.708ms
[113.758s][info][gc] GC(3183) Pause Young (Allocation Failure) 14M->9M(19M) 0.665ms
[113.767s][info][gc] GC(3184) Pause Young (Allocation Failure) 14M->9M(19M) 0.635ms
[113.776s][info][gc] GC(3185) Pause Young (Allocation Failure) 14M->9M(19M) 0.671ms
[113.786s][info][gc] GC(3186) Pause Young (Allocation Failure) 14M->9M(19M) 0.640ms
[113.795s][info][gc] GC(3187) Pause Young (Allocation Failure) 14M->9M(19M) 0.641ms
[113.805s][info][gc] GC(3188) Pause Young (Allocation Failure) 14M->9M(19M) 0.786ms
[113.815s][info][gc] GC(3189) Pause Young (Allocation Failure) 14M->9M(19M) 0.747ms
[113.825s][info][gc] GC(3190) Pause Young (Allocation Failure) 14M->9M(19M) 0.743ms
[113.835s][info][gc] GC(3191) Pause Young (Allocation Failure) 14M->9M(19M) 0.742ms
[113.846s][info][gc] GC(3192) Pause Young (Allocation Failure) 14M->9M(19M) 0.664ms
[113.857s][info][gc] GC(3193) Pause Young (Allocation Failure) 14M->9M(19M) 0.741ms
[113.869s][info][gc] GC(3194) Pause Young (Allocation Failure) 14M->9M(19M) 0.747ms
[113.881s][info][gc] GC(3195) Pause Young (Allocation Failure) 14M->9M(19M) 0.701ms
[113.893s][info][gc] GC(3196) Pause Young (Allocation Failure) 14M->9M(19M) 0.554ms
[113.905s][info][gc] GC(3197) Pause Young (Allocation Failure) 14M->9M(19M) 0.670ms
[113.917s][info][gc] GC(3198) Pause Young (Allocation Failure) 14M->9M(19M) 1.005ms
[113.929s][info][gc] GC(3199) Pause Young (Allocation Failure) 14M->9M(19M) 1.157ms
[113.941s][info][gc] GC(3200) Pause Young (Allocation Failure) 14M->9M(19M) 1.060ms
[113.953s][info][gc] GC(3201) Pause Young (Allocation Failure) 14M->9M(19M) 0.641ms
[113.964s][info][gc] GC(3202) Pause Young (Allocation Failure) 14M->9M(19M) 0.506ms
[113.973s][info][gc] GC(3203) Pause Young (Allocation Failure) 14M->9M(19M) 0.477ms
[113.982s][info][gc] GC(3204) Pause Young (Allocation Failure) 14M->9M(19M) 0.632ms
[113.992s][info][gc] GC(3205) Pause Young (Allocation Failure) 14M->9M(19M) 1.324ms
[114.005s][info][gc] GC(3206) Pause Young (Allocation Failure) 14M->9M(19M) 0.944ms
[114.022s][info][gc] GC(3207) Pause Young (Allocation Failure) 14M->9M(19M) 0.937ms
[114.037s][info][gc] GC(3208) Pause Young (Allocation Failure) 14M->9M(19M) 0.561ms
[114.047s][info][gc] GC(3209) Pause Young (Allocation Failure) 14M->9M(19M) 0.705ms
[114.056s][info][gc] GC(3210) Pause Young (Allocation Failure) 14M->9M(19M) 0.508ms
[114.065s][info][gc] GC(3211) Pause Young (Allocation Failure) 14M->9M(19M) 0.713ms
[114.074s][info][gc] GC(3212) Pause Young (Allocation Failure) 14M->9M(19M) 0.657ms
[114.083s][info][gc] GC(3213) Pause Young (Allocation Failure) 14M->9M(19M) 0.661ms
[114.093s][info][gc] GC(3214) Pause Young (Allocation Failure) 14M->9M(19M) 0.703ms
[114.102s][info][gc] GC(3215) Pause Young (Allocation Failure) 14M->9M(19M) 0.564ms
[114.111s][info][gc] GC(3216) Pause Young (Allocation Failure) 14M->9M(19M) 0.803ms
[114.121s][info][gc] GC(3217) Pause Young (Allocation Failure) 14M->9M(19M) 0.671ms
[114.130s][info][gc] GC(3218) Pause Young (Allocation Failure) 14M->9M(19M) 0.637ms
[114.143s][info][gc] GC(3219) Pause Young (Allocation Failure) 14M->9M(19M) 0.696ms
[114.153s][info][gc] GC(3220) Pause Young (Allocation Failure) 14M->9M(19M) 1.059ms
[114.164s][info][gc] GC(3221) Pause Young (Allocation Failure) 14M->9M(19M) 0.901ms
[114.173s][info][gc] GC(3222) Pause Young (Allocation Failure) 14M->9M(19M) 0.634ms
[114.182s][info][gc] GC(3223) Pause Young (Allocation Failure) 14M->9M(19M) 0.502ms
[114.192s][info][gc] GC(3224) Pause Young (Allocation Failure) 14M->9M(19M) 0.714ms
[114.201s][info][gc] GC(3225) Pause Young (Allocation Failure) 14M->9M(19M) 0.631ms
[114.212s][info][gc] GC(3226) Pause Young (Allocation Failure) 14M->9M(19M) 0.635ms
[114.222s][info][gc] GC(3227) Pause Young (Allocation Failure) 14M->9M(19M) 0.633ms
[114.231s][info][gc] GC(3228) Pause Young (Allocation Failure) 14M->9M(19M) 0.699ms
[114.241s][info][gc] GC(3229) Pause Young (Allocation Failure) 14M->9M(19M) 0.711ms
[114.252s][info][gc] GC(3230) Pause Young (Allocation Failure) 14M->9M(19M) 0.659ms
[114.262s][info][gc] GC(3231) Pause Young (Allocation Failure) 14M->9M(19M) 1.301ms
[114.272s][info][gc] GC(3232) Pause Young (Allocation Failure) 14M->9M(19M) 0.586ms
[114.281s][info][gc] GC(3233) Pause Young (Allocation Failure) 14M->9M(19M) 0.636ms
[114.291s][info][gc] GC(3234) Pause Young (Allocation Failure) 14M->9M(19M) 0.789ms
[114.301s][info][gc] GC(3235) Pause Young (Allocation Failure) 14M->9M(19M) 0.712ms
[114.310s][info][gc] GC(3236) Pause Young (Allocation Failure) 14M->9M(19M) 0.963ms
[114.320s][info][gc] GC(3237) Pause Young (Allocation Failure) 14M->9M(19M) 0.655ms
[114.329s][info][gc] GC(3238) Pause Young (Allocation Failure) 14M->9M(19M) 0.765ms
[114.338s][info][gc] GC(3239) Pause Young (Allocation Failure) 14M->9M(19M) 0.713ms
[114.347s][info][gc] GC(3240) Pause Young (Allocation Failure) 14M->9M(19M) 0.624ms
[114.356s][info][gc] GC(3241) Pause Young (Allocation Failure) 14M->9M(19M) 0.641ms
[114.365s][info][gc] GC(3242) Pause Young (Allocation Failure) 14M->9M(19M) 0.504ms
[114.375s][info][gc] GC(3243) Pause Young (Allocation Failure) 14M->9M(19M) 0.691ms
[114.385s][info][gc] GC(3244) Pause Young (Allocation Failure) 14M->9M(19M) 0.635ms
[114.395s][info][gc] GC(3245) Pause Young (Allocation Failure) 14M->9M(19M) 0.661ms
[114.404s][info][gc] GC(3246) Pause Young (Allocation Failure) 14M->9M(19M) 0.588ms
[114.413s][info][gc] GC(3247) Pause Young (Allocation Failure) 14M->9M(19M) 0.533ms
[114.423s][info][gc] GC(3248) Pause Young (Allocation Failure) 14M->9M(19M) 0.713ms
[114.433s][info][gc] GC(3249) Pause Young (Allocation Failure) 14M->9M(19M) 0.678ms
[114.442s][info][gc] GC(3250) Pause Young (Allocation Failure) 14M->9M(19M) 0.694ms
[114.452s][info][gc] GC(3251) Pause Young (Allocation Failure) 14M->9M(19M) 0.650ms
[114.462s][info][gc] GC(3252) Pause Young (Allocation Failure) 14M->9M(19M) 0.666ms
[114.473s][info][gc] GC(3253) Pause Young (Allocation Failure) 14M->9M(19M) 0.682ms
[114.486s][info][gc] GC(3254) Pause Young (Allocation Failure) 14M->9M(19M) 0.828ms
[114.497s][info][gc] GC(3255) Pause Young (Allocation Failure) 14M->9M(19M) 0.637ms
[114.512s][info][gc] GC(3256) Pause Young (Allocation Failure) 14M->9M(19M) 1.120ms
[114.533s][info][gc] GC(3257) Pause Young (Allocation Failure) 14M->9M(19M) 0.965ms
[114.544s][info][gc] GC(3258) Pause Young (Allocation Failure) 14M->9M(19M) 0.587ms
[114.556s][info][gc] GC(3259) Pause Young (Allocation Failure) 14M->9M(19M) 0.509ms
[114.568s][info][gc] GC(3260) Pause Young (Allocation Failure) 14M->9M(19M) 0.730ms
[114.580s][info][gc] GC(3261) Pause Young (Allocation Failure) 14M->9M(19M) 0.651ms
[114.592s][info][gc] GC(3262) Pause Young (Allocation Failure) 14M->9M(19M) 0.634ms
[114.603s][info][gc] GC(3263) Pause Young (Allocation Failure) 14M->9M(19M) 0.471ms
[114.613s][info][gc] GC(3264) Pause Young (Allocation Failure) 14M->9M(19M) 0.654ms
[114.622s][info][gc] GC(3265) Pause Young (Allocation Failure) 14M->9M(19M) 0.639ms
[114.631s][info][gc] GC(3266) Pause Young (Allocation Failure) 14M->9M(19M) 0.605ms
[114.641s][info][gc] GC(3267) Pause Young (Allocation Failure) 14M->9M(19M) 0.508ms
[114.650s][info][gc] GC(3268) Pause Young (Allocation Failure) 14M->9M(19M) 0.699ms
[114.659s][info][gc] GC(3269) Pause Young (Allocation Failure) 14M->9M(19M) 0.656ms
[114.669s][info][gc] GC(3270) Pause Young (Allocation Failure) 14M->9M(19M) 0.644ms
[114.678s][info][gc] GC(3271) Pause Young (Allocation Failure) 14M->9M(19M) 0.617ms
[114.687s][info][gc] GC(3272) Pause Young (Allocation Failure) 14M->9M(19M) 0.481ms
[114.697s][info][gc] GC(3273) Pause Young (Allocation Failure) 14M->9M(19M) 0.831ms
[114.706s][info][gc] GC(3274) Pause Young (Allocation Failure) 14M->9M(19M) 0.709ms
[114.716s][info][gc] GC(3275) Pause Young (Allocation Failure) 14M->9M(19M) 0.695ms
[114.725s][info][gc] GC(3276) Pause Young (Allocation Failure) 14M->9M(19M) 0.588ms
[114.734s][info][gc] GC(3277) Pause Young (Allocation Failure) 14M->9M(19M) 0.675ms
[114.743s][info][gc] GC(3278) Pause Young (Allocation Failure) 14M->9M(19M) 0.631ms
[114.754s][info][gc] GC(3279) Pause Young (Allocation Failure) 14M->9M(19M) 0.628ms
[114.764s][info][gc] GC(3280) Pause Young (Allocation Failure) 14M->9M(19M) 0.642ms
[114.773s][info][gc] GC(3281) Pause Young (Allocation Failure) 14M->9M(19M) 0.652ms
[114.783s][info][gc] GC(3282) Pause Young (Allocation Failure) 14M->9M(19M) 0.693ms
[114.792s][info][gc] GC(3283) Pause Young (Allocation Failure) 14M->9M(19M) 0.677ms
[114.801s][info][gc] GC(3284) Pause Young (Allocation Failure) 14M->9M(19M) 0.685ms
[114.811s][info][gc] GC(3285) Pause Young (Allocation Failure) 14M->9M(19M) 0.532ms
[114.820s][info][gc] GC(3286) Pause Young (Allocation Failure) 14M->9M(19M) 0.898ms
[114.830s][info][gc] GC(3287) Pause Young (Allocation Failure) 14M->9M(19M) 0.642ms
[114.839s][info][gc] GC(3288) Pause Young (Allocation Failure) 14M->9M(19M) 0.622ms
[114.848s][info][gc] GC(3289) Pause Young (Allocation Failure) 14M->9M(19M) 0.541ms
[114.857s][info][gc] GC(3290) Pause Young (Allocation Failure) 14M->9M(19M) 0.690ms
[114.867s][info][gc] GC(3291) Pause Young (Allocation Failure) 15M->9M(19M) 0.633ms
[114.876s][info][gc] GC(3292) Pause Young (Allocation Failure) 15M->9M(19M) 0.642ms
[114.886s][info][gc] GC(3293) Pause Young (Allocation Failure) 14M->9M(19M) 0.639ms
[114.897s][info][gc] GC(3294) Pause Young (Allocation Failure) 14M->9M(19M) 0.654ms
[114.906s][info][gc] GC(3295) Pause Young (Allocation Failure) 15M->9M(19M) 0.582ms
[114.915s][info][gc] GC(3296) Pause Young (Allocation Failure) 14M->9M(19M) 0.689ms
[114.925s][info][gc] GC(3297) Pause Young (Allocation Failure) 15M->9M(19M) 0.638ms
[114.934s][info][gc] GC(3298) Pause Young (Allocation Failure) 15M->9M(19M) 0.711ms
[114.944s][info][gc] GC(3299) Pause Young (Allocation Failure) 15M->9M(19M) 0.705ms
[114.954s][info][gc] GC(3300) Pause Young (Allocation Failure) 15M->9M(19M) 0.692ms
[114.963s][info][gc] GC(3301) Pause Young (Allocation Failure) 15M->9M(19M) 0.613ms
[114.972s][info][gc] GC(3302) Pause Young (Allocation Failure) 14M->9M(19M) 0.679ms
[114.982s][info][gc] GC(3303) Pause Young (Allocation Failure) 15M->9M(19M) 0.661ms
[114.993s][info][gc] GC(3304) Pause Young (Allocation Failure) 15M->9M(19M) 0.671ms
[115.008s][info][gc] GC(3305) Pause Young (Allocation Failure) 15M->9M(19M) 0.845ms
[115.037s][info][gc] GC(3306) Pause Young (Allocation Failure) 14M->9M(19M) 0.610ms
[115.050s][info][gc] GC(3307) Pause Young (Allocation Failure) 14M->9M(19M) 0.650ms
[115.061s][info][gc] GC(3308) Pause Young (Allocation Failure) 15M->9M(19M) 0.968ms
[115.075s][info][gc] GC(3309) Pause Young (Allocation Failure) 15M->9M(19M) 1.105ms
[115.088s][info][gc] GC(3310) Pause Young (Allocation Failure) 15M->9M(19M) 0.857ms
[115.099s][info][gc] GC(3311) Pause Young (Allocation Failure) 15M->9M(19M) 0.792ms
[115.111s][info][gc] GC(3312) Pause Young (Allocation Failure) 14M->9M(19M) 0.640ms
[115.124s][info][gc] GC(3313) Pause Young (Allocation Failure) 15M->9M(19M) 1.242ms
[115.136s][info][gc] GC(3314) Pause Young (Allocation Failure) 15M->9M(19M) 0.535ms
[115.148s][info][gc] GC(3315) Pause Young (Allocation Failure) 15M->9M(19M) 0.498ms
[115.158s][info][gc] GC(3316) Pause Young (Allocation Failure) 14M->9M(19M) 0.640ms
[115.167s][info][gc] GC(3317) Pause Young (Allocation Failure) 15M->9M(19M) 0.681ms
[115.177s][info][gc] GC(3318) Pause Young (Allocation Failure) 15M->9M(19M) 0.633ms
[115.186s][info][gc] GC(3319) Pause Young (Allocation Failure) 15M->9M(19M) 0.595ms
[115.197s][info][gc] GC(3320) Pause Young (Allocation Failure) 15M->9M(19M) 0.647ms
[115.208s][info][gc] GC(3321) Pause Young (Allocation Failure) 15M->9M(19M) 0.996ms
[115.219s][info][gc] GC(3322) Pause Young (Allocation Failure) 15M->9M(19M) 1.176ms
[115.228s][info][gc] GC(3323) Pause Young (Allocation Failure) 15M->9M(19M) 0.647ms
[115.237s][info][gc] GC(3324) Pause Young (Allocation Failure) 15M->9M(19M) 0.620ms
[115.246s][info][gc] GC(3325) Pause Young (Allocation Failure) 15M->9M(19M) 0.575ms
[115.255s][info][gc] GC(3326) Pause Young (Allocation Failure) 15M->9M(19M) 0.710ms
[115.265s][info][gc] GC(3327) Pause Young (Allocation Failure) 15M->9M(19M) 0.632ms
[115.274s][info][gc] GC(3328) Pause Young (Allocation Failure) 15M->9M(19M) 0.668ms
[115.284s][info][gc] GC(3329) Pause Young (Allocation Failure) 15M->9M(19M) 0.669ms
[115.294s][info][gc] GC(3330) Pause Young (Allocation Failure) 15M->9M(19M) 0.656ms
[115.304s][info][gc] GC(3331) Pause Young (Allocation Failure) 15M->9M(19M) 0.808ms
[115.314s][info][gc] GC(3332) Pause Young (Allocation Failure) 15M->9M(19M) 1.289ms
[115.324s][info][gc] GC(3333) Pause Young (Allocation Failure) 15M->9M(19M) 0.649ms
[115.334s][info][gc] GC(3334) Pause Young (Allocation Failure) 15M->9M(19M) 0.803ms
[115.344s][info][gc] GC(3335) Pause Young (Allocation Failure) 15M->9M(19M) 0.684ms
[115.353s][info][gc] GC(3336) Pause Young (Allocation Failure) 15M->9M(19M) 0.538ms
[115.362s][info][gc] GC(3337) Pause Young (Allocation Failure) 15M->9M(19M) 0.716ms
[115.371s][info][gc] GC(3338) Pause Young (Allocation Failure) 15M->9M(19M) 0.781ms
[115.381s][info][gc] GC(3339) Pause Young (Allocation Failure) 15M->9M(19M) 0.686ms
[115.391s][info][gc] GC(3340) Pause Young (Allocation Failure) 15M->9M(19M) 0.588ms
[115.400s][info][gc] GC(3341) Pause Young (Allocation Failure) 15M->9M(19M) 0.673ms
[115.409s][info][gc] GC(3342) Pause Young (Allocation Failure) 15M->9M(19M) 0.745ms
[115.419s][info][gc] GC(3343) Pause Young (Allocation Failure) 15M->9M(19M) 0.534ms
[115.428s][info][gc] GC(3344) Pause Young (Allocation Failure) 15M->9M(19M) 0.738ms
[115.438s][info][gc] GC(3345) Pause Young (Allocation Failure) 15M->9M(19M) 0.659ms
[115.447s][info][gc] GC(3346) Pause Young (Allocation Failure) 15M->9M(19M) 0.968ms
[115.458s][info][gc] GC(3347) Pause Young (Allocation Failure) 15M->9M(19M) 0.670ms
[115.468s][info][gc] GC(3348) Pause Young (Allocation Failure) 15M->9M(19M) 0.581ms
[115.478s][info][gc] GC(3349) Pause Young (Allocation Failure) 15M->9M(19M) 0.657ms
[115.487s][info][gc] GC(3350) Pause Young (Allocation Failure) 15M->9M(19M) 0.659ms
[115.498s][info][gc] GC(3351) Pause Young (Allocation Failure) 15M->9M(19M) 1.257ms
[115.510s][info][gc] GC(3352) Pause Young (Allocation Failure) 15M->9M(19M) 0.846ms
[115.522s][info][gc] GC(3353) Pause Young (Allocation Failure) 15M->9M(19M) 1.242ms
[115.532s][info][gc] GC(3354) Pause Young (Allocation Failure) 15M->9M(19M) 0.571ms
[115.542s][info][gc] GC(3355) Pause Young (Allocation Failure) 15M->9M(19M) 0.549ms
[115.552s][info][gc] GC(3356) Pause Young (Allocation Failure) 15M->9M(19M) 0.732ms
[115.561s][info][gc] GC(3357) Pause Young (Allocation Failure) 15M->9M(19M) 0.699ms
[115.572s][info][gc] GC(3358) Pause Young (Allocation Failure) 15M->9M(19M) 1.287ms
[115.581s][info][gc] GC(3359) Pause Young (Allocation Failure) 15M->9M(19M) 0.620ms
[115.591s][info][gc] GC(3360) Pause Young (Allocation Failure) 15M->9M(19M) 0.668ms
[115.601s][info][gc] GC(3361) Pause Young (Allocation Failure) 15M->9M(19M) 0.568ms
[115.610s][info][gc] GC(3362) Pause Young (Allocation Failure) 15M->9M(19M) 0.696ms
[115.622s][info][gc] GC(3363) Pause Young (Allocation Failure) 15M->9M(19M) 0.695ms
[115.632s][info][gc] GC(3364) Pause Young (Allocation Failure) 15M->9M(19M) 0.933ms
[115.643s][info][gc] GC(3365) Pause Young (Allocation Failure) 15M->9M(19M) 0.575ms
[115.653s][info][gc] GC(3366) Pause Young (Allocation Failure) 15M->9M(19M) 0.860ms
[115.663s][info][gc] GC(3367) Pause Young (Allocation Failure) 15M->9M(19M) 0.632ms
[115.676s][info][gc] GC(3368) Pause Young (Allocation Failure) 15M->9M(19M) 0.873ms
[115.690s][info][gc] GC(3369) Pause Young (Allocation Failure) 15M->9M(19M) 1.011ms
[115.701s][info][gc] GC(3370) Pause Young (Allocation Failure) 15M->9M(19M) 0.543ms
[115.714s][info][gc] GC(3371) Pause Young (Allocation Failure) 15M->9M(19M) 2.059ms
[115.727s][info][gc] GC(3372) Pause Young (Allocation Failure) 15M->9M(19M) 0.951ms
[115.738s][info][gc] GC(3373) Pause Young (Allocation Failure) 15M->9M(19M) 1.385ms
[115.750s][info][gc] GC(3374) Pause Young (Allocation Failure) 15M->9M(19M) 0.521ms
[115.761s][info][gc] GC(3375) Pause Young (Allocation Failure) 15M->9M(19M) 0.635ms
[115.774s][info][gc] GC(3376) Pause Young (Allocation Failure) 15M->9M(19M) 1.180ms
[115.789s][info][gc] GC(3377) Pause Young (Allocation Failure) 15M->9M(19M) 0.698ms
[115.799s][info][gc] GC(3378) Pause Young (Allocation Failure) 15M->9M(19M) 0.487ms
[115.808s][info][gc] GC(3379) Pause Young (Allocation Failure) 15M->9M(19M) 1.044ms
[115.818s][info][gc] GC(3380) Pause Young (Allocation Failure) 15M->9M(19M) 0.672ms
[115.827s][info][gc] GC(3381) Pause Young (Allocation Failure) 15M->9M(19M) 0.652ms
[115.837s][info][gc] GC(3382) Pause Young (Allocation Failure) 15M->9M(19M) 0.661ms
[115.846s][info][gc] GC(3383) Pause Young (Allocation Failure) 15M->9M(19M) 0.566ms
[115.855s][info][gc] GC(3384) Pause Young (Allocation Failure) 15M->9M(19M) 0.738ms
[115.865s][info][gc] GC(3385) Pause Young (Allocation Failure) 15M->9M(19M) 0.959ms
[115.874s][info][gc] GC(3386) Pause Young (Allocation Failure) 15M->9M(19M) 0.568ms
[115.884s][info][gc] GC(3387) Pause Young (Allocation Failure) 15M->9M(19M) 0.635ms
[115.893s][info][gc] GC(3388) Pause Young (Allocation Failure) 15M->9M(19M) 0.637ms
[115.903s][info][gc] GC(3389) Pause Young (Allocation Failure) 15M->9M(19M) 0.670ms
[115.912s][info][gc] GC(3390) Pause Young (Allocation Failure) 15M->9M(19M) 0.699ms
[115.922s][info][gc] GC(3391) Pause Young (Allocation Failure) 15M->9M(19M) 0.666ms
[115.932s][info][gc] GC(3392) Pause Young (Allocation Failure) 15M->9M(19M) 0.672ms
[115.941s][info][gc] GC(3393) Pause Young (Allocation Failure) 15M->9M(19M) 0.622ms
[115.950s][info][gc] GC(3394) Pause Young (Allocation Failure) 15M->9M(19M) 0.651ms
[115.959s][info][gc] GC(3395) Pause Young (Allocation Failure) 15M->9M(19M) 0.698ms
[115.968s][info][gc] GC(3396) Pause Young (Allocation Failure) 15M->9M(19M) 0.652ms
[115.979s][info][gc] GC(3397) Pause Young (Allocation Failure) 15M->9M(19M) 0.907ms
[115.988s][info][gc] GC(3398) Pause Young (Allocation Failure) 15M->9M(19M) 0.597ms
[116.000s][info][gc] GC(3399) Pause Young (Allocation Failure) 15M->9M(19M) 0.710ms
[116.014s][info][gc] GC(3400) Pause Young (Allocation Failure) 15M->9M(19M) 0.949ms
[116.036s][info][gc] GC(3401) Pause Young (Allocation Failure) 15M->9M(19M) 0.958ms
[116.050s][info][gc] GC(3402) Pause Young (Allocation Failure) 15M->9M(19M) 1.283ms
[116.062s][info][gc] GC(3403) Pause Young (Allocation Failure) 15M->9M(19M) 1.162ms
[116.074s][info][gc] GC(3404) Pause Young (Allocation Failure) 15M->9M(19M) 1.412ms
[116.088s][info][gc] GC(3405) Pause Young (Allocation Failure) 15M->9M(19M) 0.981ms
[116.103s][info][gc] GC(3406) Pause Young (Allocation Failure) 15M->9M(19M) 0.988ms
[116.134s][info][gc] GC(3407) Pause Young (Allocation Failure) 15M->9M(19M) 1.277ms
[116.148s][info][gc] GC(3408) Pause Young (Allocation Failure) 15M->9M(19M) 0.846ms
[116.165s][info][gc] GC(3409) Pause Young (Allocation Failure) 15M->9M(19M) 0.823ms
[116.183s][info][gc] GC(3410) Pause Young (Allocation Failure) 15M->9M(19M) 0.997ms
[116.198s][info][gc] GC(3411) Pause Young (Allocation Failure) 15M->9M(19M) 1.340ms
[116.214s][info][gc] GC(3412) Pause Young (Allocation Failure) 15M->9M(19M) 0.934ms
[116.229s][info][gc] GC(3413) Pause Young (Allocation Failure) 15M->9M(19M) 1.009ms
[116.246s][info][gc] GC(3414) Pause Young (Allocation Failure) 15M->9M(19M) 0.952ms
[116.264s][info][gc] GC(3415) Pause Young (Allocation Failure) 15M->9M(19M) 1.207ms
[116.278s][info][gc] GC(3416) Pause Young (Allocation Failure) 15M->9M(19M) 2.425ms
[116.297s][info][gc] GC(3417) Pause Young (Allocation Failure) 15M->9M(19M) 0.875ms
[116.310s][info][gc] GC(3418) Pause Young (Allocation Failure) 15M->9M(19M) 1.032ms
[116.332s][info][gc] GC(3419) Pause Young (Allocation Failure) 15M->9M(19M) 0.974ms
[116.354s][info][gc] GC(3420) Pause Young (Allocation Failure) 15M->9M(19M) 0.869ms
[116.388s][info][gc] GC(3421) Pause Young (Allocation Failure) 15M->9M(19M) 1.028ms
[116.406s][info][gc] GC(3422) Pause Young (Allocation Failure) 15M->9M(19M) 0.815ms
[116.419s][info][gc] GC(3423) Pause Young (Allocation Failure) 15M->9M(19M) 0.764ms
[116.433s][info][gc] GC(3424) Pause Young (Allocation Failure) 15M->9M(19M) 1.362ms
[116.443s][info][gc] GC(3425) Pause Young (Allocation Failure) 15M->9M(19M) 0.503ms
[116.455s][info][gc] GC(3426) Pause Young (Allocation Failure) 15M->9M(19M) 1.012ms
[116.465s][info][gc] GC(3427) Pause Young (Allocation Failure) 15M->9M(19M) 0.856ms
[116.476s][info][gc] GC(3428) Pause Young (Allocation Failure) 15M->9M(19M) 1.001ms
[116.486s][info][gc] GC(3429) Pause Young (Allocation Failure) 15M->9M(19M) 1.021ms
[116.497s][info][gc] GC(3430) Pause Young (Allocation Failure) 15M->9M(19M) 0.760ms
[116.514s][info][gc] GC(3431) Pause Young (Allocation Failure) 15M->9M(19M) 0.982ms
[116.535s][info][gc] GC(3432) Pause Young (Allocation Failure) 15M->9M(19M) 0.656ms
[116.547s][info][gc] GC(3433) Pause Young (Allocation Failure) 15M->9M(19M) 0.639ms
[116.561s][info][gc] GC(3434) Pause Young (Allocation Failure) 15M->9M(19M) 0.644ms
[116.570s][info][gc] GC(3435) Pause Young (Allocation Failure) 15M->9M(19M) 0.648ms
[116.583s][info][gc] GC(3436) Pause Young (Allocation Failure) 15M->9M(19M) 0.639ms
[116.594s][info][gc] GC(3437) Pause Young (Allocation Failure) 15M->9M(19M) 0.531ms
[116.603s][info][gc] GC(3438) Pause Young (Allocation Failure) 15M->9M(19M) 0.515ms
[116.612s][info][gc] GC(3439) Pause Young (Allocation Failure) 15M->9M(19M) 0.675ms
[116.621s][info][gc] GC(3440) Pause Young (Allocation Failure) 15M->9M(19M) 0.641ms
[116.631s][info][gc] GC(3441) Pause Young (Allocation Failure) 15M->9M(19M) 0.676ms
[116.640s][info][gc] GC(3442) Pause Young (Allocation Failure) 15M->9M(19M) 0.633ms
[116.649s][info][gc] GC(3443) Pause Young (Allocation Failure) 15M->9M(19M) 0.630ms
[116.659s][info][gc] GC(3444) Pause Young (Allocation Failure) 15M->9M(19M) 0.677ms
[116.668s][info][gc] GC(3445) Pause Young (Allocation Failure) 15M->9M(19M) 0.643ms
[116.677s][info][gc] GC(3446) Pause Young (Allocation Failure) 15M->9M(19M) 0.519ms
[116.687s][info][gc] GC(3447) Pause Young (Allocation Failure) 15M->9M(19M) 0.673ms
[116.696s][info][gc] GC(3448) Pause Young (Allocation Failure) 15M->9M(19M) 0.593ms
[116.706s][info][gc] GC(3449) Pause Young (Allocation Failure) 15M->9M(19M) 0.645ms
[116.716s][info][gc] GC(3450) Pause Young (Allocation Failure) 15M->9M(19M) 1.067ms
[116.726s][info][gc] GC(3451) Pause Young (Allocation Failure) 15M->9M(19M) 0.704ms
[116.738s][info][gc] GC(3452) Pause Young (Allocation Failure) 15M->9M(19M) 0.623ms
[116.749s][info][gc] GC(3453) Pause Young (Allocation Failure) 15M->9M(19M) 0.729ms
[116.758s][info][gc] GC(3454) Pause Young (Allocation Failure) 15M->9M(19M) 0.681ms
[116.768s][info][gc] GC(3455) Pause Young (Allocation Failure) 15M->9M(19M) 0.788ms
[116.777s][info][gc] GC(3456) Pause Young (Allocation Failure) 15M->9M(19M) 0.637ms
[116.786s][info][gc] GC(3457) Pause Young (Allocation Failure) 15M->9M(19M) 0.694ms
[116.798s][info][gc] GC(3458) Pause Young (Allocation Failure) 15M->9M(19M) 0.570ms
[116.810s][info][gc] GC(3459) Pause Young (Allocation Failure) 15M->9M(19M) 2.889ms
[116.824s][info][gc] GC(3460) Pause Young (Allocation Failure) 15M->9M(19M) 0.682ms
[116.835s][info][gc] GC(3461) Pause Young (Allocation Failure) 15M->9M(19M) 0.632ms
[116.846s][info][gc] GC(3462) Pause Young (Allocation Failure) 15M->9M(19M) 0.580ms
[116.859s][info][gc] GC(3463) Pause Young (Allocation Failure) 15M->9M(19M) 1.674ms
[116.873s][info][gc] GC(3464) Pause Young (Allocation Failure) 15M->9M(19M) 1.198ms
[116.884s][info][gc] GC(3465) Pause Young (Allocation Failure) 15M->9M(19M) 0.648ms
[116.896s][info][gc] GC(3466) Pause Young (Allocation Failure) 15M->9M(19M) 0.838ms
[116.908s][info][gc] GC(3467) Pause Young (Allocation Failure) 15M->9M(19M) 0.790ms
[116.923s][info][gc] GC(3468) Pause Young (Allocation Failure) 15M->9M(19M) 0.994ms
[116.935s][info][gc] GC(3469) Pause Young (Allocation Failure) 15M->9M(19M) 1.313ms
[116.946s][info][gc] GC(3470) Pause Young (Allocation Failure) 15M->9M(19M) 0.900ms
[116.958s][info][gc] GC(3471) Pause Young (Allocation Failure) 15M->9M(19M) 0.615ms
[116.972s][info][gc] GC(3472) Pause Young (Allocation Failure) 15M->9M(19M) 0.712ms
[116.982s][info][gc] GC(3473) Pause Young (Allocation Failure) 15M->9M(19M) 0.641ms
[116.994s][info][gc] GC(3474) Pause Young (Allocation Failure) 15M->9M(19M) 0.856ms
[117.003s][info][gc] GC(3475) Pause Young (Allocation Failure) 15M->9M(19M) 0.787ms
[117.016s][info][gc] GC(3476) Pause Young (Allocation Failure) 15M->9M(19M) 1.013ms
[117.046s][info][gc] GC(3477) Pause Young (Allocation Failure) 15M->9M(19M) 0.813ms
[117.056s][info][gc] GC(3478) Pause Young (Allocation Failure) 15M->9M(19M) 0.817ms
[117.066s][info][gc] GC(3479) Pause Young (Allocation Failure) 15M->9M(19M) 0.637ms
[117.075s][info][gc] GC(3480) Pause Young (Allocation Failure) 15M->9M(19M) 0.542ms
[117.084s][info][gc] GC(3481) Pause Young (Allocation Failure) 15M->9M(19M) 0.475ms
[117.093s][info][gc] GC(3482) Pause Young (Allocation Failure) 15M->9M(19M) 0.634ms
[117.103s][info][gc] GC(3483) Pause Young (Allocation Failure) 15M->9M(19M) 0.649ms
[117.114s][info][gc] GC(3484) Pause Young (Allocation Failure) 15M->9M(19M) 1.053ms
[117.124s][info][gc] GC(3485) Pause Young (Allocation Failure) 15M->9M(19M) 1.360ms
[117.134s][info][gc] GC(3486) Pause Young (Allocation Failure) 15M->9M(19M) 0.683ms
[117.143s][info][gc] GC(3487) Pause Young (Allocation Failure) 15M->9M(19M) 0.548ms
[117.153s][info][gc] GC(3488) Pause Young (Allocation Failure) 15M->9M(19M) 0.695ms
[117.164s][info][gc] GC(3489) Pause Young (Allocation Failure) 15M->9M(19M) 1.835ms
[117.175s][info][gc] GC(3490) Pause Young (Allocation Failure) 15M->9M(19M) 0.659ms
[117.184s][info][gc] GC(3491) Pause Young (Allocation Failure) 15M->9M(19M) 0.650ms
[117.194s][info][gc] GC(3492) Pause Young (Allocation Failure) 15M->9M(19M) 0.587ms
[117.203s][info][gc] GC(3493) Pause Young (Allocation Failure) 15M->9M(19M) 0.680ms
[117.213s][info][gc] GC(3494) Pause Young (Allocation Failure) 15M->9M(19M) 0.649ms
[117.222s][info][gc] GC(3495) Pause Young (Allocation Failure) 15M->9M(19M) 0.751ms
[117.232s][info][gc] GC(3496) Pause Young (Allocation Failure) 15M->10M(19M) 0.756ms
[117.243s][info][gc] GC(3497) Pause Young (Allocation Failure) 15M->10M(19M) 0.629ms
[117.252s][info][gc] GC(3498) Pause Young (Allocation Failure) 15M->10M(19M) 0.710ms
[117.262s][info][gc] GC(3499) Pause Young (Allocation Failure) 15M->10M(19M) 0.678ms
[117.271s][info][gc] GC(3500) Pause Young (Allocation Failure) 15M->9M(19M) 0.524ms
[117.280s][info][gc] GC(3501) Pause Young (Allocation Failure) 15M->10M(19M) 0.676ms
[117.290s][info][gc] GC(3502) Pause Young (Allocation Failure) 15M->10M(19M) 0.698ms
[117.299s][info][gc] GC(3503) Pause Young (Allocation Failure) 15M->9M(19M) 0.553ms
[117.309s][info][gc] GC(3504) Pause Young (Allocation Failure) 15M->10M(19M) 0.745ms
[117.321s][info][gc] GC(3505) Pause Young (Allocation Failure) 15M->10M(19M) 1.953ms
[117.335s][info][gc] GC(3506) Pause Young (Allocation Failure) 15M->10M(19M) 1.452ms
[117.347s][info][gc] GC(3507) Pause Young (Allocation Failure) 15M->9M(19M) 0.905ms
[117.357s][info][gc] GC(3508) Pause Young (Allocation Failure) 15M->10M(19M) 0.696ms
[117.367s][info][gc] GC(3509) Pause Young (Allocation Failure) 15M->10M(19M) 0.697ms
[117.378s][info][gc] GC(3510) Pause Young (Allocation Failure) 15M->10M(19M) 1.907ms
[117.390s][info][gc] GC(3511) Pause Young (Allocation Failure) 15M->9M(19M) 0.517ms
[117.400s][info][gc] GC(3512) Pause Young (Allocation Failure) 15M->10M(19M) 0.689ms
[117.410s][info][gc] GC(3513) Pause Young (Allocation Failure) 15M->10M(19M) 0.684ms
[117.422s][info][gc] GC(3514) Pause Young (Allocation Failure) 15M->10M(19M) 1.012ms
[117.438s][info][gc] GC(3515) Pause Young (Allocation Failure) 15M->9M(19M) 0.794ms
[117.450s][info][gc] GC(3516) Pause Young (Allocation Failure) 15M->10M(19M) 0.637ms
[117.465s][info][gc] GC(3517) Pause Young (Allocation Failure) 15M->10M(19M) 0.904ms
[117.477s][info][gc] GC(3518) Pause Young (Allocation Failure) 15M->10M(19M) 0.763ms
[117.488s][info][gc] GC(3519) Pause Young (Allocation Failure) 15M->10M(19M) 0.902ms
[117.498s][info][gc] GC(3520) Pause Young (Allocation Failure) 15M->9M(19M) 0.761ms
[117.513s][info][gc] GC(3521) Pause Young (Allocation Failure) 15M->10M(19M) 0.729ms
[117.531s][info][gc] GC(3522) Pause Young (Allocation Failure) 15M->10M(19M) 1.377ms
[117.546s][info][gc] GC(3523) Pause Young (Allocation Failure) 15M->10M(19M) 0.690ms
[117.559s][info][gc] GC(3524) Pause Young (Allocation Failure) 15M->10M(19M) 1.010ms
[117.575s][info][gc] GC(3525) Pause Young (Allocation Failure) 15M->10M(19M) 0.958ms
[117.589s][info][gc] GC(3526) Pause Young (Allocation Failure) 15M->10M(19M) 1.005ms
[117.606s][info][gc] GC(3527) Pause Young (Allocation Failure) 15M->10M(19M) 0.953ms
[117.622s][info][gc] GC(3528) Pause Young (Allocation Failure) 15M->10M(19M) 0.853ms
[117.633s][info][gc] GC(3529) Pause Young (Allocation Failure) 15M->10M(19M) 0.700ms
[117.644s][info][gc] GC(3530) Pause Young (Allocation Failure) 15M->10M(19M) 1.684ms
[117.654s][info][gc] GC(3531) Pause Young (Allocation Failure) 15M->10M(19M) 0.628ms
[117.663s][info][gc] GC(3532) Pause Young (Allocation Failure) 15M->10M(19M) 0.681ms
[117.673s][info][gc] GC(3533) Pause Young (Allocation Failure) 15M->10M(19M) 1.477ms
[117.683s][info][gc] GC(3534) Pause Young (Allocation Failure) 15M->10M(19M) 0.663ms
[117.693s][info][gc] GC(3535) Pause Young (Allocation Failure) 15M->10M(19M) 2.020ms
[117.703s][info][gc] GC(3536) Pause Young (Allocation Failure) 15M->10M(19M) 0.697ms
[117.712s][info][gc] GC(3537) Pause Young (Allocation Failure) 15M->10M(19M) 0.597ms
[117.721s][info][gc] GC(3538) Pause Young (Allocation Failure) 15M->10M(19M) 0.649ms
[117.731s][info][gc] GC(3539) Pause Young (Allocation Failure) 15M->10M(19M) 0.725ms
[117.740s][info][gc] GC(3540) Pause Young (Allocation Failure) 15M->10M(19M) 0.745ms
[117.750s][info][gc] GC(3541) Pause Young (Allocation Failure) 15M->10M(19M) 0.668ms
[117.759s][info][gc] GC(3542) Pause Young (Allocation Failure) 15M->10M(19M) 0.472ms
[117.769s][info][gc] GC(3543) Pause Young (Allocation Failure) 15M->10M(19M) 0.631ms
[117.779s][info][gc] GC(3544) Pause Young (Allocation Failure) 15M->10M(19M) 0.646ms
[117.791s][info][gc] GC(3545) Pause Young (Allocation Failure) 15M->10M(19M) 0.700ms
[117.801s][info][gc] GC(3546) Pause Young (Allocation Failure) 15M->10M(19M) 0.657ms
[117.810s][info][gc] GC(3547) Pause Young (Allocation Failure) 15M->10M(19M) 0.658ms
[117.820s][info][gc] GC(3548) Pause Young (Allocation Failure) 15M->10M(19M) 0.578ms
[117.829s][info][gc] GC(3549) Pause Young (Allocation Failure) 15M->10M(19M) 0.690ms
[117.839s][info][gc] GC(3550) Pause Young (Allocation Failure) 15M->10M(19M) 0.664ms
[117.848s][info][gc] GC(3551) Pause Young (Allocation Failure) 15M->10M(19M) 0.662ms
[117.858s][info][gc] GC(3552) Pause Young (Allocation Failure) 15M->10M(19M) 0.579ms
[117.867s][info][gc] GC(3553) Pause Young (Allocation Failure) 15M->10M(19M) 0.517ms
[117.877s][info][gc] GC(3554) Pause Young (Allocation Failure) 15M->10M(19M) 0.709ms
[117.886s][info][gc] GC(3555) Pause Young (Allocation Failure) 15M->10M(19M) 0.697ms
[117.895s][info][gc] GC(3556) Pause Young (Allocation Failure) 15M->10M(19M) 0.655ms
[117.905s][info][gc] GC(3557) Pause Young (Allocation Failure) 15M->10M(19M) 0.689ms
[117.914s][info][gc] GC(3558) Pause Young (Allocation Failure) 15M->10M(19M) 0.557ms
[117.923s][info][gc] GC(3559) Pause Young (Allocation Failure) 15M->10M(19M) 0.658ms
[117.933s][info][gc] GC(3560) Pause Young (Allocation Failure) 15M->10M(19M) 0.706ms
[117.943s][info][gc] GC(3561) Pause Young (Allocation Failure) 15M->10M(19M) 0.711ms
[117.952s][info][gc] GC(3562) Pause Young (Allocation Failure) 15M->10M(19M) 0.560ms
[117.961s][info][gc] GC(3563) Pause Young (Allocation Failure) 15M->10M(19M) 0.704ms
[117.970s][info][gc] GC(3564) Pause Young (Allocation Failure) 15M->10M(19M) 0.750ms
[117.979s][info][gc] GC(3565) Pause Young (Allocation Failure) 15M->10M(19M) 0.510ms
[117.992s][info][gc] GC(3566) Pause Young (Allocation Failure) 15M->10M(19M) 0.535ms
[118.015s][info][gc] GC(3567) Pause Young (Allocation Failure) 15M->10M(19M) 0.670ms
[118.037s][info][gc] GC(3568) Pause Young (Allocation Failure) 15M->10M(19M) 0.700ms
[118.050s][info][gc] GC(3569) Pause Young (Allocation Failure) 15M->10M(19M) 0.558ms
[118.061s][info][gc] GC(3570) Pause Young (Allocation Failure) 15M->10M(19M) 0.657ms
[118.073s][info][gc] GC(3571) Pause Young (Allocation Failure) 15M->10M(19M) 1.024ms
[118.084s][info][gc] GC(3572) Pause Young (Allocation Failure) 15M->10M(19M) 0.562ms
[118.098s][info][gc] GC(3573) Pause Young (Allocation Failure) 15M->10M(19M) 0.776ms
[118.108s][info][gc] GC(3574) Pause Young (Allocation Failure) 15M->10M(19M) 0.970ms
[118.121s][info][gc] GC(3575) Pause Young (Allocation Failure) 15M->10M(19M) 1.247ms
[118.132s][info][gc] GC(3576) Pause Young (Allocation Failure) 15M->10M(19M) 0.652ms
[118.143s][info][gc] GC(3577) Pause Young (Allocation Failure) 15M->10M(19M) 0.633ms
[118.154s][info][gc] GC(3578) Pause Young (Allocation Failure) 15M->10M(19M) 0.868ms
[118.169s][info][gc] GC(3579) Pause Young (Allocation Failure) 15M->10M(19M) 0.746ms
[118.182s][info][gc] GC(3580) Pause Young (Allocation Failure) 15M->10M(19M) 0.611ms
[118.192s][info][gc] GC(3581) Pause Young (Allocation Failure) 15M->10M(19M) 0.930ms
[118.201s][info][gc] GC(3582) Pause Young (Allocation Failure) 15M->10M(19M) 0.706ms
[118.211s][info][gc] GC(3583) Pause Young (Allocation Failure) 15M->10M(19M) 0.715ms
[118.220s][info][gc] GC(3584) Pause Young (Allocation Failure) 15M->10M(19M) 0.682ms
[118.230s][info][gc] GC(3585) Pause Young (Allocation Failure) 15M->10M(19M) 0.656ms
[118.240s][info][gc] GC(3586) Pause Young (Allocation Failure) 15M->10M(19M) 0.551ms
[118.252s][info][gc] GC(3587) Pause Young (Allocation Failure) 15M->10M(19M) 0.544ms
[118.262s][info][gc] GC(3588) Pause Young (Allocation Failure) 15M->10M(19M) 0.688ms
[118.271s][info][gc] GC(3589) Pause Young (Allocation Failure) 15M->10M(19M) 0.703ms
[118.281s][info][gc] GC(3590) Pause Young (Allocation Failure) 15M->10M(19M) 0.639ms
[118.290s][info][gc] GC(3591) Pause Young (Allocation Failure) 15M->10M(19M) 0.527ms
[118.300s][info][gc] GC(3592) Pause Young (Allocation Failure) 15M->10M(19M) 0.466ms
[118.311s][info][gc] GC(3593) Pause Young (Allocation Failure) 15M->10M(19M) 1.000ms
[118.321s][info][gc] GC(3594) Pause Young (Allocation Failure) 15M->10M(19M) 0.641ms
[118.330s][info][gc] GC(3595) Pause Young (Allocation Failure) 15M->10M(19M) 0.641ms
[118.339s][info][gc] GC(3596) Pause Young (Allocation Failure) 15M->10M(19M) 0.689ms
[118.349s][info][gc] GC(3597) Pause Young (Allocation Failure) 15M->10M(19M) 0.636ms
[118.358s][info][gc] GC(3598) Pause Young (Allocation Failure) 15M->10M(19M) 0.468ms
[118.368s][info][gc] GC(3599) Pause Young (Allocation Failure) 15M->10M(19M) 0.658ms
[118.381s][info][gc] GC(3600) Pause Young (Allocation Failure) 15M->10M(19M) 1.278ms
[118.391s][info][gc] GC(3601) Pause Young (Allocation Failure) 15M->10M(19M) 0.537ms
[118.400s][info][gc] GC(3602) Pause Young (Allocation Failure) 15M->10M(19M) 0.657ms
[118.410s][info][gc] GC(3603) Pause Young (Allocation Failure) 15M->10M(19M) 0.843ms
[118.420s][info][gc] GC(3604) Pause Young (Allocation Failure) 15M->10M(19M) 0.889ms
[118.429s][info][gc] GC(3605) Pause Young (Allocation Failure) 15M->10M(19M) 0.835ms
[118.439s][info][gc] GC(3606) Pause Young (Allocation Failure) 15M->10M(19M) 0.656ms
[118.448s][info][gc] GC(3607) Pause Young (Allocation Failure) 15M->10M(19M) 0.656ms
[118.458s][info][gc] GC(3608) Pause Young (Allocation Failure) 15M->10M(19M) 0.645ms
[118.468s][info][gc] GC(3609) Pause Young (Allocation Failure) 15M->10M(19M) 0.807ms
[118.478s][info][gc] GC(3610) Pause Young (Allocation Failure) 15M->10M(19M) 0.558ms
[118.488s][info][gc] GC(3611) Pause Young (Allocation Failure) 15M->10M(19M) 0.982ms
[118.500s][info][gc] GC(3612) Pause Young (Allocation Failure) 15M->10M(19M) 0.983ms
[118.515s][info][gc] GC(3613) Pause Young (Allocation Failure) 15M->10M(19M) 1.028ms
[118.527s][info][gc] GC(3614) Pause Young (Allocation Failure) 15M->10M(19M) 0.890ms
[118.540s][info][gc] GC(3615) Pause Young (Allocation Failure) 15M->10M(19M) 0.500ms
[118.551s][info][gc] GC(3616) Pause Young (Allocation Failure) 15M->10M(19M) 0.637ms
[118.562s][info][gc] GC(3617) Pause Young (Allocation Failure) 15M->10M(19M) 1.110ms
[118.571s][info][gc] GC(3618) Pause Young (Allocation Failure) 15M->10M(19M) 0.663ms
[118.581s][info][gc] GC(3619) Pause Young (Allocation Failure) 15M->10M(19M) 0.576ms
[118.590s][info][gc] GC(3620) Pause Young (Allocation Failure) 15M->10M(19M) 0.751ms
[118.600s][info][gc] GC(3621) Pause Young (Allocation Failure) 15M->10M(19M) 0.811ms
[118.609s][info][gc] GC(3622) Pause Young (Allocation Failure) 15M->10M(19M) 1.238ms
[118.619s][info][gc] GC(3623) Pause Young (Allocation Failure) 15M->10M(19M) 0.635ms
[118.628s][info][gc] GC(3624) Pause Young (Allocation Failure) 15M->10M(19M) 0.530ms
[118.639s][info][gc] GC(3625) Pause Young (Allocation Failure) 15M->10M(19M) 0.939ms
[118.650s][info][gc] GC(3626) Pause Young (Allocation Failure) 15M->10M(19M) 0.683ms
[118.661s][info][gc] GC(3627) Pause Young (Allocation Failure) 15M->10M(19M) 0.677ms
[118.672s][info][gc] GC(3628) Pause Young (Allocation Failure) 15M->10M(19M) 0.525ms
[118.684s][info][gc] GC(3629) Pause Young (Allocation Failure) 15M->10M(19M) 0.877ms
[118.695s][info][gc] GC(3630) Pause Young (Allocation Failure) 15M->10M(19M) 0.732ms
[118.707s][info][gc] GC(3631) Pause Young (Allocation Failure) 15M->10M(19M) 1.515ms
[118.721s][info][gc] GC(3632) Pause Young (Allocation Failure) 15M->10M(19M) 1.239ms
[118.732s][info][gc] GC(3633) Pause Young (Allocation Failure) 15M->10M(19M) 1.001ms
[118.743s][info][gc] GC(3634) Pause Young (Allocation Failure) 15M->10M(19M) 0.989ms
[118.754s][info][gc] GC(3635) Pause Young (Allocation Failure) 15M->10M(19M) 0.943ms
[118.766s][info][gc] GC(3636) Pause Young (Allocation Failure) 15M->10M(19M) 0.928ms
[118.779s][info][gc] GC(3637) Pause Young (Allocation Failure) 15M->10M(19M) 0.731ms
[118.791s][info][gc] GC(3638) Pause Young (Allocation Failure) 15M->10M(19M) 0.756ms
[118.804s][info][gc] GC(3639) Pause Young (Allocation Failure) 15M->10M(19M) 0.665ms
[118.813s][info][gc] GC(3640) Pause Young (Allocation Failure) 15M->10M(19M) 0.591ms
[118.822s][info][gc] GC(3641) Pause Young (Allocation Failure) 15M->10M(19M) 0.564ms
[118.831s][info][gc] GC(3642) Pause Young (Allocation Failure) 15M->10M(19M) 0.698ms
[118.843s][info][gc] GC(3643) Pause Young (Allocation Failure) 15M->10M(19M) 2.706ms
[118.852s][info][gc] GC(3644) Pause Young (Allocation Failure) 15M->10M(19M) 0.698ms
[118.862s][info][gc] GC(3645) Pause Young (Allocation Failure) 15M->10M(19M) 0.680ms
[118.871s][info][gc] GC(3646) Pause Young (Allocation Failure) 15M->10M(19M) 0.679ms
[118.880s][info][gc] GC(3647) Pause Young (Allocation Failure) 15M->10M(19M) 0.683ms
[118.889s][info][gc] GC(3648) Pause Young (Allocation Failure) 15M->10M(19M) 0.522ms
[118.899s][info][gc] GC(3649) Pause Young (Allocation Failure) 15M->10M(19M) 0.731ms
[118.909s][info][gc] GC(3650) Pause Young (Allocation Failure) 15M->10M(19M) 1.021ms
[118.919s][info][gc] GC(3651) Pause Young (Allocation Failure) 15M->10M(19M) 0.836ms
[118.929s][info][gc] GC(3652) Pause Young (Allocation Failure) 15M->10M(19M) 0.664ms
[118.938s][info][gc] GC(3653) Pause Young (Allocation Failure) 15M->10M(19M) 0.772ms
[118.947s][info][gc] GC(3654) Pause Young (Allocation Failure) 15M->10M(19M) 0.689ms
[118.957s][info][gc] GC(3655) Pause Young (Allocation Failure) 15M->10M(19M) 0.703ms
[118.965s][info][gc] GC(3656) Pause Young (Allocation Failure) 15M->10M(19M) 0.516ms
[118.975s][info][gc] GC(3657) Pause Young (Allocation Failure) 15M->10M(19M) 0.721ms
[118.984s][info][gc] GC(3658) Pause Young (Allocation Failure) 15M->10M(19M) 0.703ms
[118.996s][info][gc] GC(3659) Pause Young (Allocation Failure) 15M->10M(19M) 0.697ms
[119.005s][info][gc] GC(3660) Pause Young (Allocation Failure) 15M->10M(19M) 0.907ms
[119.020s][info][gc] GC(3661) Pause Young (Allocation Failure) 15M->10M(19M) 1.001ms
[119.031s][info][gc] GC(3662) Pause Young (Allocation Failure) 15M->10M(19M) 0.962ms
[119.044s][info][gc] GC(3663) Pause Young (Allocation Failure) 15M->10M(19M) 2.450ms
[119.055s][info][gc] GC(3664) Pause Young (Allocation Failure) 15M->10M(19M) 1.108ms
[119.065s][info][gc] GC(3665) Pause Young (Allocation Failure) 15M->10M(19M) 0.666ms
[119.075s][info][gc] GC(3666) Pause Young (Allocation Failure) 15M->10M(19M) 0.674ms
[119.084s][info][gc] GC(3667) Pause Young (Allocation Failure) 15M->10M(19M) 0.643ms
[119.093s][info][gc] GC(3668) Pause Young (Allocation Failure) 15M->10M(19M) 0.600ms
[119.101s][info][gc] GC(3669) Pause Young (Allocation Failure) 14M->10M(19M) 0.741ms
[119.112s][info][gc] GC(3670) Pause Young (Allocation Failure) 15M->11M(19M) 3.044ms
[119.123s][info][gc] GC(3671) Pause Young (Allocation Failure) 16M->11M(19M) 2.345ms
[119.135s][info][gc] GC(3672) Pause Young (Allocation Failure) 16M->11M(19M) 0.683ms
[119.143s][info][gc] GC(3673) Pause Young (Allocation Failure) 16M->11M(19M) 0.503ms
[119.153s][info][gc] GC(3674) Pause Young (Allocation Failure) 16M->11M(19M) 0.694ms
[119.163s][info][gc] GC(3675) Pause Young (Allocation Failure) 16M->11M(19M) 0.674ms
[119.172s][info][gc] GC(3676) Pause Young (Allocation Failure) 16M->11M(19M) 0.652ms
[119.182s][info][gc] GC(3677) Pause Young (Allocation Failure) 16M->11M(19M) 0.494ms
[119.195s][info][gc] GC(3678) Pause Young (Allocation Failure) 16M->11M(19M) 0.748ms
[119.208s][info][gc] GC(3679) Pause Young (Allocation Failure) 16M->11M(19M) 0.660ms
[119.219s][info][gc] GC(3680) Pause Young (Allocation Failure) 16M->11M(19M) 0.915ms
[119.231s][info][gc] GC(3681) Pause Young (Allocation Failure) 16M->11M(19M) 0.980ms
[119.243s][info][gc] GC(3682) Pause Young (Allocation Failure) 16M->11M(19M) 0.649ms
[119.256s][info][gc] GC(3683) Pause Young (Allocation Failure) 16M->11M(19M) 0.484ms
[119.269s][info][gc] GC(3684) Pause Young (Allocation Failure) 16M->11M(19M) 0.633ms
[119.280s][info][gc] GC(3685) Pause Young (Allocation Failure) 16M->11M(19M) 1.744ms
[119.293s][info][gc] GC(3686) Pause Young (Allocation Failure) 16M->11M(19M) 0.781ms
[119.304s][info][gc] GC(3687) Pause Young (Allocation Failure) 16M->11M(19M) 0.629ms
[119.316s][info][gc] GC(3688) Pause Young (Allocation Failure) 16M->11M(19M) 0.482ms
[119.327s][info][gc] GC(3689) Pause Young (Allocation Failure) 16M->11M(19M) 0.710ms
[119.341s][info][gc] GC(3690) Pause Young (Allocation Failure) 16M->11M(19M) 0.741ms
[119.350s][info][gc] GC(3691) Pause Young (Allocation Failure) 16M->11M(19M) 0.562ms
[119.359s][info][gc] GC(3692) Pause Young (Allocation Failure) 16M->11M(19M) 0.465ms
[119.371s][info][gc] GC(3693) Pause Young (Allocation Failure) 16M->11M(19M) 0.815ms
[119.380s][info][gc] GC(3694) Pause Young (Allocation Failure) 16M->11M(19M) 0.648ms
[119.389s][info][gc] GC(3695) Pause Young (Allocation Failure) 16M->11M(19M) 0.663ms
[119.399s][info][gc] GC(3696) Pause Young (Allocation Failure) 16M->11M(19M) 0.669ms
[119.408s][info][gc] GC(3697) Pause Young (Allocation Failure) 16M->11M(19M) 0.628ms
[119.418s][info][gc] GC(3698) Pause Young (Allocation Failure) 16M->11M(19M) 0.538ms
[119.428s][info][gc] GC(3699) Pause Young (Allocation Failure) 16M->11M(19M) 0.667ms
[119.440s][info][gc] GC(3700) Pause Young (Allocation Failure) 16M->11M(19M) 0.736ms
[119.451s][info][gc] GC(3701) Pause Young (Allocation Failure) 16M->11M(19M) 0.816ms
[119.462s][info][gc] GC(3702) Pause Young (Allocation Failure) 16M->11M(19M) 0.703ms
[119.473s][info][gc] GC(3703) Pause Young (Allocation Failure) 16M->11M(19M) 0.668ms
[119.482s][info][gc] GC(3704) Pause Young (Allocation Failure) 16M->11M(19M) 0.515ms
[119.491s][info][gc] GC(3705) Pause Young (Allocation Failure) 16M->11M(19M) 0.671ms
[119.501s][info][gc] GC(3706) Pause Young (Allocation Failure) 16M->11M(19M) 1.760ms
[119.512s][info][gc] GC(3707) Pause Young (Allocation Failure) 16M->11M(19M) 1.050ms
[119.525s][info][gc] GC(3708) Pause Young (Allocation Failure) 16M->11M(19M) 0.982ms
[119.539s][info][gc] GC(3709) Pause Young (Allocation Failure) 16M->11M(19M) 0.526ms
[119.551s][info][gc] GC(3710) Pause Young (Allocation Failure) 16M->11M(19M) 0.971ms
[119.562s][info][gc] GC(3711) Pause Young (Allocation Failure) 16M->11M(19M) 0.646ms
[119.574s][info][gc] GC(3712) Pause Young (Allocation Failure) 16M->11M(19M) 1.280ms
[119.584s][info][gc] GC(3713) Pause Young (Allocation Failure) 16M->11M(19M) 0.477ms
[119.594s][info][gc] GC(3714) Pause Young (Allocation Failure) 16M->11M(19M) 0.926ms
[119.605s][info][gc] GC(3715) Pause Young (Allocation Failure) 16M->11M(19M) 0.642ms
[119.615s][info][gc] GC(3716) Pause Young (Allocation Failure) 16M->11M(19M) 0.596ms
[119.624s][info][gc] GC(3717) Pause Young (Allocation Failure) 16M->11M(19M) 0.652ms
[119.633s][info][gc] GC(3718) Pause Young (Allocation Failure) 16M->11M(19M) 0.633ms
[119.643s][info][gc] GC(3719) Pause Young (Allocation Failure) 16M->11M(19M) 0.646ms
[119.653s][info][gc] GC(3720) Pause Young (Allocation Failure) 16M->11M(19M) 0.674ms
[119.662s][info][gc] GC(3721) Pause Young (Allocation Failure) 16M->11M(19M) 0.659ms
[119.672s][info][gc] GC(3722) Pause Young (Allocation Failure) 16M->11M(19M) 0.656ms
[119.683s][info][gc] GC(3723) Pause Young (Allocation Failure) 16M->11M(19M) 0.644ms
[119.694s][info][gc] GC(3724) Pause Young (Allocation Failure) 16M->11M(19M) 0.684ms
[119.704s][info][gc] GC(3725) Pause Young (Allocation Failure) 16M->11M(19M) 0.703ms
[119.714s][info][gc] GC(3726) Pause Young (Allocation Failure) 16M->11M(19M) 0.665ms
[119.727s][info][gc] GC(3727) Pause Young (Allocation Failure) 16M->11M(19M) 1.095ms
[119.737s][info][gc] GC(3728) Pause Young (Allocation Failure) 16M->11M(19M) 0.722ms
[119.747s][info][gc] GC(3729) Pause Young (Allocation Failure) 16M->11M(19M) 1.430ms
[119.757s][info][gc] GC(3730) Pause Young (Allocation Failure) 16M->11M(19M) 0.718ms
[119.766s][info][gc] GC(3731) Pause Young (Allocation Failure) 16M->11M(19M) 0.629ms
[119.776s][info][gc] GC(3732) Pause Young (Allocation Failure) 16M->11M(19M) 0.824ms
[119.785s][info][gc] GC(3733) Pause Young (Allocation Failure) 16M->11M(19M) 0.683ms
[119.794s][info][gc] GC(3734) Pause Young (Allocation Failure) 16M->11M(19M) 0.664ms
[119.804s][info][gc] GC(3735) Pause Young (Allocation Failure) 16M->11M(19M) 0.664ms
[119.816s][info][gc] GC(3736) Pause Young (Allocation Failure) 16M->11M(19M) 0.746ms
[119.831s][info][gc] GC(3737) Pause Young (Allocation Failure) 16M->11M(19M) 0.559ms
[119.841s][info][gc] GC(3738) Pause Young (Allocation Failure) 16M->11M(19M) 0.955ms
[119.850s][info][gc] GC(3739) Pause Young (Allocation Failure) 16M->11M(19M) 0.991ms
[119.863s][info][gc] GC(3740) Pause Young (Allocation Failure) 16M->11M(19M) 0.673ms
[119.873s][info][gc] GC(3741) Pause Young (Allocation Failure) 16M->11M(19M) 0.627ms
[119.885s][info][gc] GC(3742) Pause Young (Allocation Failure) 16M->11M(19M) 0.965ms
[119.897s][info][gc] GC(3743) Pause Young (Allocation Failure) 16M->11M(19M) 0.938ms
[119.910s][info][gc] GC(3744) Pause Young (Allocation Failure) 16M->11M(19M) 0.491ms
[119.921s][info][gc] GC(3745) Pause Young (Allocation Failure) 16M->11M(19M) 0.752ms
[119.934s][info][gc] GC(3746) Pause Young (Allocation Failure) 16M->11M(19M) 0.987ms
[119.946s][info][gc] GC(3747) Pause Young (Allocation Failure) 16M->11M(19M) 1.013ms
[119.956s][info][gc] GC(3748) Pause Young (Allocation Failure) 16M->11M(19M) 0.823ms
[119.970s][info][gc] GC(3749) Pause Young (Allocation Failure) 16M->11M(19M) 1.685ms
[119.980s][info][gc] GC(3750) Pause Young (Allocation Failure) 16M->11M(19M) 0.683ms
[119.989s][info][gc] GC(3751) Pause Young (Allocation Failure) 16M->11M(19M) 0.627ms
[119.998s][info][gc] GC(3752) Pause Young (Allocation Failure) 16M->11M(19M) 0.537ms
[120.012s][info][gc] GC(3753) Pause Young (Allocation Failure) 16M->11M(19M) 0.780ms
[120.034s][info][gc] GC(3754) Pause Young (Allocation Failure) 16M->11M(19M) 0.975ms
[120.047s][info][gc] GC(3755) Pause Young (Allocation Failure) 16M->11M(19M) 0.653ms
[120.056s][info][gc] GC(3756) Pause Young (Allocation Failure) 16M->11M(19M) 0.572ms
[120.065s][info][gc] GC(3757) Pause Young (Allocation Failure) 16M->11M(19M) 0.542ms
[120.074s][info][gc] GC(3758) Pause Young (Allocation Failure) 16M->11M(19M) 0.480ms
[120.084s][info][gc] GC(3759) Pause Young (Allocation Failure) 16M->11M(19M) 0.649ms
[120.095s][info][gc] GC(3760) Pause Young (Allocation Failure) 16M->11M(19M) 0.728ms
[120.105s][info][gc] GC(3761) Pause Young (Allocation Failure) 16M->11M(19M) 0.692ms
[120.114s][info][gc] GC(3762) Pause Young (Allocation Failure) 16M->11M(19M) 0.532ms
[120.124s][info][gc] GC(3763) Pause Young (Allocation Failure) 16M->11M(19M) 0.701ms
[120.133s][info][gc] GC(3764) Pause Young (Allocation Failure) 16M->11M(19M) 0.700ms
[120.143s][info][gc] GC(3765) Pause Young (Allocation Failure) 16M->11M(19M) 0.996ms
[120.153s][info][gc] GC(3766) Pause Young (Allocation Failure) 16M->11M(19M) 0.677ms
[120.162s][info][gc] GC(3767) Pause Young (Allocation Failure) 16M->11M(19M) 0.656ms
[120.173s][info][gc] GC(3768) Pause Young (Allocation Failure) 16M->11M(19M) 0.620ms
[120.184s][info][gc] GC(3769) Pause Young (Allocation Failure) 16M->11M(19M) 0.509ms
[120.194s][info][gc] GC(3770) Pause Young (Allocation Failure) 16M->11M(19M) 0.687ms
[120.204s][info][gc] GC(3771) Pause Young (Allocation Failure) 16M->11M(19M) 0.678ms
[120.213s][info][gc] GC(3772) Pause Young (Allocation Failure) 16M->11M(19M) 0.715ms
[120.222s][info][gc] GC(3773) Pause Young (Allocation Failure) 16M->11M(19M) 0.641ms
[120.232s][info][gc] GC(3774) Pause Young (Allocation Failure) 16M->11M(19M) 0.517ms
[120.243s][info][gc] GC(3775) Pause Young (Allocation Failure) 16M->11M(19M) 0.805ms
[120.253s][info][gc] GC(3776) Pause Young (Allocation Failure) 16M->11M(19M) 0.661ms
[120.264s][info][gc] GC(3777) Pause Young (Allocation Failure) 16M->11M(19M) 0.616ms
[120.274s][info][gc] GC(3778) Pause Young (Allocation Failure) 16M->11M(19M) 1.242ms
[120.284s][info][gc] GC(3779) Pause Young (Allocation Failure) 16M->11M(19M) 0.724ms
[120.293s][info][gc] GC(3780) Pause Young (Allocation Failure) 16M->11M(19M) 0.629ms
[120.302s][info][gc] GC(3781) Pause Young (Allocation Failure) 16M->11M(19M) 0.555ms
[120.311s][info][gc] GC(3782) Pause Young (Allocation Failure) 16M->11M(19M) 0.687ms
[120.320s][info][gc] GC(3783) Pause Young (Allocation Failure) 16M->11M(19M) 0.640ms
[120.330s][info][gc] GC(3784) Pause Young (Allocation Failure) 16M->11M(19M) 0.513ms
[120.339s][info][gc] GC(3785) Pause Young (Allocation Failure) 16M->11M(19M) 0.493ms
[120.350s][info][gc] GC(3786) Pause Young (Allocation Failure) 16M->11M(19M) 0.679ms
[120.363s][info][gc] GC(3787) Pause Young (Allocation Failure) 16M->11M(19M) 1.008ms
[120.377s][info][gc] GC(3788) Pause Young (Allocation Failure) 16M->11M(19M) 0.635ms
[120.390s][info][gc] GC(3789) Pause Young (Allocation Failure) 16M->11M(19M) 0.612ms
[120.403s][info][gc] GC(3790) Pause Young (Allocation Failure) 16M->11M(19M) 1.006ms
[120.415s][info][gc] GC(3791) Pause Young (Allocation Failure) 16M->11M(19M) 1.042ms
[120.428s][info][gc] GC(3792) Pause Young (Allocation Failure) 16M->11M(19M) 0.640ms
[120.440s][info][gc] GC(3793) Pause Young (Allocation Failure) 16M->11M(19M) 0.652ms
[120.450s][info][gc] GC(3794) Pause Young (Allocation Failure) 16M->11M(19M) 0.839ms
[120.462s][info][gc] GC(3795) Pause Young (Allocation Failure) 16M->11M(19M) 1.007ms
[120.474s][info][gc] GC(3796) Pause Young (Allocation Failure) 16M->11M(19M) 0.942ms
[120.487s][info][gc] GC(3797) Pause Young (Allocation Failure) 16M->11M(19M) 0.823ms
[120.499s][info][gc] GC(3798) Pause Young (Allocation Failure) 16M->11M(19M) 0.933ms
[120.520s][info][gc] GC(3799) Pause Young (Allocation Failure) 16M->11M(19M) 0.984ms
[120.540s][info][gc] GC(3800) Pause Young (Allocation Failure) 16M->11M(19M) 1.038ms
[120.550s][info][gc] GC(3801) Pause Young (Allocation Failure) 16M->11M(19M) 0.672ms
[120.559s][info][gc] GC(3802) Pause Young (Allocation Failure) 16M->11M(19M) 0.860ms
[120.569s][info][gc] GC(3803) Pause Young (Allocation Failure) 16M->11M(19M) 0.483ms
[120.579s][info][gc] GC(3804) Pause Young (Allocation Failure) 16M->11M(19M) 0.992ms
[120.590s][info][gc] GC(3805) Pause Young (Allocation Failure) 16M->11M(19M) 0.681ms
[120.600s][info][gc] GC(3806) Pause Young (Allocation Failure) 16M->11M(19M) 0.720ms
[120.612s][info][gc] GC(3807) Pause Young (Allocation Failure) 16M->11M(19M) 0.507ms
[120.622s][info][gc] GC(3808) Pause Young (Allocation Failure) 16M->11M(19M) 0.638ms
[120.632s][info][gc] GC(3809) Pause Young (Allocation Failure) 16M->11M(19M) 0.690ms
[120.641s][info][gc] GC(3810) Pause Young (Allocation Failure) 16M->11M(19M) 0.647ms
[120.654s][info][gc] GC(3811) Pause Young (Allocation Failure) 16M->11M(19M) 0.769ms
[120.665s][info][gc] GC(3812) Pause Young (Allocation Failure) 16M->11M(19M) 0.496ms
[120.674s][info][gc] GC(3813) Pause Young (Allocation Failure) 16M->11M(19M) 0.691ms
[120.684s][info][gc] GC(3814) Pause Young (Allocation Failure) 16M->11M(19M) 0.649ms
[120.693s][info][gc] GC(3815) Pause Young (Allocation Failure) 16M->11M(19M) 0.686ms
[120.702s][info][gc] GC(3816) Pause Young (Allocation Failure) 16M->11M(19M) 0.682ms
[120.712s][info][gc] GC(3817) Pause Young (Allocation Failure) 16M->11M(19M) 0.789ms
[120.721s][info][gc] GC(3818) Pause Young (Allocation Failure) 16M->11M(19M) 0.612ms
[120.730s][info][gc] GC(3819) Pause Young (Allocation Failure) 16M->11M(19M) 0.541ms
[120.740s][info][gc] GC(3820) Pause Young (Allocation Failure) 16M->11M(19M) 0.876ms
[120.750s][info][gc] GC(3821) Pause Young (Allocation Failure) 16M->11M(19M) 0.678ms
[120.761s][info][gc] GC(3822) Pause Young (Allocation Failure) 16M->11M(19M) 0.696ms
[120.770s][info][gc] GC(3823) Pause Young (Allocation Failure) 16M->11M(19M) 0.501ms
[120.780s][info][gc] GC(3824) Pause Young (Allocation Failure) 16M->11M(19M) 0.831ms
[120.790s][info][gc] GC(3825) Pause Young (Allocation Failure) 16M->11M(19M) 0.728ms
[120.800s][info][gc] GC(3826) Pause Young (Allocation Failure) 16M->11M(19M) 1.090ms
[120.811s][info][gc] GC(3827) Pause Young (Allocation Failure) 16M->11M(19M) 0.640ms
[120.820s][info][gc] GC(3828) Pause Young (Allocation Failure) 16M->11M(19M) 0.514ms
[120.831s][info][gc] GC(3829) Pause Young (Allocation Failure) 16M->11M(19M) 0.526ms
[120.841s][info][gc] GC(3830) Pause Young (Allocation Failure) 16M->11M(19M) 0.650ms
[120.851s][info][gc] GC(3831) Pause Young (Allocation Failure) 16M->11M(19M) 0.688ms
[120.861s][info][gc] GC(3832) Pause Young (Allocation Failure) 16M->11M(19M) 0.764ms
[120.870s][info][gc] GC(3833) Pause Young (Allocation Failure) 16M->11M(19M) 0.710ms
[120.880s][info][gc] GC(3834) Pause Young (Allocation Failure) 16M->11M(19M) 0.597ms
[120.889s][info][gc] GC(3835) Pause Young (Allocation Failure) 16M->11M(19M) 0.633ms
[120.899s][info][gc] GC(3836) Pause Young (Allocation Failure) 16M->11M(19M) 0.697ms
[120.908s][info][gc] GC(3837) Pause Young (Allocation Failure) 16M->11M(19M) 0.523ms
[120.918s][info][gc] GC(3838) Pause Young (Allocation Failure) 16M->11M(19M) 0.639ms
[120.927s][info][gc] GC(3839) Pause Young (Allocation Failure) 17M->11M(19M) 0.594ms
[120.938s][info][gc] GC(3840) Pause Young (Allocation Failure) 16M->11M(19M) 0.601ms
[120.947s][info][gc] GC(3841) Pause Young (Allocation Failure) 16M->11M(19M) 0.766ms
[120.957s][info][gc] GC(3842) Pause Young (Allocation Failure) 17M->11M(19M) 0.758ms
[120.967s][info][gc] GC(3843) Pause Young (Allocation Failure) 17M->11M(19M) 1.382ms
[120.979s][info][gc] GC(3844) Pause Young (Allocation Failure) 17M->11M(19M) 0.672ms
[120.991s][info][gc] GC(3845) Pause Young (Allocation Failure) 17M->11M(19M) 0.704ms
[121.001s][info][gc] GC(3846) Pause Young (Allocation Failure) 16M->11M(19M) 0.966ms
[121.014s][info][gc] GC(3847) Pause Young (Allocation Failure) 17M->11M(19M) 1.010ms
[121.031s][info][gc] GC(3848) Pause Young (Allocation Failure) 17M->11M(19M) 0.952ms
[121.046s][info][gc] GC(3849) Pause Young (Allocation Failure) 17M->11M(19M) 0.718ms
[121.062s][info][gc] GC(3850) Pause Young (Allocation Failure) 17M->11M(19M) 0.828ms
[121.074s][info][gc] GC(3851) Pause Young (Allocation Failure) 17M->11M(19M) 0.604ms
[121.087s][info][gc] GC(3852) Pause Young (Allocation Failure) 16M->11M(19M) 0.485ms
[121.100s][info][gc] GC(3853) Pause Young (Allocation Failure) 16M->11M(19M) 0.985ms
[121.112s][info][gc] GC(3854) Pause Young (Allocation Failure) 17M->11M(19M) 1.091ms
[121.127s][info][gc] GC(3855) Pause Young (Allocation Failure) 17M->11M(19M) 1.064ms
[121.138s][info][gc] GC(3856) Pause Young (Allocation Failure) 17M->11M(19M) 0.542ms
[121.150s][info][gc] GC(3857) Pause Young (Allocation Failure) 16M->11M(19M) 0.664ms
[121.161s][info][gc] GC(3858) Pause Young (Allocation Failure) 17M->11M(19M) 0.956ms
[121.170s][info][gc] GC(3859) Pause Young (Allocation Failure) 17M->11M(19M) 0.528ms
[121.180s][info][gc] GC(3860) Pause Young (Allocation Failure) 16M->11M(19M) 0.666ms
[121.190s][info][gc] GC(3861) Pause Young (Allocation Failure) 17M->11M(19M) 0.668ms
[121.199s][info][gc] GC(3862) Pause Young (Allocation Failure) 17M->11M(19M) 0.625ms
[121.210s][info][gc] GC(3863) Pause Young (Allocation Failure) 17M->11M(19M) 0.623ms
[121.223s][info][gc] GC(3864) Pause Young (Allocation Failure) 17M->11M(19M) 0.492ms
[121.232s][info][gc] GC(3865) Pause Young (Allocation Failure) 16M->11M(19M) 0.642ms
[121.242s][info][gc] GC(3866) Pause Young (Allocation Failure) 17M->11M(19M) 0.702ms
[121.251s][info][gc] GC(3867) Pause Young (Allocation Failure) 17M->11M(19M) 0.623ms
[121.260s][info][gc] GC(3868) Pause Young (Allocation Failure) 17M->11M(19M) 0.535ms
[121.269s][info][gc] GC(3869) Pause Young (Allocation Failure) 17M->11M(19M) 0.699ms
[121.281s][info][gc] GC(3870) Pause Young (Allocation Failure) 17M->11M(19M) 1.172ms
[121.296s][info][gc] GC(3871) Pause Young (Allocation Failure) 17M->11M(19M) 1.283ms
[121.305s][info][gc] GC(3872) Pause Young (Allocation Failure) 17M->11M(19M) 0.613ms
[121.314s][info][gc] GC(3873) Pause Young (Allocation Failure) 17M->11M(19M) 0.602ms
[121.323s][info][gc] GC(3874) Pause Young (Allocation Failure) 17M->11M(19M) 0.643ms
[121.332s][info][gc] GC(3875) Pause Young (Allocation Failure) 17M->11M(19M) 0.631ms
[121.344s][info][gc] GC(3876) Pause Young (Allocation Failure) 17M->11M(19M) 0.888ms
[121.353s][info][gc] GC(3877) Pause Young (Allocation Failure) 17M->11M(19M) 0.670ms
[121.363s][info][gc] GC(3878) Pause Young (Allocation Failure) 17M->11M(19M) 0.756ms
[121.373s][info][gc] GC(3879) Pause Young (Allocation Failure) 17M->11M(19M) 0.650ms
[121.382s][info][gc] GC(3880) Pause Young (Allocation Failure) 17M->11M(19M) 0.553ms
[121.391s][info][gc] GC(3881) Pause Young (Allocation Failure) 17M->11M(19M) 0.634ms
[121.400s][info][gc] GC(3882) Pause Young (Allocation Failure) 17M->11M(19M) 0.719ms
[121.410s][info][gc] GC(3883) Pause Young (Allocation Failure) 17M->11M(19M) 0.655ms
[121.419s][info][gc] GC(3884) Pause Young (Allocation Failure) 17M->11M(19M) 0.555ms
[121.428s][info][gc] GC(3885) Pause Young (Allocation Failure) 17M->11M(19M) 0.768ms
[121.437s][info][gc] GC(3886) Pause Young (Allocation Failure) 17M->11M(19M) 0.773ms
[121.455s][info][gc] GC(3887) Pause Young (Allocation Failure) 17M->11M(19M) 0.694ms
[121.465s][info][gc] GC(3888) Pause Young (Allocation Failure) 17M->11M(19M) 0.586ms
[121.474s][info][gc] GC(3889) Pause Young (Allocation Failure) 17M->11M(19M) 0.751ms
[121.483s][info][gc] GC(3890) Pause Young (Allocation Failure) 17M->11M(19M) 0.733ms
[121.493s][info][gc] GC(3891) Pause Young (Allocation Failure) 17M->11M(19M) 0.690ms
[121.502s][info][gc] GC(3892) Pause Young (Allocation Failure) 17M->11M(19M) 0.555ms
[121.511s][info][gc] GC(3893) Pause Young (Allocation Failure) 17M->11M(19M) 0.671ms
[121.528s][info][gc] GC(3894) Pause Young (Allocation Failure) 17M->11M(19M) 0.978ms
[121.548s][info][gc] GC(3895) Pause Young (Allocation Failure) 17M->11M(19M) 0.950ms
[121.562s][info][gc] GC(3896) Pause Young (Allocation Failure) 17M->11M(19M) 0.937ms
[121.577s][info][gc] GC(3897) Pause Young (Allocation Failure) 17M->11M(19M) 1.054ms
[121.590s][info][gc] GC(3898) Pause Young (Allocation Failure) 17M->11M(19M) 1.032ms
[121.602s][info][gc] GC(3899) Pause Young (Allocation Failure) 17M->11M(19M) 1.030ms
[121.614s][info][gc] GC(3900) Pause Young (Allocation Failure) 17M->11M(19M) 1.456ms
[121.626s][info][gc] GC(3901) Pause Young (Allocation Failure) 17M->11M(19M) 0.781ms
[121.640s][info][gc] GC(3902) Pause Young (Allocation Failure) 17M->11M(19M) 0.967ms
[121.653s][info][gc] GC(3903) Pause Young (Allocation Failure) 17M->11M(19M) 0.926ms
[121.672s][info][gc] GC(3904) Pause Young (Allocation Failure) 17M->11M(19M) 2.149ms
[121.688s][info][gc] GC(3905) Pause Young (Allocation Failure) 17M->11M(19M) 0.774ms
[121.701s][info][gc] GC(3906) Pause Young (Allocation Failure) 17M->11M(19M) 0.789ms
[121.713s][info][gc] GC(3907) Pause Young (Allocation Failure) 17M->11M(19M) 0.683ms
[121.726s][info][gc] GC(3908) Pause Young (Allocation Failure) 17M->11M(19M) 1.896ms
[121.742s][info][gc] GC(3909) Pause Young (Allocation Failure) 17M->11M(19M) 0.521ms
[121.752s][info][gc] GC(3910) Pause Young (Allocation Failure) 17M->11M(19M) 0.723ms
[121.761s][info][gc] GC(3911) Pause Young (Allocation Failure) 17M->11M(19M) 0.626ms
[121.770s][info][gc] GC(3912) Pause Young (Allocation Failure) 17M->11M(19M) 0.647ms
[121.779s][info][gc] GC(3913) Pause Young (Allocation Failure) 17M->11M(19M) 0.668ms
[121.788s][info][gc] GC(3914) Pause Young (Allocation Failure) 17M->11M(19M) 0.662ms
[121.801s][info][gc] GC(3915) Pause Young (Allocation Failure) 17M->11M(19M) 0.627ms
[121.811s][info][gc] GC(3916) Pause Young (Allocation Failure) 17M->11M(19M) 0.561ms
[121.821s][info][gc] GC(3917) Pause Young (Allocation Failure) 17M->11M(19M) 0.691ms
[121.831s][info][gc] GC(3918) Pause Young (Allocation Failure) 17M->11M(19M) 1.043ms
[121.841s][info][gc] GC(3919) Pause Young (Allocation Failure) 17M->11M(19M) 0.668ms
[121.849s][info][gc] GC(3920) Pause Young (Allocation Failure) 17M->11M(19M) 0.509ms
[121.859s][info][gc] GC(3921) Pause Young (Allocation Failure) 17M->11M(19M) 0.835ms
[121.869s][info][gc] GC(3922) Pause Young (Allocation Failure) 17M->11M(19M) 0.720ms
[121.878s][info][gc] GC(3923) Pause Young (Allocation Failure) 17M->11M(19M) 0.669ms
[121.889s][info][gc] GC(3924) Pause Young (Allocation Failure) 17M->11M(19M) 0.637ms
[121.898s][info][gc] GC(3925) Pause Young (Allocation Failure) 17M->11M(19M) 0.564ms
[121.907s][info][gc] GC(3926) Pause Young (Allocation Failure) 17M->11M(19M) 0.613ms
[121.917s][info][gc] GC(3927) Pause Young (Allocation Failure) 17M->11M(19M) 0.649ms
[121.927s][info][gc] GC(3928) Pause Young (Allocation Failure) 17M->11M(19M) 0.623ms
[121.936s][info][gc] GC(3929) Pause Young (Allocation Failure) 17M->11M(19M) 0.688ms
[121.945s][info][gc] GC(3930) Pause Young (Allocation Failure) 17M->11M(19M) 0.654ms
[121.955s][info][gc] GC(3931) Pause Young (Allocation Failure) 17M->11M(19M) 0.568ms
[121.964s][info][gc] GC(3932) Pause Young (Allocation Failure) 17M->11M(19M) 0.633ms
[121.973s][info][gc] GC(3933) Pause Young (Allocation Failure) 17M->11M(19M) 0.689ms
[121.982s][info][gc] GC(3934) Pause Young (Allocation Failure) 17M->11M(19M) 0.649ms
[121.992s][info][gc] GC(3935) Pause Young (Allocation Failure) 17M->11M(19M) 0.662ms
[122.003s][info][gc] GC(3936) Pause Young (Allocation Failure) 17M->11M(19M) 0.629ms
[122.017s][info][gc] GC(3937) Pause Young (Allocation Failure) 17M->11M(19M) 1.136ms
[122.031s][info][gc] GC(3938) Pause Young (Allocation Failure) 17M->11M(19M) 1.026ms
[122.044s][info][gc] GC(3939) Pause Young (Allocation Failure) 17M->11M(19M) 0.635ms
[122.053s][info][gc] GC(3940) Pause Young (Allocation Failure) 17M->11M(19M) 0.620ms
[122.063s][info][gc] GC(3941) Pause Young (Allocation Failure) 17M->11M(19M) 0.506ms
[122.073s][info][gc] GC(3942) Pause Young (Allocation Failure) 17M->11M(19M) 0.703ms
[122.083s][info][gc] GC(3943) Pause Young (Allocation Failure) 17M->11M(19M) 0.729ms
[122.095s][info][gc] GC(3944) Pause Young (Allocation Failure) 17M->11M(19M) 0.722ms
[122.105s][info][gc] GC(3945) Pause Young (Allocation Failure) 17M->11M(19M) 0.604ms
[122.114s][info][gc] GC(3946) Pause Young (Allocation Failure) 17M->11M(19M) 0.641ms
[122.123s][info][gc] GC(3947) Pause Young (Allocation Failure) 17M->11M(19M) 0.707ms
[122.132s][info][gc] GC(3948) Pause Young (Allocation Failure) 17M->11M(19M) 0.672ms
[122.141s][info][gc] GC(3949) Pause Young (Allocation Failure) 17M->11M(19M) 0.626ms
[122.151s][info][gc] GC(3950) Pause Young (Allocation Failure) 17M->11M(19M) 1.311ms
[122.161s][info][gc] GC(3951) Pause Young (Allocation Failure) 17M->11M(19M) 0.758ms
[122.172s][info][gc] GC(3952) Pause Young (Allocation Failure) 17M->11M(19M) 0.534ms
[122.186s][info][gc] GC(3953) Pause Young (Allocation Failure) 17M->11M(19M) 0.715ms
[122.196s][info][gc] GC(3954) Pause Young (Allocation Failure) 17M->11M(19M) 0.656ms
[122.205s][info][gc] GC(3955) Pause Young (Allocation Failure) 17M->11M(19M) 0.668ms
[122.219s][info][gc] GC(3956) Pause Young (Allocation Failure) 17M->11M(19M) 1.260ms
[122.232s][info][gc] GC(3957) Pause Young (Allocation Failure) 17M->11M(19M) 0.882ms
[122.243s][info][gc] GC(3958) Pause Young (Allocation Failure) 17M->11M(19M) 0.906ms
[122.254s][info][gc] GC(3959) Pause Young (Allocation Failure) 17M->11M(19M) 1.005ms
[122.266s][info][gc] GC(3960) Pause Young (Allocation Failure) 17M->11M(19M) 0.896ms
[122.279s][info][gc] GC(3961) Pause Young (Allocation Failure) 17M->11M(19M) 0.693ms
[122.290s][info][gc] GC(3962) Pause Young (Allocation Failure) 17M->11M(19M) 0.851ms
[122.303s][info][gc] GC(3963) Pause Young (Allocation Failure) 17M->11M(19M) 0.655ms
[122.315s][info][gc] GC(3964) Pause Young (Allocation Failure) 17M->11M(19M) 1.139ms
[122.328s][info][gc] GC(3965) Pause Young (Allocation Failure) 17M->11M(19M) 0.897ms
[122.340s][info][gc] GC(3966) Pause Young (Allocation Failure) 17M->11M(19M) 0.721ms
[122.349s][info][gc] GC(3967) Pause Young (Allocation Failure) 17M->11M(19M) 0.567ms
[122.358s][info][gc] GC(3968) Pause Young (Allocation Failure) 17M->11M(19M) 0.695ms
[122.368s][info][gc] GC(3969) Pause Young (Allocation Failure) 17M->11M(19M) 0.654ms
[122.379s][info][gc] GC(3970) Pause Young (Allocation Failure) 17M->11M(19M) 0.670ms
[122.389s][info][gc] GC(3971) Pause Young (Allocation Failure) 17M->11M(19M) 1.002ms
[122.399s][info][gc] GC(3972) Pause Young (Allocation Failure) 17M->11M(19M) 0.677ms
[122.408s][info][gc] GC(3973) Pause Young (Allocation Failure) 17M->11M(19M) 0.655ms
[122.417s][info][gc] GC(3974) Pause Young (Allocation Failure) 17M->11M(19M) 0.634ms
[122.427s][info][gc] GC(3975) Pause Young (Allocation Failure) 17M->11M(19M) 0.598ms
[122.436s][info][gc] GC(3976) Pause Young (Allocation Failure) 17M->11M(19M) 0.569ms
[122.445s][info][gc] GC(3977) Pause Young (Allocation Failure) 17M->11M(19M) 0.517ms
[122.455s][info][gc] GC(3978) Pause Young (Allocation Failure) 17M->11M(19M) 0.671ms
[122.464s][info][gc] GC(3979) Pause Young (Allocation Failure) 17M->11M(19M) 0.654ms
[122.473s][info][gc] GC(3980) Pause Young (Allocation Failure) 17M->11M(19M) 0.624ms
[122.482s][info][gc] GC(3981) Pause Young (Allocation Failure) 17M->11M(19M) 0.543ms
[122.492s][info][gc] GC(3982) Pause Young (Allocation Failure) 17M->11M(19M) 1.790ms
[122.502s][info][gc] GC(3983) Pause Young (Allocation Failure) 17M->11M(19M) 0.676ms
[122.512s][info][gc] GC(3984) Pause Young (Allocation Failure) 17M->11M(19M) 0.772ms
[122.527s][info][gc] GC(3985) Pause Young (Allocation Failure) 17M->11M(19M) 1.344ms
[122.546s][info][gc] GC(3986) Pause Young (Allocation Failure) 17M->11M(19M) 1.827ms
[122.559s][info][gc] GC(3987) Pause Young (Allocation Failure) 17M->11M(19M) 0.859ms
[122.568s][info][gc] GC(3988) Pause Young (Allocation Failure) 17M->11M(19M) 0.628ms
[122.579s][info][gc] GC(3989) Pause Young (Allocation Failure) 17M->11M(19M) 0.656ms
[122.589s][info][gc] GC(3990) Pause Young (Allocation Failure) 17M->11M(19M) 0.618ms
[122.599s][info][gc] GC(3991) Pause Young (Allocation Failure) 17M->11M(19M) 0.644ms
[122.610s][info][gc] GC(3992) Pause Young (Allocation Failure) 17M->11M(19M) 0.819ms
[122.621s][info][gc] GC(3993) Pause Young (Allocation Failure) 17M->11M(19M) 0.656ms
[122.634s][info][gc] GC(3994) Pause Young (Allocation Failure) 17M->11M(19M) 0.637ms
[122.644s][info][gc] GC(3995) Pause Young (Allocation Failure) 17M->11M(19M) 0.671ms
[122.654s][info][gc] GC(3996) Pause Young (Allocation Failure) 17M->11M(19M) 0.628ms
[122.663s][info][gc] GC(3997) Pause Young (Allocation Failure) 17M->11M(19M) 0.499ms
[122.675s][info][gc] GC(3998) Pause Young (Allocation Failure) 17M->11M(19M) 0.520ms
[122.686s][info][gc] GC(3999) Pause Young (Allocation Failure) 17M->11M(19M) 1.250ms
[122.699s][info][gc] GC(4000) Pause Young (Allocation Failure) 17M->11M(19M) 0.668ms
[122.711s][info][gc] GC(4001) Pause Young (Allocation Failure) 17M->11M(19M) 0.797ms
[122.723s][info][gc] GC(4002) Pause Young (Allocation Failure) 17M->11M(19M) 0.937ms
[122.737s][info][gc] GC(4003) Pause Young (Allocation Failure) 17M->11M(19M) 0.684ms
[122.749s][info][gc] GC(4004) Pause Young (Allocation Failure) 17M->11M(19M) 1.811ms
[122.761s][info][gc] GC(4005) Pause Young (Allocation Failure) 17M->11M(19M) 0.660ms
[122.771s][info][gc] GC(4006) Pause Young (Allocation Failure) 17M->11M(19M) 0.628ms
[122.780s][info][gc] GC(4007) Pause Young (Allocation Failure) 17M->11M(19M) 0.692ms
[122.791s][info][gc] GC(4008) Pause Young (Allocation Failure) 17M->11M(19M) 0.701ms
[122.802s][info][gc] GC(4009) Pause Young (Allocation Failure) 17M->11M(19M) 0.668ms
[122.813s][info][gc] GC(4010) Pause Young (Allocation Failure) 17M->11M(19M) 0.605ms
[122.825s][info][gc] GC(4011) Pause Young (Allocation Failure) 17M->11M(19M) 0.879ms
[122.841s][info][gc] GC(4012) Pause Young (Allocation Failure) 17M->11M(19M) 0.865ms
[122.855s][info][gc] GC(4013) Pause Young (Allocation Failure) 17M->11M(19M) 0.667ms
[122.866s][info][gc] GC(4014) Pause Young (Allocation Failure) 17M->11M(19M) 0.605ms
[122.877s][info][gc] GC(4015) Pause Young (Allocation Failure) 17M->11M(19M) 0.746ms
[122.889s][info][gc] GC(4016) Pause Young (Allocation Failure) 17M->11M(19M) 0.996ms
[122.905s][info][gc] GC(4017) Pause Young (Allocation Failure) 17M->11M(19M) 0.722ms
[122.916s][info][gc] GC(4018) Pause Young (Allocation Failure) 17M->11M(19M) 0.817ms
[122.926s][info][gc] GC(4019) Pause Young (Allocation Failure) 17M->11M(19M) 1.385ms
[122.935s][info][gc] GC(4020) Pause Young (Allocation Failure) 17M->11M(19M) 0.714ms
[122.944s][info][gc] GC(4021) Pause Young (Allocation Failure) 17M->11M(19M) 0.632ms
[122.954s][info][gc] GC(4022) Pause Young (Allocation Failure) 17M->11M(19M) 0.629ms
[122.963s][info][gc] GC(4023) Pause Young (Allocation Failure) 17M->11M(19M) 0.635ms
[122.972s][info][gc] GC(4024) Pause Young (Allocation Failure) 17M->11M(19M) 0.451ms
[122.981s][info][gc] GC(4025) Pause Young (Allocation Failure) 17M->11M(19M) 0.662ms
[122.990s][info][gc] GC(4026) Pause Young (Allocation Failure) 17M->11M(19M) 0.684ms
[123.000s][info][gc] GC(4027) Pause Young (Allocation Failure) 17M->11M(19M) 0.834ms
[123.009s][info][gc] GC(4028) Pause Young (Allocation Failure) 17M->11M(19M) 0.721ms
[123.019s][info][gc] GC(4029) Pause Young (Allocation Failure) 17M->11M(19M) 0.793ms
[123.036s][info][gc] GC(4030) Pause Young (Allocation Failure) 17M->11M(19M) 2.407ms
[123.055s][info][gc] GC(4031) Pause Young (Allocation Failure) 17M->11M(19M) 0.691ms
[123.065s][info][gc] GC(4032) Pause Young (Allocation Failure) 17M->11M(19M) 0.668ms
[123.074s][info][gc] GC(4033) Pause Young (Allocation Failure) 17M->11M(19M) 0.628ms
[123.084s][info][gc] GC(4034) Pause Young (Allocation Failure) 17M->11M(19M) 0.630ms
[123.093s][info][gc] GC(4035) Pause Young (Allocation Failure) 17M->11M(19M) 0.528ms
[123.105s][info][gc] GC(4036) Pause Young (Allocation Failure) 17M->11M(19M) 0.678ms
[123.116s][info][gc] GC(4037) Pause Young (Allocation Failure) 17M->11M(19M) 0.631ms
[123.125s][info][gc] GC(4038) Pause Young (Allocation Failure) 17M->11M(19M) 0.705ms
[123.135s][info][gc] GC(4039) Pause Young (Allocation Failure) 17M->11M(19M) 0.583ms
[123.145s][info][gc] GC(4040) Pause Young (Allocation Failure) 17M->11M(19M) 0.656ms
[123.153s][info][gc] GC(4041) Pause Young (Allocation Failure) 17M->11M(19M) 0.468ms
[123.164s][info][gc] GC(4042) Pause Young (Allocation Failure) 17M->12M(19M) 1.525ms
[123.173s][info][gc] GC(4043) Pause Young (Allocation Failure) 17M->11M(19M) 0.672ms
[123.184s][info][gc] GC(4044) Pause Young (Allocation Failure) 17M->12M(19M) 0.677ms
[123.193s][info][gc] GC(4045) Pause Young (Allocation Failure) 17M->11M(19M) 0.517ms
[123.203s][info][gc] GC(4046) Pause Young (Allocation Failure) 17M->12M(19M) 0.729ms
[123.212s][info][gc] GC(4047) Pause Young (Allocation Failure) 17M->12M(19M) 0.661ms
[123.222s][info][gc] GC(4048) Pause Young (Allocation Failure) 17M->12M(19M) 0.646ms
[123.231s][info][gc] GC(4049) Pause Young (Allocation Failure) 17M->12M(19M) 0.678ms
[123.241s][info][gc] GC(4050) Pause Young (Allocation Failure) 17M->12M(19M) 0.699ms
[123.250s][info][gc] GC(4051) Pause Young (Allocation Failure) 17M->12M(19M) 0.687ms
[123.259s][info][gc] GC(4052) Pause Young (Allocation Failure) 17M->12M(19M) 0.646ms
[123.270s][info][gc] GC(4053) Pause Young (Allocation Failure) 17M->12M(19M) 0.631ms
[123.283s][info][gc] GC(4054) Pause Young (Allocation Failure) 17M->12M(19M) 0.853ms
[123.292s][info][gc] GC(4055) Pause Young (Allocation Failure) 17M->11M(19M) 0.539ms
[123.302s][info][gc] GC(4056) Pause Young (Allocation Failure) 17M->12M(19M) 0.991ms
[123.312s][info][gc] GC(4057) Pause Young (Allocation Failure) 17M->12M(19M) 0.640ms
[123.321s][info][gc] GC(4058) Pause Young (Allocation Failure) 17M->12M(19M) 0.628ms
[123.332s][info][gc] GC(4059) Pause Young (Allocation Failure) 17M->12M(19M) 0.715ms
[123.342s][info][gc] GC(4060) Pause Young (Allocation Failure) 17M->12M(19M) 0.856ms
[123.352s][info][gc] GC(4061) Pause Young (Allocation Failure) 17M->12M(19M) 0.675ms
[123.364s][info][gc] GC(4062) Pause Young (Allocation Failure) 17M->12M(19M) 0.991ms
[123.377s][info][gc] GC(4063) Pause Young (Allocation Failure) 17M->12M(19M) 0.643ms
[123.389s][info][gc] GC(4064) Pause Young (Allocation Failure) 17M->12M(19M) 0.972ms
[123.403s][info][gc] GC(4065) Pause Young (Allocation Failure) 17M->12M(19M) 0.645ms
[123.416s][info][gc] GC(4066) Pause Young (Allocation Failure) 17M->11M(19M) 0.591ms
[123.427s][info][gc] GC(4067) Pause Young (Allocation Failure) 17M->12M(19M) 0.872ms
[123.437s][info][gc] GC(4068) Pause Young (Allocation Failure) 17M->12M(19M) 0.789ms
[123.453s][info][gc] GC(4069) Pause Young (Allocation Failure) 17M->12M(19M) 0.668ms
[123.466s][info][gc] GC(4070) Pause Young (Allocation Failure) 17M->12M(19M) 1.362ms
[123.479s][info][gc] GC(4071) Pause Young (Allocation Failure) 17M->12M(19M) 1.896ms
[123.491s][info][gc] GC(4072) Pause Young (Allocation Failure) 17M->12M(19M) 0.978ms
[123.502s][info][gc] GC(4073) Pause Young (Allocation Failure) 17M->12M(19M) 0.976ms
[123.513s][info][gc] GC(4074) Pause Young (Allocation Failure) 17M->12M(19M) 0.681ms
[123.525s][info][gc] GC(4075) Pause Young (Allocation Failure) 17M->12M(19M) 0.556ms
[123.547s][info][gc] GC(4076) Pause Young (Allocation Failure) 17M->12M(19M) 0.544ms
[123.560s][info][gc] GC(4077) Pause Young (Allocation Failure) 17M->12M(19M) 1.103ms
[123.574s][info][gc] GC(4078) Pause Young (Allocation Failure) 17M->12M(19M) 0.653ms
[123.584s][info][gc] GC(4079) Pause Young (Allocation Failure) 17M->12M(19M) 0.955ms
[123.595s][info][gc] GC(4080) Pause Young (Allocation Failure) 17M->12M(19M) 0.966ms
[123.605s][info][gc] GC(4081) Pause Young (Allocation Failure) 17M->12M(19M) 0.642ms
[123.616s][info][gc] GC(4082) Pause Young (Allocation Failure) 17M->12M(19M) 1.390ms
[123.626s][info][gc] GC(4083) Pause Young (Allocation Failure) 17M->12M(19M) 0.642ms
[123.635s][info][gc] GC(4084) Pause Young (Allocation Failure) 17M->12M(19M) 0.614ms
[123.645s][info][gc] GC(4085) Pause Young (Allocation Failure) 17M->12M(19M) 0.603ms
[123.654s][info][gc] GC(4086) Pause Young (Allocation Failure) 17M->12M(19M) 0.558ms
[123.664s][info][gc] GC(4087) Pause Young (Allocation Failure) 17M->12M(19M) 1.000ms
[123.675s][info][gc] GC(4088) Pause Young (Allocation Failure) 17M->12M(19M) 0.679ms
[123.686s][info][gc] GC(4089) Pause Young (Allocation Failure) 17M->12M(19M) 0.592ms
[123.695s][info][gc] GC(4090) Pause Young (Allocation Failure) 17M->12M(19M) 0.780ms
[123.705s][info][gc] GC(4091) Pause Young (Allocation Failure) 17M->12M(19M) 0.656ms
[123.714s][info][gc] GC(4092) Pause Young (Allocation Failure) 17M->12M(19M) 0.665ms
[123.723s][info][gc] GC(4093) Pause Young (Allocation Failure) 17M->12M(19M) 0.560ms
[123.732s][info][gc] GC(4094) Pause Young (Allocation Failure) 17M->12M(19M) 0.597ms
[123.743s][info][gc] GC(4095) Pause Young (Allocation Failure) 17M->12M(19M) 0.513ms
[123.757s][info][gc] GC(4096) Pause Young (Allocation Failure) 17M->12M(19M) 0.749ms
[123.768s][info][gc] GC(4097) Pause Young (Allocation Failure) 17M->12M(19M) 0.990ms
[123.778s][info][gc] GC(4098) Pause Young (Allocation Failure) 17M->12M(19M) 0.899ms
[123.788s][info][gc] GC(4099) Pause Young (Allocation Failure) 17M->12M(19M) 0.786ms
[123.798s][info][gc] GC(4100) Pause Young (Allocation Failure) 17M->12M(19M) 0.694ms
[123.810s][info][gc] GC(4101) Pause Young (Allocation Failure) 17M->12M(19M) 0.655ms
[123.820s][info][gc] GC(4102) Pause Young (Allocation Failure) 17M->12M(19M) 0.619ms
[123.829s][info][gc] GC(4103) Pause Young (Allocation Failure) 17M->12M(19M) 0.691ms
[123.839s][info][gc] GC(4104) Pause Young (Allocation Failure) 17M->12M(19M) 1.024ms
[123.854s][info][gc] GC(4105) Pause Young (Allocation Failure) 17M->12M(19M) 1.240ms
[123.864s][info][gc] GC(4106) Pause Young (Allocation Failure) 17M->12M(19M) 1.160ms
[123.874s][info][gc] GC(4107) Pause Young (Allocation Failure) 17M->12M(19M) 0.615ms
[123.883s][info][gc] GC(4108) Pause Young (Allocation Failure) 17M->12M(19M) 0.655ms
[123.893s][info][gc] GC(4109) Pause Young (Allocation Failure) 17M->12M(19M) 0.626ms
[123.902s][info][gc] GC(4110) Pause Young (Allocation Failure) 17M->12M(19M) 0.869ms
[123.914s][info][gc] GC(4111) Pause Young (Allocation Failure) 17M->12M(19M) 0.654ms
[123.924s][info][gc] GC(4112) Pause Young (Allocation Failure) 17M->12M(19M) 0.490ms
[123.934s][info][gc] GC(4113) Pause Young (Allocation Failure) 17M->12M(19M) 0.679ms
[123.948s][info][gc] GC(4114) Pause Young (Allocation Failure) 17M->12M(19M) 1.337ms
[123.962s][info][gc] GC(4115) Pause Young (Allocation Failure) 17M->12M(19M) 0.546ms
[123.974s][info][gc] GC(4116) Pause Young (Allocation Failure) 17M->12M(19M) 0.641ms
[123.986s][info][gc] GC(4117) Pause Young (Allocation Failure) 17M->12M(19M) 0.618ms
[124.000s][info][gc] GC(4118) Pause Young (Allocation Failure) 17M->12M(19M) 1.399ms
[124.014s][info][gc] GC(4119) Pause Young (Allocation Failure) 17M->12M(19M) 0.631ms
[124.056s][info][gc] GC(4120) Pause Young (Allocation Failure) 17M->12M(19M) 0.861ms
[124.070s][info][gc] GC(4121) Pause Young (Allocation Failure) 17M->12M(19M) 0.978ms
[124.083s][info][gc] GC(4122) Pause Young (Allocation Failure) 17M->12M(19M) 0.958ms
[124.093s][info][gc] GC(4123) Pause Young (Allocation Failure) 17M->12M(19M) 1.015ms
[124.106s][info][gc] GC(4124) Pause Young (Allocation Failure) 17M->12M(19M) 1.896ms
[124.121s][info][gc] GC(4125) Pause Young (Allocation Failure) 17M->12M(19M) 2.006ms
[124.132s][info][gc] GC(4126) Pause Young (Allocation Failure) 17M->12M(19M) 0.660ms
[124.141s][info][gc] GC(4127) Pause Young (Allocation Failure) 17M->12M(19M) 0.511ms
[124.151s][info][gc] GC(4128) Pause Young (Allocation Failure) 17M->12M(19M) 0.485ms
[124.160s][info][gc] GC(4129) Pause Young (Allocation Failure) 17M->12M(19M) 0.680ms
[124.170s][info][gc] GC(4130) Pause Young (Allocation Failure) 17M->12M(19M) 0.687ms
[124.179s][info][gc] GC(4131) Pause Young (Allocation Failure) 17M->12M(19M) 0.695ms
[124.190s][info][gc] GC(4132) Pause Young (Allocation Failure) 17M->12M(19M) 0.659ms
[124.199s][info][gc] GC(4133) Pause Young (Allocation Failure) 17M->12M(19M) 0.534ms
[124.210s][info][gc] GC(4134) Pause Young (Allocation Failure) 17M->12M(19M) 0.859ms
[124.219s][info][gc] GC(4135) Pause Young (Allocation Failure) 17M->12M(19M) 0.679ms
[124.229s][info][gc] GC(4136) Pause Young (Allocation Failure) 17M->12M(19M) 1.324ms
[124.239s][info][gc] GC(4137) Pause Young (Allocation Failure) 17M->12M(19M) 0.635ms
[124.250s][info][gc] GC(4138) Pause Young (Allocation Failure) 17M->12M(19M) 0.615ms
[124.261s][info][gc] GC(4139) Pause Young (Allocation Failure) 17M->12M(19M) 0.602ms
[124.270s][info][gc] GC(4140) Pause Young (Allocation Failure) 17M->12M(19M) 0.687ms
[124.280s][info][gc] GC(4141) Pause Young (Allocation Failure) 17M->12M(19M) 0.623ms
[124.289s][info][gc] GC(4142) Pause Young (Allocation Failure) 17M->12M(19M) 0.597ms
[124.300s][info][gc] GC(4143) Pause Young (Allocation Failure) 17M->12M(19M) 0.675ms
[124.312s][info][gc] GC(4144) Pause Young (Allocation Failure) 17M->12M(19M) 0.660ms
[124.321s][info][gc] GC(4145) Pause Young (Allocation Failure) 17M->12M(19M) 0.619ms
[124.331s][info][gc] GC(4146) Pause Young (Allocation Failure) 17M->12M(19M) 0.756ms
[124.340s][info][gc] GC(4147) Pause Young (Allocation Failure) 17M->12M(19M) 0.590ms
[124.350s][info][gc] GC(4148) Pause Young (Allocation Failure) 17M->12M(19M) 0.686ms
[124.360s][info][gc] GC(4149) Pause Young (Allocation Failure) 17M->12M(19M) 0.623ms
[124.372s][info][gc] GC(4150) Pause Young (Allocation Failure) 17M->12M(19M) 0.677ms
[124.382s][info][gc] GC(4151) Pause Young (Allocation Failure) 17M->12M(19M) 0.669ms
[124.392s][info][gc] GC(4152) Pause Young (Allocation Failure) 17M->12M(19M) 1.702ms
[124.402s][info][gc] GC(4153) Pause Young (Allocation Failure) 17M->12M(19M) 0.652ms
[124.411s][info][gc] GC(4154) Pause Young (Allocation Failure) 17M->12M(19M) 0.638ms
[124.420s][info][gc] GC(4155) Pause Young (Allocation Failure) 17M->12M(19M) 0.521ms
[124.430s][info][gc] GC(4156) Pause Young (Allocation Failure) 17M->12M(19M) 0.833ms
[124.440s][info][gc] GC(4157) Pause Young (Allocation Failure) 17M->12M(19M) 0.699ms
[124.449s][info][gc] GC(4158) Pause Young (Allocation Failure) 17M->12M(19M) 0.861ms
[124.460s][info][gc] GC(4159) Pause Young (Allocation Failure) 17M->12M(19M) 0.628ms
[124.470s][info][gc] GC(4160) Pause Young (Allocation Failure) 17M->12M(19M) 0.663ms
[124.480s][info][gc] GC(4161) Pause Young (Allocation Failure) 17M->12M(19M) 0.593ms
[124.489s][info][gc] GC(4162) Pause Young (Allocation Failure) 17M->12M(19M) 0.567ms
[124.498s][info][gc] GC(4163) Pause Young (Allocation Failure) 17M->12M(19M) 0.504ms
[124.508s][info][gc] GC(4164) Pause Young (Allocation Failure) 17M->12M(19M) 0.694ms
[124.520s][info][gc] GC(4165) Pause Young (Allocation Failure) 17M->12M(19M) 0.955ms
[124.535s][info][gc] GC(4166) Pause Young (Allocation Failure) 17M->12M(19M) 1.271ms
[124.554s][info][gc] GC(4167) Pause Young (Allocation Failure) 17M->12M(19M) 1.597ms
[124.567s][info][gc] GC(4168) Pause Young (Allocation Failure) 17M->12M(19M) 0.645ms
[124.579s][info][gc] GC(4169) Pause Young (Allocation Failure) 17M->12M(19M) 0.993ms
[124.590s][info][gc] GC(4170) Pause Young (Allocation Failure) 17M->12M(19M) 0.989ms
[124.602s][info][gc] GC(4171) Pause Young (Allocation Failure) 17M->12M(19M) 0.983ms
[124.614s][info][gc] GC(4172) Pause Young (Allocation Failure) 17M->12M(19M) 0.548ms
[124.625s][info][gc] GC(4173) Pause Young (Allocation Failure) 17M->12M(19M) 0.639ms
[124.636s][info][gc] GC(4174) Pause Young (Allocation Failure) 17M->12M(19M) 0.634ms
[124.651s][info][gc] GC(4175) Pause Young (Allocation Failure) 17M->12M(19M) 1.042ms
[124.667s][info][gc] GC(4176) Pause Young (Allocation Failure) 17M->12M(19M) 1.257ms
[124.677s][info][gc] GC(4177) Pause Young (Allocation Failure) 17M->12M(19M) 0.666ms
[124.692s][info][gc] GC(4178) Pause Young (Allocation Failure) 17M->12M(19M) 0.811ms
[124.709s][info][gc] GC(4179) Pause Young (Allocation Failure) 17M->12M(19M) 0.735ms
[124.719s][info][gc] GC(4180) Pause Young (Allocation Failure) 17M->12M(19M) 0.705ms
[124.730s][info][gc] GC(4181) Pause Young (Allocation Failure) 17M->12M(19M) 0.663ms
[124.741s][info][gc] GC(4182) Pause Young (Allocation Failure) 17M->12M(19M) 0.635ms
[124.750s][info][gc] GC(4183) Pause Young (Allocation Failure) 17M->12M(19M) 0.564ms
[124.764s][info][gc] GC(4184) Pause Young (Allocation Failure) 17M->12M(19M) 0.511ms
[124.774s][info][gc] GC(4185) Pause Young (Allocation Failure) 17M->12M(19M) 0.828ms
[124.783s][info][gc] GC(4186) Pause Young (Allocation Failure) 17M->12M(19M) 0.634ms
[124.794s][info][gc] GC(4187) Pause Young (Allocation Failure) 17M->12M(19M) 0.703ms
[124.805s][info][gc] GC(4188) Pause Young (Allocation Failure) 17M->12M(19M) 0.588ms
[124.816s][info][gc] GC(4189) Pause Young (Allocation Failure) 17M->12M(19M) 0.486ms
[124.827s][info][gc] GC(4190) Pause Young (Allocation Failure) 17M->12M(19M) 1.004ms
[124.841s][info][gc] GC(4191) Pause Young (Allocation Failure) 17M->12M(19M) 0.611ms
[124.851s][info][gc] GC(4192) Pause Young (Allocation Failure) 17M->12M(19M) 0.634ms
[124.860s][info][gc] GC(4193) Pause Young (Allocation Failure) 17M->12M(19M) 0.495ms
[124.870s][info][gc] GC(4194) Pause Young (Allocation Failure) 17M->12M(19M) 0.481ms
[124.879s][info][gc] GC(4195) Pause Young (Allocation Failure) 17M->12M(19M) 0.662ms
[124.888s][info][gc] GC(4196) Pause Young (Allocation Failure) 17M->12M(19M) 0.660ms
[124.898s][info][gc] GC(4197) Pause Young (Allocation Failure) 17M->12M(19M) 0.660ms
[124.908s][info][gc] GC(4198) Pause Young (Allocation Failure) 17M->12M(19M) 0.612ms
[124.917s][info][gc] GC(4199) Pause Young (Allocation Failure) 17M->12M(19M) 0.486ms
[124.927s][info][gc] GC(4200) Pause Young (Allocation Failure) 17M->12M(19M) 0.682ms
[124.936s][info][gc] GC(4201) Pause Young (Allocation Failure) 17M->12M(19M) 0.700ms
[124.946s][info][gc] GC(4202) Pause Young (Allocation Failure) 17M->12M(19M) 0.664ms
[124.956s][info][gc] GC(4203) Pause Young (Allocation Failure) 17M->12M(19M) 0.683ms
[124.965s][info][gc] GC(4204) Pause Young (Allocation Failure) 17M->12M(19M) 0.518ms
[124.974s][info][gc] GC(4205) Pause Young (Allocation Failure) 17M->12M(19M) 0.739ms
[124.984s][info][gc] GC(4206) Pause Young (Allocation Failure) 17M->12M(19M) 1.021ms
[124.993s][info][gc] GC(4207) Pause Young (Allocation Failure) 17M->12M(19M) 0.591ms
[125.002s][info][gc] GC(4208) Pause Young (Allocation Failure) 17M->12M(19M) 0.572ms
[125.012s][info][gc] GC(4209) Pause Young (Allocation Failure) 17M->12M(19M) 0.526ms
[125.024s][info][gc] GC(4210) Pause Young (Allocation Failure) 17M->12M(19M) 0.666ms
[125.036s][info][gc] GC(4211) Pause Young (Allocation Failure) 17M->12M(19M) 0.932ms
[125.052s][info][gc] GC(4212) Pause Young (Allocation Failure) 17M->12M(19M) 0.692ms
[125.064s][info][gc] GC(4213) Pause Young (Allocation Failure) 17M->12M(19M) 0.843ms
[125.073s][info][gc] GC(4214) Pause Young (Allocation Failure) 17M->12M(19M) 0.631ms
[125.083s][info][gc] GC(4215) Pause Young (Allocation Failure) 17M->12M(19M) 1.243ms
[125.092s][info][gc] GC(4216) Pause Young (Allocation Failure) 17M->12M(19M) 0.667ms
[125.102s][info][gc] GC(4217) Pause Young (Allocation Failure) 17M->12M(19M) 0.882ms
[125.112s][info][gc] GC(4218) Pause Young (Allocation Failure) 17M->12M(19M) 0.693ms
[125.121s][info][gc] GC(4219) Pause Young (Allocation Failure) 17M->12M(19M) 0.632ms
[125.131s][info][gc] GC(4220) Pause Young (Allocation Failure) 17M->12M(19M) 0.648ms
[125.143s][info][gc] GC(4221) Pause Young (Allocation Failure) 17M->12M(19M) 0.502ms
[125.154s][info][gc] GC(4222) Pause Young (Allocation Failure) 17M->12M(19M) 0.954ms
[125.164s][info][gc] GC(4223) Pause Young (Allocation Failure) 17M->12M(19M) 1.039ms
[125.177s][info][gc] GC(4224) Pause Young (Allocation Failure) 17M->12M(19M) 0.683ms
[125.190s][info][gc] GC(4225) Pause Young (Allocation Failure) 17M->12M(19M) 1.032ms
[125.202s][info][gc] GC(4226) Pause Young (Allocation Failure) 17M->12M(19M) 0.548ms
[125.214s][info][gc] GC(4227) Pause Young (Allocation Failure) 17M->12M(19M) 0.961ms
[125.228s][info][gc] GC(4228) Pause Young (Allocation Failure) 17M->12M(19M) 0.731ms
[125.241s][info][gc] GC(4229) Pause Young (Allocation Failure) 17M->12M(19M) 0.649ms
[125.252s][info][gc] GC(4230) Pause Young (Allocation Failure) 17M->12M(19M) 0.630ms
[125.268s][info][gc] GC(4231) Pause Young (Allocation Failure) 17M->12M(19M) 0.579ms
[125.280s][info][gc] GC(4232) Pause Young (Allocation Failure) 17M->12M(19M) 0.565ms
[125.291s][info][gc] GC(4233) Pause Young (Allocation Failure) 17M->12M(19M) 0.755ms
[125.304s][info][gc] GC(4234) Pause Young (Allocation Failure) 17M->12M(19M) 0.636ms
[125.313s][info][gc] GC(4235) Pause Young (Allocation Failure) 17M->12M(19M) 0.526ms
[125.322s][info][gc] GC(4236) Pause Young (Allocation Failure) 17M->12M(19M) 0.623ms
[125.332s][info][gc] GC(4237) Pause Young (Allocation Failure) 17M->12M(19M) 0.638ms
[125.341s][info][gc] GC(4238) Pause Young (Allocation Failure) 17M->12M(19M) 0.677ms
[125.350s][info][gc] GC(4239) Pause Young (Allocation Failure) 17M->12M(19M) 0.639ms
[125.359s][info][gc] GC(4240) Pause Young (Allocation Failure) 17M->12M(19M) 0.622ms
[125.370s][info][gc] GC(4241) Pause Young (Allocation Failure) 17M->12M(19M) 0.820ms
[125.381s][info][gc] GC(4242) Pause Young (Allocation Failure) 17M->12M(19M) 0.626ms
[125.391s][info][gc] GC(4243) Pause Young (Allocation Failure) 17M->12M(19M) 1.022ms
[125.401s][info][gc] GC(4244) Pause Young (Allocation Failure) 17M->12M(19M) 0.619ms
[125.410s][info][gc] GC(4245) Pause Young (Allocation Failure) 17M->12M(19M) 0.566ms
[125.419s][info][gc] GC(4246) Pause Young (Allocation Failure) 17M->12M(19M) 0.459ms
[125.430s][info][gc] GC(4247) Pause Young (Allocation Failure) 17M->12M(19M) 0.763ms
[125.440s][info][gc] GC(4248) Pause Young (Allocation Failure) 17M->12M(19M) 0.688ms
[125.450s][info][gc] GC(4249) Pause Young (Allocation Failure) 17M->12M(19M) 0.610ms
[125.459s][info][gc] GC(4250) Pause Young (Allocation Failure) 17M->12M(19M) 0.530ms
[125.469s][info][gc] GC(4251) Pause Young (Allocation Failure) 17M->12M(19M) 0.638ms
[125.478s][info][gc] GC(4252) Pause Young (Allocation Failure) 17M->12M(19M) 0.663ms
[125.487s][info][gc] GC(4253) Pause Young (Allocation Failure) 17M->12M(19M) 0.555ms
[125.497s][info][gc] GC(4254) Pause Young (Allocation Failure) 17M->12M(19M) 0.513ms
[125.506s][info][gc] GC(4255) Pause Young (Allocation Failure) 17M->12M(19M) 0.629ms
[125.516s][info][gc] GC(4256) Pause Young (Allocation Failure) 17M->12M(19M) 0.690ms
[125.531s][info][gc] GC(4257) Pause Young (Allocation Failure) 17M->12M(19M) 0.626ms
[125.543s][info][gc] GC(4258) Pause Young (Allocation Failure) 17M->12M(19M) 1.093ms
[125.557s][info][gc] GC(4259) Pause Young (Allocation Failure) 17M->12M(19M) 0.624ms
[125.567s][info][gc] GC(4260) Pause Young (Allocation Failure) 17M->12M(19M) 0.577ms
[125.576s][info][gc] GC(4261) Pause Young (Allocation Failure) 17M->12M(19M) 0.691ms
[125.586s][info][gc] GC(4262) Pause Young (Allocation Failure) 17M->12M(19M) 0.679ms
[125.597s][info][gc] GC(4263) Pause Young (Allocation Failure) 17M->12M(19M) 0.631ms
[125.607s][info][gc] GC(4264) Pause Young (Allocation Failure) 17M->12M(19M) 1.268ms
[125.617s][info][gc] GC(4265) Pause Young (Allocation Failure) 17M->12M(19M) 0.721ms
[125.626s][info][gc] GC(4266) Pause Young (Allocation Failure) 17M->12M(19M) 0.548ms
[125.635s][info][gc] GC(4267) Pause Young (Allocation Failure) 17M->12M(19M) 0.643ms
[125.645s][info][gc] GC(4268) Pause Young (Allocation Failure) 17M->12M(19M) 0.678ms
[125.654s][info][gc] GC(4269) Pause Young (Allocation Failure) 17M->12M(19M) 1.003ms
[125.663s][info][gc] GC(4270) Pause Young (Allocation Failure) 17M->12M(19M) 0.535ms
[125.672s][info][gc] GC(4271) Pause Young (Allocation Failure) 17M->12M(19M) 0.518ms
[125.685s][info][gc] GC(4272) Pause Young (Allocation Failure) 17M->12M(19M) 0.928ms
[125.695s][info][gc] GC(4273) Pause Young (Allocation Failure) 17M->12M(19M) 0.920ms
[125.705s][info][gc] GC(4274) Pause Young (Allocation Failure) 17M->12M(19M) 0.741ms
[125.714s][info][gc] GC(4275) Pause Young (Allocation Failure) 17M->12M(19M) 0.690ms
[125.728s][info][gc] GC(4276) Pause Young (Allocation Failure) 17M->12M(19M) 0.531ms
[125.741s][info][gc] GC(4277) Pause Young (Allocation Failure) 17M->12M(19M) 1.757ms
[125.756s][info][gc] GC(4278) Pause Young (Allocation Failure) 17M->12M(19M) 0.925ms
[125.769s][info][gc] GC(4279) Pause Young (Allocation Failure) 17M->12M(19M) 0.973ms
[125.784s][info][gc] GC(4280) Pause Young (Allocation Failure) 17M->12M(19M) 0.863ms
[125.802s][info][gc] GC(4281) Pause Young (Allocation Failure) 17M->12M(19M) 1.456ms
[125.815s][info][gc] GC(4282) Pause Young (Allocation Failure) 17M->12M(19M) 0.961ms
[125.828s][info][gc] GC(4283) Pause Young (Allocation Failure) 17M->12M(19M) 0.796ms
[125.841s][info][gc] GC(4284) Pause Young (Allocation Failure) 17M->12M(19M) 1.546ms
[125.857s][info][gc] GC(4285) Pause Young (Allocation Failure) 17M->12M(19M) 0.877ms
[125.870s][info][gc] GC(4286) Pause Young (Allocation Failure) 17M->12M(19M) 0.834ms
[125.885s][info][gc] GC(4287) Pause Young (Allocation Failure) 17M->12M(19M) 0.802ms
[125.900s][info][gc] GC(4288) Pause Young (Allocation Failure) 17M->12M(19M) 0.945ms
[125.909s][info][gc] GC(4289) Pause Young (Allocation Failure) 17M->12M(19M) 0.620ms
[125.918s][info][gc] GC(4290) Pause Young (Allocation Failure) 17M->12M(19M) 0.572ms
[125.927s][info][gc] GC(4291) Pause Young (Allocation Failure) 17M->12M(19M) 0.632ms
[125.937s][info][gc] GC(4292) Pause Young (Allocation Failure) 17M->12M(19M) 0.642ms
[125.946s][info][gc] GC(4293) Pause Young (Allocation Failure) 17M->12M(19M) 0.606ms
[125.958s][info][gc] GC(4294) Pause Young (Allocation Failure) 17M->12M(19M) 0.564ms
[125.968s][info][gc] GC(4295) Pause Young (Allocation Failure) 17M->12M(19M) 0.625ms
[125.978s][info][gc] GC(4296) Pause Young (Allocation Failure) 17M->12M(19M) 0.635ms
[125.987s][info][gc] GC(4297) Pause Young (Allocation Failure) 17M->12M(19M) 0.623ms
[125.996s][info][gc] GC(4298) Pause Young (Allocation Failure) 17M->12M(19M) 0.588ms
[126.008s][info][gc] GC(4299) Pause Young (Allocation Failure) 17M->12M(19M) 0.852ms
[126.019s][info][gc] GC(4300) Pause Young (Allocation Failure) 17M->12M(19M) 1.080ms
[126.034s][info][gc] GC(4301) Pause Young (Allocation Failure) 17M->12M(19M) 0.880ms
[126.059s][info][gc] GC(4302) Pause Young (Allocation Failure) 17M->12M(19M) 0.775ms
[126.069s][info][gc] GC(4303) Pause Young (Allocation Failure) 17M->12M(19M) 0.759ms
[126.081s][info][gc] GC(4304) Pause Young (Allocation Failure) 17M->12M(19M) 0.634ms
[126.090s][info][gc] GC(4305) Pause Young (Allocation Failure) 17M->12M(19M) 0.647ms
[126.101s][info][gc] GC(4306) Pause Young (Allocation Failure) 17M->12M(19M) 0.611ms
[126.111s][info][gc] GC(4307) Pause Young (Allocation Failure) 17M->12M(19M) 0.546ms
[126.125s][info][gc] GC(4308) Pause Young (Allocation Failure) 17M->12M(19M) 0.736ms
[126.136s][info][gc] GC(4309) Pause Young (Allocation Failure) 17M->12M(19M) 0.636ms
[126.146s][info][gc] GC(4310) Pause Young (Allocation Failure) 17M->12M(19M) 0.786ms
[126.159s][info][gc] GC(4311) Pause Young (Allocation Failure) 17M->12M(19M) 1.041ms
[126.170s][info][gc] GC(4312) Pause Young (Allocation Failure) 17M->12M(19M) 0.600ms
[126.180s][info][gc] GC(4313) Pause Young (Allocation Failure) 17M->12M(19M) 0.491ms
[126.190s][info][gc] GC(4314) Pause Young (Allocation Failure) 17M->12M(19M) 1.683ms
[126.202s][info][gc] GC(4315) Pause Young (Allocation Failure) 17M->12M(19M) 0.638ms
[126.212s][info][gc] GC(4316) Pause Young (Allocation Failure) 17M->12M(19M) 0.922ms
[126.221s][info][gc] GC(4317) Pause Young (Allocation Failure) 17M->12M(19M) 0.626ms
[126.230s][info][gc] GC(4318) Pause Young (Allocation Failure) 17M->12M(19M) 0.667ms
[126.239s][info][gc] GC(4319) Pause Young (Allocation Failure) 17M->12M(19M) 0.624ms
[126.248s][info][gc] GC(4320) Pause Young (Allocation Failure) 17M->12M(19M) 0.644ms
[126.257s][info][gc] GC(4321) Pause Young (Allocation Failure) 17M->12M(19M) 0.613ms
[126.268s][info][gc] GC(4322) Pause Young (Allocation Failure) 17M->12M(19M) 0.639ms
[126.278s][info][gc] GC(4323) Pause Young (Allocation Failure) 17M->12M(19M) 0.596ms
[126.288s][info][gc] GC(4324) Pause Young (Allocation Failure) 17M->12M(19M) 0.518ms
[126.297s][info][gc] GC(4325) Pause Young (Allocation Failure) 17M->12M(19M) 0.692ms
[126.308s][info][gc] GC(4326) Pause Young (Allocation Failure) 17M->12M(19M) 0.914ms
[126.319s][info][gc] GC(4327) Pause Young (Allocation Failure) 17M->12M(19M) 0.655ms
[126.329s][info][gc] GC(4328) Pause Young (Allocation Failure) 17M->12M(19M) 0.813ms
[126.339s][info][gc] GC(4329) Pause Young (Allocation Failure) 17M->12M(19M) 0.886ms
[126.352s][info][gc] GC(4330) Pause Young (Allocation Failure) 17M->12M(19M) 0.664ms
[126.365s][info][gc] GC(4331) Pause Young (Allocation Failure) 17M->12M(19M) 0.888ms
[126.377s][info][gc] GC(4332) Pause Young (Allocation Failure) 17M->12M(19M) 0.808ms
[126.388s][info][gc] GC(4333) Pause Young (Allocation Failure) 17M->12M(19M) 0.481ms
[126.399s][info][gc] GC(4334) Pause Young (Allocation Failure) 17M->12M(19M) 0.672ms
[126.411s][info][gc] GC(4335) Pause Young (Allocation Failure) 17M->12M(19M) 0.994ms
[126.423s][info][gc] GC(4336) Pause Young (Allocation Failure) 17M->12M(19M) 1.625ms
[126.437s][info][gc] GC(4337) Pause Young (Allocation Failure) 17M->12M(19M) 0.631ms
[126.448s][info][gc] GC(4338) Pause Young (Allocation Failure) 17M->12M(19M) 0.841ms
[126.462s][info][gc] GC(4339) Pause Young (Allocation Failure) 17M->12M(19M) 0.554ms
[126.471s][info][gc] GC(4340) Pause Young (Allocation Failure) 17M->12M(19M) 0.624ms
[126.480s][info][gc] GC(4341) Pause Young (Allocation Failure) 17M->12M(19M) 0.635ms
[126.489s][info][gc] GC(4342) Pause Young (Allocation Failure) 17M->12M(19M) 0.593ms
[126.498s][info][gc] GC(4343) Pause Young (Allocation Failure) 17M->12M(19M) 0.491ms
[126.507s][info][gc] GC(4344) Pause Young (Allocation Failure) 17M->12M(19M) 0.616ms
[126.516s][info][gc] GC(4345) Pause Young (Allocation Failure) 17M->12M(19M) 0.620ms
[126.526s][info][gc] GC(4346) Pause Young (Allocation Failure) 17M->12M(19M) 0.790ms
[126.543s][info][gc] GC(4347) Pause Young (Allocation Failure) 17M->12M(19M) 1.228ms
[126.559s][info][gc] GC(4348) Pause Young (Allocation Failure) 17M->12M(19M) 0.564ms
[126.568s][info][gc] GC(4349) Pause Young (Allocation Failure) 17M->12M(19M) 0.614ms
[126.577s][info][gc] GC(4350) Pause Young (Allocation Failure) 17M->12M(19M) 0.552ms
[126.586s][info][gc] GC(4351) Pause Young (Allocation Failure) 17M->12M(19M) 0.638ms
[126.597s][info][gc] GC(4352) Pause Young (Allocation Failure) 17M->12M(19M) 0.600ms
[126.606s][info][gc] GC(4353) Pause Young (Allocation Failure) 17M->12M(19M) 1.057ms
[126.616s][info][gc] GC(4354) Pause Young (Allocation Failure) 17M->12M(19M) 1.032ms
[126.626s][info][gc] GC(4355) Pause Young (Allocation Failure) 17M->12M(19M) 1.088ms
[126.635s][info][gc] GC(4356) Pause Young (Allocation Failure) 17M->12M(19M) 0.622ms
[126.650s][info][gc] GC(4357) Pause Young (Allocation Failure) 17M->12M(19M) 1.865ms
[126.664s][info][gc] GC(4358) Pause Young (Allocation Failure) 17M->12M(19M) 0.550ms
[126.674s][info][gc] GC(4359) Pause Young (Allocation Failure) 17M->12M(19M) 0.658ms
[126.685s][info][gc] GC(4360) Pause Young (Allocation Failure) 17M->12M(19M) 0.654ms
[126.696s][info][gc] GC(4361) Pause Young (Allocation Failure) 17M->12M(19M) 0.698ms
[126.705s][info][gc] GC(4362) Pause Young (Allocation Failure) 17M->12M(19M) 0.615ms
[126.716s][info][gc] GC(4363) Pause Young (Allocation Failure) 17M->12M(19M) 1.098ms
[126.727s][info][gc] GC(4364) Pause Young (Allocation Failure) 17M->12M(19M) 1.006ms
[126.739s][info][gc] GC(4365) Pause Young (Allocation Failure) 17M->12M(19M) 0.804ms
[126.753s][info][gc] GC(4366) Pause Young (Allocation Failure) 17M->12M(19M) 0.703ms
[126.764s][info][gc] GC(4367) Pause Young (Allocation Failure) 17M->12M(19M) 1.025ms
[126.774s][info][gc] GC(4368) Pause Young (Allocation Failure) 17M->12M(19M) 1.020ms
[126.784s][info][gc] GC(4369) Pause Young (Allocation Failure) 17M->12M(19M) 1.004ms
[126.793s][info][gc] GC(4370) Pause Young (Allocation Failure) 17M->12M(19M) 0.825ms
[126.806s][info][gc] GC(4371) Pause Young (Allocation Failure) 17M->12M(19M) 1.317ms
[126.821s][info][gc] GC(4372) Pause Young (Allocation Failure) 17M->12M(19M) 1.035ms
[126.836s][info][gc] GC(4373) Pause Young (Allocation Failure) 17M->12M(19M) 1.020ms
[126.852s][info][gc] GC(4374) Pause Young (Allocation Failure) 18M->12M(19M) 0.759ms
[126.865s][info][gc] GC(4375) Pause Young (Allocation Failure) 17M->12M(19M) 0.956ms
[126.875s][info][gc] GC(4376) Pause Young (Allocation Failure) 18M->12M(19M) 0.637ms
[126.885s][info][gc] GC(4377) Pause Young (Allocation Failure) 18M->12M(19M) 0.639ms
[126.894s][info][gc] GC(4378) Pause Young (Allocation Failure) 18M->12M(19M) 0.637ms
[126.903s][info][gc] GC(4379) Pause Young (Allocation Failure) 17M->12M(19M) 0.651ms
[126.915s][info][gc] GC(4380) Pause Young (Allocation Failure) 17M->12M(19M) 0.805ms
[126.932s][info][gc] GC(4381) Pause Young (Allocation Failure) 18M->12M(19M) 0.793ms
[126.944s][info][gc] GC(4382) Pause Young (Allocation Failure) 17M->12M(19M) 0.936ms
[126.958s][info][gc] GC(4383) Pause Young (Allocation Failure) 18M->12M(19M) 0.631ms
[126.971s][info][gc] GC(4384) Pause Young (Allocation Failure) 18M->12M(19M) 0.637ms
[126.982s][info][gc] GC(4385) Pause Young (Allocation Failure) 18M->12M(19M) 0.993ms
[126.993s][info][gc] GC(4386) Pause Young (Allocation Failure) 18M->12M(19M) 0.908ms
[127.008s][info][gc] GC(4387) Pause Young (Allocation Failure) 18M->12M(19M) 0.850ms
[127.020s][info][gc] GC(4388) Pause Young (Allocation Failure) 17M->12M(19M) 0.745ms
[127.033s][info][gc] GC(4389) Pause Young (Allocation Failure) 17M->12M(19M) 0.971ms
[127.055s][info][gc] GC(4390) Pause Young (Allocation Failure) 18M->12M(19M) 0.857ms
[127.066s][info][gc] GC(4391) Pause Young (Allocation Failure) 18M->12M(19M) 0.981ms
[127.078s][info][gc] GC(4392) Pause Young (Allocation Failure) 18M->12M(19M) 0.694ms
[127.090s][info][gc] GC(4393) Pause Young (Allocation Failure) 18M->12M(19M) 0.813ms
[127.103s][info][gc] GC(4394) Pause Young (Allocation Failure) 18M->12M(19M) 1.048ms
[127.112s][info][gc] GC(4395) Pause Young (Allocation Failure) 17M->12M(19M) 0.651ms
[127.121s][info][gc] GC(4396) Pause Young (Allocation Failure) 18M->12M(19M) 0.616ms
[127.130s][info][gc] GC(4397) Pause Young (Allocation Failure) 18M->12M(19M) 0.656ms
[127.140s][info][gc] GC(4398) Pause Young (Allocation Failure) 18M->12M(19M) 0.810ms
[127.149s][info][gc] GC(4399) Pause Young (Allocation Failure) 18M->12M(19M) 0.569ms
[127.158s][info][gc] GC(4400) Pause Young (Allocation Failure) 18M->12M(19M) 0.723ms
[127.167s][info][gc] GC(4401) Pause Young (Allocation Failure) 18M->12M(19M) 0.617ms
[127.177s][info][gc] GC(4402) Pause Young (Allocation Failure) 18M->12M(19M) 0.467ms
[127.188s][info][gc] GC(4403) Pause Young (Allocation Failure) 17M->12M(19M) 1.138ms
[127.199s][info][gc] GC(4404) Pause Young (Allocation Failure) 18M->12M(19M) 0.641ms
[127.208s][info][gc] GC(4405) Pause Young (Allocation Failure) 18M->12M(19M) 0.682ms
[127.218s][info][gc] GC(4406) Pause Young (Allocation Failure) 18M->12M(19M) 0.532ms
[127.227s][info][gc] GC(4407) Pause Young (Allocation Failure) 18M->12M(19M) 0.659ms
[127.236s][info][gc] GC(4408) Pause Young (Allocation Failure) 18M->12M(19M) 0.680ms
[127.246s][info][gc] GC(4409) Pause Young (Allocation Failure) 18M->12M(19M) 0.647ms
[127.256s][info][gc] GC(4410) Pause Young (Allocation Failure) 18M->12M(19M) 0.683ms
[127.267s][info][gc] GC(4411) Pause Young (Allocation Failure) 18M->12M(19M) 0.519ms
[127.277s][info][gc] GC(4412) Pause Young (Allocation Failure) 18M->12M(19M) 0.720ms
[127.286s][info][gc] GC(4413) Pause Young (Allocation Failure) 18M->12M(19M) 0.644ms
[127.295s][info][gc] GC(4414) Pause Young (Allocation Failure) 18M->12M(19M) 0.595ms
[127.304s][info][gc] GC(4415) Pause Young (Allocation Failure) 18M->12M(19M) 0.633ms
[127.314s][info][gc] GC(4416) Pause Young (Allocation Failure) 18M->12M(19M) 0.917ms
[127.323s][info][gc] GC(4417) Pause Young (Allocation Failure) 18M->12M(19M) 0.621ms
[127.333s][info][gc] GC(4418) Pause Young (Allocation Failure) 18M->12M(19M) 0.954ms
[127.342s][info][gc] GC(4419) Pause Young (Allocation Failure) 18M->12M(19M) 0.638ms
[127.352s][info][gc] GC(4420) Pause Young (Allocation Failure) 18M->12M(19M) 0.642ms
[127.362s][info][gc] GC(4421) Pause Young (Allocation Failure) 18M->12M(19M) 0.629ms
[127.371s][info][gc] GC(4422) Pause Young (Allocation Failure) 18M->12M(19M) 0.611ms
[127.380s][info][gc] GC(4423) Pause Young (Allocation Failure) 18M->12M(19M) 0.622ms
[127.389s][info][gc] GC(4424) Pause Young (Allocation Failure) 18M->12M(19M) 0.528ms
[127.399s][info][gc] GC(4425) Pause Young (Allocation Failure) 18M->12M(19M) 0.679ms
[127.408s][info][gc] GC(4426) Pause Young (Allocation Failure) 18M->12M(19M) 0.656ms
[127.418s][info][gc] GC(4427) Pause Young (Allocation Failure) 18M->12M(19M) 1.031ms
[127.428s][info][gc] GC(4428) Pause Young (Allocation Failure) 18M->12M(19M) 1.368ms
[127.437s][info][gc] GC(4429) Pause Young (Allocation Failure) 18M->12M(19M) 0.697ms
[127.447s][info][gc] GC(4430) Pause Young (Allocation Failure) 18M->12M(19M) 0.629ms
[127.458s][info][gc] GC(4431) Pause Young (Allocation Failure) 18M->12M(19M) 0.675ms
[127.467s][info][gc] GC(4432) Pause Young (Allocation Failure) 18M->12M(19M) 0.791ms
[127.477s][info][gc] GC(4433) Pause Young (Allocation Failure) 18M->12M(19M) 0.570ms
[127.489s][info][gc] GC(4434) Pause Young (Allocation Failure) 18M->12M(19M) 0.947ms
[127.500s][info][gc] GC(4435) Pause Young (Allocation Failure) 18M->12M(19M) 1.129ms
[127.509s][info][gc] GC(4436) Pause Young (Allocation Failure) 18M->12M(19M) 0.672ms
[127.519s][info][gc] GC(4437) Pause Young (Allocation Failure) 18M->12M(19M) 0.667ms
[127.532s][info][gc] GC(4438) Pause Young (Allocation Failure) 18M->12M(19M) 0.736ms
[127.555s][info][gc] GC(4439) Pause Young (Allocation Failure) 18M->12M(19M) 1.012ms
[127.569s][info][gc] GC(4440) Pause Young (Allocation Failure) 18M->12M(19M) 0.648ms
[127.580s][info][gc] GC(4441) Pause Young (Allocation Failure) 18M->12M(19M) 0.565ms
[127.590s][info][gc] GC(4442) Pause Young (Allocation Failure) 18M->12M(19M) 0.741ms
[127.601s][info][gc] GC(4443) Pause Young (Allocation Failure) 18M->12M(19M) 1.018ms
[127.613s][info][gc] GC(4444) Pause Young (Allocation Failure) 18M->12M(19M) 0.675ms
[127.625s][info][gc] GC(4445) Pause Young (Allocation Failure) 18M->12M(19M) 0.755ms
[127.640s][info][gc] GC(4446) Pause Young (Allocation Failure) 18M->12M(19M) 0.514ms
[127.651s][info][gc] GC(4447) Pause Young (Allocation Failure) 18M->12M(19M) 0.780ms
[127.660s][info][gc] GC(4448) Pause Young (Allocation Failure) 18M->12M(19M) 0.709ms
[127.670s][info][gc] GC(4449) Pause Young (Allocation Failure) 18M->12M(19M) 0.631ms
[127.678s][info][gc] GC(4450) Pause Young (Allocation Failure) 18M->12M(19M) 0.549ms
[127.688s][info][gc] GC(4451) Pause Young (Allocation Failure) 18M->12M(19M) 0.636ms
[127.697s][info][gc] GC(4452) Pause Young (Allocation Failure) 18M->12M(19M) 0.678ms
[127.708s][info][gc] GC(4453) Pause Young (Allocation Failure) 18M->12M(19M) 0.845ms
[127.719s][info][gc] GC(4454) Pause Young (Allocation Failure) 18M->12M(19M) 0.513ms
[127.728s][info][gc] GC(4455) Pause Young (Allocation Failure) 18M->12M(19M) 0.715ms
[127.737s][info][gc] GC(4456) Pause Young (Allocation Failure) 18M->12M(19M) 0.873ms
[127.747s][info][gc] GC(4457) Pause Young (Allocation Failure) 18M->12M(19M) 0.535ms
[127.756s][info][gc] GC(4458) Pause Young (Allocation Failure) 18M->12M(19M) 0.721ms
[127.765s][info][gc] GC(4459) Pause Young (Allocation Failure) 18M->12M(19M) 0.687ms
[127.774s][info][gc] GC(4460) Pause Young (Allocation Failure) 18M->12M(19M) 0.671ms
[127.784s][info][gc] GC(4461) Pause Young (Allocation Failure) 18M->12M(19M) 0.779ms
[127.795s][info][gc] GC(4462) Pause Young (Allocation Failure) 18M->12M(19M) 0.637ms
[127.804s][info][gc] GC(4463) Pause Young (Allocation Failure) 18M->12M(19M) 0.686ms
[127.815s][info][gc] GC(4464) Pause Young (Allocation Failure) 18M->12M(19M) 0.847ms
[127.825s][info][gc] GC(4465) Pause Young (Allocation Failure) 18M->12M(19M) 0.625ms
[127.834s][info][gc] GC(4466) Pause Young (Allocation Failure) 18M->12M(19M) 0.702ms
[127.843s][info][gc] GC(4467) Pause Young (Allocation Failure) 18M->12M(19M) 0.809ms
[127.852s][info][gc] GC(4468) Pause Young (Allocation Failure) 18M->12M(19M) 0.686ms
[127.862s][info][gc] GC(4469) Pause Young (Allocation Failure) 18M->12M(19M) 0.896ms
[127.872s][info][gc] GC(4470) Pause Young (Allocation Failure) 18M->12M(19M) 0.682ms
[127.881s][info][gc] GC(4471) Pause Young (Allocation Failure) 18M->12M(19M) 0.532ms
[127.891s][info][gc] GC(4472) Pause Young (Allocation Failure) 18M->12M(19M) 0.480ms
[127.903s][info][gc] GC(4473) Pause Young (Allocation Failure) 18M->12M(19M) 0.657ms
[127.912s][info][gc] GC(4474) Pause Young (Allocation Failure) 18M->12M(19M) 0.684ms
[127.922s][info][gc] GC(4475) Pause Young (Allocation Failure) 18M->12M(19M) 0.691ms
[127.931s][info][gc] GC(4476) Pause Young (Allocation Failure) 18M->12M(19M) 0.821ms
[127.941s][info][gc] GC(4477) Pause Young (Allocation Failure) 18M->12M(19M) 0.599ms
[127.950s][info][gc] GC(4478) Pause Young (Allocation Failure) 18M->12M(19M) 0.564ms
[127.960s][info][gc] GC(4479) Pause Young (Allocation Failure) 18M->12M(19M) 1.025ms
[127.969s][info][gc] GC(4480) Pause Young (Allocation Failure) 18M->12M(19M) 0.690ms
[127.981s][info][gc] GC(4481) Pause Young (Allocation Failure) 18M->12M(19M) 0.647ms
[127.994s][info][gc] GC(4482) Pause Young (Allocation Failure) 18M->12M(19M) 1.066ms
[128.007s][info][gc] GC(4483) Pause Young (Allocation Failure) 18M->12M(19M) 0.634ms
[128.018s][info][gc] GC(4484) Pause Young (Allocation Failure) 18M->12M(19M) 0.994ms
[128.028s][info][gc] GC(4485) Pause Young (Allocation Failure) 18M->12M(19M) 0.710ms
[128.039s][info][gc] GC(4486) Pause Young (Allocation Failure) 18M->12M(19M) 0.980ms
[128.056s][info][gc] GC(4487) Pause Young (Allocation Failure) 18M->12M(19M) 0.932ms
[128.071s][info][gc] GC(4488) Pause Young (Allocation Failure) 18M->12M(19M) 0.945ms
[128.082s][info][gc] GC(4489) Pause Young (Allocation Failure) 18M->12M(19M) 1.325ms
[128.092s][info][gc] GC(4490) Pause Young (Allocation Failure) 18M->12M(19M) 0.632ms
[128.102s][info][gc] GC(4491) Pause Young (Allocation Failure) 18M->12M(19M) 0.620ms
[128.112s][info][gc] GC(4492) Pause Young (Allocation Failure) 18M->12M(19M) 0.919ms
[128.122s][info][gc] GC(4493) Pause Young (Allocation Failure) 18M->12M(19M) 0.781ms
[128.133s][info][gc] GC(4494) Pause Young (Allocation Failure) 18M->12M(19M) 1.832ms
[128.143s][info][gc] GC(4495) Pause Young (Allocation Failure) 18M->12M(19M) 1.005ms
[128.157s][info][gc] GC(4496) Pause Young (Allocation Failure) 18M->12M(19M) 0.678ms
[128.169s][info][gc] GC(4497) Pause Young (Allocation Failure) 18M->12M(19M) 1.266ms
[128.183s][info][gc] GC(4498) Pause Young (Allocation Failure) 18M->12M(19M) 0.591ms
[128.196s][info][gc] GC(4499) Pause Young (Allocation Failure) 18M->12M(19M) 0.914ms
[128.211s][info][gc] GC(4500) Pause Young (Allocation Failure) 18M->12M(19M) 1.388ms
[128.225s][info][gc] GC(4501) Pause Young (Allocation Failure) 18M->12M(19M) 1.146ms
[128.237s][info][gc] GC(4502) Pause Young (Allocation Failure) 18M->12M(19M) 0.679ms
[128.250s][info][gc] GC(4503) Pause Young (Allocation Failure) 18M->12M(19M) 0.963ms
[128.266s][info][gc] GC(4504) Pause Young (Allocation Failure) 18M->12M(19M) 0.985ms
[128.280s][info][gc] GC(4505) Pause Young (Allocation Failure) 18M->12M(19M) 0.669ms
[128.299s][info][gc] GC(4506) Pause Young (Allocation Failure) 18M->12M(19M) 1.594ms
[128.311s][info][gc] GC(4507) Pause Young (Allocation Failure) 18M->12M(19M) 0.640ms
[128.321s][info][gc] GC(4508) Pause Young (Allocation Failure) 18M->12M(19M) 0.899ms
[128.330s][info][gc] GC(4509) Pause Young (Allocation Failure) 18M->12M(19M) 0.645ms
[128.341s][info][gc] GC(4510) Pause Young (Allocation Failure) 18M->12M(19M) 0.659ms
[128.350s][info][gc] GC(4511) Pause Young (Allocation Failure) 18M->12M(19M) 1.066ms
[128.361s][info][gc] GC(4512) Pause Young (Allocation Failure) 18M->12M(19M) 1.713ms
[128.373s][info][gc] GC(4513) Pause Young (Allocation Failure) 18M->12M(19M) 0.841ms
[128.384s][info][gc] GC(4514) Pause Young (Allocation Failure) 18M->12M(19M) 0.814ms
[128.394s][info][gc] GC(4515) Pause Young (Allocation Failure) 18M->12M(19M) 0.607ms
[128.403s][info][gc] GC(4516) Pause Young (Allocation Failure) 18M->12M(19M) 0.507ms
[128.412s][info][gc] GC(4517) Pause Young (Allocation Failure) 18M->12M(19M) 0.458ms
[128.422s][info][gc] GC(4518) Pause Young (Allocation Failure) 18M->12M(19M) 0.684ms
[128.431s][info][gc] GC(4519) Pause Young (Allocation Failure) 18M->12M(19M) 0.672ms
[128.443s][info][gc] GC(4520) Pause Young (Allocation Failure) 18M->12M(19M) 0.684ms
[128.455s][info][gc] GC(4521) Pause Young (Allocation Failure) 18M->12M(19M) 0.520ms
[128.464s][info][gc] GC(4522) Pause Young (Allocation Failure) 18M->12M(19M) 0.712ms
[128.474s][info][gc] GC(4523) Pause Young (Allocation Failure) 18M->12M(19M) 0.683ms
[128.483s][info][gc] GC(4524) Pause Young (Allocation Failure) 18M->12M(19M) 0.632ms
[128.493s][info][gc] GC(4525) Pause Young (Allocation Failure) 18M->12M(19M) 0.582ms
[128.503s][info][gc] GC(4526) Pause Young (Allocation Failure) 18M->12M(19M) 0.492ms
[128.515s][info][gc] GC(4527) Pause Young (Allocation Failure) 18M->12M(19M) 3.405ms
[128.532s][info][gc] GC(4528) Pause Young (Allocation Failure) 18M->12M(19M) 1.055ms
[128.544s][info][gc] GC(4529) Pause Young (Allocation Failure) 18M->12M(19M) 0.774ms
[128.560s][info][gc] GC(4530) Pause Young (Allocation Failure) 18M->12M(19M) 1.088ms
[128.573s][info][gc] GC(4531) Pause Young (Allocation Failure) 18M->12M(19M) 0.679ms
[128.583s][info][gc] GC(4532) Pause Young (Allocation Failure) 18M->12M(19M) 0.660ms
[128.595s][info][gc] GC(4533) Pause Young (Allocation Failure) 18M->12M(19M) 0.624ms
[128.604s][info][gc] GC(4534) Pause Young (Allocation Failure) 18M->12M(19M) 0.622ms
[128.614s][info][gc] GC(4535) Pause Young (Allocation Failure) 18M->12M(19M) 0.593ms
[128.627s][info][gc] GC(4536) Pause Young (Allocation Failure) 18M->12M(19M) 0.850ms
[128.636s][info][gc] GC(4537) Pause Young (Allocation Failure) 18M->12M(19M) 0.623ms
[128.647s][info][gc] GC(4538) Pause Young (Allocation Failure) 18M->12M(19M) 0.508ms
[128.658s][info][gc] GC(4539) Pause Young (Allocation Failure) 18M->12M(19M) 1.016ms
[128.668s][info][gc] GC(4540) Pause Young (Allocation Failure) 18M->12M(19M) 0.650ms
[128.678s][info][gc] GC(4541) Pause Young (Allocation Failure) 18M->12M(19M) 1.292ms
[128.688s][info][gc] GC(4542) Pause Young (Allocation Failure) 18M->12M(19M) 0.929ms
[128.701s][info][gc] GC(4543) Pause Young (Allocation Failure) 18M->12M(19M) 0.653ms
[128.713s][info][gc] GC(4544) Pause Young (Allocation Failure) 18M->12M(19M) 0.670ms
[128.725s][info][gc] GC(4545) Pause Young (Allocation Failure) 18M->12M(19M) 0.971ms
[128.739s][info][gc] GC(4546) Pause Young (Allocation Failure) 18M->12M(19M) 0.621ms
[128.754s][info][gc] GC(4547) Pause Young (Allocation Failure) 18M->12M(19M) 0.793ms
[128.766s][info][gc] GC(4548) Pause Young (Allocation Failure) 18M->12M(19M) 1.256ms
[128.779s][info][gc] GC(4549) Pause Young (Allocation Failure) 18M->12M(19M) 0.958ms
[128.791s][info][gc] GC(4550) Pause Young (Allocation Failure) 18M->12M(19M) 0.970ms
[128.804s][info][gc] GC(4551) Pause Young (Allocation Failure) 18M->12M(19M) 0.671ms
[128.821s][info][gc] GC(4552) Pause Young (Allocation Failure) 18M->12M(19M) 0.624ms
[128.834s][info][gc] GC(4553) Pause Young (Allocation Failure) 18M->12M(19M) 0.887ms
[128.845s][info][gc] GC(4554) Pause Young (Allocation Failure) 18M->12M(19M) 1.405ms
[128.856s][info][gc] GC(4555) Pause Young (Allocation Failure) 18M->12M(19M) 0.573ms
[128.865s][info][gc] GC(4556) Pause Young (Allocation Failure) 18M->12M(19M) 0.633ms
[128.874s][info][gc] GC(4557) Pause Young (Allocation Failure) 18M->12M(19M) 0.625ms
[128.885s][info][gc] GC(4558) Pause Young (Allocation Failure) 18M->12M(19M) 0.647ms
[128.894s][info][gc] GC(4559) Pause Young (Allocation Failure) 18M->12M(19M) 0.652ms
[128.903s][info][gc] GC(4560) Pause Young (Allocation Failure) 18M->12M(19M) 0.579ms
[128.913s][info][gc] GC(4561) Pause Young (Allocation Failure) 18M->12M(19M) 0.896ms
[128.923s][info][gc] GC(4562) Pause Young (Allocation Failure) 18M->12M(19M) 0.674ms
[128.936s][info][gc] GC(4563) Pause Young (Allocation Failure) 18M->12M(19M) 1.440ms
[128.948s][info][gc] GC(4564) Pause Young (Allocation Failure) 18M->12M(19M) 0.866ms
[128.959s][info][gc] GC(4565) Pause Young (Allocation Failure) 18M->12M(19M) 0.680ms
[128.969s][info][gc] GC(4566) Pause Young (Allocation Failure) 18M->12M(19M) 1.543ms
[128.979s][info][gc] GC(4567) Pause Young (Allocation Failure) 18M->12M(19M) 0.648ms
[128.988s][info][gc] GC(4568) Pause Young (Allocation Failure) 18M->12M(19M) 0.669ms
[128.998s][info][gc] GC(4569) Pause Young (Allocation Failure) 18M->12M(19M) 0.861ms
[129.007s][info][gc] GC(4570) Pause Young (Allocation Failure) 18M->12M(19M) 0.564ms
[129.019s][info][gc] GC(4571) Pause Young (Allocation Failure) 18M->12M(19M) 1.972ms
[129.034s][info][gc] GC(4572) Pause Young (Allocation Failure) 18M->12M(19M) 0.795ms
[129.048s][info][gc] GC(4573) Pause Young (Allocation Failure) 18M->12M(19M) 0.878ms
[129.071s][info][gc] GC(4574) Pause Young (Allocation Failure) 18M->12M(19M) 0.878ms
[129.082s][info][gc] GC(4575) Pause Young (Allocation Failure) 18M->12M(19M) 0.677ms
[129.091s][info][gc] GC(4576) Pause Young (Allocation Failure) 18M->12M(19M) 0.620ms
[129.101s][info][gc] GC(4577) Pause Young (Allocation Failure) 18M->12M(19M) 0.937ms
[129.110s][info][gc] GC(4578) Pause Young (Allocation Failure) 18M->12M(19M) 0.658ms
[129.120s][info][gc] GC(4579) Pause Young (Allocation Failure) 18M->12M(19M) 0.644ms
[129.129s][info][gc] GC(4580) Pause Young (Allocation Failure) 18M->12M(19M) 0.510ms
[129.139s][info][gc] GC(4581) Pause Young (Allocation Failure) 18M->12M(19M) 0.590ms
[129.148s][info][gc] GC(4582) Pause Young (Allocation Failure) 18M->13M(19M) 0.709ms
[129.158s][info][gc] GC(4583) Pause Young (Allocation Failure) 18M->13M(19M) 0.696ms
[129.167s][info][gc] GC(4584) Pause Young (Allocation Failure) 18M->13M(19M) 0.726ms
[129.177s][info][gc] GC(4585) Pause Young (Allocation Failure) 18M->12M(19M) 0.680ms
[129.186s][info][gc] GC(4586) Pause Young (Allocation Failure) 18M->12M(19M) 0.620ms
[129.196s][info][gc] GC(4587) Pause Young (Allocation Failure) 18M->12M(19M) 0.582ms
[129.206s][info][gc] GC(4588) Pause Young (Allocation Failure) 18M->12M(19M) 0.465ms
[129.216s][info][gc] GC(4589) Pause Young (Allocation Failure) 18M->13M(19M) 0.623ms
[129.226s][info][gc] GC(4590) Pause Young (Allocation Failure) 18M->13M(19M) 0.666ms
[129.235s][info][gc] GC(4591) Pause Young (Allocation Failure) 18M->12M(19M) 0.509ms
[129.245s][info][gc] GC(4592) Pause Young (Allocation Failure) 18M->12M(19M) 0.582ms
[129.255s][info][gc] GC(4593) Pause Young (Allocation Failure) 18M->13M(19M) 0.771ms
[129.268s][info][gc] GC(4594) Pause Young (Allocation Failure) 18M->13M(19M) 0.976ms
[129.284s][info][gc] GC(4595) Pause Young (Allocation Failure) 18M->13M(19M) 0.666ms
[129.298s][info][gc] GC(4596) Pause Young (Allocation Failure) 18M->12M(19M) 0.842ms
[129.314s][info][gc] GC(4597) Pause Young (Allocation Failure) 18M->12M(19M) 0.784ms
[129.335s][info][gc] GC(4598) Pause Young (Allocation Failure) 18M->13M(19M) 1.641ms
[129.349s][info][gc] GC(4599) Pause Young (Allocation Failure) 18M->13M(19M) 1.171ms
