[2024-01-09T20:07:57.746+0300][info][gc] Using G1
[2024-01-09T20:07:59.044+0300][info][gc] GC(0) Pause Young (Normal) (G1 Evacuation Pause) 4M->2M(12M) 19.740ms
[2024-01-09T20:08:08.951+0300][info][gc] GC(1) Pause Young (Normal) (G1 Evacuation Pause) 3M->2M(12M) 5.098ms
[2024-01-09T20:08:09.037+0300][info][gc] GC(2) Pause Young (Normal) (G1 Evacuation Pause) 3M->3M(12M) 3.837ms
[2024-01-09T20:08:09.087+0300][info][gc] GC(3) Pause Young (Normal) (G1 Evacuation Pause) 4M->3M(12M) 3.007ms
[2024-01-09T20:08:09.217+0300][info][gc] GC(4) Pause Young (Normal) (G1 Evacuation Pause) 5M->3M(12M) 2.853ms
[2024-01-09T20:08:09.370+0300][info][gc] GC(5) Pause Young (Normal) (G1 Evacuation Pause) 5M->3M(12M) 4.822ms
[2024-01-09T20:08:09.477+0300][info][gc] GC(6) Pause Young (Normal) (G1 Evacuation Pause) 6M->3M(12M) 4.521ms
[2024-01-09T20:08:09.556+0300][info][gc] GC(7) Pause Young (Normal) (G1 Evacuation Pause) 5M->4M(12M) 6.702ms
[2024-01-09T20:08:10.039+0300][info][gc] GC(8) Pause Young (Normal) (G1 Evacuation Pause) 6M->4M(12M) 5.503ms
[2024-01-09T20:08:10.170+0300][info][gc] GC(9) Pause Young (Normal) (G1 Evacuation Pause) 5M->4M(12M) 4.582ms
[2024-01-09T20:08:10.243+0300][info][gc] GC(10) Pause Young (Normal) (G1 Evacuation Pause) 5M->4M(12M) 4.026ms
[2024-01-09T20:08:10.509+0300][info][gc] GC(11) Pause Young (Normal) (G1 Evacuation Pause) 6M->5M(12M) 3.209ms
[2024-01-09T20:08:10.822+0300][info][gc] GC(12) Pause Young (Normal) (G1 Evacuation Pause) 7M->5M(12M) 6.830ms
[2024-01-09T20:08:12.098+0300][info][gc] GC(13) Pause Young (Normal) (G1 Evacuation Pause) 7M->5M(12M) 4.113ms
[2024-01-09T20:08:19.082+0300][info][gc] GC(14) Pause Young (Concurrent Start) (G1 Evacuation Pause) 6M->5M(12M) 4.297ms
[2024-01-09T20:08:19.082+0300][info][gc] GC(15) Concurrent Mark Cycle
[2024-01-09T20:08:19.111+0300][info][gc] GC(15) Pause Remark 5M->5M(12M) 6.587ms
[2024-01-09T20:08:19.122+0300][info][gc] GC(15) Pause Cleanup 5M->5M(12M) 0.078ms
[2024-01-09T20:08:19.122+0300][info][gc] GC(15) Concurrent Mark Cycle 40.813ms
[2024-01-09T20:08:20.064+0300][info][gc] GC(16) Pause Young (Prepare Mixed) (G1 Evacuation Pause) 6M->5M(12M) 3.542ms
[2024-01-09T20:08:27.083+0300][info][gc] GC(17) Pause Young (Mixed) (G1 Evacuation Pause) 6M->5M(12M) 5.197ms
[2024-01-09T20:08:44.222+0300][info][gc] GC(18) Pause Young (Normal) (G1 Evacuation Pause) 7M->5M(12M) 3.021ms
[2024-01-09T20:08:52.326+0300][info][gc] GC(19) Pause Young (Concurrent Start) (G1 Humongous Allocation) 5M->5M(12M) 3.817ms
[2024-01-09T20:08:52.326+0300][info][gc] GC(20) Concurrent Undo Cycle
[2024-01-09T20:08:52.327+0300][info][gc] GC(20) Concurrent Undo Cycle 0.193ms
[2024-01-09T20:09:22.264+0300][info][gc] GC(21) Pause Young (Normal) (G1 Evacuation Pause) 9M->6M(12M) 4.077ms
[2024-01-09T20:09:42.292+0300][info][gc] GC(22) Pause Young (Concurrent Start) (G1 Evacuation Pause) 8M->6M(12M) 4.966ms
[2024-01-09T20:09:42.292+0300][info][gc] GC(23) Concurrent Mark Cycle
[2024-01-09T20:09:42.332+0300][info][gc] GC(23) Pause Remark 6M->6M(12M) 11.285ms
[2024-01-09T20:09:42.345+0300][info][gc] GC(23) Pause Cleanup 6M->6M(12M) 0.069ms
[2024-01-09T20:09:42.346+0300][info][gc] GC(23) Concurrent Mark Cycle 53.499ms
[2024-01-09T20:09:49.118+0300][info][gc] GC(24) Pause Young (Prepare Mixed) (G1 Evacuation Pause) 9M->7M(12M) 4.506ms
[2024-01-09T20:09:49.132+0300][info][gc] GC(25) Pause Young (Mixed) (G1 Evacuation Pause) 8M->6M(12M) 6.983ms
[2024-01-09T20:09:49.141+0300][info][gc] GC(26) Pause Young (Concurrent Start) (G1 Evacuation Pause) 7M->6M(12M) 3.546ms
[2024-01-09T20:09:49.141+0300][info][gc] GC(27) Concurrent Mark Cycle
[2024-01-09T20:09:49.150+0300][info][gc] GC(28) Pause Young (Normal) (G1 Evacuation Pause) 7M->6M(12M) 3.301ms
[2024-01-09T20:09:49.183+0300][info][gc] GC(27) Pause Remark 7M->7M(12M) 10.333ms
[2024-01-09T20:09:49.191+0300][info][gc] GC(29) Pause Young (Normal) (G1 Evacuation Pause) 7M->6M(12M) 3.810ms
[2024-01-09T20:09:49.202+0300][info][gc] GC(30) Pause Young (Normal) (G1 Evacuation Pause) 7M->6M(12M) 3.647ms
[2024-01-09T20:09:49.204+0300][info][gc] GC(27) Pause Cleanup 7M->7M(12M) 0.063ms
[2024-01-09T20:09:49.204+0300][info][gc] GC(27) Concurrent Mark Cycle 62.940ms
[2024-01-09T20:09:49.211+0300][info][gc] GC(31) Pause Young (Prepare Mixed) (G1 Evacuation Pause) 7M->7M(12M) 3.785ms
[2024-01-09T20:09:49.223+0300][info][gc] GC(32) Pause Young (Mixed) (G1 Evacuation Pause) 8M->6M(12M) 7.132ms
[2024-01-09T20:09:49.234+0300][info][gc] GC(33) Pause Young (Concurrent Start) (G1 Evacuation Pause) 7M->6M(12M) 3.807ms
[2024-01-09T20:09:49.234+0300][info][gc] GC(34) Concurrent Mark Cycle
[2024-01-09T20:09:49.245+0300][info][gc] GC(35) Pause Young (Normal) (G1 Evacuation Pause) 7M->6M(12M) 2.416ms
[2024-01-09T20:09:49.251+0300][info][gc] GC(36) Pause Young (Normal) (G1 Evacuation Pause) 7M->7M(12M) 1.878ms
[2024-01-09T20:09:49.257+0300][info][gc] GC(37) Pause Young (Normal) (G1 Evacuation Pause) 8M->7M(12M) 1.685ms
[2024-01-09T20:09:49.265+0300][info][gc] GC(38) Pause Young (Normal) (G1 Evacuation Pause) 7M->7M(12M) 1.329ms
[2024-01-09T20:09:49.269+0300][info][gc] GC(39) Pause Young (Normal) (G1 Evacuation Pause) 8M->7M(12M) 1.016ms
[2024-01-09T20:09:49.276+0300][info][gc] GC(34) Pause Remark 7M->7M(12M) 6.998ms
[2024-01-09T20:09:49.280+0300][info][gc] GC(40) Pause Young (Normal) (G1 Evacuation Pause) 8M->7M(12M) 0.957ms
[2024-01-09T20:09:49.284+0300][info][gc] GC(41) Pause Young (Normal) (G1 Evacuation Pause) 8M->7M(12M) 0.731ms
[2024-01-09T20:09:49.288+0300][info][gc] GC(42) Pause Young (Normal) (G1 Evacuation Pause) 8M->7M(12M) 1.027ms
[2024-01-09T20:09:49.288+0300][info][gc] GC(34) Pause Cleanup 7M->7M(12M) 0.071ms
[2024-01-09T20:09:49.288+0300][info][gc] GC(34) Concurrent Mark Cycle 53.526ms
[2024-01-09T20:09:49.293+0300][info][gc] GC(43) Pause Young (Prepare Mixed) (G1 Evacuation Pause) 8M->7M(12M) 1.452ms
[2024-01-09T20:09:49.304+0300][info][gc] GC(44) Pause Young (Mixed) (G1 Preventive Collection) 8M->7M(12M) 7.025ms
[2024-01-09T20:09:49.309+0300][info][gc] GC(45) Pause Young (Concurrent Start) (G1 Evacuation Pause) 8M->7M(12M) 1.438ms
[2024-01-09T20:09:49.309+0300][info][gc] GC(46) Concurrent Mark Cycle
[2024-01-09T20:09:49.318+0300][info][gc] GC(47) Pause Young (Normal) (G1 Evacuation Pause) 8M->7M(12M) 1.525ms
[2024-01-09T20:09:49.323+0300][info][gc] GC(48) Pause Young (Normal) (G1 Evacuation Pause) 8M->7M(12M) 1.689ms
[2024-01-09T20:09:49.330+0300][info][gc] GC(49) Pause Young (Normal) (G1 Evacuation Pause) 8M->7M(12M) 1.549ms
[2024-01-09T20:09:49.336+0300][info][gc] GC(50) Pause Young (Normal) (G1 Evacuation Pause) 8M->7M(12M) 1.389ms
[2024-01-09T20:09:49.341+0300][info][gc] GC(51) Pause Young (Normal) (G1 Evacuation Pause) 8M->7M(12M) 1.494ms
[2024-01-09T20:09:49.347+0300][info][gc] GC(52) Pause Young (Normal) (G1 Evacuation Pause) 8M->7M(12M) 1.616ms
[2024-01-09T20:09:49.355+0300][info][gc] GC(46) Pause Remark 8M->8M(12M) 7.257ms
[2024-01-09T20:09:49.362+0300][info][gc] GC(53) Pause Young (Normal) (G1 Evacuation Pause) 8M->7M(12M) 1.967ms
[2024-01-09T20:09:49.372+0300][info][gc] GC(46) Pause Cleanup 8M->8M(12M) 0.070ms
[2024-01-09T20:09:49.372+0300][info][gc] GC(46) Concurrent Mark Cycle 63.354ms
[2024-01-09T20:09:51.772+0300][info][gc] GC(54) Pause Young (Prepare Mixed) (G1 Preventive Collection) 9M->6M(12M) 1.516ms
[2024-01-09T20:10:01.834+0300][info][gc] GC(55) Pause Young (Mixed) (G1 Evacuation Pause) 7M->6M(12M) 5.104ms
[2024-01-09T20:10:11.318+0300][info][gc] GC(56) Pause Young (Concurrent Start) (G1 Evacuation Pause) 7M->6M(12M) 1.633ms
[2024-01-09T20:10:11.319+0300][info][gc] GC(57) Concurrent Mark Cycle
[2024-01-09T20:10:11.343+0300][info][gc] GC(57) Pause Remark 6M->6M(12M) 8.481ms
[2024-01-09T20:10:11.352+0300][info][gc] GC(57) Pause Cleanup 6M->6M(12M) 0.210ms
[2024-01-09T20:10:11.352+0300][info][gc] GC(57) Concurrent Mark Cycle 33.079ms
[2024-01-09T20:10:19.327+0300][info][gc] GC(58) Pause Young (Prepare Mixed) (G1 Evacuation Pause) 7M->6M(12M) 1.394ms
[2024-01-09T20:10:29.339+0300][info][gc] GC(59) Pause Young (Mixed) (G1 Evacuation Pause) 7M->5M(12M) 5.378ms
[2024-01-09T20:10:42.614+0300][info][gc] GC(60) Pause Young (Concurrent Start) (G1 Humongous Allocation) 7M->5M(12M) 1.804ms
[2024-01-09T20:10:42.614+0300][info][gc] GC(61) Concurrent Mark Cycle
[2024-01-09T20:10:42.648+0300][info][gc] GC(61) Pause Remark 6M->6M(12M) 7.003ms
[2024-01-09T20:10:42.661+0300][info][gc] GC(61) Pause Cleanup 6M->6M(12M) 0.073ms
[2024-01-09T20:10:42.661+0300][info][gc] GC(61) Concurrent Mark Cycle 47.307ms
[2024-01-09T20:11:03.367+0300][info][gc] GC(62) Pause Young (Prepare Mixed) (G1 Evacuation Pause) 8M->5M(12M) 1.828ms
[2024-01-09T20:11:13.382+0300][info][gc] GC(63) Pause Young (Mixed) (G1 Evacuation Pause) 6M->5M(12M) 6.736ms
[2024-01-09T20:11:32.004+0300][info][gc] GC(64) Pause Young (Concurrent Start) (G1 Humongous Allocation) 7M->5M(12M) 2.137ms
[2024-01-09T20:11:32.005+0300][info][gc] GC(65) Concurrent Mark Cycle
[2024-01-09T20:11:32.038+0300][info][gc] GC(65) Pause Remark 6M->6M(12M) 6.804ms
[2024-01-09T20:11:32.053+0300][info][gc] GC(65) Pause Cleanup 6M->6M(12M) 0.057ms
[2024-01-09T20:11:32.055+0300][info][gc] GC(65) Concurrent Mark Cycle 50.048ms
[2024-01-09T20:11:52.413+0300][info][gc] GC(66) Pause Young (Normal) (G1 Evacuation Pause) 8M->6M(12M) 1.723ms
[2024-01-09T20:12:03.417+0300][info][gc] GC(67) Pause Young (Concurrent Start) (G1 Evacuation Pause) 7M->6M(12M) 2.560ms
[2024-01-09T20:12:03.418+0300][info][gc] GC(68) Concurrent Mark Cycle
[2024-01-09T20:12:03.452+0300][info][gc] GC(68) Pause Remark 6M->6M(12M) 6.484ms
[2024-01-09T20:12:03.460+0300][info][gc] GC(68) Pause Cleanup 6M->6M(12M) 0.065ms
[2024-01-09T20:12:03.460+0300][info][gc] GC(68) Concurrent Mark Cycle 42.418ms
[2024-01-09T20:12:13.425+0300][info][gc] GC(69) Pause Young (Normal) (G1 Evacuation Pause) 7M->6M(12M) 1.457ms
[2024-01-09T20:12:24.268+0300][info][gc] GC(70) Pause Young (Concurrent Start) (G1 Evacuation Pause) 7M->6M(12M) 1.556ms
[2024-01-09T20:12:24.268+0300][info][gc] GC(71) Concurrent Mark Cycle
[2024-01-09T20:12:24.305+0300][info][gc] GC(71) Pause Remark 6M->6M(12M) 10.876ms
[2024-01-09T20:12:24.313+0300][info][gc] GC(71) Pause Cleanup 6M->6M(12M) 0.079ms
[2024-01-09T20:12:24.313+0300][info][gc] GC(71) Concurrent Mark Cycle 45.261ms
[2024-01-09T20:12:33.270+0300][info][gc] GC(72) Pause Young (Normal) (G1 Evacuation Pause) 7M->6M(12M) 1.606ms
[2024-01-09T20:12:43.436+0300][info][gc] GC(73) Pause Young (Concurrent Start) (G1 Evacuation Pause) 7M->6M(12M) 1.484ms
[2024-01-09T20:12:43.436+0300][info][gc] GC(74) Concurrent Mark Cycle
[2024-01-09T20:12:43.462+0300][info][gc] GC(74) Pause Remark 6M->6M(12M) 4.549ms
[2024-01-09T20:12:43.470+0300][info][gc] GC(74) Pause Cleanup 6M->6M(12M) 0.081ms
[2024-01-09T20:12:43.470+0300][info][gc] GC(74) Concurrent Mark Cycle 34.250ms
[2024-01-09T20:12:54.280+0300][info][gc] GC(75) Pause Young (Normal) (G1 Evacuation Pause) 7M->6M(12M) 1.495ms
[2024-01-09T20:13:04.527+0300][info][gc] GC(76) Pause Young (Concurrent Start) (G1 Evacuation Pause) 7M->6M(12M) 1.431ms
[2024-01-09T20:13:04.527+0300][info][gc] GC(77) Concurrent Mark Cycle
[2024-01-09T20:13:04.561+0300][info][gc] GC(77) Pause Remark 6M->6M(12M) 5.552ms
[2024-01-09T20:13:04.571+0300][info][gc] GC(77) Pause Cleanup 6M->6M(12M) 0.068ms
[2024-01-09T20:13:04.571+0300][info][gc] GC(77) Concurrent Mark Cycle 44.229ms
[2024-01-09T20:13:14.328+0300][info][gc] GC(78) Pause Young (Normal) (G1 Evacuation Pause) 7M->6M(12M) 1.785ms
[2024-01-09T20:13:24.550+0300][info][gc] GC(79) Pause Young (Concurrent Start) (G1 Evacuation Pause) 7M->6M(12M) 1.394ms
[2024-01-09T20:13:24.550+0300][info][gc] GC(80) Concurrent Mark Cycle
[2024-01-09T20:13:24.575+0300][info][gc] GC(80) Pause Remark 6M->6M(12M) 4.574ms
[2024-01-09T20:13:24.586+0300][info][gc] GC(80) Pause Cleanup 6M->6M(12M) 0.057ms
[2024-01-09T20:13:24.586+0300][info][gc] GC(80) Concurrent Mark Cycle 35.855ms
[2024-01-09T20:13:35.338+0300][info][gc] GC(81) Pause Young (Normal) (G1 Evacuation Pause) 7M->6M(12M) 1.171ms
[2024-01-09T20:13:45.572+0300][info][gc] GC(82) Pause Young (Concurrent Start) (G1 Evacuation Pause) 7M->6M(12M) 1.768ms
[2024-01-09T20:13:45.572+0300][info][gc] GC(83) Concurrent Mark Cycle
[2024-01-09T20:13:45.596+0300][info][gc] GC(83) Pause Remark 6M->6M(12M) 7.371ms
[2024-01-09T20:13:45.604+0300][info][gc] GC(83) Pause Cleanup 6M->6M(12M) 0.116ms
[2024-01-09T20:13:45.604+0300][info][gc] GC(83) Concurrent Mark Cycle 32.045ms
[2024-01-09T20:13:54.355+0300][info][gc] GC(84) Pause Young (Normal) (G1 Evacuation Pause) 7M->6M(12M) 1.270ms
[2024-01-09T20:14:04.590+0300][info][gc] GC(85) Pause Young (Concurrent Start) (G1 Evacuation Pause) 7M->6M(12M) 1.439ms
[2024-01-09T20:14:04.590+0300][info][gc] GC(86) Concurrent Mark Cycle
[2024-01-09T20:14:04.619+0300][info][gc] GC(86) Pause Remark 6M->6M(12M) 7.809ms
[2024-01-09T20:14:04.631+0300][info][gc] GC(86) Pause Cleanup 6M->6M(12M) 0.128ms
[2024-01-09T20:14:04.631+0300][info][gc] GC(86) Concurrent Mark Cycle 40.828ms
[2024-01-09T20:14:14.594+0300][info][gc] GC(87) Pause Young (Normal) (G1 Evacuation Pause) 7M->6M(12M) 1.326ms
[2024-01-09T20:14:25.596+0300][info][gc] GC(88) Pause Young (Concurrent Start) (G1 Evacuation Pause) 7M->6M(12M) 1.281ms
[2024-01-09T20:14:25.596+0300][info][gc] GC(89) Concurrent Mark Cycle
[2024-01-09T20:14:25.622+0300][info][gc] GC(89) Pause Remark 6M->6M(12M) 5.099ms
[2024-01-09T20:14:25.632+0300][info][gc] GC(89) Pause Cleanup 6M->6M(12M) 0.113ms
[2024-01-09T20:14:25.633+0300][info][gc] GC(89) Concurrent Mark Cycle 36.840ms
[2024-01-09T20:14:35.602+0300][info][gc] GC(90) Pause Young (Normal) (G1 Evacuation Pause) 7M->6M(12M) 1.326ms
[2024-01-09T20:14:46.610+0300][info][gc] GC(91) Pause Young (Concurrent Start) (G1 Evacuation Pause) 7M->6M(12M) 1.571ms
[2024-01-09T20:14:46.610+0300][info][gc] GC(92) Concurrent Mark Cycle
[2024-01-09T20:14:46.637+0300][info][gc] GC(92) Pause Remark 6M->6M(12M) 9.032ms
[2024-01-09T20:14:46.644+0300][info][gc] GC(92) Pause Cleanup 6M->6M(12M) 0.062ms
[2024-01-09T20:14:46.645+0300][info][gc] GC(92) Concurrent Mark Cycle 35.327ms
[2024-01-09T20:14:56.618+0300][info][gc] GC(93) Pause Young (Normal) (G1 Evacuation Pause) 7M->6M(12M) 1.486ms
[2024-01-09T20:15:07.625+0300][info][gc] GC(94) Pause Young (Concurrent Start) (G1 Evacuation Pause) 7M->6M(12M) 1.730ms
[2024-01-09T20:15:07.626+0300][info][gc] GC(95) Concurrent Mark Cycle
[2024-01-09T20:15:07.656+0300][info][gc] GC(95) Pause Remark 6M->6M(12M) 7.981ms
[2024-01-09T20:15:07.666+0300][info][gc] GC(95) Pause Cleanup 6M->6M(12M) 0.060ms
[2024-01-09T20:15:07.667+0300][info][gc] GC(95) Concurrent Mark Cycle 40.897ms
[2024-01-09T20:15:18.397+0300][info][gc] GC(96) Pause Young (Normal) (G1 Evacuation Pause) 7M->6M(12M) 1.635ms
[2024-01-09T20:15:28.637+0300][info][gc] GC(97) Pause Young (Concurrent Start) (G1 Evacuation Pause) 7M->6M(12M) 1.827ms
[2024-01-09T20:15:28.637+0300][info][gc] GC(98) Concurrent Mark Cycle
[2024-01-09T20:15:28.675+0300][info][gc] GC(98) Pause Remark 6M->6M(12M) 9.842ms
[2024-01-09T20:15:28.686+0300][info][gc] GC(98) Pause Cleanup 6M->6M(12M) 0.064ms
[2024-01-09T20:15:28.686+0300][info][gc] GC(98) Concurrent Mark Cycle 48.833ms
[2024-01-09T20:15:38.640+0300][info][gc] GC(99) Pause Young (Normal) (G1 Evacuation Pause) 7M->6M(12M) 1.496ms
[2024-01-09T20:15:48.649+0300][info][gc] GC(100) Pause Young (Concurrent Start) (G1 Evacuation Pause) 7M->6M(12M) 1.892ms
[2024-01-09T20:15:48.649+0300][info][gc] GC(101) Concurrent Mark Cycle
[2024-01-09T20:15:48.671+0300][info][gc] GC(101) Pause Remark 6M->6M(12M) 4.904ms
[2024-01-09T20:15:48.678+0300][info][gc] GC(101) Pause Cleanup 6M->6M(12M) 0.061ms
[2024-01-09T20:15:48.678+0300][info][gc] GC(101) Concurrent Mark Cycle 29.576ms
[2024-01-09T20:15:59.653+0300][info][gc] GC(102) Pause Young (Normal) (G1 Evacuation Pause) 7M->6M(12M) 1.306ms
[2024-01-09T20:16:09.664+0300][info][gc] GC(103) Pause Young (Concurrent Start) (G1 Evacuation Pause) 7M->6M(12M) 1.705ms
[2024-01-09T20:16:09.664+0300][info][gc] GC(104) Concurrent Mark Cycle
[2024-01-09T20:16:09.694+0300][info][gc] GC(104) Pause Remark 6M->6M(12M) 8.327ms
[2024-01-09T20:16:09.705+0300][info][gc] GC(104) Pause Cleanup 6M->6M(12M) 0.076ms
[2024-01-09T20:16:09.705+0300][info][gc] GC(104) Concurrent Mark Cycle 40.933ms
[2024-01-09T20:16:20.668+0300][info][gc] GC(105) Pause Young (Normal) (G1 Evacuation Pause) 7M->6M(12M) 2.313ms
[2024-01-09T20:16:31.431+0300][info][gc] GC(106) Pause Young (Concurrent Start) (G1 Evacuation Pause) 7M->5M(12M) 1.694ms
[2024-01-09T20:16:31.431+0300][info][gc] GC(107) Concurrent Mark Cycle
[2024-01-09T20:16:31.457+0300][info][gc] GC(107) Pause Remark 5M->5M(12M) 10.169ms
[2024-01-09T20:16:31.464+0300][info][gc] GC(107) Pause Cleanup 5M->5M(12M) 0.064ms
[2024-01-09T20:16:31.464+0300][info][gc] GC(107) Concurrent Mark Cycle 33.562ms
[2024-01-09T20:16:48.439+0300][info][gc] GC(108) Pause Young (Normal) (G1 Evacuation Pause) 7M->5M(12M) 2.554ms
[2024-01-09T20:17:09.703+0300][info][gc] GC(109) Pause Young (Concurrent Start) (G1 Evacuation Pause) 7M->5M(12M) 2.392ms
[2024-01-09T20:17:09.703+0300][info][gc] GC(110) Concurrent Mark Cycle
[2024-01-09T20:17:09.742+0300][info][gc] GC(110) Pause Remark 5M->5M(12M) 10.613ms
[2024-01-09T20:17:09.754+0300][info][gc] GC(110) Pause Cleanup 5M->5M(12M) 0.064ms
[2024-01-09T20:17:09.754+0300][info][gc] GC(110) Concurrent Mark Cycle 51.078ms
