[2024-01-09T20:29:12.911+0300][info][gc] Using The Z Garbage Collector
[2024-01-09T20:29:13.759+0300][info][gc] GC(0) Garbage Collection (Warmup) 6M(12%)->6M(12%)
[2024-01-09T20:29:18.375+0300][info][gc] GC(1) Garbage Collection (Warmup) 10M(20%)->8M(16%)
[2024-01-09T20:29:19.164+0300][info][gc] GC(2) Garbage Collection (Warmup) 18M(36%)->8M(16%)
[2024-01-09T20:29:43.876+0300][info][gc] GC(3) Garbage Collection (Proactive) 24M(48%)->10M(20%)
[2024-01-09T20:30:07.197+0300][info][gc] GC(4) Garbage Collection (Proactive) 16M(32%)->12M(24%)
[2024-01-09T20:30:44.597+0300][info][gc] GC(5) Garbage Collection (Proactive) 26M(52%)->22M(44%)
[2024-01-09T20:30:44.681+0300][info][gc] GC(6) Garbage Collection (Allocation Rate) 24M(48%)->28M(56%)
[2024-01-09T20:30:44.764+0300][info][gc] GC(7) Garbage Collection (Allocation Rate) 28M(56%)->8M(16%)
[2024-01-09T20:30:44.860+0300][info][gc] GC(8) Garbage Collection (Allocation Rate) 8M(16%)->8M(16%)
[2024-01-09T20:31:04.166+0300][info][gc] GC(9) Garbage Collection (Proactive) 14M(28%)->10M(20%)
[2024-01-09T20:31:45.258+0300][info][gc] GC(10) Garbage Collection (Proactive) 16M(32%)->10M(20%)
[2024-01-09T20:31:59.163+0300][info][gc] GC(11) Garbage Collection (Proactive) 16M(32%)->14M(28%)
[2024-01-09T20:32:36.258+0300][info][gc] GC(12) Garbage Collection (Proactive) 20M(40%)->10M(20%)
[2024-01-09T20:33:04.367+0300][info][gc] GC(13) Garbage Collection (Proactive) 16M(32%)->10M(20%)
[2024-01-09T20:33:28.268+0300][info][gc] GC(14) Garbage Collection (Proactive) 16M(32%)->14M(28%)
[2024-01-09T20:34:10.359+0300][info][gc] GC(15) Garbage Collection (Proactive) 20M(40%)->12M(24%)
[2024-01-09T20:34:40.368+0300][info][gc] GC(16) Garbage Collection (Proactive) 18M(36%)->12M(24%)
[2024-01-09T20:35:26.471+0300][info][gc] GC(17) Garbage Collection (Proactive) 18M(36%)->12M(24%)
[2024-01-09T20:36:00.401+0300][info][gc] GC(18) Garbage Collection (Proactive) 18M(36%)->14M(28%)
[2024-01-09T20:36:48.467+0300][info][gc] GC(19) Garbage Collection (Proactive) 20M(40%)->12M(24%)
[2024-01-09T20:37:19.462+0300][info][gc] GC(20) Garbage Collection (Proactive) 18M(36%)->12M(24%)
[2024-01-09T20:37:53.461+0300][info][gc] GC(21) Garbage Collection (Proactive) 18M(36%)->12M(24%)
[2024-01-09T20:38:25.377+0300][info][gc] GC(22) Garbage Collection (Proactive) 18M(36%)->12M(24%)
[2024-01-09T20:38:53.766+0300][info][gc] GC(23) Garbage Collection (Proactive) 18M(36%)->8M(16%)
[2024-01-09T20:39:21.861+0300][info][gc] GC(24) Garbage Collection (Proactive) 14M(28%)->10M(20%)
